17:53:21 **** Build of configuration GNU ARM v4.7.3 - Debug for project EnvSensor ****
make -j4 all 
Building file: ../src/HMC5883L.c
Building file: ../src/MPU6050.c
Building file: ../src/RTC_.c
Invoking: GNU ARM C Compiler
arm-none-eabi-gcc -g -gdwarf-2 -mcpu=cortex-m0plus -mthumb '-DEFM32ZG110F32=1' '-DDEBUG=1' -I"D:\SiliconLabs\SimplicityStudio\v2\developer\sdks\efm32\v2/CMSIS/Include" -I"D:\SiliconLabs\SimplicityStudio\v2\developer\sdks\efm32\v2/kits/common/bsp" -I"D:\SiliconLabs\SimplicityStudio\v2\developer\sdks\efm32\v2/emlib/inc" -I"D:\SiliconLabs\SimplicityStudio\v2\developer\sdks\efm32\v2/kits/common/drivers" -I"D:\SiliconLabs\SimplicityStudio\v2\developer\sdks\efm32\v2/Device/SiliconLabs/EFM32ZG/Include" -Os -Wall -c -fmessage-length=0 -mno-sched-prolog -fno-builtin -ffunction-sections -fdata-sections -std=c99 -MMD -MP -MF"src/HMC5883L.d" -MT"src/HMC5883L.o" -o "src/HMC5883L.o" "../src/HMC5883L.c"
Invoking: GNU ARM C Compiler
arm-none-eabi-gcc -g -gdwarf-2 -mcpu=cortex-m0plus -mthumb '-DEFM32ZG110F32=1' '-DDEBUG=1' -I"D:\SiliconLabs\SimplicityStudio\v2\developer\sdks\efm32\v2/CMSIS/Include" -I"D:\SiliconLabs\SimplicityStudio\v2\developer\sdks\efm32\v2/kits/common/bsp" -I"D:\SiliconLabs\SimplicityStudio\v2\developer\sdks\efm32\v2/emlib/inc" -I"D:\SiliconLabs\SimplicityStudio\v2\developer\sdks\efm32\v2/kits/common/drivers" -I"D:\SiliconLabs\SimplicityStudio\v2\developer\sdks\efm32\v2/Device/SiliconLabs/EFM32ZG/Include" -Os -Wall -c -fmessage-length=0 -mno-sched-prolog -fno-builtin -ffunction-sections -fdata-sections -std=c99 -MMD -MP -MF"src/MPU6050.d" -MT"src/MPU6050.o" -o "src/MPU6050.o" "../src/MPU6050.c"
Invoking: GNU ARM C Compiler
Building file: ../src/i2c_connection.c
arm-none-eabi-gcc -g -gdwarf-2 -mcpu=cortex-m0plus -mthumb '-DEFM32ZG110F32=1' '-DDEBUG=1' -I"D:\SiliconLabs\SimplicityStudio\v2\developer\sdks\efm32\v2/CMSIS/Include" -I"D:\SiliconLabs\SimplicityStudio\v2\developer\sdks\efm32\v2/kits/common/bsp" -I"D:\SiliconLabs\SimplicityStudio\v2\developer\sdks\efm32\v2/emlib/inc" -I"D:\SiliconLabs\SimplicityStudio\v2\developer\sdks\efm32\v2/kits/common/drivers" -I"D:\SiliconLabs\SimplicityStudio\v2\developer\sdks\efm32\v2/Device/SiliconLabs/EFM32ZG/Include" -Os -Wall -c -fmessage-length=0 -mno-sched-prolog -fno-builtin -ffunction-sections -fdata-sections -std=c99 -MMD -MP -MF"src/RTC_.d" -MT"src/RTC_.o" -o "src/RTC_.o" "../src/RTC_.c"
Invoking: GNU ARM C Compiler
arm-none-eabi-gcc -g -gdwarf-2 -mcpu=cortex-m0plus -mthumb '-DEFM32ZG110F32=1' '-DDEBUG=1' -I"D:\SiliconLabs\SimplicityStudio\v2\developer\sdks\efm32\v2/CMSIS/Include" -I"D:\SiliconLabs\SimplicityStudio\v2\developer\sdks\efm32\v2/kits/common/bsp" -I"D:\SiliconLabs\SimplicityStudio\v2\developer\sdks\efm32\v2/emlib/inc" -I"D:\SiliconLabs\SimplicityStudio\v2\developer\sdks\efm32\v2/kits/common/drivers" -I"D:\SiliconLabs\SimplicityStudio\v2\developer\sdks\efm32\v2/Device/SiliconLabs/EFM32ZG/Include" -Os -Wall -c -fmessage-length=0 -mno-sched-prolog -fno-builtin -ffunction-sections -fdata-sections -std=c99 -MMD -MP -MF"src/i2c_connection.d" -MT"src/i2c_connection.o" -o "src/i2c_connection.o" "../src/i2c_connection.c"
Finished building: ../src/HMC5883L.c
 
Finished building: ../src/MPU6050.c
 
Building file: ../src/inv_mpu.c
Building file: ../src/inv_mpu_dmp_motion_driver.c
../src/i2c_connection.c: In function 'i2c_Register_Read_Block':
../src/i2c_connection.c:374:6: warning: 'ret' is used uninitialized in this function [-Wuninitialized]
Invoking: GNU ARM C Compiler
arm-none-eabi-gcc -g -gdwarf-2 -mcpu=cortex-m0plus -mthumb '-DEFM32ZG110F32=1' '-DDEBUG=1' -I"D:\SiliconLabs\SimplicityStudio\v2\developer\sdks\efm32\v2/CMSIS/Include" -I"D:\SiliconLabs\SimplicityStudio\v2\developer\sdks\efm32\v2/kits/common/bsp" -I"D:\SiliconLabs\SimplicityStudio\v2\developer\sdks\efm32\v2/emlib/inc" -I"D:\SiliconLabs\SimplicityStudio\v2\developer\sdks\efm32\v2/kits/common/drivers" -I"D:\SiliconLabs\SimplicityStudio\v2\developer\sdks\efm32\v2/Device/SiliconLabs/EFM32ZG/Include" -Os -Wall -c -fmessage-length=0 -mno-sched-prolog -fno-builtin -ffunction-sections -fdata-sections -std=c99 -MMD -MP -MF"src/inv_mpu.d" -MT"src/inv_mpu.o" -o "src/inv_mpu.o" "../src/inv_mpu.c"
Invoking: GNU ARM C Compiler
arm-none-eabi-gcc -g -gdwarf-2 -mcpu=cortex-m0plus -mthumb '-DEFM32ZG110F32=1' '-DDEBUG=1' -I"D:\SiliconLabs\SimplicityStudio\v2\developer\sdks\efm32\v2/CMSIS/Include" -I"D:\SiliconLabs\SimplicityStudio\v2\developer\sdks\efm32\v2/kits/common/bsp" -I"D:\SiliconLabs\SimplicityStudio\v2\developer\sdks\efm32\v2/emlib/inc" -I"D:\SiliconLabs\SimplicityStudio\v2\developer\sdks\efm32\v2/kits/common/drivers" -I"D:\SiliconLabs\SimplicityStudio\v2\developer\sdks\efm32\v2/Device/SiliconLabs/EFM32ZG/Include" -Os -Wall -c -fmessage-length=0 -mno-sched-prolog -fno-builtin -ffunction-sections -fdata-sections -std=c99 -MMD -MP -MF"src/inv_mpu_dmp_motion_driver.d" -MT"src/inv_mpu_dmp_motion_driver.o" -o "src/inv_mpu_dmp_motion_driver.o" "../src/inv_mpu_dmp_motion_driver.c"
Finished building: ../src/RTC_.c
 
Finished building: ../src/i2c_connection.c
Building file: ../src/main.c
../src/inv_mpu.c:55:1: warning: "/*" within comment [-Wcomment]
../src/inv_mpu.c:76:1: warning: "/*" within comment [-Wcomment]
../src/inv_mpu.c:81:1: warning: "/*" within comment [-Wcomment]
../src/inv_mpu.c:92:1: warning: "/*" within comment [-Wcomment]
../src/inv_mpu.c:101:1: warning: "/*" within comment [-Wcomment]
../src/inv_mpu.c:111:0: warning: "fabs" redefined [enabled by default]
../src/inv_mpu.c:108:0: note: this is the location of the previous definition
../src/inv_mpu.c: In function 'mpu_reg_dump':
../src/inv_mpu.c:741:9: warning: implicit declaration of function 'log_i' [-Wimplicit-function-declaration]
../src/inv_mpu.c: In function 'mpu_get_temperature':
../src/inv_mpu.c:1009:9: warning: implicit declaration of function 'get_ms' [-Wimplicit-function-declaration]
Invoking: GNU ARM C Compiler
arm-none-eabi-gcc -g -gdwarf-2 -mcpu=cortex-m0plus -mthumb '-DEFM32ZG110F32=1' '-DDEBUG=1' -I"D:\SiliconLabs\SimplicityStudio\v2\developer\sdks\efm32\v2/CMSIS/Include" -I"D:\SiliconLabs\SimplicityStudio\v2\developer\sdks\efm32\v2/kits/common/bsp" -I"D:\SiliconLabs\SimplicityStudio\v2\developer\sdks\efm32\v2/emlib/inc" -I"D:\SiliconLabs\SimplicityStudio\v2\developer\sdks\efm32\v2/kits/common/drivers" -I"D:\SiliconLabs\SimplicityStudio\v2\developer\sdks\efm32\v2/Device/SiliconLabs/EFM32ZG/Include" -Os -Wall -c -fmessage-length=0 -mno-sched-prolog -fno-builtin -ffunction-sections -fdata-sections -std=c99 -MMD -MP -MF"src/main.d" -MT"src/main.o" -o "src/main.o" "../src/main.c"
 
Building file: ../src/uart_connection.c
Invoking: GNU ARM C Compiler
arm-none-eabi-gcc -g -gdwarf-2 -mcpu=cortex-m0plus -mthumb '-DEFM32ZG110F32=1' '-DDEBUG=1' -I"D:\SiliconLabs\SimplicityStudio\v2\developer\sdks\efm32\v2/CMSIS/Include" -I"D:\SiliconLabs\SimplicityStudio\v2\developer\sdks\efm32\v2/kits/common/bsp" -I"D:\SiliconLabs\SimplicityStudio\v2\developer\sdks\efm32\v2/emlib/inc" -I"D:\SiliconLabs\SimplicityStudio\v2\developer\sdks\efm32\v2/kits/common/drivers" -I"D:\SiliconLabs\SimplicityStudio\v2\developer\sdks\efm32\v2/Device/SiliconLabs/EFM32ZG/Include" -Os -Wall -c -fmessage-length=0 -mno-sched-prolog -fno-builtin -ffunction-sections -fdata-sections -std=c99 -MMD -MP -MF"src/uart_connection.d" -MT"src/uart_connection.o" -o "src/uart_connection.o" "../src/uart_connection.c"
Finished building: ../src/inv_mpu.c
Finished building: ../src/inv_mpu_dmp_motion_driver.c
 
 
../src/inv_mpu_dmp_motion_driver.c:53:1: warning: "/*" within comment [-Wcomment]
../src/inv_mpu_dmp_motion_driver.c:60:1: warning: "/*" within comment [-Wcomment]
../src/inv_mpu_dmp_motion_driver.c: In function 'dmp_set_accel_bias':
../src/inv_mpu_dmp_motion_driver.c:629:5: warning: implicit declaration of function '__no_operation' [-Wimplicit-function-declaration]
../src/main.c: In function 'readHumidityAndTemperature':
../src/main.c:346:3: warning: pointer targets in passing argument 3 of 'Si7013_ReadTemperature' differ in signedness [-Wpointer-sign]
../src/main.c:259:12: note: expected 'uint32_t *' but argument is of type 'int32_t *'
../src/main.c: In function 'parse_received_message':
../src/main.c:462:5: warning: implicit declaration of function 'MPU6050_config_register' [-Wimplicit-function-declaration]
Building file: ../emlib/em_acmp.c
Building file: ../emlib/em_adc.c
Invoking: GNU ARM C Compiler
arm-none-eabi-gcc -g -gdwarf-2 -mcpu=cortex-m0plus -mthumb '-DEFM32ZG110F32=1' '-DDEBUG=1' -I"D:\SiliconLabs\SimplicityStudio\v2\developer\sdks\efm32\v2/CMSIS/Include" -I"D:\SiliconLabs\SimplicityStudio\v2\developer\sdks\efm32\v2/kits/common/bsp" -I"D:\SiliconLabs\SimplicityStudio\v2\developer\sdks\efm32\v2/emlib/inc" -I"D:\SiliconLabs\SimplicityStudio\v2\developer\sdks\efm32\v2/kits/common/drivers" -I"D:\SiliconLabs\SimplicityStudio\v2\developer\sdks\efm32\v2/Device/SiliconLabs/EFM32ZG/Include" -Os -Wall -c -fmessage-length=0 -mno-sched-prolog -fno-builtin -ffunction-sections -fdata-sections -std=c99 -MMD -MP -MF"emlib/em_acmp.d" -MT"emlib/em_acmp.o" -o "emlib/em_acmp.o" "../emlib/em_acmp.c"
Invoking: GNU ARM C Compiler
arm-none-eabi-gcc -g -gdwarf-2 -mcpu=cortex-m0plus -mthumb '-DEFM32ZG110F32=1' '-DDEBUG=1' -I"D:\SiliconLabs\SimplicityStudio\v2\developer\sdks\efm32\v2/CMSIS/Include" -I"D:\SiliconLabs\SimplicityStudio\v2\developer\sdks\efm32\v2/kits/common/bsp" -I"D:\SiliconLabs\SimplicityStudio\v2\developer\sdks\efm32\v2/emlib/inc" -I"D:\SiliconLabs\SimplicityStudio\v2\developer\sdks\efm32\v2/kits/common/drivers" -I"D:\SiliconLabs\SimplicityStudio\v2\developer\sdks\efm32\v2/Device/SiliconLabs/EFM32ZG/Include" -Os -Wall -c -fmessage-length=0 -mno-sched-prolog -fno-builtin -ffunction-sections -fdata-sections -std=c99 -MMD -MP -MF"emlib/em_adc.d" -MT"emlib/em_adc.o" -o "emlib/em_adc.o" "../emlib/em_adc.c"
Finished building: ../src/uart_connection.c
Finished building: ../src/main.c
 
 
Building file: ../emlib/em_assert.c
Building file: ../emlib/em_aes.c
Finished building: ../emlib/em_acmp.c
Invoking: GNU ARM C Compiler
arm-none-eabi-gcc -g -gdwarf-2 -mcpu=cortex-m0plus -mthumb '-DEFM32ZG110F32=1' '-DDEBUG=1' -I"D:\SiliconLabs\SimplicityStudio\v2\developer\sdks\efm32\v2/CMSIS/Include" -I"D:\SiliconLabs\SimplicityStudio\v2\developer\sdks\efm32\v2/kits/common/bsp" -I"D:\SiliconLabs\SimplicityStudio\v2\developer\sdks\efm32\v2/emlib/inc" -I"D:\SiliconLabs\SimplicityStudio\v2\developer\sdks\efm32\v2/kits/common/drivers" -I"D:\SiliconLabs\SimplicityStudio\v2\developer\sdks\efm32\v2/Device/SiliconLabs/EFM32ZG/Include" -Os -Wall -c -fmessage-length=0 -mno-sched-prolog -fno-builtin -ffunction-sections -fdata-sections -std=c99 -MMD -MP -MF"emlib/em_assert.d" -MT"emlib/em_assert.o" -o "emlib/em_assert.o" "../emlib/em_assert.c"
Invoking: GNU ARM C Compiler
 
arm-none-eabi-gcc -g -gdwarf-2 -mcpu=cortex-m0plus -mthumb '-DEFM32ZG110F32=1' '-DDEBUG=1' -I"D:\SiliconLabs\SimplicityStudio\v2\developer\sdks\efm32\v2/CMSIS/Include" -I"D:\SiliconLabs\SimplicityStudio\v2\developer\sdks\efm32\v2/kits/common/bsp" -I"D:\SiliconLabs\SimplicityStudio\v2\developer\sdks\efm32\v2/emlib/inc" -I"D:\SiliconLabs\SimplicityStudio\v2\developer\sdks\efm32\v2/kits/common/drivers" -I"D:\SiliconLabs\SimplicityStudio\v2\developer\sdks\efm32\v2/Device/SiliconLabs/EFM32ZG/Include" -Os -Wall -c -fmessage-length=0 -mno-sched-prolog -fno-builtin -ffunction-sections -fdata-sections -std=c99 -MMD -MP -MF"emlib/em_aes.d" -MT"emlib/em_aes.o" -o "emlib/em_aes.o" "../emlib/em_aes.c"
Finished building: ../emlib/em_adc.c
Building file: ../emlib/em_burtc.c
Invoking: GNU ARM C Compiler
arm-none-eabi-gcc -g -gdwarf-2 -mcpu=cortex-m0plus -mthumb '-DEFM32ZG110F32=1' '-DDEBUG=1' -I"D:\SiliconLabs\SimplicityStudio\v2\developer\sdks\efm32\v2/CMSIS/Include" -I"D:\SiliconLabs\SimplicityStudio\v2\developer\sdks\efm32\v2/kits/common/bsp" -I"D:\SiliconLabs\SimplicityStudio\v2\developer\sdks\efm32\v2/emlib/inc" -I"D:\SiliconLabs\SimplicityStudio\v2\developer\sdks\efm32\v2/kits/common/drivers" -I"D:\SiliconLabs\SimplicityStudio\v2\developer\sdks\efm32\v2/Device/SiliconLabs/EFM32ZG/Include" -Os -Wall -c -fmessage-length=0 -mno-sched-prolog -fno-builtin -ffunction-sections -fdata-sections -std=c99 -MMD -MP -MF"emlib/em_burtc.d" -MT"emlib/em_burtc.o" -o "emlib/em_burtc.o" "../emlib/em_burtc.c"
 
Finished building: ../emlib/em_assert.c
Building file: ../emlib/em_cmu.c
 
Building file: ../emlib/em_dac.c
Invoking: GNU ARM C Compiler
arm-none-eabi-gcc -g -gdwarf-2 -mcpu=cortex-m0plus -mthumb '-DEFM32ZG110F32=1' '-DDEBUG=1' -I"D:\SiliconLabs\SimplicityStudio\v2\developer\sdks\efm32\v2/CMSIS/Include" -I"D:\SiliconLabs\SimplicityStudio\v2\developer\sdks\efm32\v2/kits/common/bsp" -I"D:\SiliconLabs\SimplicityStudio\v2\developer\sdks\efm32\v2/emlib/inc" -I"D:\SiliconLabs\SimplicityStudio\v2\developer\sdks\efm32\v2/kits/common/drivers" -I"D:\SiliconLabs\SimplicityStudio\v2\developer\sdks\efm32\v2/Device/SiliconLabs/EFM32ZG/Include" -Os -Wall -c -fmessage-length=0 -mno-sched-prolog -fno-builtin -ffunction-sections -fdata-sections -std=c99 -MMD -MP -MF"emlib/em_cmu.d" -MT"emlib/em_cmu.o" -o "emlib/em_cmu.o" "../emlib/em_cmu.c"
Invoking: GNU ARM C Compiler
arm-none-eabi-gcc -g -gdwarf-2 -mcpu=cortex-m0plus -mthumb '-DEFM32ZG110F32=1' '-DDEBUG=1' -I"D:\SiliconLabs\SimplicityStudio\v2\developer\sdks\efm32\v2/CMSIS/Include" -I"D:\SiliconLabs\SimplicityStudio\v2\developer\sdks\efm32\v2/kits/common/bsp" -I"D:\SiliconLabs\SimplicityStudio\v2\developer\sdks\efm32\v2/emlib/inc" -I"D:\SiliconLabs\SimplicityStudio\v2\developer\sdks\efm32\v2/kits/common/drivers" -I"D:\SiliconLabs\SimplicityStudio\v2\developer\sdks\efm32\v2/Device/SiliconLabs/EFM32ZG/Include" -Os -Wall -c -fmessage-length=0 -mno-sched-prolog -fno-builtin -ffunction-sections -fdata-sections -std=c99 -MMD -MP -MF"emlib/em_dac.d" -MT"emlib/em_dac.o" -o "emlib/em_dac.o" "../emlib/em_dac.c"
Finished building: ../emlib/em_aes.c
 
Finished building: ../emlib/em_burtc.c
 
Building file: ../emlib/em_dbg.c
Building file: ../emlib/em_dma.c
Invoking: GNU ARM C Compiler
arm-none-eabi-gcc -g -gdwarf-2 -mcpu=cortex-m0plus -mthumb '-DEFM32ZG110F32=1' '-DDEBUG=1' -I"D:\SiliconLabs\SimplicityStudio\v2\developer\sdks\efm32\v2/CMSIS/Include" -I"D:\SiliconLabs\SimplicityStudio\v2\developer\sdks\efm32\v2/kits/common/bsp" -I"D:\SiliconLabs\SimplicityStudio\v2\developer\sdks\efm32\v2/emlib/inc" -I"D:\SiliconLabs\SimplicityStudio\v2\developer\sdks\efm32\v2/kits/common/drivers" -I"D:\SiliconLabs\SimplicityStudio\v2\developer\sdks\efm32\v2/Device/SiliconLabs/EFM32ZG/Include" -Os -Wall -c -fmessage-length=0 -mno-sched-prolog -fno-builtin -ffunction-sections -fdata-sections -std=c99 -MMD -MP -MF"emlib/em_dbg.d" -MT"emlib/em_dbg.o" -o "emlib/em_dbg.o" "../emlib/em_dbg.c"
Invoking: GNU ARM C Compiler
Finished building: ../emlib/em_cmu.c
arm-none-eabi-gcc -g -gdwarf-2 -mcpu=cortex-m0plus -mthumb '-DEFM32ZG110F32=1' '-DDEBUG=1' -I"D:\SiliconLabs\SimplicityStudio\v2\developer\sdks\efm32\v2/CMSIS/Include" -I"D:\SiliconLabs\SimplicityStudio\v2\developer\sdks\efm32\v2/kits/common/bsp" -I"D:\SiliconLabs\SimplicityStudio\v2\developer\sdks\efm32\v2/emlib/inc" -I"D:\SiliconLabs\SimplicityStudio\v2\developer\sdks\efm32\v2/kits/common/drivers" -I"D:\SiliconLabs\SimplicityStudio\v2\developer\sdks\efm32\v2/Device/SiliconLabs/EFM32ZG/Include" -Os -Wall -c -fmessage-length=0 -mno-sched-prolog -fno-builtin -ffunction-sections -fdata-sections -std=c99 -MMD -MP -MF"emlib/em_dma.d" -MT"emlib/em_dma.o" -o "emlib/em_dma.o" "../emlib/em_dma.c"
 
Building file: ../emlib/em_ebi.c
Finished building: ../emlib/em_dac.c
Invoking: GNU ARM C Compiler
arm-none-eabi-gcc -g -gdwarf-2 -mcpu=cortex-m0plus -mthumb '-DEFM32ZG110F32=1' '-DDEBUG=1' -I"D:\SiliconLabs\SimplicityStudio\v2\developer\sdks\efm32\v2/CMSIS/Include" -I"D:\SiliconLabs\SimplicityStudio\v2\developer\sdks\efm32\v2/kits/common/bsp" -I"D:\SiliconLabs\SimplicityStudio\v2\developer\sdks\efm32\v2/emlib/inc" -I"D:\SiliconLabs\SimplicityStudio\v2\developer\sdks\efm32\v2/kits/common/drivers" -I"D:\SiliconLabs\SimplicityStudio\v2\developer\sdks\efm32\v2/Device/SiliconLabs/EFM32ZG/Include" -Os -Wall -c -fmessage-length=0 -mno-sched-prolog -fno-builtin -ffunction-sections -fdata-sections -std=c99 -MMD -MP -MF"emlib/em_ebi.d" -MT"emlib/em_ebi.o" -o "emlib/em_ebi.o" "../emlib/em_ebi.c"
 
Building file: ../emlib/em_emu.c
Finished building: ../emlib/em_dbg.c
Invoking: GNU ARM C Compiler
arm-none-eabi-gcc -g -gdwarf-2 -mcpu=cortex-m0plus -mthumb '-DEFM32ZG110F32=1' '-DDEBUG=1' -I"D:\SiliconLabs\SimplicityStudio\v2\developer\sdks\efm32\v2/CMSIS/Include" -I"D:\SiliconLabs\SimplicityStudio\v2\developer\sdks\efm32\v2/kits/common/bsp" -I"D:\SiliconLabs\SimplicityStudio\v2\developer\sdks\efm32\v2/emlib/inc" -I"D:\SiliconLabs\SimplicityStudio\v2\developer\sdks\efm32\v2/kits/common/drivers" -I"D:\SiliconLabs\SimplicityStudio\v2\developer\sdks\efm32\v2/Device/SiliconLabs/EFM32ZG/Include" -Os -Wall -c -fmessage-length=0 -mno-sched-prolog -fno-builtin -ffunction-sections -fdata-sections -std=c99 -MMD -MP -MF"emlib/em_emu.d" -MT"emlib/em_emu.o" -o "emlib/em_emu.o" "../emlib/em_emu.c"
 
Building file: ../emlib/em_gpio.c
Finished building: ../emlib/em_dma.c
 
Invoking: GNU ARM C Compiler
arm-none-eabi-gcc -g -gdwarf-2 -mcpu=cortex-m0plus -mthumb '-DEFM32ZG110F32=1' '-DDEBUG=1' -I"D:\SiliconLabs\SimplicityStudio\v2\developer\sdks\efm32\v2/CMSIS/Include" -I"D:\SiliconLabs\SimplicityStudio\v2\developer\sdks\efm32\v2/kits/common/bsp" -I"D:\SiliconLabs\SimplicityStudio\v2\developer\sdks\efm32\v2/emlib/inc" -I"D:\SiliconLabs\SimplicityStudio\v2\developer\sdks\efm32\v2/kits/common/drivers" -I"D:\SiliconLabs\SimplicityStudio\v2\developer\sdks\efm32\v2/Device/SiliconLabs/EFM32ZG/Include" -Os -Wall -c -fmessage-length=0 -mno-sched-prolog -fno-builtin -ffunction-sections -fdata-sections -std=c99 -MMD -MP -MF"emlib/em_gpio.d" -MT"emlib/em_gpio.o" -o "emlib/em_gpio.o" "../emlib/em_gpio.c"
Finished building: ../emlib/em_ebi.c
Building file: ../emlib/em_i2c.c
 
Invoking: GNU ARM C Compiler
arm-none-eabi-gcc -g -gdwarf-2 -mcpu=cortex-m0plus -mthumb '-DEFM32ZG110F32=1' '-DDEBUG=1' -I"D:\SiliconLabs\SimplicityStudio\v2\developer\sdks\efm32\v2/CMSIS/Include" -I"D:\SiliconLabs\SimplicityStudio\v2\developer\sdks\efm32\v2/kits/common/bsp" -I"D:\SiliconLabs\SimplicityStudio\v2\developer\sdks\efm32\v2/emlib/inc" -I"D:\SiliconLabs\SimplicityStudio\v2\developer\sdks\efm32\v2/kits/common/drivers" -I"D:\SiliconLabs\SimplicityStudio\v2\developer\sdks\efm32\v2/Device/SiliconLabs/EFM32ZG/Include" -Os -Wall -c -fmessage-length=0 -mno-sched-prolog -fno-builtin -ffunction-sections -fdata-sections -std=c99 -MMD -MP -MF"emlib/em_i2c.d" -MT"emlib/em_i2c.o" -o "emlib/em_i2c.o" "../emlib/em_i2c.c"
Building file: ../emlib/em_idac.c
Finished building: ../emlib/em_emu.c
Invoking: GNU ARM C Compiler
arm-none-eabi-gcc -g -gdwarf-2 -mcpu=cortex-m0plus -mthumb '-DEFM32ZG110F32=1' '-DDEBUG=1' -I"D:\SiliconLabs\SimplicityStudio\v2\developer\sdks\efm32\v2/CMSIS/Include" -I"D:\SiliconLabs\SimplicityStudio\v2\developer\sdks\efm32\v2/kits/common/bsp" -I"D:\SiliconLabs\SimplicityStudio\v2\developer\sdks\efm32\v2/emlib/inc" -I"D:\SiliconLabs\SimplicityStudio\v2\developer\sdks\efm32\v2/kits/common/drivers" -I"D:\SiliconLabs\SimplicityStudio\v2\developer\sdks\efm32\v2/Device/SiliconLabs/EFM32ZG/Include" -Os -Wall -c -fmessage-length=0 -mno-sched-prolog -fno-builtin -ffunction-sections -fdata-sections -std=c99 -MMD -MP -MF"emlib/em_idac.d" -MT"emlib/em_idac.o" -o "emlib/em_idac.o" "../emlib/em_idac.c"
 
Building file: ../emlib/em_int.c
Finished building: ../emlib/em_gpio.c
Invoking: GNU ARM C Compiler
arm-none-eabi-gcc -g -gdwarf-2 -mcpu=cortex-m0plus -mthumb '-DEFM32ZG110F32=1' '-DDEBUG=1' -I"D:\SiliconLabs\SimplicityStudio\v2\developer\sdks\efm32\v2/CMSIS/Include" -I"D:\SiliconLabs\SimplicityStudio\v2\developer\sdks\efm32\v2/kits/common/bsp" -I"D:\SiliconLabs\SimplicityStudio\v2\developer\sdks\efm32\v2/emlib/inc" -I"D:\SiliconLabs\SimplicityStudio\v2\developer\sdks\efm32\v2/kits/common/drivers" -I"D:\SiliconLabs\SimplicityStudio\v2\developer\sdks\efm32\v2/Device/SiliconLabs/EFM32ZG/Include" -Os -Wall -c -fmessage-length=0 -mno-sched-prolog -fno-builtin -ffunction-sections -fdata-sections -std=c99 -MMD -MP -MF"emlib/em_int.d" -MT"emlib/em_int.o" -o "emlib/em_int.o" "../emlib/em_int.c"
 
Finished building: ../emlib/em_i2c.c
Building file: ../emlib/em_lcd.c
 
Building file: ../emlib/em_lesense.c
Invoking: GNU ARM C Compiler
arm-none-eabi-gcc -g -gdwarf-2 -mcpu=cortex-m0plus -mthumb '-DEFM32ZG110F32=1' '-DDEBUG=1' -I"D:\SiliconLabs\SimplicityStudio\v2\developer\sdks\efm32\v2/CMSIS/Include" -I"D:\SiliconLabs\SimplicityStudio\v2\developer\sdks\efm32\v2/kits/common/bsp" -I"D:\SiliconLabs\SimplicityStudio\v2\developer\sdks\efm32\v2/emlib/inc" -I"D:\SiliconLabs\SimplicityStudio\v2\developer\sdks\efm32\v2/kits/common/drivers" -I"D:\SiliconLabs\SimplicityStudio\v2\developer\sdks\efm32\v2/Device/SiliconLabs/EFM32ZG/Include" -Os -Wall -c -fmessage-length=0 -mno-sched-prolog -fno-builtin -ffunction-sections -fdata-sections -std=c99 -MMD -MP -MF"emlib/em_lcd.d" -MT"emlib/em_lcd.o" -o "emlib/em_lcd.o" "../emlib/em_lcd.c"
Finished building: ../emlib/em_idac.c
Invoking: GNU ARM C Compiler
arm-none-eabi-gcc -g -gdwarf-2 -mcpu=cortex-m0plus -mthumb '-DEFM32ZG110F32=1' '-DDEBUG=1' -I"D:\SiliconLabs\SimplicityStudio\v2\developer\sdks\efm32\v2/CMSIS/Include" -I"D:\SiliconLabs\SimplicityStudio\v2\developer\sdks\efm32\v2/kits/common/bsp" -I"D:\SiliconLabs\SimplicityStudio\v2\developer\sdks\efm32\v2/emlib/inc" -I"D:\SiliconLabs\SimplicityStudio\v2\developer\sdks\efm32\v2/kits/common/drivers" -I"D:\SiliconLabs\SimplicityStudio\v2\developer\sdks\efm32\v2/Device/SiliconLabs/EFM32ZG/Include" -Os -Wall -c -fmessage-length=0 -mno-sched-prolog -fno-builtin -ffunction-sections -fdata-sections -std=c99 -MMD -MP -MF"emlib/em_lesense.d" -MT"emlib/em_lesense.o" -o "emlib/em_lesense.o" "../emlib/em_lesense.c"
 
Finished building: ../emlib/em_int.c
Building file: ../emlib/em_letimer.c
 
Invoking: GNU ARM C Compiler
arm-none-eabi-gcc -g -gdwarf-2 -mcpu=cortex-m0plus -mthumb '-DEFM32ZG110F32=1' '-DDEBUG=1' -I"D:\SiliconLabs\SimplicityStudio\v2\developer\sdks\efm32\v2/CMSIS/Include" -I"D:\SiliconLabs\SimplicityStudio\v2\developer\sdks\efm32\v2/kits/common/bsp" -I"D:\SiliconLabs\SimplicityStudio\v2\developer\sdks\efm32\v2/emlib/inc" -I"D:\SiliconLabs\SimplicityStudio\v2\developer\sdks\efm32\v2/kits/common/drivers" -I"D:\SiliconLabs\SimplicityStudio\v2\developer\sdks\efm32\v2/Device/SiliconLabs/EFM32ZG/Include" -Os -Wall -c -fmessage-length=0 -mno-sched-prolog -fno-builtin -ffunction-sections -fdata-sections -std=c99 -MMD -MP -MF"emlib/em_letimer.d" -MT"emlib/em_letimer.o" -o "emlib/em_letimer.o" "../emlib/em_letimer.c"
Building file: ../emlib/em_leuart.c
Finished building: ../emlib/em_lcd.c
Invoking: GNU ARM C Compiler
arm-none-eabi-gcc -g -gdwarf-2 -mcpu=cortex-m0plus -mthumb '-DEFM32ZG110F32=1' '-DDEBUG=1' -I"D:\SiliconLabs\SimplicityStudio\v2\developer\sdks\efm32\v2/CMSIS/Include" -I"D:\SiliconLabs\SimplicityStudio\v2\developer\sdks\efm32\v2/kits/common/bsp" -I"D:\SiliconLabs\SimplicityStudio\v2\developer\sdks\efm32\v2/emlib/inc" -I"D:\SiliconLabs\SimplicityStudio\v2\developer\sdks\efm32\v2/kits/common/drivers" -I"D:\SiliconLabs\SimplicityStudio\v2\developer\sdks\efm32\v2/Device/SiliconLabs/EFM32ZG/Include" -Os -Wall -c -fmessage-length=0 -mno-sched-prolog -fno-builtin -ffunction-sections -fdata-sections -std=c99 -MMD -MP -MF"emlib/em_leuart.d" -MT"emlib/em_leuart.o" -o "emlib/em_leuart.o" "../emlib/em_leuart.c"
 
Finished building: ../emlib/em_lesense.c
 
Building file: ../emlib/em_mpu.c
Building file: ../emlib/em_msc.c
Invoking: GNU ARM C Compiler
arm-none-eabi-gcc -g -gdwarf-2 -mcpu=cortex-m0plus -mthumb '-DEFM32ZG110F32=1' '-DDEBUG=1' -I"D:\SiliconLabs\SimplicityStudio\v2\developer\sdks\efm32\v2/CMSIS/Include" -I"D:\SiliconLabs\SimplicityStudio\v2\developer\sdks\efm32\v2/kits/common/bsp" -I"D:\SiliconLabs\SimplicityStudio\v2\developer\sdks\efm32\v2/emlib/inc" -I"D:\SiliconLabs\SimplicityStudio\v2\developer\sdks\efm32\v2/kits/common/drivers" -I"D:\SiliconLabs\SimplicityStudio\v2\developer\sdks\efm32\v2/Device/SiliconLabs/EFM32ZG/Include" -Os -Wall -c -fmessage-length=0 -mno-sched-prolog -fno-builtin -ffunction-sections -fdata-sections -std=c99 -MMD -MP -MF"emlib/em_mpu.d" -MT"emlib/em_mpu.o" -o "emlib/em_mpu.o" "../emlib/em_mpu.c"
Invoking: GNU ARM C Compiler
arm-none-eabi-gcc -g -gdwarf-2 -mcpu=cortex-m0plus -mthumb '-DEFM32ZG110F32=1' '-DDEBUG=1' -I"D:\SiliconLabs\SimplicityStudio\v2\developer\sdks\efm32\v2/CMSIS/Include" -I"D:\SiliconLabs\SimplicityStudio\v2\developer\sdks\efm32\v2/kits/common/bsp" -I"D:\SiliconLabs\SimplicityStudio\v2\developer\sdks\efm32\v2/emlib/inc" -I"D:\SiliconLabs\SimplicityStudio\v2\developer\sdks\efm32\v2/kits/common/drivers" -I"D:\SiliconLabs\SimplicityStudio\v2\developer\sdks\efm32\v2/Device/SiliconLabs/EFM32ZG/Include" -Os -Wall -c -fmessage-length=0 -mno-sched-prolog -fno-builtin -ffunction-sections -fdata-sections -std=c99 -MMD -MP -MF"emlib/em_msc.d" -MT"emlib/em_msc.o" -o "emlib/em_msc.o" "../emlib/em_msc.c"
Finished building: ../emlib/em_letimer.c
 
Finished building: ../emlib/em_leuart.c
Building file: ../emlib/em_opamp.c
Finished building: ../emlib/em_mpu.c
 
Invoking: GNU ARM C Compiler
arm-none-eabi-gcc -g -gdwarf-2 -mcpu=cortex-m0plus -mthumb '-DEFM32ZG110F32=1' '-DDEBUG=1' -I"D:\SiliconLabs\SimplicityStudio\v2\developer\sdks\efm32\v2/CMSIS/Include" -I"D:\SiliconLabs\SimplicityStudio\v2\developer\sdks\efm32\v2/kits/common/bsp" -I"D:\SiliconLabs\SimplicityStudio\v2\developer\sdks\efm32\v2/emlib/inc" -I"D:\SiliconLabs\SimplicityStudio\v2\developer\sdks\efm32\v2/kits/common/drivers" -I"D:\SiliconLabs\SimplicityStudio\v2\developer\sdks\efm32\v2/Device/SiliconLabs/EFM32ZG/Include" -Os -Wall -c -fmessage-length=0 -mno-sched-prolog -fno-builtin -ffunction-sections -fdata-sections -std=c99 -MMD -MP -MF"emlib/em_opamp.d" -MT"emlib/em_opamp.o" -o "emlib/em_opamp.o" "../emlib/em_opamp.c"
 
Building file: ../emlib/em_pcnt.c
Invoking: GNU ARM C Compiler
arm-none-eabi-gcc -g -gdwarf-2 -mcpu=cortex-m0plus -mthumb '-DEFM32ZG110F32=1' '-DDEBUG=1' -I"D:\SiliconLabs\SimplicityStudio\v2\developer\sdks\efm32\v2/CMSIS/Include" -I"D:\SiliconLabs\SimplicityStudio\v2\developer\sdks\efm32\v2/kits/common/bsp" -I"D:\SiliconLabs\SimplicityStudio\v2\developer\sdks\efm32\v2/emlib/inc" -I"D:\SiliconLabs\SimplicityStudio\v2\developer\sdks\efm32\v2/kits/common/drivers" -I"D:\SiliconLabs\SimplicityStudio\v2\developer\sdks\efm32\v2/Device/SiliconLabs/EFM32ZG/Include" -Os -Wall -c -fmessage-length=0 -mno-sched-prolog -fno-builtin -ffunction-sections -fdata-sections -std=c99 -MMD -MP -MF"emlib/em_pcnt.d" -MT"emlib/em_pcnt.o" -o "emlib/em_pcnt.o" "../emlib/em_pcnt.c"
Building file: ../emlib/em_prs.c
Finished building: ../emlib/em_msc.c
 
Invoking: GNU ARM C Compiler
arm-none-eabi-gcc -g -gdwarf-2 -mcpu=cortex-m0plus -mthumb '-DEFM32ZG110F32=1' '-DDEBUG=1' -I"D:\SiliconLabs\SimplicityStudio\v2\developer\sdks\efm32\v2/CMSIS/Include" -I"D:\SiliconLabs\SimplicityStudio\v2\developer\sdks\efm32\v2/kits/common/bsp" -I"D:\SiliconLabs\SimplicityStudio\v2\developer\sdks\efm32\v2/emlib/inc" -I"D:\SiliconLabs\SimplicityStudio\v2\developer\sdks\efm32\v2/kits/common/drivers" -I"D:\SiliconLabs\SimplicityStudio\v2\developer\sdks\efm32\v2/Device/SiliconLabs/EFM32ZG/Include" -Os -Wall -c -fmessage-length=0 -mno-sched-prolog -fno-builtin -ffunction-sections -fdata-sections -std=c99 -MMD -MP -MF"emlib/em_prs.d" -MT"emlib/em_prs.o" -o "emlib/em_prs.o" "../emlib/em_prs.c"
Building file: ../emlib/em_rmu.c
Invoking: GNU ARM C Compiler
arm-none-eabi-gcc -g -gdwarf-2 -mcpu=cortex-m0plus -mthumb '-DEFM32ZG110F32=1' '-DDEBUG=1' -I"D:\SiliconLabs\SimplicityStudio\v2\developer\sdks\efm32\v2/CMSIS/Include" -I"D:\SiliconLabs\SimplicityStudio\v2\developer\sdks\efm32\v2/kits/common/bsp" -I"D:\SiliconLabs\SimplicityStudio\v2\developer\sdks\efm32\v2/emlib/inc" -I"D:\SiliconLabs\SimplicityStudio\v2\developer\sdks\efm32\v2/kits/common/drivers" -I"D:\SiliconLabs\SimplicityStudio\v2\developer\sdks\efm32\v2/Device/SiliconLabs/EFM32ZG/Include" -Os -Wall -c -fmessage-length=0 -mno-sched-prolog -fno-builtin -ffunction-sections -fdata-sections -std=c99 -MMD -MP -MF"emlib/em_rmu.d" -MT"emlib/em_rmu.o" -o "emlib/em_rmu.o" "../emlib/em_rmu.c"
Finished building: ../emlib/em_opamp.c
 
Finished building: ../emlib/em_pcnt.c
 
Building file: ../emlib/em_rtc.c
Finished building: ../emlib/em_prs.c
Invoking: GNU ARM C Compiler
arm-none-eabi-gcc -g -gdwarf-2 -mcpu=cortex-m0plus -mthumb '-DEFM32ZG110F32=1' '-DDEBUG=1' -I"D:\SiliconLabs\SimplicityStudio\v2\developer\sdks\efm32\v2/CMSIS/Include" -I"D:\SiliconLabs\SimplicityStudio\v2\developer\sdks\efm32\v2/kits/common/bsp" -I"D:\SiliconLabs\SimplicityStudio\v2\developer\sdks\efm32\v2/emlib/inc" -I"D:\SiliconLabs\SimplicityStudio\v2\developer\sdks\efm32\v2/kits/common/drivers" -I"D:\SiliconLabs\SimplicityStudio\v2\developer\sdks\efm32\v2/Device/SiliconLabs/EFM32ZG/Include" -Os -Wall -c -fmessage-length=0 -mno-sched-prolog -fno-builtin -ffunction-sections -fdata-sections -std=c99 -MMD -MP -MF"emlib/em_rtc.d" -MT"emlib/em_rtc.o" -o "emlib/em_rtc.o" "../emlib/em_rtc.c"
Building file: ../emlib/em_system.c
 
Invoking: GNU ARM C Compiler
arm-none-eabi-gcc -g -gdwarf-2 -mcpu=cortex-m0plus -mthumb '-DEFM32ZG110F32=1' '-DDEBUG=1' -I"D:\SiliconLabs\SimplicityStudio\v2\developer\sdks\efm32\v2/CMSIS/Include" -I"D:\SiliconLabs\SimplicityStudio\v2\developer\sdks\efm32\v2/kits/common/bsp" -I"D:\SiliconLabs\SimplicityStudio\v2\developer\sdks\efm32\v2/emlib/inc" -I"D:\SiliconLabs\SimplicityStudio\v2\developer\sdks\efm32\v2/kits/common/drivers" -I"D:\SiliconLabs\SimplicityStudio\v2\developer\sdks\efm32\v2/Device/SiliconLabs/EFM32ZG/Include" -Os -Wall -c -fmessage-length=0 -mno-sched-prolog -fno-builtin -ffunction-sections -fdata-sections -std=c99 -MMD -MP -MF"emlib/em_system.d" -MT"emlib/em_system.o" -o "emlib/em_system.o" "../emlib/em_system.c"
Building file: ../emlib/em_timer.c
Finished building: ../emlib/em_rmu.c
Invoking: GNU ARM C Compiler
arm-none-eabi-gcc -g -gdwarf-2 -mcpu=cortex-m0plus -mthumb '-DEFM32ZG110F32=1' '-DDEBUG=1' -I"D:\SiliconLabs\SimplicityStudio\v2\developer\sdks\efm32\v2/CMSIS/Include" -I"D:\SiliconLabs\SimplicityStudio\v2\developer\sdks\efm32\v2/kits/common/bsp" -I"D:\SiliconLabs\SimplicityStudio\v2\developer\sdks\efm32\v2/emlib/inc" -I"D:\SiliconLabs\SimplicityStudio\v2\developer\sdks\efm32\v2/kits/common/drivers" -I"D:\SiliconLabs\SimplicityStudio\v2\developer\sdks\efm32\v2/Device/SiliconLabs/EFM32ZG/Include" -Os -Wall -c -fmessage-length=0 -mno-sched-prolog -fno-builtin -ffunction-sections -fdata-sections -std=c99 -MMD -MP -MF"emlib/em_timer.d" -MT"emlib/em_timer.o" -o "emlib/em_timer.o" "../emlib/em_timer.c"
 
Building file: ../emlib/em_usart.c
Finished building: ../emlib/em_rtc.c
 
Invoking: GNU ARM C Compiler
arm-none-eabi-gcc -g -gdwarf-2 -mcpu=cortex-m0plus -mthumb '-DEFM32ZG110F32=1' '-DDEBUG=1' -I"D:\SiliconLabs\SimplicityStudio\v2\developer\sdks\efm32\v2/CMSIS/Include" -I"D:\SiliconLabs\SimplicityStudio\v2\developer\sdks\efm32\v2/kits/common/bsp" -I"D:\SiliconLabs\SimplicityStudio\v2\developer\sdks\efm32\v2/emlib/inc" -I"D:\SiliconLabs\SimplicityStudio\v2\developer\sdks\efm32\v2/kits/common/drivers" -I"D:\SiliconLabs\SimplicityStudio\v2\developer\sdks\efm32\v2/Device/SiliconLabs/EFM32ZG/Include" -Os -Wall -c -fmessage-length=0 -mno-sched-prolog -fno-builtin -ffunction-sections -fdata-sections -std=c99 -MMD -MP -MF"emlib/em_usart.d" -MT"emlib/em_usart.o" -o "emlib/em_usart.o" "../emlib/em_usart.c"
Building file: ../emlib/em_vcmp.c
Finished building: ../emlib/em_system.c
Invoking: GNU ARM C Compiler
arm-none-eabi-gcc -g -gdwarf-2 -mcpu=cortex-m0plus -mthumb '-DEFM32ZG110F32=1' '-DDEBUG=1' -I"D:\SiliconLabs\SimplicityStudio\v2\developer\sdks\efm32\v2/CMSIS/Include" -I"D:\SiliconLabs\SimplicityStudio\v2\developer\sdks\efm32\v2/kits/common/bsp" -I"D:\SiliconLabs\SimplicityStudio\v2\developer\sdks\efm32\v2/emlib/inc" -I"D:\SiliconLabs\SimplicityStudio\v2\developer\sdks\efm32\v2/kits/common/drivers" -I"D:\SiliconLabs\SimplicityStudio\v2\developer\sdks\efm32\v2/Device/SiliconLabs/EFM32ZG/Include" -Os -Wall -c -fmessage-length=0 -mno-sched-prolog -fno-builtin -ffunction-sections -fdata-sections -std=c99 -MMD -MP -MF"emlib/em_vcmp.d" -MT"emlib/em_vcmp.o" -o "emlib/em_vcmp.o" "../emlib/em_vcmp.c"
 
Finished building: ../emlib/em_timer.c
Building file: ../emlib/em_wdog.c
 
Building file: ../CMSIS/efm32zg/startup_gcc_efm32zg.s
Invoking: GNU ARM C Compiler
arm-none-eabi-gcc -g -gdwarf-2 -mcpu=cortex-m0plus -mthumb '-DEFM32ZG110F32=1' '-DDEBUG=1' -I"D:\SiliconLabs\SimplicityStudio\v2\developer\sdks\efm32\v2/CMSIS/Include" -I"D:\SiliconLabs\SimplicityStudio\v2\developer\sdks\efm32\v2/kits/common/bsp" -I"D:\SiliconLabs\SimplicityStudio\v2\developer\sdks\efm32\v2/emlib/inc" -I"D:\SiliconLabs\SimplicityStudio\v2\developer\sdks\efm32\v2/kits/common/drivers" -I"D:\SiliconLabs\SimplicityStudio\v2\developer\sdks\efm32\v2/Device/SiliconLabs/EFM32ZG/Include" -Os -Wall -c -fmessage-length=0 -mno-sched-prolog -fno-builtin -ffunction-sections -fdata-sections -std=c99 -MMD -MP -MF"emlib/em_wdog.d" -MT"emlib/em_wdog.o" -o "emlib/em_wdog.o" "../emlib/em_wdog.c"
Invoking: GNU ARM Assembler
arm-none-eabi-gcc -g -gdwarf-2 -mcpu=cortex-m0plus -mthumb -c -x assembler-with-cpp -I"D:\SiliconLabs\SimplicityStudio\v2\developer\sdks\efm32\v2/CMSIS/Include" -I"D:\SiliconLabs\SimplicityStudio\v2\developer\sdks\efm32\v2/kits/common/bsp" -I"D:\SiliconLabs\SimplicityStudio\v2\developer\sdks\efm32\v2/emlib/inc" -I"D:\SiliconLabs\SimplicityStudio\v2\developer\sdks\efm32\v2/kits/common/drivers" -I"D:\SiliconLabs\SimplicityStudio\v2\developer\sdks\efm32\v2/Device/SiliconLabs/EFM32ZG/Include" '-DEFM32ZG110F32=1' -o "CMSIS/efm32zg/startup_gcc_efm32zg.o" "../CMSIS/efm32zg/startup_gcc_efm32zg.s"
Finished building: ../emlib/em_usart.c
 
Building file: ../CMSIS/efm32zg/system_efm32zg.c
Finished building: ../emlib/em_vcmp.c
Invoking: GNU ARM C Compiler
arm-none-eabi-gcc -g -gdwarf-2 -mcpu=cortex-m0plus -mthumb '-DEFM32ZG110F32=1' '-DDEBUG=1' -I"D:\SiliconLabs\SimplicityStudio\v2\developer\sdks\efm32\v2/CMSIS/Include" -I"D:\SiliconLabs\SimplicityStudio\v2\developer\sdks\efm32\v2/kits/common/bsp" -I"D:\SiliconLabs\SimplicityStudio\v2\developer\sdks\efm32\v2/emlib/inc" -I"D:\SiliconLabs\SimplicityStudio\v2\developer\sdks\efm32\v2/kits/common/drivers" -I"D:\SiliconLabs\SimplicityStudio\v2\developer\sdks\efm32\v2/Device/SiliconLabs/EFM32ZG/Include" -Os -Wall -c -fmessage-length=0 -mno-sched-prolog -fno-builtin -ffunction-sections -fdata-sections -std=c99 -MMD -MP -MF"CMSIS/efm32zg/system_efm32zg.d" -MT"CMSIS/efm32zg/system_efm32zg.o" -o "CMSIS/efm32zg/system_efm32zg.o" "../CMSIS/efm32zg/system_efm32zg.c"
 
Finished building: ../emlib/em_wdog.c
Finished building: ../CMSIS/efm32zg/startup_gcc_efm32zg.s
 
 
Finished building: ../CMSIS/efm32zg/system_efm32zg.c
 
Building target: EnvSensor.axf
Invoking: GNU ARM C Linker
arm-none-eabi-gcc -g -gdwarf-2 -mcpu=cortex-m0plus -mthumb -T "EnvSensor.ld" -Xlinker --gc-sections -Xlinker -Map="EnvSensor.map" --specs=nano.specs -o EnvSensor.axf "./src/HMC5883L.o" "./src/MPU6050.o" "./src/RTC_.o" "./src/i2c_connection.o" "./src/inv_mpu.o" "./src/inv_mpu_dmp_motion_driver.o" "./src/main.o" "./src/uart_connection.o" "./emlib/em_acmp.o" "./emlib/em_adc.o" "./emlib/em_aes.o" "./emlib/em_assert.o" "./emlib/em_burtc.o" "./emlib/em_cmu.o" "./emlib/em_dac.o" "./emlib/em_dbg.o" "./emlib/em_dma.o" "./emlib/em_ebi.o" "./emlib/em_emu.o" "./emlib/em_gpio.o" "./emlib/em_i2c.o" "./emlib/em_idac.o" "./emlib/em_int.o" "./emlib/em_lcd.o" "./emlib/em_lesense.o" "./emlib/em_letimer.o" "./emlib/em_leuart.o" "./emlib/em_mpu.o" "./emlib/em_msc.o" "./emlib/em_opamp.o" "./emlib/em_pcnt.o" "./emlib/em_prs.o" "./emlib/em_rmu.o" "./emlib/em_rtc.o" "./emlib/em_system.o" "./emlib/em_timer.o" "./emlib/em_usart.o" "./emlib/em_vcmp.o" "./emlib/em_wdog.o" "./CMSIS/efm32zg/startup_gcc_efm32zg.o" "./CMSIS/efm32zg/system_efm32zg.o" -Wl,--start-group -lgcc -lc -lnosys -Wl,--end-group
Finished building target: EnvSensor.axf
 
Building hex file: EnvSensor.hex
arm-none-eabi-objcopy -O ihex "EnvSensor.axf" "EnvSensor.hex"
 
Building bin file: EnvSensor.bin
arm-none-eabi-objcopy -O binary "EnvSensor.axf" "EnvSensor.bin"
 
Running size tool
arm-none-eabi-size "EnvSensor.axf"
   text	   data	    bss	    dec	    hex	filename
  22972	    196	    212	  23380	   5b54	EnvSensor.axf
 

17:55:51 Build Finished (took 2m:29s.689ms)

