20:27:02 **** Incremental Build of configuration GNU ARM v4.7.3 - Release for project GlassCommunication ****
make -j4 all 
Building file: ../src/HM11.c
Invoking: GNU ARM C Compiler
arm-none-eabi-gcc -mcpu=cortex-m0plus -mthumb '-DEFM32ZG110F32=1' '-DNDEBUG=1' -I"D:\SiliconLabs\SimplicityStudio\v2\developer\sdks\efm32\v2/CMSIS/Include" -I"D:\SiliconLabs\SimplicityStudio\v2\developer\sdks\efm32\v2/kits/common/bsp" -I"D:\SiliconLabs\SimplicityStudio\v2\developer\sdks\efm32\v2/emlib/inc" -I"D:\SiliconLabs\SimplicityStudio\v2\developer\sdks\efm32\v2/kits/common/drivers" -I"D:\SiliconLabs\SimplicityStudio\v2\developer\sdks\efm32\v2/Device/SiliconLabs/EFM32ZG/Include" -O3 -Wall -c -fmessage-length=0 -fno-builtin -ffunction-sections -fdata-sections -std=c99 -MMD -MP -MF"src/HM11.d" -MT"src/HM11.o" -o "src/HM11.o" "../src/HM11.c"
../src/HM11.c: In function 'testHM11':
../src/HM11.c:24:2: warning: passing argument 2 of 'memcpy' discards 'volatile' qualifier from pointer target type [enabled by default]
In file included from D:\SiliconLabs\SimplicityStudio\v2\developer\sdks\efm32\v2/CMSIS/Include/arm_math.h:285:0,
                 from D:\SiliconLabs\SimplicityStudio\v2\developer\sdks\efm32\v2/Device/SiliconLabs/EFM32ZG/Include/efm32zg110f32.h:204,
                 from D:\SiliconLabs\SimplicityStudio\v2\developer\sdks\efm32\v2/Device/SiliconLabs/EFM32ZG/Include/em_device.h:62,
                 from ../src/HM11.h:4,
                 from ../src/HM11.c:1:
d:\siliconlabs\simplicitystudio\v2\developer\toolchains\gnu_arm\4.7_2013q1\bin\../lib/gcc/arm-none-eabi/4.7.3/../../../../arm-none-eabi/include/string.h:24:8: note: expected 'const void *' but argument is of type 'volatile uint8_t *'
../src/HM11.c: In function 'setAdvertisingInterval':
../src/HM11.c:56:2: warning: passing argument 2 of 'memcpy' discards 'volatile' qualifier from pointer target type [enabled by default]
In file included from D:\SiliconLabs\SimplicityStudio\v2\developer\sdks\efm32\v2/CMSIS/Include/arm_math.h:285:0,
                 from D:\SiliconLabs\SimplicityStudio\v2\developer\sdks\efm32\v2/Device/SiliconLabs/EFM32ZG/Include/efm32zg110f32.h:204,
                 from D:\SiliconLabs\SimplicityStudio\v2\developer\sdks\efm32\v2/Device/SiliconLabs/EFM32ZG/Include/em_device.h:62,
                 from ../src/HM11.h:4,
                 from ../src/HM11.c:1:
d:\siliconlabs\simplicitystudio\v2\developer\toolchains\gnu_arm\4.7_2013q1\bin\../lib/gcc/arm-none-eabi/4.7.3/../../../../arm-none-eabi/include/string.h:24:8: note: expected 'const void *' but argument is of type 'volatile uint8_t *'
../src/HM11.c: In function 'resetModule':
../src/HM11.c:90:2: warning: passing argument 2 of 'memcpy' discards 'volatile' qualifier from pointer target type [enabled by default]
In file included from D:\SiliconLabs\SimplicityStudio\v2\developer\sdks\efm32\v2/CMSIS/Include/arm_math.h:285:0,
                 from D:\SiliconLabs\SimplicityStudio\v2\developer\sdks\efm32\v2/Device/SiliconLabs/EFM32ZG/Include/efm32zg110f32.h:204,
                 from D:\SiliconLabs\SimplicityStudio\v2\developer\sdks\efm32\v2/Device/SiliconLabs/EFM32ZG/Include/em_device.h:62,
                 from ../src/HM11.h:4,
                 from ../src/HM11.c:1:
d:\siliconlabs\simplicitystudio\v2\developer\toolchains\gnu_arm\4.7_2013q1\bin\../lib/gcc/arm-none-eabi/4.7.3/../../../../arm-none-eabi/include/string.h:24:8: note: expected 'const void *' but argument is of type 'volatile uint8_t *'
../src/HM11.c: In function 'setModuleName':
../src/HM11.c:117:2: warning: passing argument 2 of 'memcpy' discards 'volatile' qualifier from pointer target type [enabled by default]
In file included from D:\SiliconLabs\SimplicityStudio\v2\developer\sdks\efm32\v2/CMSIS/Include/arm_math.h:285:0,
                 from D:\SiliconLabs\SimplicityStudio\v2\developer\sdks\efm32\v2/Device/SiliconLabs/EFM32ZG/Include/efm32zg110f32.h:204,
                 from D:\SiliconLabs\SimplicityStudio\v2\developer\sdks\efm32\v2/Device/SiliconLabs/EFM32ZG/Include/em_device.h:62,
                 from ../src/HM11.h:4,
                 from ../src/HM11.c:1:
d:\siliconlabs\simplicitystudio\v2\developer\toolchains\gnu_arm\4.7_2013q1\bin\../lib/gcc/arm-none-eabi/4.7.3/../../../../arm-none-eabi/include/string.h:24:8: note: expected 'const void *' but argument is of type 'volatile uint8_t *'
../src/HM11.c: In function 'setModulePower':
../src/HM11.c:158:2: warning: passing argument 2 of 'memcpy' discards 'volatile' qualifier from pointer target type [enabled by default]
In file included from D:\SiliconLabs\SimplicityStudio\v2\developer\sdks\efm32\v2/CMSIS/Include/arm_math.h:285:0,
                 from D:\SiliconLabs\SimplicityStudio\v2\developer\sdks\efm32\v2/Device/SiliconLabs/EFM32ZG/Include/efm32zg110f32.h:204,
                 from D:\SiliconLabs\SimplicityStudio\v2\developer\sdks\efm32\v2/Device/SiliconLabs/EFM32ZG/Include/em_device.h:62,
                 from ../src/HM11.h:4,
                 from ../src/HM11.c:1:
d:\siliconlabs\simplicitystudio\v2\developer\toolchains\gnu_arm\4.7_2013q1\bin\../lib/gcc/arm-none-eabi/4.7.3/../../../../arm-none-eabi/include/string.h:24:8: note: expected 'const void *' but argument is of type 'volatile uint8_t *'
../src/HM11.c: In function 'startModule':
../src/HM11.c:191:2: warning: passing argument 2 of 'memcpy' discards 'volatile' qualifier from pointer target type [enabled by default]
In file included from D:\SiliconLabs\SimplicityStudio\v2\developer\sdks\efm32\v2/CMSIS/Include/arm_math.h:285:0,
                 from D:\SiliconLabs\SimplicityStudio\v2\developer\sdks\efm32\v2/Device/SiliconLabs/EFM32ZG/Include/efm32zg110f32.h:204,
                 from D:\SiliconLabs\SimplicityStudio\v2\developer\sdks\efm32\v2/Device/SiliconLabs/EFM32ZG/Include/em_device.h:62,
                 from ../src/HM11.h:4,
                 from ../src/HM11.c:1:
d:\siliconlabs\simplicitystudio\v2\developer\toolchains\gnu_arm\4.7_2013q1\bin\../lib/gcc/arm-none-eabi/4.7.3/../../../../arm-none-eabi/include/string.h:24:8: note: expected 'const void *' but argument is of type 'volatile uint8_t *'
Finished building: ../src/HM11.c
 
Building target: GlassCommunication.axf
Invoking: GNU ARM C Linker
arm-none-eabi-gcc -mcpu=cortex-m0plus -mthumb -T "GlassCommunication.ld" -Xlinker --gc-sections -Xlinker -Map="GlassCommunication.map" --specs=nano.specs -o GlassCommunication.axf "./src/HM11.o" "./src/RTC_.o" "./src/i2c_connection.o" "./src/main.o" "./src/uart_connection.o" "./emlib/em_cmu.o" "./emlib/em_emu.o" "./emlib/em_gpio.o" "./emlib/em_i2c.o" "./emlib/em_int.o" "./emlib/em_rmu.o" "./emlib/em_rtc.o" "./emlib/em_system.o" "./emlib/em_timer.o" "./emlib/em_usart.o" "./emlib/em_wdog.o" "./CMSIS/efm32zg/startup_gcc_efm32zg.o" "./CMSIS/efm32zg/system_efm32zg.o" -Wl,--start-group -lgcc -lc -lnosys -Wl,--end-group
Finished building target: GlassCommunication.axf
 
Building hex file: GlassCommunication.hex
arm-none-eabi-objcopy -O ihex "GlassCommunication.axf" "GlassCommunication.hex"
 
Building bin file: GlassCommunication.bin
arm-none-eabi-objcopy -O binary "GlassCommunication.axf" "GlassCommunication.bin"
 
Running size tool
arm-none-eabi-size "GlassCommunication.axf"
   text	   data	    bss	    dec	    hex	filename
   6324	    120	    168	   6612	   19d4	GlassCommunication.axf
 

20:27:39 Build Finished (took 37s.385ms)

