20:52:45 **** Incremental Build of configuration GNU ARM v4.7.3 - Release for project GlassCommunication ****
make -j4 all 
Building file: ../src/HM11.c
Invoking: GNU ARM C Compiler
arm-none-eabi-gcc -mcpu=cortex-m0plus -mthumb '-DEFM32ZG110F32=1' '-DNDEBUG=1' -I"D:\SiliconLabs\SimplicityStudio\v2\developer\sdks\efm32\v2/CMSIS/Include" -I"D:\SiliconLabs\SimplicityStudio\v2\developer\sdks\efm32\v2/kits/common/bsp" -I"D:\SiliconLabs\SimplicityStudio\v2\developer\sdks\efm32\v2/emlib/inc" -I"D:\SiliconLabs\SimplicityStudio\v2\developer\sdks\efm32\v2/kits/common/drivers" -I"D:\SiliconLabs\SimplicityStudio\v2\developer\sdks\efm32\v2/Device/SiliconLabs/EFM32ZG/Include" -O3 -Wall -c -fmessage-length=0 -fno-builtin -ffunction-sections -fdata-sections -std=c99 -MMD -MP -MF"src/HM11.d" -MT"src/HM11.o" -o "src/HM11.o" "../src/HM11.c"
../src/HM11.c: In function 'testHM11':
../src/HM11.c:24:2: warning: passing argument 2 of 'memcpy' discards 'volatile' qualifier from pointer target type [enabled by default]
In file included from D:\SiliconLabs\SimplicityStudio\v2\developer\sdks\efm32\v2/CMSIS/Include/arm_math.h:285:0,
                 from D:\SiliconLabs\SimplicityStudio\v2\developer\sdks\efm32\v2/Device/SiliconLabs/EFM32ZG/Include/efm32zg110f32.h:204,
                 from D:\SiliconLabs\SimplicityStudio\v2\developer\sdks\efm32\v2/Device/SiliconLabs/EFM32ZG/Include/em_device.h:62,
                 from ../src/HM11.h:4,
                 from ../src/HM11.c:1:
d:\siliconlabs\simplicitystudio\v2\developer\toolchains\gnu_arm\4.7_2013q1\bin\../lib/gcc/arm-none-eabi/4.7.3/../../../../arm-none-eabi/include/string.h:24:8: note: expected 'const void *' but argument is of type 'volatile uint8_t *'
../src/HM11.c: In function 'setAdvertisingInterval':
../src/HM11.c:56:2: warning: passing argument 2 of 'memcpy' discards 'volatile' qualifier from pointer target type [enabled by default]
In file included from D:\SiliconLabs\SimplicityStudio\v2\developer\sdks\efm32\v2/CMSIS/Include/arm_math.h:285:0,
                 from D:\SiliconLabs\SimplicityStudio\v2\developer\sdks\efm32\v2/Device/SiliconLabs/EFM32ZG/Include/efm32zg110f32.h:204,
                 from D:\SiliconLabs\SimplicityStudio\v2\developer\sdks\efm32\v2/Device/SiliconLabs/EFM32ZG/Include/em_device.h:62,
                 from ../src/HM11.h:4,
                 from ../src/HM11.c:1:
d:\siliconlabs\simplicitystudio\v2\developer\toolchains\gnu_arm\4.7_2013q1\bin\../lib/gcc/arm-none-eabi/4.7.3/../../../../arm-none-eabi/include/string.h:24:8: note: expected 'const void *' but argument is of type 'volatile uint8_t *'
../src/HM11.c: In function 'setModuleName':
../src/HM11.c:91:2: warning: passing argument 2 of 'memcpy' discards 'volatile' qualifier from pointer target type [enabled by default]
In file included from D:\SiliconLabs\SimplicityStudio\v2\developer\sdks\efm32\v2/CMSIS/Include/arm_math.h:285:0,
                 from D:\SiliconLabs\SimplicityStudio\v2\developer\sdks\efm32\v2/Device/SiliconLabs/EFM32ZG/Include/efm32zg110f32.h:204,
                 from D:\SiliconLabs\SimplicityStudio\v2\developer\sdks\efm32\v2/Device/SiliconLabs/EFM32ZG/Include/em_device.h:62,
                 from ../src/HM11.h:4,
                 from ../src/HM11.c:1:
d:\siliconlabs\simplicitystudio\v2\developer\toolchains\gnu_arm\4.7_2013q1\bin\../lib/gcc/arm-none-eabi/4.7.3/../../../../arm-none-eabi/include/string.h:24:8: note: expected 'const void *' but argument is of type 'volatile uint8_t *'
../src/HM11.c: In function 'setModulePower':
../src/HM11.c:131:2: warning: passing argument 2 of 'memcpy' discards 'volatile' qualifier from pointer target type [enabled by default]
In file included from D:\SiliconLabs\SimplicityStudio\v2\developer\sdks\efm32\v2/CMSIS/Include/arm_math.h:285:0,
                 from D:\SiliconLabs\SimplicityStudio\v2\developer\sdks\efm32\v2/Device/SiliconLabs/EFM32ZG/Include/efm32zg110f32.h:204,
                 from D:\SiliconLabs\SimplicityStudio\v2\developer\sdks\efm32\v2/Device/SiliconLabs/EFM32ZG/Include/em_device.h:62,
                 from ../src/HM11.h:4,
                 from ../src/HM11.c:1:
d:\siliconlabs\simplicitystudio\v2\developer\toolchains\gnu_arm\4.7_2013q1\bin\../lib/gcc/arm-none-eabi/4.7.3/../../../../arm-none-eabi/include/string.h:24:8: note: expected 'const void *' but argument is of type 'volatile uint8_t *'
Finished building: ../src/HM11.c
 
Building target: GlassCommunication.axf
Invoking: GNU ARM C Linker
arm-none-eabi-gcc -mcpu=cortex-m0plus -mthumb -T "GlassCommunication.ld" -Xlinker --gc-sections -Xlinker -Map="GlassCommunication.map" --specs=nano.specs -o GlassCommunication.axf "./src/HM11.o" "./src/RTC_.o" "./src/i2c_connection.o" "./src/main.o" "./src/uart_connection.o" "./emlib/em_cmu.o" "./emlib/em_emu.o" "./emlib/em_gpio.o" "./emlib/em_i2c.o" "./emlib/em_int.o" "./emlib/em_rmu.o" "./emlib/em_rtc.o" "./emlib/em_system.o" "./emlib/em_timer.o" "./emlib/em_usart.o" "./emlib/em_wdog.o" "./CMSIS/efm32zg/startup_gcc_efm32zg.o" "./CMSIS/efm32zg/system_efm32zg.o" -Wl,--start-group -lgcc -lc -lnosys -Wl,--end-group
Finished building target: GlassCommunication.axf
 
Building hex file: GlassCommunication.hex
arm-none-eabi-objcopy -O ihex "GlassCommunication.axf" "GlassCommunication.hex"
 
Building bin file: GlassCommunication.bin
arm-none-eabi-objcopy -O binary "GlassCommunication.axf" "GlassCommunication.bin"
 
Running size tool
arm-none-eabi-size "GlassCommunication.axf"
   text	   data	    bss	    dec	    hex	filename
   6368	    120	    168	   6656	   1a00	GlassCommunication.axf
 
20:56:19 **** Incremental Build of configuration GNU ARM v4.7.3 - Release for project GlassCommunication ****
make -j4 all 
make: Nothing to be done for `all'.
21:15:22 **** Incremental Build of configuration GNU ARM v4.7.3 - Release for project GlassCommunication ****
make -j4 all 
Building file: ../src/main.c
Invoking: GNU ARM C Compiler
arm-none-eabi-gcc -mcpu=cortex-m0plus -mthumb '-DEFM32ZG110F32=1' '-DNDEBUG=1' -I"D:\SiliconLabs\SimplicityStudio\v2\developer\sdks\efm32\v2/CMSIS/Include" -I"D:\SiliconLabs\SimplicityStudio\v2\developer\sdks\efm32\v2/kits/common/bsp" -I"D:\SiliconLabs\SimplicityStudio\v2\developer\sdks\efm32\v2/emlib/inc" -I"D:\SiliconLabs\SimplicityStudio\v2\developer\sdks\efm32\v2/kits/common/drivers" -I"D:\SiliconLabs\SimplicityStudio\v2\developer\sdks\efm32\v2/Device/SiliconLabs/EFM32ZG/Include" -O3 -Wall -c -fmessage-length=0 -fno-builtin -ffunction-sections -fdata-sections -std=c99 -MMD -MP -MF"src/main.d" -MT"src/main.o" -o "src/main.o" "../src/main.c"
Finished building: ../src/main.c
 
Building target: GlassCommunication.axf
Invoking: GNU ARM C Linker
arm-none-eabi-gcc -mcpu=cortex-m0plus -mthumb -T "GlassCommunication.ld" -Xlinker --gc-sections -Xlinker -Map="GlassCommunication.map" --specs=nano.specs -o GlassCommunication.axf "./src/HM11.o" "./src/RTC_.o" "./src/i2c_connection.o" "./src/main.o" "./src/uart_connection.o" "./emlib/em_cmu.o" "./emlib/em_emu.o" "./emlib/em_gpio.o" "./emlib/em_i2c.o" "./emlib/em_int.o" "./emlib/em_rmu.o" "./emlib/em_rtc.o" "./emlib/em_system.o" "./emlib/em_timer.o" "./emlib/em_usart.o" "./emlib/em_wdog.o" "./CMSIS/efm32zg/startup_gcc_efm32zg.o" "./CMSIS/efm32zg/system_efm32zg.o" -Wl,--start-group -lgcc -lc -lnosys -Wl,--end-group
Finished building target: GlassCommunication.axf
 
Building hex file: GlassCommunication.hex
arm-none-eabi-objcopy -O ihex "GlassCommunication.axf" "GlassCommunication.hex"
 
Building bin file: GlassCommunication.bin
arm-none-eabi-objcopy -O binary "GlassCommunication.axf" "GlassCommunication.bin"
 
Running size tool
arm-none-eabi-size "GlassCommunication.axf"
   text	   data	    bss	    dec	    hex	filename
   1936	    108	    149	   2193	    891	GlassCommunication.axf
 
21:24:27 **** Incremental Build of configuration GNU ARM v4.7.3 - Release for project GlassCommunication ****
make -j4 all 
Building file: ../src/main.c
Invoking: GNU ARM C Compiler
arm-none-eabi-gcc -mcpu=cortex-m0plus -mthumb '-DEFM32ZG110F32=1' '-DNDEBUG=1' -I"D:\SiliconLabs\SimplicityStudio\v2\developer\sdks\efm32\v2/CMSIS/Include" -I"D:\SiliconLabs\SimplicityStudio\v2\developer\sdks\efm32\v2/kits/common/bsp" -I"D:\SiliconLabs\SimplicityStudio\v2\developer\sdks\efm32\v2/emlib/inc" -I"D:\SiliconLabs\SimplicityStudio\v2\developer\sdks\efm32\v2/kits/common/drivers" -I"D:\SiliconLabs\SimplicityStudio\v2\developer\sdks\efm32\v2/Device/SiliconLabs/EFM32ZG/Include" -O3 -Wall -c -fmessage-length=0 -fno-builtin -ffunction-sections -fdata-sections -std=c99 -MMD -MP -MF"src/main.d" -MT"src/main.o" -o "src/main.o" "../src/main.c"
../src/main.c: In function 'main':
../src/main.c:26:3: warning: implicit declaration of function 'inittest' [-Wimplicit-function-declaration]
Finished building: ../src/main.c
 
Building target: GlassCommunication.axf
Invoking: GNU ARM C Linker
arm-none-eabi-gcc -mcpu=cortex-m0plus -mthumb -T "GlassCommunication.ld" -Xlinker --gc-sections -Xlinker -Map="GlassCommunication.map" --specs=nano.specs -o GlassCommunication.axf "./src/HM11.o" "./src/RTC_.o" "./src/i2c_connection.o" "./src/main.o" "./src/uart_connection.o" "./emlib/em_cmu.o" "./emlib/em_emu.o" "./emlib/em_gpio.o" "./emlib/em_i2c.o" "./emlib/em_int.o" "./emlib/em_rmu.o" "./emlib/em_rtc.o" "./emlib/em_system.o" "./emlib/em_timer.o" "./emlib/em_usart.o" "./emlib/em_wdog.o" "./CMSIS/efm32zg/startup_gcc_efm32zg.o" "./CMSIS/efm32zg/system_efm32zg.o" -Wl,--start-group -lgcc -lc -lnosys -Wl,--end-group
Finished building target: GlassCommunication.axf
 
Building hex file: GlassCommunication.hex
arm-none-eabi-objcopy -O ihex "GlassCommunication.axf" "GlassCommunication.hex"
 
Building bin file: GlassCommunication.bin
arm-none-eabi-objcopy -O binary "GlassCommunication.axf" "GlassCommunication.bin"
 
Running size tool
arm-none-eabi-size "GlassCommunication.axf"
   text	   data	    bss	    dec	    hex	filename
   2156	    108	    149	   2413	    96d	GlassCommunication.axf
 
21:27:04 **** Incremental Build of configuration GNU ARM v4.7.3 - Release for project GlassCommunication ****
make -j4 all 
Building file: ../src/main.c
Invoking: GNU ARM C Compiler
arm-none-eabi-gcc -mcpu=cortex-m0plus -mthumb '-DEFM32ZG110F32=1' '-DNDEBUG=1' -I"D:\SiliconLabs\SimplicityStudio\v2\developer\sdks\efm32\v2/CMSIS/Include" -I"D:\SiliconLabs\SimplicityStudio\v2\developer\sdks\efm32\v2/kits/common/bsp" -I"D:\SiliconLabs\SimplicityStudio\v2\developer\sdks\efm32\v2/emlib/inc" -I"D:\SiliconLabs\SimplicityStudio\v2\developer\sdks\efm32\v2/kits/common/drivers" -I"D:\SiliconLabs\SimplicityStudio\v2\developer\sdks\efm32\v2/Device/SiliconLabs/EFM32ZG/Include" -O3 -Wall -c -fmessage-length=0 -fno-builtin -ffunction-sections -fdata-sections -std=c99 -MMD -MP -MF"src/main.d" -MT"src/main.o" -o "src/main.o" "../src/main.c"
../src/main.c: In function 'main':
../src/main.c:26:3: warning: implicit declaration of function 'inittest' [-Wimplicit-function-declaration]
Finished building: ../src/main.c
 
Building target: GlassCommunication.axf
Invoking: GNU ARM C Linker
arm-none-eabi-gcc -mcpu=cortex-m0plus -mthumb -T "GlassCommunication.ld" -Xlinker --gc-sections -Xlinker -Map="GlassCommunication.map" --specs=nano.specs -o GlassCommunication.axf "./src/HM11.o" "./src/RTC_.o" "./src/i2c_connection.o" "./src/main.o" "./src/uart_connection.o" "./emlib/em_cmu.o" "./emlib/em_emu.o" "./emlib/em_gpio.o" "./emlib/em_i2c.o" "./emlib/em_int.o" "./emlib/em_rmu.o" "./emlib/em_rtc.o" "./emlib/em_system.o" "./emlib/em_timer.o" "./emlib/em_usart.o" "./emlib/em_wdog.o" "./CMSIS/efm32zg/startup_gcc_efm32zg.o" "./CMSIS/efm32zg/system_efm32zg.o" -Wl,--start-group -lgcc -lc -lnosys -Wl,--end-group
Finished building target: GlassCommunication.axf
 
Building hex file: GlassCommunication.hex
arm-none-eabi-objcopy -O ihex "GlassCommunication.axf" "GlassCommunication.hex"
 
Building bin file: GlassCommunication.bin
arm-none-eabi-objcopy -O binary "GlassCommunication.axf" "GlassCommunication.bin"
 
Running size tool
arm-none-eabi-size "GlassCommunication.axf"
   text	   data	    bss	    dec	    hex	filename
   2160	    108	    149	   2417	    971	GlassCommunication.axf
 
21:28:10 **** Incremental Build of configuration GNU ARM v4.7.3 - Release for project GlassCommunication ****
make -j4 all 
Building file: ../src/main.c
Invoking: GNU ARM C Compiler
arm-none-eabi-gcc -mcpu=cortex-m0plus -mthumb '-DEFM32ZG110F32=1' '-DNDEBUG=1' -I"D:\SiliconLabs\SimplicityStudio\v2\developer\sdks\efm32\v2/CMSIS/Include" -I"D:\SiliconLabs\SimplicityStudio\v2\developer\sdks\efm32\v2/kits/common/bsp" -I"D:\SiliconLabs\SimplicityStudio\v2\developer\sdks\efm32\v2/emlib/inc" -I"D:\SiliconLabs\SimplicityStudio\v2\developer\sdks\efm32\v2/kits/common/drivers" -I"D:\SiliconLabs\SimplicityStudio\v2\developer\sdks\efm32\v2/Device/SiliconLabs/EFM32ZG/Include" -O3 -Wall -c -fmessage-length=0 -fno-builtin -ffunction-sections -fdata-sections -std=c99 -MMD -MP -MF"src/main.d" -MT"src/main.o" -o "src/main.o" "../src/main.c"
Finished building: ../src/main.c
 
Building target: GlassCommunication.axf
Invoking: GNU ARM C Linker
arm-none-eabi-gcc -mcpu=cortex-m0plus -mthumb -T "GlassCommunication.ld" -Xlinker --gc-sections -Xlinker -Map="GlassCommunication.map" --specs=nano.specs -o GlassCommunication.axf "./src/HM11.o" "./src/RTC_.o" "./src/i2c_connection.o" "./src/main.o" "./src/uart_connection.o" "./emlib/em_cmu.o" "./emlib/em_emu.o" "./emlib/em_gpio.o" "./emlib/em_i2c.o" "./emlib/em_int.o" "./emlib/em_rmu.o" "./emlib/em_rtc.o" "./emlib/em_system.o" "./emlib/em_timer.o" "./emlib/em_usart.o" "./emlib/em_wdog.o" "./CMSIS/efm32zg/startup_gcc_efm32zg.o" "./CMSIS/efm32zg/system_efm32zg.o" -Wl,--start-group -lgcc -lc -lnosys -Wl,--end-group
Finished building target: GlassCommunication.axf
 
Building hex file: GlassCommunication.hex
arm-none-eabi-objcopy -O ihex "GlassCommunication.axf" "GlassCommunication.hex"
 
Building bin file: GlassCommunication.bin
arm-none-eabi-objcopy -O binary "GlassCommunication.axf" "GlassCommunication.bin"
 
Running size tool
arm-none-eabi-size "GlassCommunication.axf"
   text	   data	    bss	    dec	    hex	filename
   6368	    120	    168	   6656	   1a00	GlassCommunication.axf
 
21:30:12 **** Incremental Build of configuration GNU ARM v4.7.3 - Release for project GlassCommunication ****
make -j4 all 
Building file: ../src/HM11.c
Invoking: GNU ARM C Compiler
arm-none-eabi-gcc -mcpu=cortex-m0plus -mthumb '-DEFM32ZG110F32=1' '-DNDEBUG=1' -I"D:\SiliconLabs\SimplicityStudio\v2\developer\sdks\efm32\v2/CMSIS/Include" -I"D:\SiliconLabs\SimplicityStudio\v2\developer\sdks\efm32\v2/kits/common/bsp" -I"D:\SiliconLabs\SimplicityStudio\v2\developer\sdks\efm32\v2/emlib/inc" -I"D:\SiliconLabs\SimplicityStudio\v2\developer\sdks\efm32\v2/kits/common/drivers" -I"D:\SiliconLabs\SimplicityStudio\v2\developer\sdks\efm32\v2/Device/SiliconLabs/EFM32ZG/Include" -O3 -Wall -c -fmessage-length=0 -fno-builtin -ffunction-sections -fdata-sections -std=c99 -MMD -MP -MF"src/HM11.d" -MT"src/HM11.o" -o "src/HM11.o" "../src/HM11.c"
../src/HM11.c: In function 'testHM11':
../src/HM11.c:24:2: warning: passing argument 2 of 'memcpy' discards 'volatile' qualifier from pointer target type [enabled by default]
In file included from D:\SiliconLabs\SimplicityStudio\v2\developer\sdks\efm32\v2/CMSIS/Include/arm_math.h:285:0,
                 from D:\SiliconLabs\SimplicityStudio\v2\developer\sdks\efm32\v2/Device/SiliconLabs/EFM32ZG/Include/efm32zg110f32.h:204,
                 from D:\SiliconLabs\SimplicityStudio\v2\developer\sdks\efm32\v2/Device/SiliconLabs/EFM32ZG/Include/em_device.h:62,
                 from ../src/HM11.h:4,
                 from ../src/HM11.c:1:
d:\siliconlabs\simplicitystudio\v2\developer\toolchains\gnu_arm\4.7_2013q1\bin\../lib/gcc/arm-none-eabi/4.7.3/../../../../arm-none-eabi/include/string.h:24:8: note: expected 'const void *' but argument is of type 'volatile uint8_t *'
../src/HM11.c: In function 'setAdvertisingInterval':
../src/HM11.c:56:2: warning: passing argument 2 of 'memcpy' discards 'volatile' qualifier from pointer target type [enabled by default]
In file included from D:\SiliconLabs\SimplicityStudio\v2\developer\sdks\efm32\v2/CMSIS/Include/arm_math.h:285:0,
                 from D:\SiliconLabs\SimplicityStudio\v2\developer\sdks\efm32\v2/Device/SiliconLabs/EFM32ZG/Include/efm32zg110f32.h:204,
                 from D:\SiliconLabs\SimplicityStudio\v2\developer\sdks\efm32\v2/Device/SiliconLabs/EFM32ZG/Include/em_device.h:62,
                 from ../src/HM11.h:4,
                 from ../src/HM11.c:1:
d:\siliconlabs\simplicitystudio\v2\developer\toolchains\gnu_arm\4.7_2013q1\bin\../lib/gcc/arm-none-eabi/4.7.3/../../../../arm-none-eabi/include/string.h:24:8: note: expected 'const void *' but argument is of type 'volatile uint8_t *'
../src/HM11.c: In function 'setModuleName':
../src/HM11.c:91:2: warning: passing argument 2 of 'memcpy' discards 'volatile' qualifier from pointer target type [enabled by default]
In file included from D:\SiliconLabs\SimplicityStudio\v2\developer\sdks\efm32\v2/CMSIS/Include/arm_math.h:285:0,
                 from D:\SiliconLabs\SimplicityStudio\v2\developer\sdks\efm32\v2/Device/SiliconLabs/EFM32ZG/Include/efm32zg110f32.h:204,
                 from D:\SiliconLabs\SimplicityStudio\v2\developer\sdks\efm32\v2/Device/SiliconLabs/EFM32ZG/Include/em_device.h:62,
                 from ../src/HM11.h:4,
                 from ../src/HM11.c:1:
d:\siliconlabs\simplicitystudio\v2\developer\toolchains\gnu_arm\4.7_2013q1\bin\../lib/gcc/arm-none-eabi/4.7.3/../../../../arm-none-eabi/include/string.h:24:8: note: expected 'const void *' but argument is of type 'volatile uint8_t *'
../src/HM11.c: In function 'setModulePower':
../src/HM11.c:131:2: warning: passing argument 2 of 'memcpy' discards 'volatile' qualifier from pointer target type [enabled by default]
In file included from D:\SiliconLabs\SimplicityStudio\v2\developer\sdks\efm32\v2/CMSIS/Include/arm_math.h:285:0,
                 from D:\SiliconLabs\SimplicityStudio\v2\developer\sdks\efm32\v2/Device/SiliconLabs/EFM32ZG/Include/efm32zg110f32.h:204,
                 from D:\SiliconLabs\SimplicityStudio\v2\developer\sdks\efm32\v2/Device/SiliconLabs/EFM32ZG/Include/em_device.h:62,
                 from ../src/HM11.h:4,
                 from ../src/HM11.c:1:
d:\siliconlabs\simplicitystudio\v2\developer\toolchains\gnu_arm\4.7_2013q1\bin\../lib/gcc/arm-none-eabi/4.7.3/../../../../arm-none-eabi/include/string.h:24:8: note: expected 'const void *' but argument is of type 'volatile uint8_t *'
Finished building: ../src/HM11.c
 
Building target: GlassCommunication.axf
Invoking: GNU ARM C Linker
arm-none-eabi-gcc -mcpu=cortex-m0plus -mthumb -T "GlassCommunication.ld" -Xlinker --gc-sections -Xlinker -Map="GlassCommunication.map" --specs=nano.specs -o GlassCommunication.axf "./src/HM11.o" "./src/RTC_.o" "./src/i2c_connection.o" "./src/main.o" "./src/uart_connection.o" "./emlib/em_cmu.o" "./emlib/em_emu.o" "./emlib/em_gpio.o" "./emlib/em_i2c.o" "./emlib/em_int.o" "./emlib/em_rmu.o" "./emlib/em_rtc.o" "./emlib/em_system.o" "./emlib/em_timer.o" "./emlib/em_usart.o" "./emlib/em_wdog.o" "./CMSIS/efm32zg/startup_gcc_efm32zg.o" "./CMSIS/efm32zg/system_efm32zg.o" -Wl,--start-group -lgcc -lc -lnosys -Wl,--end-group
Finished building target: GlassCommunication.axf
 
Building hex file: GlassCommunication.hex
arm-none-eabi-objcopy -O ihex "GlassCommunication.axf" "GlassCommunication.hex"
 
Building bin file: GlassCommunication.bin
arm-none-eabi-objcopy -O binary "GlassCommunication.axf" "GlassCommunication.bin"
 
Running size tool
arm-none-eabi-size "GlassCommunication.axf"
   text	   data	    bss	    dec	    hex	filename
   6368	    120	    168	   6656	   1a00	GlassCommunication.axf
 
21:35:56 **** Incremental Build of configuration GNU ARM v4.7.3 - Release for project GlassCommunication ****
make -j4 all 
Building file: ../src/HM11.c
Invoking: GNU ARM C Compiler
arm-none-eabi-gcc -mcpu=cortex-m0plus -mthumb '-DEFM32ZG110F32=1' '-DNDEBUG=1' -I"D:\SiliconLabs\SimplicityStudio\v2\developer\sdks\efm32\v2/CMSIS/Include" -I"D:\SiliconLabs\SimplicityStudio\v2\developer\sdks\efm32\v2/kits/common/bsp" -I"D:\SiliconLabs\SimplicityStudio\v2\developer\sdks\efm32\v2/emlib/inc" -I"D:\SiliconLabs\SimplicityStudio\v2\developer\sdks\efm32\v2/kits/common/drivers" -I"D:\SiliconLabs\SimplicityStudio\v2\developer\sdks\efm32\v2/Device/SiliconLabs/EFM32ZG/Include" -O3 -Wall -c -fmessage-length=0 -fno-builtin -ffunction-sections -fdata-sections -std=c99 -MMD -MP -MF"src/HM11.d" -MT"src/HM11.o" -o "src/HM11.o" "../src/HM11.c"
../src/HM11.c: In function 'testHM11':
../src/HM11.c:24:2: warning: passing argument 2 of 'memcpy' discards 'volatile' qualifier from pointer target type [enabled by default]
In file included from D:\SiliconLabs\SimplicityStudio\v2\developer\sdks\efm32\v2/CMSIS/Include/arm_math.h:285:0,
                 from D:\SiliconLabs\SimplicityStudio\v2\developer\sdks\efm32\v2/Device/SiliconLabs/EFM32ZG/Include/efm32zg110f32.h:204,
                 from D:\SiliconLabs\SimplicityStudio\v2\developer\sdks\efm32\v2/Device/SiliconLabs/EFM32ZG/Include/em_device.h:62,
                 from ../src/HM11.h:4,
                 from ../src/HM11.c:1:
d:\siliconlabs\simplicitystudio\v2\developer\toolchains\gnu_arm\4.7_2013q1\bin\../lib/gcc/arm-none-eabi/4.7.3/../../../../arm-none-eabi/include/string.h:24:8: note: expected 'const void *' but argument is of type 'volatile uint8_t *'
../src/HM11.c: In function 'setAdvertisingInterval':
../src/HM11.c:56:2: warning: passing argument 2 of 'memcpy' discards 'volatile' qualifier from pointer target type [enabled by default]
In file included from D:\SiliconLabs\SimplicityStudio\v2\developer\sdks\efm32\v2/CMSIS/Include/arm_math.h:285:0,
                 from D:\SiliconLabs\SimplicityStudio\v2\developer\sdks\efm32\v2/Device/SiliconLabs/EFM32ZG/Include/efm32zg110f32.h:204,
                 from D:\SiliconLabs\SimplicityStudio\v2\developer\sdks\efm32\v2/Device/SiliconLabs/EFM32ZG/Include/em_device.h:62,
                 from ../src/HM11.h:4,
                 from ../src/HM11.c:1:
d:\siliconlabs\simplicitystudio\v2\developer\toolchains\gnu_arm\4.7_2013q1\bin\../lib/gcc/arm-none-eabi/4.7.3/../../../../arm-none-eabi/include/string.h:24:8: note: expected 'const void *' but argument is of type 'volatile uint8_t *'
../src/HM11.c: In function 'setModuleName':
../src/HM11.c:91:2: warning: passing argument 2 of 'memcpy' discards 'volatile' qualifier from pointer target type [enabled by default]
In file included from D:\SiliconLabs\SimplicityStudio\v2\developer\sdks\efm32\v2/CMSIS/Include/arm_math.h:285:0,
                 from D:\SiliconLabs\SimplicityStudio\v2\developer\sdks\efm32\v2/Device/SiliconLabs/EFM32ZG/Include/efm32zg110f32.h:204,
                 from D:\SiliconLabs\SimplicityStudio\v2\developer\sdks\efm32\v2/Device/SiliconLabs/EFM32ZG/Include/em_device.h:62,
                 from ../src/HM11.h:4,
                 from ../src/HM11.c:1:
d:\siliconlabs\simplicitystudio\v2\developer\toolchains\gnu_arm\4.7_2013q1\bin\../lib/gcc/arm-none-eabi/4.7.3/../../../../arm-none-eabi/include/string.h:24:8: note: expected 'const void *' but argument is of type 'volatile uint8_t *'
../src/HM11.c: In function 'setModulePower':
../src/HM11.c:131:2: warning: passing argument 2 of 'memcpy' discards 'volatile' qualifier from pointer target type [enabled by default]
In file included from D:\SiliconLabs\SimplicityStudio\v2\developer\sdks\efm32\v2/CMSIS/Include/arm_math.h:285:0,
                 from D:\SiliconLabs\SimplicityStudio\v2\developer\sdks\efm32\v2/Device/SiliconLabs/EFM32ZG/Include/efm32zg110f32.h:204,
                 from D:\SiliconLabs\SimplicityStudio\v2\developer\sdks\efm32\v2/Device/SiliconLabs/EFM32ZG/Include/em_device.h:62,
                 from ../src/HM11.h:4,
                 from ../src/HM11.c:1:
d:\siliconlabs\simplicitystudio\v2\developer\toolchains\gnu_arm\4.7_2013q1\bin\../lib/gcc/arm-none-eabi/4.7.3/../../../../arm-none-eabi/include/string.h:24:8: note: expected 'const void *' but argument is of type 'volatile uint8_t *'
Finished building: ../src/HM11.c
 
Building target: GlassCommunication.axf
Invoking: GNU ARM C Linker
arm-none-eabi-gcc -mcpu=cortex-m0plus -mthumb -T "GlassCommunication.ld" -Xlinker --gc-sections -Xlinker -Map="GlassCommunication.map" --specs=nano.specs -o GlassCommunication.axf "./src/HM11.o" "./src/RTC_.o" "./src/i2c_connection.o" "./src/main.o" "./src/uart_connection.o" "./emlib/em_cmu.o" "./emlib/em_emu.o" "./emlib/em_gpio.o" "./emlib/em_i2c.o" "./emlib/em_int.o" "./emlib/em_rmu.o" "./emlib/em_rtc.o" "./emlib/em_system.o" "./emlib/em_timer.o" "./emlib/em_usart.o" "./emlib/em_wdog.o" "./CMSIS/efm32zg/startup_gcc_efm32zg.o" "./CMSIS/efm32zg/system_efm32zg.o" -Wl,--start-group -lgcc -lc -lnosys -Wl,--end-group
Finished building target: GlassCommunication.axf
 
Building hex file: GlassCommunication.hex
arm-none-eabi-objcopy -O ihex "GlassCommunication.axf" "GlassCommunication.hex"
 
Building bin file: GlassCommunication.bin
arm-none-eabi-objcopy -O binary "GlassCommunication.axf" "GlassCommunication.bin"
 
Running size tool
arm-none-eabi-size "GlassCommunication.axf"
   text	   data	    bss	    dec	    hex	filename
   6372	    120	    168	   6660	   1a04	GlassCommunication.axf
 
21:42:43 **** Incremental Build of configuration GNU ARM v4.7.3 - Release for project GlassCommunication ****
make -j4 all 
Building file: ../src/HM11.c
Invoking: GNU ARM C Compiler
arm-none-eabi-gcc -mcpu=cortex-m0plus -mthumb '-DEFM32ZG110F32=1' '-DNDEBUG=1' -I"D:\SiliconLabs\SimplicityStudio\v2\developer\sdks\efm32\v2/CMSIS/Include" -I"D:\SiliconLabs\SimplicityStudio\v2\developer\sdks\efm32\v2/kits/common/bsp" -I"D:\SiliconLabs\SimplicityStudio\v2\developer\sdks\efm32\v2/emlib/inc" -I"D:\SiliconLabs\SimplicityStudio\v2\developer\sdks\efm32\v2/kits/common/drivers" -I"D:\SiliconLabs\SimplicityStudio\v2\developer\sdks\efm32\v2/Device/SiliconLabs/EFM32ZG/Include" -O3 -Wall -c -fmessage-length=0 -fno-builtin -ffunction-sections -fdata-sections -std=c99 -MMD -MP -MF"src/HM11.d" -MT"src/HM11.o" -o "src/HM11.o" "../src/HM11.c"
../src/HM11.c: In function 'testHM11':
../src/HM11.c:24:2: warning: passing argument 2 of 'memcpy' discards 'volatile' qualifier from pointer target type [enabled by default]
In file included from D:\SiliconLabs\SimplicityStudio\v2\developer\sdks\efm32\v2/CMSIS/Include/arm_math.h:285:0,
                 from D:\SiliconLabs\SimplicityStudio\v2\developer\sdks\efm32\v2/Device/SiliconLabs/EFM32ZG/Include/efm32zg110f32.h:204,
                 from D:\SiliconLabs\SimplicityStudio\v2\developer\sdks\efm32\v2/Device/SiliconLabs/EFM32ZG/Include/em_device.h:62,
                 from ../src/HM11.h:4,
                 from ../src/HM11.c:1:
d:\siliconlabs\simplicitystudio\v2\developer\toolchains\gnu_arm\4.7_2013q1\bin\../lib/gcc/arm-none-eabi/4.7.3/../../../../arm-none-eabi/include/string.h:24:8: note: expected 'const void *' but argument is of type 'volatile uint8_t *'
../src/HM11.c: In function 'setAdvertisingInterval':
../src/HM11.c:56:2: warning: passing argument 2 of 'memcpy' discards 'volatile' qualifier from pointer target type [enabled by default]
In file included from D:\SiliconLabs\SimplicityStudio\v2\developer\sdks\efm32\v2/CMSIS/Include/arm_math.h:285:0,
                 from D:\SiliconLabs\SimplicityStudio\v2\developer\sdks\efm32\v2/Device/SiliconLabs/EFM32ZG/Include/efm32zg110f32.h:204,
                 from D:\SiliconLabs\SimplicityStudio\v2\developer\sdks\efm32\v2/Device/SiliconLabs/EFM32ZG/Include/em_device.h:62,
                 from ../src/HM11.h:4,
                 from ../src/HM11.c:1:
d:\siliconlabs\simplicitystudio\v2\developer\toolchains\gnu_arm\4.7_2013q1\bin\../lib/gcc/arm-none-eabi/4.7.3/../../../../arm-none-eabi/include/string.h:24:8: note: expected 'const void *' but argument is of type 'volatile uint8_t *'
../src/HM11.c: In function 'resetModule':
../src/HM11.c:89:2: warning: passing argument 2 of 'memcpy' discards 'volatile' qualifier from pointer target type [enabled by default]
In file included from D:\SiliconLabs\SimplicityStudio\v2\developer\sdks\efm32\v2/CMSIS/Include/arm_math.h:285:0,
                 from D:\SiliconLabs\SimplicityStudio\v2\developer\sdks\efm32\v2/Device/SiliconLabs/EFM32ZG/Include/efm32zg110f32.h:204,
                 from D:\SiliconLabs\SimplicityStudio\v2\developer\sdks\efm32\v2/Device/SiliconLabs/EFM32ZG/Include/em_device.h:62,
                 from ../src/HM11.h:4,
                 from ../src/HM11.c:1:
d:\siliconlabs\simplicitystudio\v2\developer\toolchains\gnu_arm\4.7_2013q1\bin\../lib/gcc/arm-none-eabi/4.7.3/../../../../arm-none-eabi/include/string.h:24:8: note: expected 'const void *' but argument is of type 'volatile uint8_t *'
../src/HM11.c: In function 'setModuleName':
../src/HM11.c:116:2: warning: passing argument 2 of 'memcpy' discards 'volatile' qualifier from pointer target type [enabled by default]
In file included from D:\SiliconLabs\SimplicityStudio\v2\developer\sdks\efm32\v2/CMSIS/Include/arm_math.h:285:0,
                 from D:\SiliconLabs\SimplicityStudio\v2\developer\sdks\efm32\v2/Device/SiliconLabs/EFM32ZG/Include/efm32zg110f32.h:204,
                 from D:\SiliconLabs\SimplicityStudio\v2\developer\sdks\efm32\v2/Device/SiliconLabs/EFM32ZG/Include/em_device.h:62,
                 from ../src/HM11.h:4,
                 from ../src/HM11.c:1:
d:\siliconlabs\simplicitystudio\v2\developer\toolchains\gnu_arm\4.7_2013q1\bin\../lib/gcc/arm-none-eabi/4.7.3/../../../../arm-none-eabi/include/string.h:24:8: note: expected 'const void *' but argument is of type 'volatile uint8_t *'
../src/HM11.c: In function 'setModulePower':
../src/HM11.c:157:2: warning: passing argument 2 of 'memcpy' discards 'volatile' qualifier from pointer target type [enabled by default]
In file included from D:\SiliconLabs\SimplicityStudio\v2\developer\sdks\efm32\v2/CMSIS/Include/arm_math.h:285:0,
                 from D:\SiliconLabs\SimplicityStudio\v2\developer\sdks\efm32\v2/Device/SiliconLabs/EFM32ZG/Include/efm32zg110f32.h:204,
                 from D:\SiliconLabs\SimplicityStudio\v2\developer\sdks\efm32\v2/Device/SiliconLabs/EFM32ZG/Include/em_device.h:62,
                 from ../src/HM11.h:4,
                 from ../src/HM11.c:1:
d:\siliconlabs\simplicitystudio\v2\developer\toolchains\gnu_arm\4.7_2013q1\bin\../lib/gcc/arm-none-eabi/4.7.3/../../../../arm-none-eabi/include/string.h:24:8: note: expected 'const void *' but argument is of type 'volatile uint8_t *'
../src/HM11.c: In function 'initHM11':
../src/HM11.c:191:19: warning: unknown escape sequence: '\o' [enabled by default]
Finished building: ../src/HM11.c
 
Building target: GlassCommunication.axf
Invoking: GNU ARM C Linker
arm-none-eabi-gcc -mcpu=cortex-m0plus -mthumb -T "GlassCommunication.ld" -Xlinker --gc-sections -Xlinker -Map="GlassCommunication.map" --specs=nano.specs -o GlassCommunication.axf "./src/HM11.o" "./src/RTC_.o" "./src/i2c_connection.o" "./src/main.o" "./src/uart_connection.o" "./emlib/em_cmu.o" "./emlib/em_emu.o" "./emlib/em_gpio.o" "./emlib/em_i2c.o" "./emlib/em_int.o" "./emlib/em_rmu.o" "./emlib/em_rtc.o" "./emlib/em_system.o" "./emlib/em_timer.o" "./emlib/em_usart.o" "./emlib/em_wdog.o" "./CMSIS/efm32zg/startup_gcc_efm32zg.o" "./CMSIS/efm32zg/system_efm32zg.o" -Wl,--start-group -lgcc -lc -lnosys -Wl,--end-group
Finished building target: GlassCommunication.axf
 
Building hex file: GlassCommunication.hex
arm-none-eabi-objcopy -O ihex "GlassCommunication.axf" "GlassCommunication.hex"
 
Building bin file: GlassCommunication.bin
arm-none-eabi-objcopy -O binary "GlassCommunication.axf" "GlassCommunication.bin"
 
Running size tool
arm-none-eabi-size "GlassCommunication.axf"
   text	   data	    bss	    dec	    hex	filename
   6480	    120	    168	   6768	   1a70	GlassCommunication.axf
 
21:45:52 **** Incremental Build of configuration GNU ARM v4.7.3 - Release for project GlassCommunication ****
make -j4 all 
Building file: ../src/HM11.c
Invoking: GNU ARM C Compiler
arm-none-eabi-gcc -mcpu=cortex-m0plus -mthumb '-DEFM32ZG110F32=1' '-DNDEBUG=1' -I"D:\SiliconLabs\SimplicityStudio\v2\developer\sdks\efm32\v2/CMSIS/Include" -I"D:\SiliconLabs\SimplicityStudio\v2\developer\sdks\efm32\v2/kits/common/bsp" -I"D:\SiliconLabs\SimplicityStudio\v2\developer\sdks\efm32\v2/emlib/inc" -I"D:\SiliconLabs\SimplicityStudio\v2\developer\sdks\efm32\v2/kits/common/drivers" -I"D:\SiliconLabs\SimplicityStudio\v2\developer\sdks\efm32\v2/Device/SiliconLabs/EFM32ZG/Include" -O3 -Wall -c -fmessage-length=0 -fno-builtin -ffunction-sections -fdata-sections -std=c99 -MMD -MP -MF"src/HM11.d" -MT"src/HM11.o" -o "src/HM11.o" "../src/HM11.c"
../src/HM11.c: In function 'testHM11':
../src/HM11.c:24:2: warning: passing argument 2 of 'memcpy' discards 'volatile' qualifier from pointer target type [enabled by default]
In file included from D:\SiliconLabs\SimplicityStudio\v2\developer\sdks\efm32\v2/CMSIS/Include/arm_math.h:285:0,
                 from D:\SiliconLabs\SimplicityStudio\v2\developer\sdks\efm32\v2/Device/SiliconLabs/EFM32ZG/Include/efm32zg110f32.h:204,
                 from D:\SiliconLabs\SimplicityStudio\v2\developer\sdks\efm32\v2/Device/SiliconLabs/EFM32ZG/Include/em_device.h:62,
                 from ../src/HM11.h:4,
                 from ../src/HM11.c:1:
d:\siliconlabs\simplicitystudio\v2\developer\toolchains\gnu_arm\4.7_2013q1\bin\../lib/gcc/arm-none-eabi/4.7.3/../../../../arm-none-eabi/include/string.h:24:8: note: expected 'const void *' but argument is of type 'volatile uint8_t *'
../src/HM11.c: In function 'setAdvertisingInterval':
../src/HM11.c:56:2: warning: passing argument 2 of 'memcpy' discards 'volatile' qualifier from pointer target type [enabled by default]
In file included from D:\SiliconLabs\SimplicityStudio\v2\developer\sdks\efm32\v2/CMSIS/Include/arm_math.h:285:0,
                 from D:\SiliconLabs\SimplicityStudio\v2\developer\sdks\efm32\v2/Device/SiliconLabs/EFM32ZG/Include/efm32zg110f32.h:204,
                 from D:\SiliconLabs\SimplicityStudio\v2\developer\sdks\efm32\v2/Device/SiliconLabs/EFM32ZG/Include/em_device.h:62,
                 from ../src/HM11.h:4,
                 from ../src/HM11.c:1:
d:\siliconlabs\simplicitystudio\v2\developer\toolchains\gnu_arm\4.7_2013q1\bin\../lib/gcc/arm-none-eabi/4.7.3/../../../../arm-none-eabi/include/string.h:24:8: note: expected 'const void *' but argument is of type 'volatile uint8_t *'
../src/HM11.c: In function 'resetModule':
../src/HM11.c:89:2: warning: passing argument 2 of 'memcpy' discards 'volatile' qualifier from pointer target type [enabled by default]
In file included from D:\SiliconLabs\SimplicityStudio\v2\developer\sdks\efm32\v2/CMSIS/Include/arm_math.h:285:0,
                 from D:\SiliconLabs\SimplicityStudio\v2\developer\sdks\efm32\v2/Device/SiliconLabs/EFM32ZG/Include/efm32zg110f32.h:204,
                 from D:\SiliconLabs\SimplicityStudio\v2\developer\sdks\efm32\v2/Device/SiliconLabs/EFM32ZG/Include/em_device.h:62,
                 from ../src/HM11.h:4,
                 from ../src/HM11.c:1:
d:\siliconlabs\simplicitystudio\v2\developer\toolchains\gnu_arm\4.7_2013q1\bin\../lib/gcc/arm-none-eabi/4.7.3/../../../../arm-none-eabi/include/string.h:24:8: note: expected 'const void *' but argument is of type 'volatile uint8_t *'
../src/HM11.c: In function 'setModuleName':
../src/HM11.c:116:2: warning: passing argument 2 of 'memcpy' discards 'volatile' qualifier from pointer target type [enabled by default]
In file included from D:\SiliconLabs\SimplicityStudio\v2\developer\sdks\efm32\v2/CMSIS/Include/arm_math.h:285:0,
                 from D:\SiliconLabs\SimplicityStudio\v2\developer\sdks\efm32\v2/Device/SiliconLabs/EFM32ZG/Include/efm32zg110f32.h:204,
                 from D:\SiliconLabs\SimplicityStudio\v2\developer\sdks\efm32\v2/Device/SiliconLabs/EFM32ZG/Include/em_device.h:62,
                 from ../src/HM11.h:4,
                 from ../src/HM11.c:1:
d:\siliconlabs\simplicitystudio\v2\developer\toolchains\gnu_arm\4.7_2013q1\bin\../lib/gcc/arm-none-eabi/4.7.3/../../../../arm-none-eabi/include/string.h:24:8: note: expected 'const void *' but argument is of type 'volatile uint8_t *'
../src/HM11.c: In function 'setModulePower':
../src/HM11.c:157:2: warning: passing argument 2 of 'memcpy' discards 'volatile' qualifier from pointer target type [enabled by default]
In file included from D:\SiliconLabs\SimplicityStudio\v2\developer\sdks\efm32\v2/CMSIS/Include/arm_math.h:285:0,
                 from D:\SiliconLabs\SimplicityStudio\v2\developer\sdks\efm32\v2/Device/SiliconLabs/EFM32ZG/Include/efm32zg110f32.h:204,
                 from D:\SiliconLabs\SimplicityStudio\v2\developer\sdks\efm32\v2/Device/SiliconLabs/EFM32ZG/Include/em_device.h:62,
                 from ../src/HM11.h:4,
                 from ../src/HM11.c:1:
d:\siliconlabs\simplicitystudio\v2\developer\toolchains\gnu_arm\4.7_2013q1\bin\../lib/gcc/arm-none-eabi/4.7.3/../../../../arm-none-eabi/include/string.h:24:8: note: expected 'const void *' but argument is of type 'volatile uint8_t *'
Finished building: ../src/HM11.c
 
Building target: GlassCommunication.axf
Invoking: GNU ARM C Linker
arm-none-eabi-gcc -mcpu=cortex-m0plus -mthumb -T "GlassCommunication.ld" -Xlinker --gc-sections -Xlinker -Map="GlassCommunication.map" --specs=nano.specs -o GlassCommunication.axf "./src/HM11.o" "./src/RTC_.o" "./src/i2c_connection.o" "./src/main.o" "./src/uart_connection.o" "./emlib/em_cmu.o" "./emlib/em_emu.o" "./emlib/em_gpio.o" "./emlib/em_i2c.o" "./emlib/em_int.o" "./emlib/em_rmu.o" "./emlib/em_rtc.o" "./emlib/em_system.o" "./emlib/em_timer.o" "./emlib/em_usart.o" "./emlib/em_wdog.o" "./CMSIS/efm32zg/startup_gcc_efm32zg.o" "./CMSIS/efm32zg/system_efm32zg.o" -Wl,--start-group -lgcc -lc -lnosys -Wl,--end-group
Finished building target: GlassCommunication.axf
 
Building hex file: GlassCommunication.hex
arm-none-eabi-objcopy -O ihex "GlassCommunication.axf" "GlassCommunication.hex"
 
Building bin file: GlassCommunication.bin
arm-none-eabi-objcopy -O binary "GlassCommunication.axf" "GlassCommunication.bin"
 
Running size tool
arm-none-eabi-size "GlassCommunication.axf"
   text	   data	    bss	    dec	    hex	filename
   6472	    120	    172	   6764	   1a6c	GlassCommunication.axf
 
21:47:33 **** Incremental Build of configuration GNU ARM v4.7.3 - Release for project GlassCommunication ****
make -j4 all 
Building file: ../src/HM11.c
Invoking: GNU ARM C Compiler
arm-none-eabi-gcc -mcpu=cortex-m0plus -mthumb '-DEFM32ZG110F32=1' '-DNDEBUG=1' -I"D:\SiliconLabs\SimplicityStudio\v2\developer\sdks\efm32\v2/CMSIS/Include" -I"D:\SiliconLabs\SimplicityStudio\v2\developer\sdks\efm32\v2/kits/common/bsp" -I"D:\SiliconLabs\SimplicityStudio\v2\developer\sdks\efm32\v2/emlib/inc" -I"D:\SiliconLabs\SimplicityStudio\v2\developer\sdks\efm32\v2/kits/common/drivers" -I"D:\SiliconLabs\SimplicityStudio\v2\developer\sdks\efm32\v2/Device/SiliconLabs/EFM32ZG/Include" -O3 -Wall -c -fmessage-length=0 -fno-builtin -ffunction-sections -fdata-sections -std=c99 -MMD -MP -MF"src/HM11.d" -MT"src/HM11.o" -o "src/HM11.o" "../src/HM11.c"
../src/HM11.c: In function 'testHM11':
../src/HM11.c:24:2: warning: passing argument 2 of 'memcpy' discards 'volatile' qualifier from pointer target type [enabled by default]
In file included from D:\SiliconLabs\SimplicityStudio\v2\developer\sdks\efm32\v2/CMSIS/Include/arm_math.h:285:0,
                 from D:\SiliconLabs\SimplicityStudio\v2\developer\sdks\efm32\v2/Device/SiliconLabs/EFM32ZG/Include/efm32zg110f32.h:204,
                 from D:\SiliconLabs\SimplicityStudio\v2\developer\sdks\efm32\v2/Device/SiliconLabs/EFM32ZG/Include/em_device.h:62,
                 from ../src/HM11.h:4,
                 from ../src/HM11.c:1:
d:\siliconlabs\simplicitystudio\v2\developer\toolchains\gnu_arm\4.7_2013q1\bin\../lib/gcc/arm-none-eabi/4.7.3/../../../../arm-none-eabi/include/string.h:24:8: note: expected 'const void *' but argument is of type 'volatile uint8_t *'
../src/HM11.c: In function 'setAdvertisingInterval':
../src/HM11.c:56:2: warning: passing argument 2 of 'memcpy' discards 'volatile' qualifier from pointer target type [enabled by default]
In file included from D:\SiliconLabs\SimplicityStudio\v2\developer\sdks\efm32\v2/CMSIS/Include/arm_math.h:285:0,
                 from D:\SiliconLabs\SimplicityStudio\v2\developer\sdks\efm32\v2/Device/SiliconLabs/EFM32ZG/Include/efm32zg110f32.h:204,
                 from D:\SiliconLabs\SimplicityStudio\v2\developer\sdks\efm32\v2/Device/SiliconLabs/EFM32ZG/Include/em_device.h:62,
                 from ../src/HM11.h:4,
                 from ../src/HM11.c:1:
d:\siliconlabs\simplicitystudio\v2\developer\toolchains\gnu_arm\4.7_2013q1\bin\../lib/gcc/arm-none-eabi/4.7.3/../../../../arm-none-eabi/include/string.h:24:8: note: expected 'const void *' but argument is of type 'volatile uint8_t *'
../src/HM11.c: In function 'resetModule':
../src/HM11.c:89:2: warning: passing argument 2 of 'memcpy' discards 'volatile' qualifier from pointer target type [enabled by default]
In file included from D:\SiliconLabs\SimplicityStudio\v2\developer\sdks\efm32\v2/CMSIS/Include/arm_math.h:285:0,
                 from D:\SiliconLabs\SimplicityStudio\v2\developer\sdks\efm32\v2/Device/SiliconLabs/EFM32ZG/Include/efm32zg110f32.h:204,
                 from D:\SiliconLabs\SimplicityStudio\v2\developer\sdks\efm32\v2/Device/SiliconLabs/EFM32ZG/Include/em_device.h:62,
                 from ../src/HM11.h:4,
                 from ../src/HM11.c:1:
d:\siliconlabs\simplicitystudio\v2\developer\toolchains\gnu_arm\4.7_2013q1\bin\../lib/gcc/arm-none-eabi/4.7.3/../../../../arm-none-eabi/include/string.h:24:8: note: expected 'const void *' but argument is of type 'volatile uint8_t *'
../src/HM11.c: In function 'setModuleName':
../src/HM11.c:116:2: warning: passing argument 2 of 'memcpy' discards 'volatile' qualifier from pointer target type [enabled by default]
In file included from D:\SiliconLabs\SimplicityStudio\v2\developer\sdks\efm32\v2/CMSIS/Include/arm_math.h:285:0,
                 from D:\SiliconLabs\SimplicityStudio\v2\developer\sdks\efm32\v2/Device/SiliconLabs/EFM32ZG/Include/efm32zg110f32.h:204,
                 from D:\SiliconLabs\SimplicityStudio\v2\developer\sdks\efm32\v2/Device/SiliconLabs/EFM32ZG/Include/em_device.h:62,
                 from ../src/HM11.h:4,
                 from ../src/HM11.c:1:
d:\siliconlabs\simplicitystudio\v2\developer\toolchains\gnu_arm\4.7_2013q1\bin\../lib/gcc/arm-none-eabi/4.7.3/../../../../arm-none-eabi/include/string.h:24:8: note: expected 'const void *' but argument is of type 'volatile uint8_t *'
../src/HM11.c: In function 'setModulePower':
../src/HM11.c:157:2: warning: passing argument 2 of 'memcpy' discards 'volatile' qualifier from pointer target type [enabled by default]
In file included from D:\SiliconLabs\SimplicityStudio\v2\developer\sdks\efm32\v2/CMSIS/Include/arm_math.h:285:0,
                 from D:\SiliconLabs\SimplicityStudio\v2\developer\sdks\efm32\v2/Device/SiliconLabs/EFM32ZG/Include/efm32zg110f32.h:204,
                 from D:\SiliconLabs\SimplicityStudio\v2\developer\sdks\efm32\v2/Device/SiliconLabs/EFM32ZG/Include/em_device.h:62,
                 from ../src/HM11.h:4,
                 from ../src/HM11.c:1:
d:\siliconlabs\simplicitystudio\v2\developer\toolchains\gnu_arm\4.7_2013q1\bin\../lib/gcc/arm-none-eabi/4.7.3/../../../../arm-none-eabi/include/string.h:24:8: note: expected 'const void *' but argument is of type 'volatile uint8_t *'
../src/HM11.c: In function 'initHM11':
../src/HM11.c:193:2: warning: passing argument 1 of 'setModuleName' from incompatible pointer type [enabled by default]
../src/HM11.c:104:9: note: expected 'char *' but argument is of type 'char (*)[10]'
Finished building: ../src/HM11.c
 
Building target: GlassCommunication.axf
Invoking: GNU ARM C Linker
arm-none-eabi-gcc -mcpu=cortex-m0plus -mthumb -T "GlassCommunication.ld" -Xlinker --gc-sections -Xlinker -Map="GlassCommunication.map" --specs=nano.specs -o GlassCommunication.axf "./src/HM11.o" "./src/RTC_.o" "./src/i2c_connection.o" "./src/main.o" "./src/uart_connection.o" "./emlib/em_cmu.o" "./emlib/em_emu.o" "./emlib/em_gpio.o" "./emlib/em_i2c.o" "./emlib/em_int.o" "./emlib/em_rmu.o" "./emlib/em_rtc.o" "./emlib/em_system.o" "./emlib/em_timer.o" "./emlib/em_usart.o" "./emlib/em_wdog.o" "./CMSIS/efm32zg/startup_gcc_efm32zg.o" "./CMSIS/efm32zg/system_efm32zg.o" -Wl,--start-group -lgcc -lc -lnosys -Wl,--end-group
Finished building target: GlassCommunication.axf
 
Building hex file: GlassCommunication.hex
arm-none-eabi-objcopy -O ihex "GlassCommunication.axf" "GlassCommunication.hex"
 
Building bin file: GlassCommunication.bin
arm-none-eabi-objcopy -O binary "GlassCommunication.axf" "GlassCommunication.bin"
 
Running size tool
arm-none-eabi-size "GlassCommunication.axf"
   text	   data	    bss	    dec	    hex	filename
   6472	    120	    172	   6764	   1a6c	GlassCommunication.axf
 
21:51:36 **** Incremental Build of configuration GNU ARM v4.7.3 - Release for project GlassCommunication ****
make -j4 all 
Building file: ../src/HM11.c
Building file: ../src/main.c
Invoking: GNU ARM C Compiler
arm-none-eabi-gcc -mcpu=cortex-m0plus -mthumb '-DEFM32ZG110F32=1' '-DNDEBUG=1' -I"D:\SiliconLabs\SimplicityStudio\v2\developer\sdks\efm32\v2/CMSIS/Include" -I"D:\SiliconLabs\SimplicityStudio\v2\developer\sdks\efm32\v2/kits/common/bsp" -I"D:\SiliconLabs\SimplicityStudio\v2\developer\sdks\efm32\v2/emlib/inc" -I"D:\SiliconLabs\SimplicityStudio\v2\developer\sdks\efm32\v2/kits/common/drivers" -I"D:\SiliconLabs\SimplicityStudio\v2\developer\sdks\efm32\v2/Device/SiliconLabs/EFM32ZG/Include" -O3 -Wall -c -fmessage-length=0 -fno-builtin -ffunction-sections -fdata-sections -std=c99 -MMD -MP -MF"src/HM11.d" -MT"src/HM11.o" -o "src/HM11.o" "../src/HM11.c"
Invoking: GNU ARM C Compiler
arm-none-eabi-gcc -mcpu=cortex-m0plus -mthumb '-DEFM32ZG110F32=1' '-DNDEBUG=1' -I"D:\SiliconLabs\SimplicityStudio\v2\developer\sdks\efm32\v2/CMSIS/Include" -I"D:\SiliconLabs\SimplicityStudio\v2\developer\sdks\efm32\v2/kits/common/bsp" -I"D:\SiliconLabs\SimplicityStudio\v2\developer\sdks\efm32\v2/emlib/inc" -I"D:\SiliconLabs\SimplicityStudio\v2\developer\sdks\efm32\v2/kits/common/drivers" -I"D:\SiliconLabs\SimplicityStudio\v2\developer\sdks\efm32\v2/Device/SiliconLabs/EFM32ZG/Include" -O3 -Wall -c -fmessage-length=0 -fno-builtin -ffunction-sections -fdata-sections -std=c99 -MMD -MP -MF"src/main.d" -MT"src/main.o" -o "src/main.o" "../src/main.c"
../src/HM11.c: In function 'testHM11':
../src/HM11.c:24:2: warning: passing argument 2 of 'memcpy' discards 'volatile' qualifier from pointer target type [enabled by default]
In file included from D:\SiliconLabs\SimplicityStudio\v2\developer\sdks\efm32\v2/CMSIS/Include/arm_math.h:285:0,
                 from D:\SiliconLabs\SimplicityStudio\v2\developer\sdks\efm32\v2/Device/SiliconLabs/EFM32ZG/Include/efm32zg110f32.h:204,
                 from D:\SiliconLabs\SimplicityStudio\v2\developer\sdks\efm32\v2/Device/SiliconLabs/EFM32ZG/Include/em_device.h:62,
                 from ../src/HM11.h:4,
                 from ../src/HM11.c:1:
d:\siliconlabs\simplicitystudio\v2\developer\toolchains\gnu_arm\4.7_2013q1\bin\../lib/gcc/arm-none-eabi/4.7.3/../../../../arm-none-eabi/include/string.h:24:8: note: expected 'const void *' but argument is of type 'volatile uint8_t *'
../src/HM11.c: In function 'setAdvertisingInterval':
../src/HM11.c:56:2: warning: passing argument 2 of 'memcpy' discards 'volatile' qualifier from pointer target type [enabled by default]
In file included from D:\SiliconLabs\SimplicityStudio\v2\developer\sdks\efm32\v2/CMSIS/Include/arm_math.h:285:0,
                 from D:\SiliconLabs\SimplicityStudio\v2\developer\sdks\efm32\v2/Device/SiliconLabs/EFM32ZG/Include/efm32zg110f32.h:204,
                 from D:\SiliconLabs\SimplicityStudio\v2\developer\sdks\efm32\v2/Device/SiliconLabs/EFM32ZG/Include/em_device.h:62,
                 from ../src/HM11.h:4,
                 from ../src/HM11.c:1:
d:\siliconlabs\simplicitystudio\v2\developer\toolchains\gnu_arm\4.7_2013q1\bin\../lib/gcc/arm-none-eabi/4.7.3/../../../../arm-none-eabi/include/string.h:24:8: note: expected 'const void *' but argument is of type 'volatile uint8_t *'
../src/HM11.c: In function 'resetModule':
../src/HM11.c:89:2: warning: passing argument 2 of 'memcpy' discards 'volatile' qualifier from pointer target type [enabled by default]
In file included from D:\SiliconLabs\SimplicityStudio\v2\developer\sdks\efm32\v2/CMSIS/Include/arm_math.h:285:0,
                 from D:\SiliconLabs\SimplicityStudio\v2\developer\sdks\efm32\v2/Device/SiliconLabs/EFM32ZG/Include/efm32zg110f32.h:204,
                 from D:\SiliconLabs\SimplicityStudio\v2\developer\sdks\efm32\v2/Device/SiliconLabs/EFM32ZG/Include/em_device.h:62,
                 from ../src/HM11.h:4,
                 from ../src/HM11.c:1:
d:\siliconlabs\simplicitystudio\v2\developer\toolchains\gnu_arm\4.7_2013q1\bin\../lib/gcc/arm-none-eabi/4.7.3/../../../../arm-none-eabi/include/string.h:24:8: note: expected 'const void *' but argument is of type 'volatile uint8_t *'
../src/HM11.c: In function 'setModuleName':
../src/HM11.c:116:2: warning: passing argument 2 of 'memcpy' discards 'volatile' qualifier from pointer target type [enabled by default]
In file included from D:\SiliconLabs\SimplicityStudio\v2\developer\sdks\efm32\v2/CMSIS/Include/arm_math.h:285:0,
                 from D:\SiliconLabs\SimplicityStudio\v2\developer\sdks\efm32\v2/Device/SiliconLabs/EFM32ZG/Include/efm32zg110f32.h:204,
                 from D:\SiliconLabs\SimplicityStudio\v2\developer\sdks\efm32\v2/Device/SiliconLabs/EFM32ZG/Include/em_device.h:62,
                 from ../src/HM11.h:4,
                 from ../src/HM11.c:1:
d:\siliconlabs\simplicitystudio\v2\developer\toolchains\gnu_arm\4.7_2013q1\bin\../lib/gcc/arm-none-eabi/4.7.3/../../../../arm-none-eabi/include/string.h:24:8: note: expected 'const void *' but argument is of type 'volatile uint8_t *'
../src/HM11.c: In function 'setModulePower':
../src/HM11.c:157:2: warning: passing argument 2 of 'memcpy' discards 'volatile' qualifier from pointer target type [enabled by default]
In file included from D:\SiliconLabs\SimplicityStudio\v2\developer\sdks\efm32\v2/CMSIS/Include/arm_math.h:285:0,
                 from D:\SiliconLabs\SimplicityStudio\v2\developer\sdks\efm32\v2/Device/SiliconLabs/EFM32ZG/Include/efm32zg110f32.h:204,
                 from D:\SiliconLabs\SimplicityStudio\v2\developer\sdks\efm32\v2/Device/SiliconLabs/EFM32ZG/Include/em_device.h:62,
                 from ../src/HM11.h:4,
                 from ../src/HM11.c:1:
d:\siliconlabs\simplicitystudio\v2\developer\toolchains\gnu_arm\4.7_2013q1\bin\../lib/gcc/arm-none-eabi/4.7.3/../../../../arm-none-eabi/include/string.h:24:8: note: expected 'const void *' but argument is of type 'volatile uint8_t *'
../src/HM11.c: In function 'initHM11':
../src/HM11.c:193:2: warning: passing argument 1 of 'setModuleName' from incompatible pointer type [enabled by default]
../src/HM11.c:104:9: note: expected 'char *' but argument is of type 'char (*)[10]'
../src/main.c: In function 'testWait':
../src/main.c:21:11: error: expected identifier or '(' before '=' token
../src/main.c:21:14: error: 'i' undeclared (first use in this function)
../src/main.c:21:14: note: each undeclared identifier is reported only once for each function it appears in
../src/main.c:22:3: error: 'counter' undeclared (first use in this function)
make: *** [src/main.o] Error 1
make: *** Waiting for unfinished jobs....
Finished building: ../src/HM11.c
 
21:52:22 **** Incremental Build of configuration GNU ARM v4.7.3 - Release for project GlassCommunication ****
make -j4 all 
Command canceled
21:52:35 **** Build of configuration GNU ARM v4.7.3 - Release for project GlassCommunication ****
make -j4 all 
Building file: ../src/main.c
Invoking: GNU ARM C Compiler
arm-none-eabi-gcc -mcpu=cortex-m0plus -mthumb '-DEFM32ZG110F32=1' '-DNDEBUG=1' -I"D:\SiliconLabs\SimplicityStudio\v2\developer\sdks\efm32\v2/CMSIS/Include" -I"D:\SiliconLabs\SimplicityStudio\v2\developer\sdks\efm32\v2/kits/common/bsp" -I"D:\SiliconLabs\SimplicityStudio\v2\developer\sdks\efm32\v2/emlib/inc" -I"D:\SiliconLabs\SimplicityStudio\v2\developer\sdks\efm32\v2/kits/common/drivers" -I"D:\SiliconLabs\SimplicityStudio\v2\developer\sdks\efm32\v2/Device/SiliconLabs/EFM32ZG/Include" -O3 -Wall -c -fmessage-length=0 -fno-builtin -ffunction-sections -fdata-sections -std=c99 -MMD -MP -MF"src/main.d" -MT"src/main.o" -o "src/main.o" "../src/main.c"
Finished building: ../src/main.c
 
Building target: GlassCommunication.axf
Invoking: GNU ARM C Linker
arm-none-eabi-gcc -mcpu=cortex-m0plus -mthumb -T "GlassCommunication.ld" -Xlinker --gc-sections -Xlinker -Map="GlassCommunication.map" --specs=nano.specs -o GlassCommunication.axf "./src/HM11.o" "./src/RTC_.o" "./src/i2c_connection.o" "./src/main.o" "./src/uart_connection.o" "./emlib/em_cmu.o" "./emlib/em_emu.o" "./emlib/em_gpio.o" "./emlib/em_i2c.o" "./emlib/em_int.o" "./emlib/em_rmu.o" "./emlib/em_rtc.o" "./emlib/em_system.o" "./emlib/em_timer.o" "./emlib/em_usart.o" "./emlib/em_wdog.o" "./CMSIS/efm32zg/startup_gcc_efm32zg.o" "./CMSIS/efm32zg/system_efm32zg.o" -Wl,--start-group -lgcc -lc -lnosys -Wl,--end-group
Finished building target: GlassCommunication.axf
 
Building hex file: GlassCommunication.hex
arm-none-eabi-objcopy -O ihex "GlassCommunication.axf" "GlassCommunication.hex"
 
Building bin file: GlassCommunication.bin
arm-none-eabi-objcopy -O binary "GlassCommunication.axf" "GlassCommunication.bin"
 
Running size tool
arm-none-eabi-size "GlassCommunication.axf"
   text	   data	    bss	    dec	    hex	filename
   6460	    120	    172	   6752	   1a60	GlassCommunication.axf
 
21:58:12 **** Incremental Build of configuration GNU ARM v4.7.3 - Release for project GlassCommunication ****
make -j4 all 
Building file: ../src/HM11.c
Building file: ../src/main.c
Invoking: GNU ARM C Compiler
arm-none-eabi-gcc -mcpu=cortex-m0plus -mthumb '-DEFM32ZG110F32=1' '-DNDEBUG=1' -I"D:\SiliconLabs\SimplicityStudio\v2\developer\sdks\efm32\v2/CMSIS/Include" -I"D:\SiliconLabs\SimplicityStudio\v2\developer\sdks\efm32\v2/kits/common/bsp" -I"D:\SiliconLabs\SimplicityStudio\v2\developer\sdks\efm32\v2/emlib/inc" -I"D:\SiliconLabs\SimplicityStudio\v2\developer\sdks\efm32\v2/kits/common/drivers" -I"D:\SiliconLabs\SimplicityStudio\v2\developer\sdks\efm32\v2/Device/SiliconLabs/EFM32ZG/Include" -O3 -Wall -c -fmessage-length=0 -fno-builtin -ffunction-sections -fdata-sections -std=c99 -MMD -MP -MF"src/HM11.d" -MT"src/HM11.o" -o "src/HM11.o" "../src/HM11.c"
Invoking: GNU ARM C Compiler
arm-none-eabi-gcc -mcpu=cortex-m0plus -mthumb '-DEFM32ZG110F32=1' '-DNDEBUG=1' -I"D:\SiliconLabs\SimplicityStudio\v2\developer\sdks\efm32\v2/CMSIS/Include" -I"D:\SiliconLabs\SimplicityStudio\v2\developer\sdks\efm32\v2/kits/common/bsp" -I"D:\SiliconLabs\SimplicityStudio\v2\developer\sdks\efm32\v2/emlib/inc" -I"D:\SiliconLabs\SimplicityStudio\v2\developer\sdks\efm32\v2/kits/common/drivers" -I"D:\SiliconLabs\SimplicityStudio\v2\developer\sdks\efm32\v2/Device/SiliconLabs/EFM32ZG/Include" -O3 -Wall -c -fmessage-length=0 -fno-builtin -ffunction-sections -fdata-sections -std=c99 -MMD -MP -MF"src/main.d" -MT"src/main.o" -o "src/main.o" "../src/main.c"
../src/HM11.c: In function 'testHM11':
../src/HM11.c:24:2: warning: passing argument 2 of 'memcpy' discards 'volatile' qualifier from pointer target type [enabled by default]
In file included from D:\SiliconLabs\SimplicityStudio\v2\developer\sdks\efm32\v2/CMSIS/Include/arm_math.h:285:0,
                 from D:\SiliconLabs\SimplicityStudio\v2\developer\sdks\efm32\v2/Device/SiliconLabs/EFM32ZG/Include/efm32zg110f32.h:204,
                 from D:\SiliconLabs\SimplicityStudio\v2\developer\sdks\efm32\v2/Device/SiliconLabs/EFM32ZG/Include/em_device.h:62,
                 from ../src/HM11.h:4,
                 from ../src/HM11.c:1:
d:\siliconlabs\simplicitystudio\v2\developer\toolchains\gnu_arm\4.7_2013q1\bin\../lib/gcc/arm-none-eabi/4.7.3/../../../../arm-none-eabi/include/string.h:24:8: note: expected 'const void *' but argument is of type 'volatile uint8_t *'
../src/HM11.c: In function 'setAdvertisingInterval':
../src/HM11.c:56:2: warning: passing argument 2 of 'memcpy' discards 'volatile' qualifier from pointer target type [enabled by default]
In file included from D:\SiliconLabs\SimplicityStudio\v2\developer\sdks\efm32\v2/CMSIS/Include/arm_math.h:285:0,
                 from D:\SiliconLabs\SimplicityStudio\v2\developer\sdks\efm32\v2/Device/SiliconLabs/EFM32ZG/Include/efm32zg110f32.h:204,
                 from D:\SiliconLabs\SimplicityStudio\v2\developer\sdks\efm32\v2/Device/SiliconLabs/EFM32ZG/Include/em_device.h:62,
                 from ../src/HM11.h:4,
                 from ../src/HM11.c:1:
d:\siliconlabs\simplicitystudio\v2\developer\toolchains\gnu_arm\4.7_2013q1\bin\../lib/gcc/arm-none-eabi/4.7.3/../../../../arm-none-eabi/include/string.h:24:8: note: expected 'const void *' but argument is of type 'volatile uint8_t *'
../src/HM11.c: In function 'resetModule':
../src/HM11.c:89:2: warning: passing argument 2 of 'memcpy' discards 'volatile' qualifier from pointer target type [enabled by default]
In file included from D:\SiliconLabs\SimplicityStudio\v2\developer\sdks\efm32\v2/CMSIS/Include/arm_math.h:285:0,
                 from D:\SiliconLabs\SimplicityStudio\v2\developer\sdks\efm32\v2/Device/SiliconLabs/EFM32ZG/Include/efm32zg110f32.h:204,
                 from D:\SiliconLabs\SimplicityStudio\v2\developer\sdks\efm32\v2/Device/SiliconLabs/EFM32ZG/Include/em_device.h:62,
                 from ../src/HM11.h:4,
                 from ../src/HM11.c:1:
d:\siliconlabs\simplicitystudio\v2\developer\toolchains\gnu_arm\4.7_2013q1\bin\../lib/gcc/arm-none-eabi/4.7.3/../../../../arm-none-eabi/include/string.h:24:8: note: expected 'const void *' but argument is of type 'volatile uint8_t *'
../src/HM11.c: In function 'setModuleName':
../src/HM11.c:120:2: warning: passing argument 2 of 'memcpy' discards 'volatile' qualifier from pointer target type [enabled by default]
In file included from D:\SiliconLabs\SimplicityStudio\v2\developer\sdks\efm32\v2/CMSIS/Include/arm_math.h:285:0,
                 from D:\SiliconLabs\SimplicityStudio\v2\developer\sdks\efm32\v2/Device/SiliconLabs/EFM32ZG/Include/efm32zg110f32.h:204,
                 from D:\SiliconLabs\SimplicityStudio\v2\developer\sdks\efm32\v2/Device/SiliconLabs/EFM32ZG/Include/em_device.h:62,
                 from ../src/HM11.h:4,
                 from ../src/HM11.c:1:
d:\siliconlabs\simplicitystudio\v2\developer\toolchains\gnu_arm\4.7_2013q1\bin\../lib/gcc/arm-none-eabi/4.7.3/../../../../arm-none-eabi/include/string.h:24:8: note: expected 'const void *' but argument is of type 'volatile uint8_t *'
../src/HM11.c: In function 'setModulePower':
../src/HM11.c:161:2: warning: passing argument 2 of 'memcpy' discards 'volatile' qualifier from pointer target type [enabled by default]
In file included from D:\SiliconLabs\SimplicityStudio\v2\developer\sdks\efm32\v2/CMSIS/Include/arm_math.h:285:0,
                 from D:\SiliconLabs\SimplicityStudio\v2\developer\sdks\efm32\v2/Device/SiliconLabs/EFM32ZG/Include/efm32zg110f32.h:204,
                 from D:\SiliconLabs\SimplicityStudio\v2\developer\sdks\efm32\v2/Device/SiliconLabs/EFM32ZG/Include/em_device.h:62,
                 from ../src/HM11.h:4,
                 from ../src/HM11.c:1:
d:\siliconlabs\simplicitystudio\v2\developer\toolchains\gnu_arm\4.7_2013q1\bin\../lib/gcc/arm-none-eabi/4.7.3/../../../../arm-none-eabi/include/string.h:24:8: note: expected 'const void *' but argument is of type 'volatile uint8_t *'
../src/HM11.c: In function 'initHM11':
../src/HM11.c:197:2: warning: passing argument 1 of 'setModuleName' from incompatible pointer type [enabled by default]
../src/HM11.c:108:9: note: expected 'char *' but argument is of type 'char (*)[10]'
Finished building: ../src/main.c
 
Finished building: ../src/HM11.c
 
Building target: GlassCommunication.axf
Invoking: GNU ARM C Linker
arm-none-eabi-gcc -mcpu=cortex-m0plus -mthumb -T "GlassCommunication.ld" -Xlinker --gc-sections -Xlinker -Map="GlassCommunication.map" --specs=nano.specs -o GlassCommunication.axf "./src/HM11.o" "./src/RTC_.o" "./src/i2c_connection.o" "./src/main.o" "./src/uart_connection.o" "./emlib/em_cmu.o" "./emlib/em_emu.o" "./emlib/em_gpio.o" "./emlib/em_i2c.o" "./emlib/em_int.o" "./emlib/em_rmu.o" "./emlib/em_rtc.o" "./emlib/em_system.o" "./emlib/em_timer.o" "./emlib/em_usart.o" "./emlib/em_wdog.o" "./CMSIS/efm32zg/startup_gcc_efm32zg.o" "./CMSIS/efm32zg/system_efm32zg.o" -Wl,--start-group -lgcc -lc -lnosys -Wl,--end-group
Finished building target: GlassCommunication.axf
 
Building hex file: GlassCommunication.hex
arm-none-eabi-objcopy -O ihex "GlassCommunication.axf" "GlassCommunication.hex"
 
Building bin file: GlassCommunication.bin
arm-none-eabi-objcopy -O binary "GlassCommunication.axf" "GlassCommunication.bin"
 
Running size tool
arm-none-eabi-size "GlassCommunication.axf"
   text	   data	    bss	    dec	    hex	filename
   6476	    120	    172	   6768	   1a70	GlassCommunication.axf
 
22:01:26 **** Incremental Build of configuration GNU ARM v4.7.3 - Release for project GlassCommunication ****
make -j4 all 
Building file: ../src/HM11.c
Invoking: GNU ARM C Compiler
arm-none-eabi-gcc -mcpu=cortex-m0plus -mthumb '-DEFM32ZG110F32=1' '-DNDEBUG=1' -I"D:\SiliconLabs\SimplicityStudio\v2\developer\sdks\efm32\v2/CMSIS/Include" -I"D:\SiliconLabs\SimplicityStudio\v2\developer\sdks\efm32\v2/kits/common/bsp" -I"D:\SiliconLabs\SimplicityStudio\v2\developer\sdks\efm32\v2/emlib/inc" -I"D:\SiliconLabs\SimplicityStudio\v2\developer\sdks\efm32\v2/kits/common/drivers" -I"D:\SiliconLabs\SimplicityStudio\v2\developer\sdks\efm32\v2/Device/SiliconLabs/EFM32ZG/Include" -O3 -Wall -c -fmessage-length=0 -fno-builtin -ffunction-sections -fdata-sections -std=c99 -MMD -MP -MF"src/HM11.d" -MT"src/HM11.o" -o "src/HM11.o" "../src/HM11.c"
../src/HM11.c: In function 'testHM11':
../src/HM11.c:24:2: warning: passing argument 2 of 'memcpy' discards 'volatile' qualifier from pointer target type [enabled by default]
In file included from D:\SiliconLabs\SimplicityStudio\v2\developer\sdks\efm32\v2/CMSIS/Include/arm_math.h:285:0,
                 from D:\SiliconLabs\SimplicityStudio\v2\developer\sdks\efm32\v2/Device/SiliconLabs/EFM32ZG/Include/efm32zg110f32.h:204,
                 from D:\SiliconLabs\SimplicityStudio\v2\developer\sdks\efm32\v2/Device/SiliconLabs/EFM32ZG/Include/em_device.h:62,
                 from ../src/HM11.h:4,
                 from ../src/HM11.c:1:
d:\siliconlabs\simplicitystudio\v2\developer\toolchains\gnu_arm\4.7_2013q1\bin\../lib/gcc/arm-none-eabi/4.7.3/../../../../arm-none-eabi/include/string.h:24:8: note: expected 'const void *' but argument is of type 'volatile uint8_t *'
../src/HM11.c: In function 'setAdvertisingInterval':
../src/HM11.c:56:2: warning: passing argument 2 of 'memcpy' discards 'volatile' qualifier from pointer target type [enabled by default]
In file included from D:\SiliconLabs\SimplicityStudio\v2\developer\sdks\efm32\v2/CMSIS/Include/arm_math.h:285:0,
                 from D:\SiliconLabs\SimplicityStudio\v2\developer\sdks\efm32\v2/Device/SiliconLabs/EFM32ZG/Include/efm32zg110f32.h:204,
                 from D:\SiliconLabs\SimplicityStudio\v2\developer\sdks\efm32\v2/Device/SiliconLabs/EFM32ZG/Include/em_device.h:62,
                 from ../src/HM11.h:4,
                 from ../src/HM11.c:1:
d:\siliconlabs\simplicitystudio\v2\developer\toolchains\gnu_arm\4.7_2013q1\bin\../lib/gcc/arm-none-eabi/4.7.3/../../../../arm-none-eabi/include/string.h:24:8: note: expected 'const void *' but argument is of type 'volatile uint8_t *'
../src/HM11.c: In function 'resetModule':
../src/HM11.c:89:2: warning: passing argument 2 of 'memcpy' discards 'volatile' qualifier from pointer target type [enabled by default]
In file included from D:\SiliconLabs\SimplicityStudio\v2\developer\sdks\efm32\v2/CMSIS/Include/arm_math.h:285:0,
                 from D:\SiliconLabs\SimplicityStudio\v2\developer\sdks\efm32\v2/Device/SiliconLabs/EFM32ZG/Include/efm32zg110f32.h:204,
                 from D:\SiliconLabs\SimplicityStudio\v2\developer\sdks\efm32\v2/Device/SiliconLabs/EFM32ZG/Include/em_device.h:62,
                 from ../src/HM11.h:4,
                 from ../src/HM11.c:1:
d:\siliconlabs\simplicitystudio\v2\developer\toolchains\gnu_arm\4.7_2013q1\bin\../lib/gcc/arm-none-eabi/4.7.3/../../../../arm-none-eabi/include/string.h:24:8: note: expected 'const void *' but argument is of type 'volatile uint8_t *'
../src/HM11.c: In function 'setModuleName':
../src/HM11.c:120:2: warning: passing argument 2 of 'memcpy' discards 'volatile' qualifier from pointer target type [enabled by default]
In file included from D:\SiliconLabs\SimplicityStudio\v2\developer\sdks\efm32\v2/CMSIS/Include/arm_math.h:285:0,
                 from D:\SiliconLabs\SimplicityStudio\v2\developer\sdks\efm32\v2/Device/SiliconLabs/EFM32ZG/Include/efm32zg110f32.h:204,
                 from D:\SiliconLabs\SimplicityStudio\v2\developer\sdks\efm32\v2/Device/SiliconLabs/EFM32ZG/Include/em_device.h:62,
                 from ../src/HM11.h:4,
                 from ../src/HM11.c:1:
d:\siliconlabs\simplicitystudio\v2\developer\toolchains\gnu_arm\4.7_2013q1\bin\../lib/gcc/arm-none-eabi/4.7.3/../../../../arm-none-eabi/include/string.h:24:8: note: expected 'const void *' but argument is of type 'volatile uint8_t *'
../src/HM11.c: In function 'setModulePower':
../src/HM11.c:161:2: warning: passing argument 2 of 'memcpy' discards 'volatile' qualifier from pointer target type [enabled by default]
In file included from D:\SiliconLabs\SimplicityStudio\v2\developer\sdks\efm32\v2/CMSIS/Include/arm_math.h:285:0,
                 from D:\SiliconLabs\SimplicityStudio\v2\developer\sdks\efm32\v2/Device/SiliconLabs/EFM32ZG/Include/efm32zg110f32.h:204,
                 from D:\SiliconLabs\SimplicityStudio\v2\developer\sdks\efm32\v2/Device/SiliconLabs/EFM32ZG/Include/em_device.h:62,
                 from ../src/HM11.h:4,
                 from ../src/HM11.c:1:
d:\siliconlabs\simplicitystudio\v2\developer\toolchains\gnu_arm\4.7_2013q1\bin\../lib/gcc/arm-none-eabi/4.7.3/../../../../arm-none-eabi/include/string.h:24:8: note: expected 'const void *' but argument is of type 'volatile uint8_t *'
../src/HM11.c: In function 'initHM11':
../src/HM11.c:197:2: warning: passing argument 1 of 'setModuleName' from incompatible pointer type [enabled by default]
../src/HM11.c:108:9: note: expected 'char *' but argument is of type 'char (*)[10]'
Finished building: ../src/HM11.c
 
Building target: GlassCommunication.axf
Invoking: GNU ARM C Linker
arm-none-eabi-gcc -mcpu=cortex-m0plus -mthumb -T "GlassCommunication.ld" -Xlinker --gc-sections -Xlinker -Map="GlassCommunication.map" --specs=nano.specs -o GlassCommunication.axf "./src/HM11.o" "./src/RTC_.o" "./src/i2c_connection.o" "./src/main.o" "./src/uart_connection.o" "./emlib/em_cmu.o" "./emlib/em_emu.o" "./emlib/em_gpio.o" "./emlib/em_i2c.o" "./emlib/em_int.o" "./emlib/em_rmu.o" "./emlib/em_rtc.o" "./emlib/em_system.o" "./emlib/em_timer.o" "./emlib/em_usart.o" "./emlib/em_wdog.o" "./CMSIS/efm32zg/startup_gcc_efm32zg.o" "./CMSIS/efm32zg/system_efm32zg.o" -Wl,--start-group -lgcc -lc -lnosys -Wl,--end-group
Finished building target: GlassCommunication.axf
 
Building hex file: GlassCommunication.hex
arm-none-eabi-objcopy -O ihex "GlassCommunication.axf" "GlassCommunication.hex"
 
Building bin file: GlassCommunication.bin
arm-none-eabi-objcopy -O binary "GlassCommunication.axf" "GlassCommunication.bin"
 
Running size tool
arm-none-eabi-size "GlassCommunication.axf"
   text	   data	    bss	    dec	    hex	filename
   6508	    120	    172	   6800	   1a90	GlassCommunication.axf
 
22:02:58 **** Incremental Build of configuration GNU ARM v4.7.3 - Release for project GlassCommunication ****
make -j4 all 
Building file: ../src/HM11.c
Building file: ../src/main.c
Invoking: GNU ARM C Compiler
arm-none-eabi-gcc -mcpu=cortex-m0plus -mthumb '-DEFM32ZG110F32=1' '-DNDEBUG=1' -I"D:\SiliconLabs\SimplicityStudio\v2\developer\sdks\efm32\v2/CMSIS/Include" -I"D:\SiliconLabs\SimplicityStudio\v2\developer\sdks\efm32\v2/kits/common/bsp" -I"D:\SiliconLabs\SimplicityStudio\v2\developer\sdks\efm32\v2/emlib/inc" -I"D:\SiliconLabs\SimplicityStudio\v2\developer\sdks\efm32\v2/kits/common/drivers" -I"D:\SiliconLabs\SimplicityStudio\v2\developer\sdks\efm32\v2/Device/SiliconLabs/EFM32ZG/Include" -O3 -Wall -c -fmessage-length=0 -fno-builtin -ffunction-sections -fdata-sections -std=c99 -MMD -MP -MF"src/HM11.d" -MT"src/HM11.o" -o "src/HM11.o" "../src/HM11.c"
Invoking: GNU ARM C Compiler
arm-none-eabi-gcc -mcpu=cortex-m0plus -mthumb '-DEFM32ZG110F32=1' '-DNDEBUG=1' -I"D:\SiliconLabs\SimplicityStudio\v2\developer\sdks\efm32\v2/CMSIS/Include" -I"D:\SiliconLabs\SimplicityStudio\v2\developer\sdks\efm32\v2/kits/common/bsp" -I"D:\SiliconLabs\SimplicityStudio\v2\developer\sdks\efm32\v2/emlib/inc" -I"D:\SiliconLabs\SimplicityStudio\v2\developer\sdks\efm32\v2/kits/common/drivers" -I"D:\SiliconLabs\SimplicityStudio\v2\developer\sdks\efm32\v2/Device/SiliconLabs/EFM32ZG/Include" -O3 -Wall -c -fmessage-length=0 -fno-builtin -ffunction-sections -fdata-sections -std=c99 -MMD -MP -MF"src/main.d" -MT"src/main.o" -o "src/main.o" "../src/main.c"
../src/HM11.c: In function 'testHM11':
../src/HM11.c:24:2: warning: passing argument 2 of 'memcpy' discards 'volatile' qualifier from pointer target type [enabled by default]
In file included from D:\SiliconLabs\SimplicityStudio\v2\developer\sdks\efm32\v2/CMSIS/Include/arm_math.h:285:0,
                 from D:\SiliconLabs\SimplicityStudio\v2\developer\sdks\efm32\v2/Device/SiliconLabs/EFM32ZG/Include/efm32zg110f32.h:204,
                 from D:\SiliconLabs\SimplicityStudio\v2\developer\sdks\efm32\v2/Device/SiliconLabs/EFM32ZG/Include/em_device.h:62,
                 from ../src/HM11.h:4,
                 from ../src/HM11.c:1:
d:\siliconlabs\simplicitystudio\v2\developer\toolchains\gnu_arm\4.7_2013q1\bin\../lib/gcc/arm-none-eabi/4.7.3/../../../../arm-none-eabi/include/string.h:24:8: note: expected 'const void *' but argument is of type 'volatile uint8_t *'
../src/HM11.c: In function 'setAdvertisingInterval':
../src/HM11.c:56:2: warning: passing argument 2 of 'memcpy' discards 'volatile' qualifier from pointer target type [enabled by default]
In file included from D:\SiliconLabs\SimplicityStudio\v2\developer\sdks\efm32\v2/CMSIS/Include/arm_math.h:285:0,
                 from D:\SiliconLabs\SimplicityStudio\v2\developer\sdks\efm32\v2/Device/SiliconLabs/EFM32ZG/Include/efm32zg110f32.h:204,
                 from D:\SiliconLabs\SimplicityStudio\v2\developer\sdks\efm32\v2/Device/SiliconLabs/EFM32ZG/Include/em_device.h:62,
                 from ../src/HM11.h:4,
                 from ../src/HM11.c:1:
d:\siliconlabs\simplicitystudio\v2\developer\toolchains\gnu_arm\4.7_2013q1\bin\../lib/gcc/arm-none-eabi/4.7.3/../../../../arm-none-eabi/include/string.h:24:8: note: expected 'const void *' but argument is of type 'volatile uint8_t *'
../src/HM11.c: In function 'resetModule':
../src/HM11.c:89:2: warning: passing argument 2 of 'memcpy' discards 'volatile' qualifier from pointer target type [enabled by default]
In file included from D:\SiliconLabs\SimplicityStudio\v2\developer\sdks\efm32\v2/CMSIS/Include/arm_math.h:285:0,
                 from D:\SiliconLabs\SimplicityStudio\v2\developer\sdks\efm32\v2/Device/SiliconLabs/EFM32ZG/Include/efm32zg110f32.h:204,
                 from D:\SiliconLabs\SimplicityStudio\v2\developer\sdks\efm32\v2/Device/SiliconLabs/EFM32ZG/Include/em_device.h:62,
                 from ../src/HM11.h:4,
                 from ../src/HM11.c:1:
d:\siliconlabs\simplicitystudio\v2\developer\toolchains\gnu_arm\4.7_2013q1\bin\../lib/gcc/arm-none-eabi/4.7.3/../../../../arm-none-eabi/include/string.h:24:8: note: expected 'const void *' but argument is of type 'volatile uint8_t *'
../src/HM11.c: In function 'setModuleName':
../src/HM11.c:124:2: warning: passing argument 2 of 'memcpy' discards 'volatile' qualifier from pointer target type [enabled by default]
In file included from D:\SiliconLabs\SimplicityStudio\v2\developer\sdks\efm32\v2/CMSIS/Include/arm_math.h:285:0,
                 from D:\SiliconLabs\SimplicityStudio\v2\developer\sdks\efm32\v2/Device/SiliconLabs/EFM32ZG/Include/efm32zg110f32.h:204,
                 from D:\SiliconLabs\SimplicityStudio\v2\developer\sdks\efm32\v2/Device/SiliconLabs/EFM32ZG/Include/em_device.h:62,
                 from ../src/HM11.h:4,
                 from ../src/HM11.c:1:
d:\siliconlabs\simplicitystudio\v2\developer\toolchains\gnu_arm\4.7_2013q1\bin\../lib/gcc/arm-none-eabi/4.7.3/../../../../arm-none-eabi/include/string.h:24:8: note: expected 'const void *' but argument is of type 'volatile uint8_t *'
../src/HM11.c: In function 'setModulePower':
../src/HM11.c:165:2: warning: passing argument 2 of 'memcpy' discards 'volatile' qualifier from pointer target type [enabled by default]
In file included from D:\SiliconLabs\SimplicityStudio\v2\developer\sdks\efm32\v2/CMSIS/Include/arm_math.h:285:0,
                 from D:\SiliconLabs\SimplicityStudio\v2\developer\sdks\efm32\v2/Device/SiliconLabs/EFM32ZG/Include/efm32zg110f32.h:204,
                 from D:\SiliconLabs\SimplicityStudio\v2\developer\sdks\efm32\v2/Device/SiliconLabs/EFM32ZG/Include/em_device.h:62,
                 from ../src/HM11.h:4,
                 from ../src/HM11.c:1:
d:\siliconlabs\simplicitystudio\v2\developer\toolchains\gnu_arm\4.7_2013q1\bin\../lib/gcc/arm-none-eabi/4.7.3/../../../../arm-none-eabi/include/string.h:24:8: note: expected 'const void *' but argument is of type 'volatile uint8_t *'
../src/HM11.c: In function 'initHM11':
../src/HM11.c:201:2: warning: passing argument 1 of 'setModuleName' from incompatible pointer type [enabled by default]
Finished building: ../src/main.c
../src/HM11.c:112:9: note: expected 'char *' but argument is of type 'char (*)[10]'
 
Finished building: ../src/HM11.c
 
Building target: GlassCommunication.axf
Invoking: GNU ARM C Linker
arm-none-eabi-gcc -mcpu=cortex-m0plus -mthumb -T "GlassCommunication.ld" -Xlinker --gc-sections -Xlinker -Map="GlassCommunication.map" --specs=nano.specs -o GlassCommunication.axf "./src/HM11.o" "./src/RTC_.o" "./src/i2c_connection.o" "./src/main.o" "./src/uart_connection.o" "./emlib/em_cmu.o" "./emlib/em_emu.o" "./emlib/em_gpio.o" "./emlib/em_i2c.o" "./emlib/em_int.o" "./emlib/em_rmu.o" "./emlib/em_rtc.o" "./emlib/em_system.o" "./emlib/em_timer.o" "./emlib/em_usart.o" "./emlib/em_wdog.o" "./CMSIS/efm32zg/startup_gcc_efm32zg.o" "./CMSIS/efm32zg/system_efm32zg.o" -Wl,--start-group -lgcc -lc -lnosys -Wl,--end-group
Finished building target: GlassCommunication.axf
 
Building hex file: GlassCommunication.hex
arm-none-eabi-objcopy -O ihex "GlassCommunication.axf" "GlassCommunication.hex"
 
Building bin file: GlassCommunication.bin
arm-none-eabi-objcopy -O binary "GlassCommunication.axf" "GlassCommunication.bin"
 
Running size tool
arm-none-eabi-size "GlassCommunication.axf"
   text	   data	    bss	    dec	    hex	filename
   6524	    120	    172	   6816	   1aa0	GlassCommunication.axf
 
22:05:48 **** Incremental Build of configuration GNU ARM v4.7.3 - Release for project GlassCommunication ****
make -j4 all 
Building file: ../src/HM11.c
Invoking: GNU ARM C Compiler
arm-none-eabi-gcc -mcpu=cortex-m0plus -mthumb '-DEFM32ZG110F32=1' '-DNDEBUG=1' -I"D:\SiliconLabs\SimplicityStudio\v2\developer\sdks\efm32\v2/CMSIS/Include" -I"D:\SiliconLabs\SimplicityStudio\v2\developer\sdks\efm32\v2/kits/common/bsp" -I"D:\SiliconLabs\SimplicityStudio\v2\developer\sdks\efm32\v2/emlib/inc" -I"D:\SiliconLabs\SimplicityStudio\v2\developer\sdks\efm32\v2/kits/common/drivers" -I"D:\SiliconLabs\SimplicityStudio\v2\developer\sdks\efm32\v2/Device/SiliconLabs/EFM32ZG/Include" -O3 -Wall -c -fmessage-length=0 -fno-builtin -ffunction-sections -fdata-sections -std=c99 -MMD -MP -MF"src/HM11.d" -MT"src/HM11.o" -o "src/HM11.o" "../src/HM11.c"
../src/HM11.c: In function 'testHM11':
../src/HM11.c:24:2: warning: passing argument 2 of 'memcpy' discards 'volatile' qualifier from pointer target type [enabled by default]
In file included from D:\SiliconLabs\SimplicityStudio\v2\developer\sdks\efm32\v2/CMSIS/Include/arm_math.h:285:0,
                 from D:\SiliconLabs\SimplicityStudio\v2\developer\sdks\efm32\v2/Device/SiliconLabs/EFM32ZG/Include/efm32zg110f32.h:204,
                 from D:\SiliconLabs\SimplicityStudio\v2\developer\sdks\efm32\v2/Device/SiliconLabs/EFM32ZG/Include/em_device.h:62,
                 from ../src/HM11.h:4,
                 from ../src/HM11.c:1:
d:\siliconlabs\simplicitystudio\v2\developer\toolchains\gnu_arm\4.7_2013q1\bin\../lib/gcc/arm-none-eabi/4.7.3/../../../../arm-none-eabi/include/string.h:24:8: note: expected 'const void *' but argument is of type 'volatile uint8_t *'
../src/HM11.c: In function 'setAdvertisingInterval':
../src/HM11.c:56:2: warning: passing argument 2 of 'memcpy' discards 'volatile' qualifier from pointer target type [enabled by default]
In file included from D:\SiliconLabs\SimplicityStudio\v2\developer\sdks\efm32\v2/CMSIS/Include/arm_math.h:285:0,
                 from D:\SiliconLabs\SimplicityStudio\v2\developer\sdks\efm32\v2/Device/SiliconLabs/EFM32ZG/Include/efm32zg110f32.h:204,
                 from D:\SiliconLabs\SimplicityStudio\v2\developer\sdks\efm32\v2/Device/SiliconLabs/EFM32ZG/Include/em_device.h:62,
                 from ../src/HM11.h:4,
                 from ../src/HM11.c:1:
d:\siliconlabs\simplicitystudio\v2\developer\toolchains\gnu_arm\4.7_2013q1\bin\../lib/gcc/arm-none-eabi/4.7.3/../../../../arm-none-eabi/include/string.h:24:8: note: expected 'const void *' but argument is of type 'volatile uint8_t *'
../src/HM11.c: In function 'resetModule':
../src/HM11.c:94:2: warning: passing argument 2 of 'memcpy' discards 'volatile' qualifier from pointer target type [enabled by default]
In file included from D:\SiliconLabs\SimplicityStudio\v2\developer\sdks\efm32\v2/CMSIS/Include/arm_math.h:285:0,
                 from D:\SiliconLabs\SimplicityStudio\v2\developer\sdks\efm32\v2/Device/SiliconLabs/EFM32ZG/Include/efm32zg110f32.h:204,
                 from D:\SiliconLabs\SimplicityStudio\v2\developer\sdks\efm32\v2/Device/SiliconLabs/EFM32ZG/Include/em_device.h:62,
                 from ../src/HM11.h:4,
                 from ../src/HM11.c:1:
d:\siliconlabs\simplicitystudio\v2\developer\toolchains\gnu_arm\4.7_2013q1\bin\../lib/gcc/arm-none-eabi/4.7.3/../../../../arm-none-eabi/include/string.h:24:8: note: expected 'const void *' but argument is of type 'volatile uint8_t *'
../src/HM11.c: In function 'setModuleName':
../src/HM11.c:125:2: warning: passing argument 2 of 'memcpy' discards 'volatile' qualifier from pointer target type [enabled by default]
In file included from D:\SiliconLabs\SimplicityStudio\v2\developer\sdks\efm32\v2/CMSIS/Include/arm_math.h:285:0,
                 from D:\SiliconLabs\SimplicityStudio\v2\developer\sdks\efm32\v2/Device/SiliconLabs/EFM32ZG/Include/efm32zg110f32.h:204,
                 from D:\SiliconLabs\SimplicityStudio\v2\developer\sdks\efm32\v2/Device/SiliconLabs/EFM32ZG/Include/em_device.h:62,
                 from ../src/HM11.h:4,
                 from ../src/HM11.c:1:
d:\siliconlabs\simplicitystudio\v2\developer\toolchains\gnu_arm\4.7_2013q1\bin\../lib/gcc/arm-none-eabi/4.7.3/../../../../arm-none-eabi/include/string.h:24:8: note: expected 'const void *' but argument is of type 'volatile uint8_t *'
../src/HM11.c: In function 'setModulePower':
../src/HM11.c:166:2: warning: passing argument 2 of 'memcpy' discards 'volatile' qualifier from pointer target type [enabled by default]
In file included from D:\SiliconLabs\SimplicityStudio\v2\developer\sdks\efm32\v2/CMSIS/Include/arm_math.h:285:0,
                 from D:\SiliconLabs\SimplicityStudio\v2\developer\sdks\efm32\v2/Device/SiliconLabs/EFM32ZG/Include/efm32zg110f32.h:204,
                 from D:\SiliconLabs\SimplicityStudio\v2\developer\sdks\efm32\v2/Device/SiliconLabs/EFM32ZG/Include/em_device.h:62,
                 from ../src/HM11.h:4,
[...]
Finished building: ../emlib/em_ebi.c
Building file: ../emlib/em_i2c.c
 
Invoking: GNU ARM C Compiler
arm-none-eabi-gcc -g -gdwarf-2 -mcpu=cortex-m0plus -mthumb '-DEFM32ZG110F32=1' '-DDEBUG=1' -I"D:\SiliconLabs\SimplicityStudio\v2\developer\sdks\efm32\v2/CMSIS/Include" -I"D:\SiliconLabs\SimplicityStudio\v2\developer\sdks\efm32\v2/kits/common/bsp" -I"D:\SiliconLabs\SimplicityStudio\v2\developer\sdks\efm32\v2/emlib/inc" -I"D:\SiliconLabs\SimplicityStudio\v2\developer\sdks\efm32\v2/kits/common/drivers" -I"D:\SiliconLabs\SimplicityStudio\v2\developer\sdks\efm32\v2/Device/SiliconLabs/EFM32ZG/Include" -Os -Wall -c -fmessage-length=0 -mno-sched-prolog -fno-builtin -ffunction-sections -fdata-sections -std=c99 -MMD -MP -MF"emlib/em_i2c.d" -MT"emlib/em_i2c.o" -o "emlib/em_i2c.o" "../emlib/em_i2c.c"
Building file: ../emlib/em_idac.c
Finished building: ../emlib/em_emu.c
Invoking: GNU ARM C Compiler
arm-none-eabi-gcc -g -gdwarf-2 -mcpu=cortex-m0plus -mthumb '-DEFM32ZG110F32=1' '-DDEBUG=1' -I"D:\SiliconLabs\SimplicityStudio\v2\developer\sdks\efm32\v2/CMSIS/Include" -I"D:\SiliconLabs\SimplicityStudio\v2\developer\sdks\efm32\v2/kits/common/bsp" -I"D:\SiliconLabs\SimplicityStudio\v2\developer\sdks\efm32\v2/emlib/inc" -I"D:\SiliconLabs\SimplicityStudio\v2\developer\sdks\efm32\v2/kits/common/drivers" -I"D:\SiliconLabs\SimplicityStudio\v2\developer\sdks\efm32\v2/Device/SiliconLabs/EFM32ZG/Include" -Os -Wall -c -fmessage-length=0 -mno-sched-prolog -fno-builtin -ffunction-sections -fdata-sections -std=c99 -MMD -MP -MF"emlib/em_idac.d" -MT"emlib/em_idac.o" -o "emlib/em_idac.o" "../emlib/em_idac.c"
 
Building file: ../emlib/em_int.c
Finished building: ../emlib/em_gpio.c
Invoking: GNU ARM C Compiler
arm-none-eabi-gcc -g -gdwarf-2 -mcpu=cortex-m0plus -mthumb '-DEFM32ZG110F32=1' '-DDEBUG=1' -I"D:\SiliconLabs\SimplicityStudio\v2\developer\sdks\efm32\v2/CMSIS/Include" -I"D:\SiliconLabs\SimplicityStudio\v2\developer\sdks\efm32\v2/kits/common/bsp" -I"D:\SiliconLabs\SimplicityStudio\v2\developer\sdks\efm32\v2/emlib/inc" -I"D:\SiliconLabs\SimplicityStudio\v2\developer\sdks\efm32\v2/kits/common/drivers" -I"D:\SiliconLabs\SimplicityStudio\v2\developer\sdks\efm32\v2/Device/SiliconLabs/EFM32ZG/Include" -Os -Wall -c -fmessage-length=0 -mno-sched-prolog -fno-builtin -ffunction-sections -fdata-sections -std=c99 -MMD -MP -MF"emlib/em_int.d" -MT"emlib/em_int.o" -o "emlib/em_int.o" "../emlib/em_int.c"
 
Finished building: ../emlib/em_i2c.c
Building file: ../emlib/em_lcd.c
 
Building file: ../emlib/em_lesense.c
Invoking: GNU ARM C Compiler
arm-none-eabi-gcc -g -gdwarf-2 -mcpu=cortex-m0plus -mthumb '-DEFM32ZG110F32=1' '-DDEBUG=1' -I"D:\SiliconLabs\SimplicityStudio\v2\developer\sdks\efm32\v2/CMSIS/Include" -I"D:\SiliconLabs\SimplicityStudio\v2\developer\sdks\efm32\v2/kits/common/bsp" -I"D:\SiliconLabs\SimplicityStudio\v2\developer\sdks\efm32\v2/emlib/inc" -I"D:\SiliconLabs\SimplicityStudio\v2\developer\sdks\efm32\v2/kits/common/drivers" -I"D:\SiliconLabs\SimplicityStudio\v2\developer\sdks\efm32\v2/Device/SiliconLabs/EFM32ZG/Include" -Os -Wall -c -fmessage-length=0 -mno-sched-prolog -fno-builtin -ffunction-sections -fdata-sections -std=c99 -MMD -MP -MF"emlib/em_lcd.d" -MT"emlib/em_lcd.o" -o "emlib/em_lcd.o" "../emlib/em_lcd.c"
Finished building: ../emlib/em_idac.c
Invoking: GNU ARM C Compiler
arm-none-eabi-gcc -g -gdwarf-2 -mcpu=cortex-m0plus -mthumb '-DEFM32ZG110F32=1' '-DDEBUG=1' -I"D:\SiliconLabs\SimplicityStudio\v2\developer\sdks\efm32\v2/CMSIS/Include" -I"D:\SiliconLabs\SimplicityStudio\v2\developer\sdks\efm32\v2/kits/common/bsp" -I"D:\SiliconLabs\SimplicityStudio\v2\developer\sdks\efm32\v2/emlib/inc" -I"D:\SiliconLabs\SimplicityStudio\v2\developer\sdks\efm32\v2/kits/common/drivers" -I"D:\SiliconLabs\SimplicityStudio\v2\developer\sdks\efm32\v2/Device/SiliconLabs/EFM32ZG/Include" -Os -Wall -c -fmessage-length=0 -mno-sched-prolog -fno-builtin -ffunction-sections -fdata-sections -std=c99 -MMD -MP -MF"emlib/em_lesense.d" -MT"emlib/em_lesense.o" -o "emlib/em_lesense.o" "../emlib/em_lesense.c"
 
Finished building: ../emlib/em_int.c
Building file: ../emlib/em_letimer.c
 
Invoking: GNU ARM C Compiler
arm-none-eabi-gcc -g -gdwarf-2 -mcpu=cortex-m0plus -mthumb '-DEFM32ZG110F32=1' '-DDEBUG=1' -I"D:\SiliconLabs\SimplicityStudio\v2\developer\sdks\efm32\v2/CMSIS/Include" -I"D:\SiliconLabs\SimplicityStudio\v2\developer\sdks\efm32\v2/kits/common/bsp" -I"D:\SiliconLabs\SimplicityStudio\v2\developer\sdks\efm32\v2/emlib/inc" -I"D:\SiliconLabs\SimplicityStudio\v2\developer\sdks\efm32\v2/kits/common/drivers" -I"D:\SiliconLabs\SimplicityStudio\v2\developer\sdks\efm32\v2/Device/SiliconLabs/EFM32ZG/Include" -Os -Wall -c -fmessage-length=0 -mno-sched-prolog -fno-builtin -ffunction-sections -fdata-sections -std=c99 -MMD -MP -MF"emlib/em_letimer.d" -MT"emlib/em_letimer.o" -o "emlib/em_letimer.o" "../emlib/em_letimer.c"
Building file: ../emlib/em_leuart.c
Finished building: ../emlib/em_lcd.c
Invoking: GNU ARM C Compiler
arm-none-eabi-gcc -g -gdwarf-2 -mcpu=cortex-m0plus -mthumb '-DEFM32ZG110F32=1' '-DDEBUG=1' -I"D:\SiliconLabs\SimplicityStudio\v2\developer\sdks\efm32\v2/CMSIS/Include" -I"D:\SiliconLabs\SimplicityStudio\v2\developer\sdks\efm32\v2/kits/common/bsp" -I"D:\SiliconLabs\SimplicityStudio\v2\developer\sdks\efm32\v2/emlib/inc" -I"D:\SiliconLabs\SimplicityStudio\v2\developer\sdks\efm32\v2/kits/common/drivers" -I"D:\SiliconLabs\SimplicityStudio\v2\developer\sdks\efm32\v2/Device/SiliconLabs/EFM32ZG/Include" -Os -Wall -c -fmessage-length=0 -mno-sched-prolog -fno-builtin -ffunction-sections -fdata-sections -std=c99 -MMD -MP -MF"emlib/em_leuart.d" -MT"emlib/em_leuart.o" -o "emlib/em_leuart.o" "../emlib/em_leuart.c"
 
Finished building: ../emlib/em_lesense.c
 
Building file: ../emlib/em_mpu.c
Building file: ../emlib/em_msc.c
Invoking: GNU ARM C Compiler
arm-none-eabi-gcc -g -gdwarf-2 -mcpu=cortex-m0plus -mthumb '-DEFM32ZG110F32=1' '-DDEBUG=1' -I"D:\SiliconLabs\SimplicityStudio\v2\developer\sdks\efm32\v2/CMSIS/Include" -I"D:\SiliconLabs\SimplicityStudio\v2\developer\sdks\efm32\v2/kits/common/bsp" -I"D:\SiliconLabs\SimplicityStudio\v2\developer\sdks\efm32\v2/emlib/inc" -I"D:\SiliconLabs\SimplicityStudio\v2\developer\sdks\efm32\v2/kits/common/drivers" -I"D:\SiliconLabs\SimplicityStudio\v2\developer\sdks\efm32\v2/Device/SiliconLabs/EFM32ZG/Include" -Os -Wall -c -fmessage-length=0 -mno-sched-prolog -fno-builtin -ffunction-sections -fdata-sections -std=c99 -MMD -MP -MF"emlib/em_mpu.d" -MT"emlib/em_mpu.o" -o "emlib/em_mpu.o" "../emlib/em_mpu.c"
Invoking: GNU ARM C Compiler
arm-none-eabi-gcc -g -gdwarf-2 -mcpu=cortex-m0plus -mthumb '-DEFM32ZG110F32=1' '-DDEBUG=1' -I"D:\SiliconLabs\SimplicityStudio\v2\developer\sdks\efm32\v2/CMSIS/Include" -I"D:\SiliconLabs\SimplicityStudio\v2\developer\sdks\efm32\v2/kits/common/bsp" -I"D:\SiliconLabs\SimplicityStudio\v2\developer\sdks\efm32\v2/emlib/inc" -I"D:\SiliconLabs\SimplicityStudio\v2\developer\sdks\efm32\v2/kits/common/drivers" -I"D:\SiliconLabs\SimplicityStudio\v2\developer\sdks\efm32\v2/Device/SiliconLabs/EFM32ZG/Include" -Os -Wall -c -fmessage-length=0 -mno-sched-prolog -fno-builtin -ffunction-sections -fdata-sections -std=c99 -MMD -MP -MF"emlib/em_msc.d" -MT"emlib/em_msc.o" -o "emlib/em_msc.o" "../emlib/em_msc.c"
Finished building: ../emlib/em_letimer.c
 
Finished building: ../emlib/em_leuart.c
Building file: ../emlib/em_opamp.c
Finished building: ../emlib/em_mpu.c
 
Invoking: GNU ARM C Compiler
arm-none-eabi-gcc -g -gdwarf-2 -mcpu=cortex-m0plus -mthumb '-DEFM32ZG110F32=1' '-DDEBUG=1' -I"D:\SiliconLabs\SimplicityStudio\v2\developer\sdks\efm32\v2/CMSIS/Include" -I"D:\SiliconLabs\SimplicityStudio\v2\developer\sdks\efm32\v2/kits/common/bsp" -I"D:\SiliconLabs\SimplicityStudio\v2\developer\sdks\efm32\v2/emlib/inc" -I"D:\SiliconLabs\SimplicityStudio\v2\developer\sdks\efm32\v2/kits/common/drivers" -I"D:\SiliconLabs\SimplicityStudio\v2\developer\sdks\efm32\v2/Device/SiliconLabs/EFM32ZG/Include" -Os -Wall -c -fmessage-length=0 -mno-sched-prolog -fno-builtin -ffunction-sections -fdata-sections -std=c99 -MMD -MP -MF"emlib/em_opamp.d" -MT"emlib/em_opamp.o" -o "emlib/em_opamp.o" "../emlib/em_opamp.c"
 
Building file: ../emlib/em_pcnt.c
Invoking: GNU ARM C Compiler
arm-none-eabi-gcc -g -gdwarf-2 -mcpu=cortex-m0plus -mthumb '-DEFM32ZG110F32=1' '-DDEBUG=1' -I"D:\SiliconLabs\SimplicityStudio\v2\developer\sdks\efm32\v2/CMSIS/Include" -I"D:\SiliconLabs\SimplicityStudio\v2\developer\sdks\efm32\v2/kits/common/bsp" -I"D:\SiliconLabs\SimplicityStudio\v2\developer\sdks\efm32\v2/emlib/inc" -I"D:\SiliconLabs\SimplicityStudio\v2\developer\sdks\efm32\v2/kits/common/drivers" -I"D:\SiliconLabs\SimplicityStudio\v2\developer\sdks\efm32\v2/Device/SiliconLabs/EFM32ZG/Include" -Os -Wall -c -fmessage-length=0 -mno-sched-prolog -fno-builtin -ffunction-sections -fdata-sections -std=c99 -MMD -MP -MF"emlib/em_pcnt.d" -MT"emlib/em_pcnt.o" -o "emlib/em_pcnt.o" "../emlib/em_pcnt.c"
Building file: ../emlib/em_prs.c
Finished building: ../emlib/em_msc.c
 
Invoking: GNU ARM C Compiler
arm-none-eabi-gcc -g -gdwarf-2 -mcpu=cortex-m0plus -mthumb '-DEFM32ZG110F32=1' '-DDEBUG=1' -I"D:\SiliconLabs\SimplicityStudio\v2\developer\sdks\efm32\v2/CMSIS/Include" -I"D:\SiliconLabs\SimplicityStudio\v2\developer\sdks\efm32\v2/kits/common/bsp" -I"D:\SiliconLabs\SimplicityStudio\v2\developer\sdks\efm32\v2/emlib/inc" -I"D:\SiliconLabs\SimplicityStudio\v2\developer\sdks\efm32\v2/kits/common/drivers" -I"D:\SiliconLabs\SimplicityStudio\v2\developer\sdks\efm32\v2/Device/SiliconLabs/EFM32ZG/Include" -Os -Wall -c -fmessage-length=0 -mno-sched-prolog -fno-builtin -ffunction-sections -fdata-sections -std=c99 -MMD -MP -MF"emlib/em_prs.d" -MT"emlib/em_prs.o" -o "emlib/em_prs.o" "../emlib/em_prs.c"
Building file: ../emlib/em_rmu.c
Invoking: GNU ARM C Compiler
arm-none-eabi-gcc -g -gdwarf-2 -mcpu=cortex-m0plus -mthumb '-DEFM32ZG110F32=1' '-DDEBUG=1' -I"D:\SiliconLabs\SimplicityStudio\v2\developer\sdks\efm32\v2/CMSIS/Include" -I"D:\SiliconLabs\SimplicityStudio\v2\developer\sdks\efm32\v2/kits/common/bsp" -I"D:\SiliconLabs\SimplicityStudio\v2\developer\sdks\efm32\v2/emlib/inc" -I"D:\SiliconLabs\SimplicityStudio\v2\developer\sdks\efm32\v2/kits/common/drivers" -I"D:\SiliconLabs\SimplicityStudio\v2\developer\sdks\efm32\v2/Device/SiliconLabs/EFM32ZG/Include" -Os -Wall -c -fmessage-length=0 -mno-sched-prolog -fno-builtin -ffunction-sections -fdata-sections -std=c99 -MMD -MP -MF"emlib/em_rmu.d" -MT"emlib/em_rmu.o" -o "emlib/em_rmu.o" "../emlib/em_rmu.c"
Finished building: ../emlib/em_opamp.c
 
Finished building: ../emlib/em_pcnt.c
 
Building file: ../emlib/em_rtc.c
Finished building: ../emlib/em_prs.c
Invoking: GNU ARM C Compiler
arm-none-eabi-gcc -g -gdwarf-2 -mcpu=cortex-m0plus -mthumb '-DEFM32ZG110F32=1' '-DDEBUG=1' -I"D:\SiliconLabs\SimplicityStudio\v2\developer\sdks\efm32\v2/CMSIS/Include" -I"D:\SiliconLabs\SimplicityStudio\v2\developer\sdks\efm32\v2/kits/common/bsp" -I"D:\SiliconLabs\SimplicityStudio\v2\developer\sdks\efm32\v2/emlib/inc" -I"D:\SiliconLabs\SimplicityStudio\v2\developer\sdks\efm32\v2/kits/common/drivers" -I"D:\SiliconLabs\SimplicityStudio\v2\developer\sdks\efm32\v2/Device/SiliconLabs/EFM32ZG/Include" -Os -Wall -c -fmessage-length=0 -mno-sched-prolog -fno-builtin -ffunction-sections -fdata-sections -std=c99 -MMD -MP -MF"emlib/em_rtc.d" -MT"emlib/em_rtc.o" -o "emlib/em_rtc.o" "../emlib/em_rtc.c"
Building file: ../emlib/em_system.c
 
Invoking: GNU ARM C Compiler
arm-none-eabi-gcc -g -gdwarf-2 -mcpu=cortex-m0plus -mthumb '-DEFM32ZG110F32=1' '-DDEBUG=1' -I"D:\SiliconLabs\SimplicityStudio\v2\developer\sdks\efm32\v2/CMSIS/Include" -I"D:\SiliconLabs\SimplicityStudio\v2\developer\sdks\efm32\v2/kits/common/bsp" -I"D:\SiliconLabs\SimplicityStudio\v2\developer\sdks\efm32\v2/emlib/inc" -I"D:\SiliconLabs\SimplicityStudio\v2\developer\sdks\efm32\v2/kits/common/drivers" -I"D:\SiliconLabs\SimplicityStudio\v2\developer\sdks\efm32\v2/Device/SiliconLabs/EFM32ZG/Include" -Os -Wall -c -fmessage-length=0 -mno-sched-prolog -fno-builtin -ffunction-sections -fdata-sections -std=c99 -MMD -MP -MF"emlib/em_system.d" -MT"emlib/em_system.o" -o "emlib/em_system.o" "../emlib/em_system.c"
Building file: ../emlib/em_timer.c
Finished building: ../emlib/em_rmu.c
Invoking: GNU ARM C Compiler
arm-none-eabi-gcc -g -gdwarf-2 -mcpu=cortex-m0plus -mthumb '-DEFM32ZG110F32=1' '-DDEBUG=1' -I"D:\SiliconLabs\SimplicityStudio\v2\developer\sdks\efm32\v2/CMSIS/Include" -I"D:\SiliconLabs\SimplicityStudio\v2\developer\sdks\efm32\v2/kits/common/bsp" -I"D:\SiliconLabs\SimplicityStudio\v2\developer\sdks\efm32\v2/emlib/inc" -I"D:\SiliconLabs\SimplicityStudio\v2\developer\sdks\efm32\v2/kits/common/drivers" -I"D:\SiliconLabs\SimplicityStudio\v2\developer\sdks\efm32\v2/Device/SiliconLabs/EFM32ZG/Include" -Os -Wall -c -fmessage-length=0 -mno-sched-prolog -fno-builtin -ffunction-sections -fdata-sections -std=c99 -MMD -MP -MF"emlib/em_timer.d" -MT"emlib/em_timer.o" -o "emlib/em_timer.o" "../emlib/em_timer.c"
 
Building file: ../emlib/em_usart.c
Finished building: ../emlib/em_rtc.c
 
Invoking: GNU ARM C Compiler
arm-none-eabi-gcc -g -gdwarf-2 -mcpu=cortex-m0plus -mthumb '-DEFM32ZG110F32=1' '-DDEBUG=1' -I"D:\SiliconLabs\SimplicityStudio\v2\developer\sdks\efm32\v2/CMSIS/Include" -I"D:\SiliconLabs\SimplicityStudio\v2\developer\sdks\efm32\v2/kits/common/bsp" -I"D:\SiliconLabs\SimplicityStudio\v2\developer\sdks\efm32\v2/emlib/inc" -I"D:\SiliconLabs\SimplicityStudio\v2\developer\sdks\efm32\v2/kits/common/drivers" -I"D:\SiliconLabs\SimplicityStudio\v2\developer\sdks\efm32\v2/Device/SiliconLabs/EFM32ZG/Include" -Os -Wall -c -fmessage-length=0 -mno-sched-prolog -fno-builtin -ffunction-sections -fdata-sections -std=c99 -MMD -MP -MF"emlib/em_usart.d" -MT"emlib/em_usart.o" -o "emlib/em_usart.o" "../emlib/em_usart.c"
Building file: ../emlib/em_vcmp.c
Finished building: ../emlib/em_system.c
Invoking: GNU ARM C Compiler
arm-none-eabi-gcc -g -gdwarf-2 -mcpu=cortex-m0plus -mthumb '-DEFM32ZG110F32=1' '-DDEBUG=1' -I"D:\SiliconLabs\SimplicityStudio\v2\developer\sdks\efm32\v2/CMSIS/Include" -I"D:\SiliconLabs\SimplicityStudio\v2\developer\sdks\efm32\v2/kits/common/bsp" -I"D:\SiliconLabs\SimplicityStudio\v2\developer\sdks\efm32\v2/emlib/inc" -I"D:\SiliconLabs\SimplicityStudio\v2\developer\sdks\efm32\v2/kits/common/drivers" -I"D:\SiliconLabs\SimplicityStudio\v2\developer\sdks\efm32\v2/Device/SiliconLabs/EFM32ZG/Include" -Os -Wall -c -fmessage-length=0 -mno-sched-prolog -fno-builtin -ffunction-sections -fdata-sections -std=c99 -MMD -MP -MF"emlib/em_vcmp.d" -MT"emlib/em_vcmp.o" -o "emlib/em_vcmp.o" "../emlib/em_vcmp.c"
 
Finished building: ../emlib/em_timer.c
Building file: ../emlib/em_wdog.c
 
Building file: ../CMSIS/efm32zg/startup_gcc_efm32zg.s
Invoking: GNU ARM C Compiler
arm-none-eabi-gcc -g -gdwarf-2 -mcpu=cortex-m0plus -mthumb '-DEFM32ZG110F32=1' '-DDEBUG=1' -I"D:\SiliconLabs\SimplicityStudio\v2\developer\sdks\efm32\v2/CMSIS/Include" -I"D:\SiliconLabs\SimplicityStudio\v2\developer\sdks\efm32\v2/kits/common/bsp" -I"D:\SiliconLabs\SimplicityStudio\v2\developer\sdks\efm32\v2/emlib/inc" -I"D:\SiliconLabs\SimplicityStudio\v2\developer\sdks\efm32\v2/kits/common/drivers" -I"D:\SiliconLabs\SimplicityStudio\v2\developer\sdks\efm32\v2/Device/SiliconLabs/EFM32ZG/Include" -Os -Wall -c -fmessage-length=0 -mno-sched-prolog -fno-builtin -ffunction-sections -fdata-sections -std=c99 -MMD -MP -MF"emlib/em_wdog.d" -MT"emlib/em_wdog.o" -o "emlib/em_wdog.o" "../emlib/em_wdog.c"
Invoking: GNU ARM Assembler
arm-none-eabi-gcc -g -gdwarf-2 -mcpu=cortex-m0plus -mthumb -c -x assembler-with-cpp -I"D:\SiliconLabs\SimplicityStudio\v2\developer\sdks\efm32\v2/CMSIS/Include" -I"D:\SiliconLabs\SimplicityStudio\v2\developer\sdks\efm32\v2/kits/common/bsp" -I"D:\SiliconLabs\SimplicityStudio\v2\developer\sdks\efm32\v2/emlib/inc" -I"D:\SiliconLabs\SimplicityStudio\v2\developer\sdks\efm32\v2/kits/common/drivers" -I"D:\SiliconLabs\SimplicityStudio\v2\developer\sdks\efm32\v2/Device/SiliconLabs/EFM32ZG/Include" '-DEFM32ZG110F32=1' -o "CMSIS/efm32zg/startup_gcc_efm32zg.o" "../CMSIS/efm32zg/startup_gcc_efm32zg.s"
Finished building: ../emlib/em_usart.c
 
Building file: ../CMSIS/efm32zg/system_efm32zg.c
Finished building: ../emlib/em_vcmp.c
Invoking: GNU ARM C Compiler
arm-none-eabi-gcc -g -gdwarf-2 -mcpu=cortex-m0plus -mthumb '-DEFM32ZG110F32=1' '-DDEBUG=1' -I"D:\SiliconLabs\SimplicityStudio\v2\developer\sdks\efm32\v2/CMSIS/Include" -I"D:\SiliconLabs\SimplicityStudio\v2\developer\sdks\efm32\v2/kits/common/bsp" -I"D:\SiliconLabs\SimplicityStudio\v2\developer\sdks\efm32\v2/emlib/inc" -I"D:\SiliconLabs\SimplicityStudio\v2\developer\sdks\efm32\v2/kits/common/drivers" -I"D:\SiliconLabs\SimplicityStudio\v2\developer\sdks\efm32\v2/Device/SiliconLabs/EFM32ZG/Include" -Os -Wall -c -fmessage-length=0 -mno-sched-prolog -fno-builtin -ffunction-sections -fdata-sections -std=c99 -MMD -MP -MF"CMSIS/efm32zg/system_efm32zg.d" -MT"CMSIS/efm32zg/system_efm32zg.o" -o "CMSIS/efm32zg/system_efm32zg.o" "../CMSIS/efm32zg/system_efm32zg.c"
 
Finished building: ../emlib/em_wdog.c
Finished building: ../CMSIS/efm32zg/startup_gcc_efm32zg.s
 
 
Finished building: ../CMSIS/efm32zg/system_efm32zg.c
 
Building target: EnvSensor.axf
Invoking: GNU ARM C Linker
arm-none-eabi-gcc -g -gdwarf-2 -mcpu=cortex-m0plus -mthumb -T "EnvSensor.ld" -Xlinker --gc-sections -Xlinker -Map="EnvSensor.map" --specs=nano.specs -o EnvSensor.axf "./src/HMC5883L.o" "./src/MPU6050.o" "./src/RTC_.o" "./src/i2c_connection.o" "./src/inv_mpu.o" "./src/inv_mpu_dmp_motion_driver.o" "./src/main.o" "./src/uart_connection.o" "./emlib/em_acmp.o" "./emlib/em_adc.o" "./emlib/em_aes.o" "./emlib/em_assert.o" "./emlib/em_burtc.o" "./emlib/em_cmu.o" "./emlib/em_dac.o" "./emlib/em_dbg.o" "./emlib/em_dma.o" "./emlib/em_ebi.o" "./emlib/em_emu.o" "./emlib/em_gpio.o" "./emlib/em_i2c.o" "./emlib/em_idac.o" "./emlib/em_int.o" "./emlib/em_lcd.o" "./emlib/em_lesense.o" "./emlib/em_letimer.o" "./emlib/em_leuart.o" "./emlib/em_mpu.o" "./emlib/em_msc.o" "./emlib/em_opamp.o" "./emlib/em_pcnt.o" "./emlib/em_prs.o" "./emlib/em_rmu.o" "./emlib/em_rtc.o" "./emlib/em_system.o" "./emlib/em_timer.o" "./emlib/em_usart.o" "./emlib/em_vcmp.o" "./emlib/em_wdog.o" "./CMSIS/efm32zg/startup_gcc_efm32zg.o" "./CMSIS/efm32zg/system_efm32zg.o" -Wl,--start-group -lgcc -lc -lnosys -Wl,--end-group
Finished building target: EnvSensor.axf
 
Building hex file: EnvSensor.hex
arm-none-eabi-objcopy -O ihex "EnvSensor.axf" "EnvSensor.hex"
 
Building bin file: EnvSensor.bin
arm-none-eabi-objcopy -O binary "EnvSensor.axf" "EnvSensor.bin"
 
Running size tool
arm-none-eabi-size "EnvSensor.axf"
   text	   data	    bss	    dec	    hex	filename
  22972	    196	    212	  23380	   5b54	EnvSensor.axf
 
17:55:52 **** Build of configuration GNU ARM v4.7.3 - Debug for project LiPolController ****
make -j4 all 
Building target: LiPolController.axf
Invoking: GNU ARM C Linker
arm-none-eabi-gcc -g -gdwarf-2 -mcpu=cortex-m0plus -mthumb -T "LiPolController.ld" -Xlinker --gc-sections -Xlinker -Map="LiPolController.map" --specs=nano.specs -o LiPolController.axf "./src/RTC_.o" "./src/i2c_connection.o" "./src/main.o" "./src/uart_connection.o" "./emlib/em_cmu.o" "./emlib/em_emu.o" "./emlib/em_gpio.o" "./emlib/em_i2c.o" "./emlib/em_int.o" "./emlib/em_rmu.o" "./emlib/em_rtc.o" "./emlib/em_system.o" "./emlib/em_timer.o" "./emlib/em_usart.o" "./emlib/em_wdog.o" "./CMSIS/efm32zg/startup_gcc_efm32zg.o" "./CMSIS/efm32zg/system_efm32zg.o" -Wl,--start-group -lgcc -lc -lnosys -Wl,--end-group
Finished building target: LiPolController.axf
 
Building hex file: LiPolController.hex
arm-none-eabi-objcopy -O ihex "LiPolController.axf" "LiPolController.hex"
 
Building bin file: LiPolController.bin
arm-none-eabi-objcopy -O binary "LiPolController.axf" "LiPolController.bin"
 
Running size tool
arm-none-eabi-size "LiPolController.axf"
   text	   data	    bss	    dec	    hex	filename
  10740	    120	    468	  11328	   2c40	LiPolController.axf
 
