19:45:48 **** Incremental Build of configuration GNU ARM v4.7.3 - Debug for project STK3200_blink ****
make -j4 all 
Building file: ../src/blink.c
Invoking: GNU ARM C Compiler
arm-none-eabi-gcc -g -gdwarf-2 -mcpu=cortex-m0plus -mthumb '-DDEBUG_EFM=1' '-DEFM32ZG222F32=1' '-DDEBUG=1' -I"D:\SiliconLabs\SimplicityStudio\v2\developer\sdks\efm32\v2/kits/EFM32ZG_STK3200/examples/blink" -I"D:\SiliconLabs\SimplicityStudio\v2\developer\sdks\efm32\v2/CMSIS/Include" -I"D:\SiliconLabs\SimplicityStudio\v2\developer\sdks\efm32\v2/emlib/inc" -I"D:\SiliconLabs\SimplicityStudio\v2\developer\sdks\efm32\v2/kits/common/bsp" -I"D:\SiliconLabs\SimplicityStudio\v2\developer\sdks\efm32\v2/Device/SiliconLabs/EFM32ZG/Include" -I"D:\SiliconLabs\SimplicityStudio\v2\developer\sdks\efm32\v2/kits/EFM32ZG_STK3200/config" -O0 -Wall -c -fmessage-length=0 -mno-sched-prolog -fno-builtin -ffunction-sections -fdata-sections -std=c99 -MMD -MP -MF"src/blink.d" -MT"src/blink.o" -o "src/blink.o" "../src/blink.c"
../src/blink.c:39:13: warning: 'Delay' defined but not used [-Wunused-function]
Finished building: ../src/blink.c
 
Building target: STK3200_blink.axf
Invoking: GNU ARM C Linker
arm-none-eabi-gcc -g -gdwarf-2 -mcpu=cortex-m0plus -mthumb -T "STK3200_blink.ld" -Xlinker --gc-sections -Xlinker -Map="STK3200_blink.map" --specs=nano.specs -o STK3200_blink.axf "./src/blink.o" "./emlib/em_assert.o" "./emlib/em_cmu.o" "./emlib/em_emu.o" "./emlib/em_gpio.o" "./CMSIS/efm32zg/startup_gcc_efm32zg.o" "./CMSIS/efm32zg/system_efm32zg.o" "./BSP/bsp_stk_leds.o" -Wl,--start-group -lgcc -lc -lnosys -Wl,--end-group
Finished building target: STK3200_blink.axf
 
Building hex file: STK3200_blink.hex
arm-none-eabi-objcopy -O ihex "STK3200_blink.axf" "STK3200_blink.hex"
 
Building bin file: STK3200_blink.bin
arm-none-eabi-objcopy -O binary "STK3200_blink.axf" "STK3200_blink.bin"
 
Running size tool
arm-none-eabi-size "STK3200_blink.axf"
   text	   data	    bss	    dec	    hex	filename
   3792	    116	     36	   3944	    f68	STK3200_blink.axf
 

19:46:35 Build Finished (took 46s.787ms)

