Archive member included because of file (symbol)

d:/siliconlabs/simplicitystudio/v2/developer/toolchains/gnu_arm/4.7_2013q1/bin/../lib/gcc/arm-none-eabi/4.7.3/armv6-m\libgcc.a(_udivsi3.o)
                              ./src/ucPeripheralDrivers/PWM_.o (__aeabi_uidiv)
d:/siliconlabs/simplicitystudio/v2/developer/toolchains/gnu_arm/4.7_2013q1/bin/../lib/gcc/arm-none-eabi/4.7.3/armv6-m\libgcc.a(_dvmd_tls.o)
                              d:/siliconlabs/simplicitystudio/v2/developer/toolchains/gnu_arm/4.7_2013q1/bin/../lib/gcc/arm-none-eabi/4.7.3/armv6-m\libgcc.a(_udivsi3.o) (__aeabi_idiv0)
d:/siliconlabs/simplicitystudio/v2/developer/toolchains/gnu_arm/4.7_2013q1/bin/../lib/gcc/arm-none-eabi/4.7.3/armv6-m\libgcc.a(_aeabi_uldivmod.o)
                              ./src/ucPeripheralDrivers/PWM_.o (__aeabi_uldivmod)
d:/siliconlabs/simplicitystudio/v2/developer/toolchains/gnu_arm/4.7_2013q1/bin/../lib/gcc/arm-none-eabi/4.7.3/armv6-m\libgcc.a(_muldi3.o)
                              ./src/ucPeripheralDrivers/PWM_.o (__aeabi_lmul)
d:/siliconlabs/simplicitystudio/v2/developer/toolchains/gnu_arm/4.7_2013q1/bin/../lib/gcc/arm-none-eabi/4.7.3/armv6-m\libgcc.a(bpabi.o)
                              d:/siliconlabs/simplicitystudio/v2/developer/toolchains/gnu_arm/4.7_2013q1/bin/../lib/gcc/arm-none-eabi/4.7.3/armv6-m\libgcc.a(_aeabi_uldivmod.o) (__gnu_uldivmod_helper)
d:/siliconlabs/simplicitystudio/v2/developer/toolchains/gnu_arm/4.7_2013q1/bin/../lib/gcc/arm-none-eabi/4.7.3/armv6-m\libgcc.a(_divdi3.o)
                              d:/siliconlabs/simplicitystudio/v2/developer/toolchains/gnu_arm/4.7_2013q1/bin/../lib/gcc/arm-none-eabi/4.7.3/armv6-m\libgcc.a(bpabi.o) (__divdi3)
d:/siliconlabs/simplicitystudio/v2/developer/toolchains/gnu_arm/4.7_2013q1/bin/../lib/gcc/arm-none-eabi/4.7.3/armv6-m\libgcc.a(_udivdi3.o)
                              d:/siliconlabs/simplicitystudio/v2/developer/toolchains/gnu_arm/4.7_2013q1/bin/../lib/gcc/arm-none-eabi/4.7.3/armv6-m\libgcc.a(bpabi.o) (__udivdi3)
d:/siliconlabs/simplicitystudio/v2/developer/toolchains/gnu_arm/4.7_2013q1/bin/../lib/gcc/arm-none-eabi/4.7.3/armv6-m\libgcc.a(_clzsi2.o)
                              d:/siliconlabs/simplicitystudio/v2/developer/toolchains/gnu_arm/4.7_2013q1/bin/../lib/gcc/arm-none-eabi/4.7.3/armv6-m\libgcc.a(_divdi3.o) (__clzsi2)
d:/siliconlabs/simplicitystudio/v2/developer/toolchains/gnu_arm/4.7_2013q1/bin/../lib/gcc/arm-none-eabi/4.7.3/../../../../arm-none-eabi/lib/armv6-m\libc_s.a(lib_a-__atexit2.o)
                              d:/siliconlabs/simplicitystudio/v2/developer/toolchains/gnu_arm/4.7_2013q1/bin/../lib/gcc/arm-none-eabi/4.7.3/../../../../arm-none-eabi/lib/armv6-m/crt0.o (__register_exitproc)
d:/siliconlabs/simplicitystudio/v2/developer/toolchains/gnu_arm/4.7_2013q1/bin/../lib/gcc/arm-none-eabi/4.7.3/../../../../arm-none-eabi/lib/armv6-m\libc_s.a(lib_a-exit.o)
                              d:/siliconlabs/simplicitystudio/v2/developer/toolchains/gnu_arm/4.7_2013q1/bin/../lib/gcc/arm-none-eabi/4.7.3/../../../../arm-none-eabi/lib/armv6-m/crt0.o (exit)
d:/siliconlabs/simplicitystudio/v2/developer/toolchains/gnu_arm/4.7_2013q1/bin/../lib/gcc/arm-none-eabi/4.7.3/../../../../arm-none-eabi/lib/armv6-m\libc_s.a(lib_a-fini.o)
                              d:/siliconlabs/simplicitystudio/v2/developer/toolchains/gnu_arm/4.7_2013q1/bin/../lib/gcc/arm-none-eabi/4.7.3/../../../../arm-none-eabi/lib/armv6-m/crt0.o (__libc_fini_array)
d:/siliconlabs/simplicitystudio/v2/developer/toolchains/gnu_arm/4.7_2013q1/bin/../lib/gcc/arm-none-eabi/4.7.3/../../../../arm-none-eabi/lib/armv6-m\libc_s.a(lib_a-impure.o)
                              d:/siliconlabs/simplicitystudio/v2/developer/toolchains/gnu_arm/4.7_2013q1/bin/../lib/gcc/arm-none-eabi/4.7.3/../../../../arm-none-eabi/lib/armv6-m\libc_s.a(lib_a-exit.o) (_global_impure_ptr)
d:/siliconlabs/simplicitystudio/v2/developer/toolchains/gnu_arm/4.7_2013q1/bin/../lib/gcc/arm-none-eabi/4.7.3/../../../../arm-none-eabi/lib/armv6-m\libc_s.a(lib_a-init.o)
                              d:/siliconlabs/simplicitystudio/v2/developer/toolchains/gnu_arm/4.7_2013q1/bin/../lib/gcc/arm-none-eabi/4.7.3/../../../../arm-none-eabi/lib/armv6-m/crt0.o (__libc_init_array)
d:/siliconlabs/simplicitystudio/v2/developer/toolchains/gnu_arm/4.7_2013q1/bin/../lib/gcc/arm-none-eabi/4.7.3/../../../../arm-none-eabi/lib/armv6-m\libc_s.a(lib_a-memcpy.o)
                              ./src/ucPeripheralDrivers/PWM_.o (memcpy)
d:/siliconlabs/simplicitystudio/v2/developer/toolchains/gnu_arm/4.7_2013q1/bin/../lib/gcc/arm-none-eabi/4.7.3/../../../../arm-none-eabi/lib/armv6-m\libc_s.a(lib_a-memset.o)
                              d:/siliconlabs/simplicitystudio/v2/developer/toolchains/gnu_arm/4.7_2013q1/bin/../lib/gcc/arm-none-eabi/4.7.3/../../../../arm-none-eabi/lib/armv6-m/crt0.o (memset)
[...]
Memory Configuration

Name             Origin             Length             Attributes
FLASH            0x00000800         0x00007800         xr
RAM              0x20000000         0x00001000         xrw
*default*        0x00000000         0xffffffff

Linker script and memory map

LOAD d:/siliconlabs/simplicitystudio/v2/developer/toolchains/gnu_arm/4.7_2013q1/bin/../lib/gcc/arm-none-eabi/4.7.3/armv6-m/crti.o
LOAD d:/siliconlabs/simplicitystudio/v2/developer/toolchains/gnu_arm/4.7_2013q1/bin/../lib/gcc/arm-none-eabi/4.7.3/armv6-m/crtbegin.o
LOAD d:/siliconlabs/simplicitystudio/v2/developer/toolchains/gnu_arm/4.7_2013q1/bin/../lib/gcc/arm-none-eabi/4.7.3/../../../../arm-none-eabi/lib/armv6-m/crt0.o
LOAD ./src/ucPeripheralDrivers/PWM_.o
LOAD ./src/ucPeripheralDrivers/RTC_.o
LOAD ./src/ucPeripheralDrivers/i2c_connection.o
LOAD ./src/ucPeripheralDrivers/leuart_connection.o
LOAD ./src/ucPeripheralDrivers/spi.o
LOAD ./src/ucPeripheralDrivers/spi_connection.o
LOAD ./src/ucPeripheralDrivers/uart_connection.o
LOAD ./src/main.o
LOAD ./src/icDrivers/BD6210.o
LOAD ./src/icDrivers/BD6210/BD6210_patterns.o
LOAD ./src/icDrivers/ADP8866/ADP8866_reg.o
LOAD ./src/icDrivers/AD7147/AD7147_reg.o
LOAD ./emlib/em_acmp.o
LOAD ./emlib/em_adc.o
LOAD ./emlib/em_aes.o
LOAD ./emlib/em_assert.o
LOAD ./emlib/em_burtc.o
LOAD ./emlib/em_cmu.o
LOAD ./emlib/em_dac.o
LOAD ./emlib/em_dbg.o
LOAD ./emlib/em_dma.o
LOAD ./emlib/em_ebi.o
LOAD ./emlib/em_emu.o
LOAD ./emlib/em_gpio.o
LOAD ./emlib/em_i2c.o
LOAD ./emlib/em_idac.o
LOAD ./emlib/em_int.o
LOAD ./emlib/em_lcd.o
LOAD ./emlib/em_lesense.o
LOAD ./emlib/em_letimer.o
LOAD ./emlib/em_leuart.o
LOAD ./emlib/em_mpu.o
LOAD ./emlib/em_msc.o
LOAD ./emlib/em_opamp.o
LOAD ./emlib/em_pcnt.o
LOAD ./emlib/em_prs.o
LOAD ./emlib/em_rmu.o
LOAD ./emlib/em_rtc.o
LOAD ./emlib/em_system.o
LOAD ./emlib/em_timer.o
LOAD ./emlib/em_usart.o
LOAD ./emlib/em_vcmp.o
LOAD ./emlib/em_wdog.o
LOAD ./CMSIS/efm32zg/startup_gcc_efm32zg.o
LOAD ./CMSIS/efm32zg/system_efm32zg.o
START GROUP
LOAD d:/siliconlabs/simplicitystudio/v2/developer/toolchains/gnu_arm/4.7_2013q1/bin/../lib/gcc/arm-none-eabi/4.7.3/armv6-m\libgcc.a
LOAD d:/siliconlabs/simplicitystudio/v2/developer/toolchains/gnu_arm/4.7_2013q1/bin/../lib/gcc/arm-none-eabi/4.7.3/../../../../arm-none-eabi/lib/armv6-m\libc_s.a
LOAD d:/siliconlabs/simplicitystudio/v2/developer/toolchains/gnu_arm/4.7_2013q1/bin/../lib/gcc/arm-none-eabi/4.7.3/../../../../arm-none-eabi/lib/armv6-m\libnosys.a
END GROUP
START GROUP
LOAD d:/siliconlabs/simplicitystudio/v2/developer/toolchains/gnu_arm/4.7_2013q1/bin/../lib/gcc/arm-none-eabi/4.7.3/armv6-m\libgcc.a
LOAD d:/siliconlabs/simplicitystudio/v2/developer/toolchains/gnu_arm/4.7_2013q1/bin/../lib/gcc/arm-none-eabi/4.7.3/../../../../arm-none-eabi/lib/armv6-m\libc_s.a
END GROUP
LOAD d:/siliconlabs/simplicitystudio/v2/developer/toolchains/gnu_arm/4.7_2013q1/bin/../lib/gcc/arm-none-eabi/4.7.3/armv6-m/crtend.o
LOAD d:/siliconlabs/simplicitystudio/v2/developer/toolchains/gnu_arm/4.7_2013q1/bin/../lib/gcc/arm-none-eabi/4.7.3/armv6-m/crtn.o

.text           0x00000800     0x2ce8
 *(.isr_vector)
 .isr_vector    0x00000800      0x100 ./CMSIS/efm32zg/startup_gcc_efm32zg.o
                0x00000800                __isr_vector
 *(.text*)
 .text          0x00000900       0x60 d:/siliconlabs/simplicitystudio/v2/developer/toolchains/gnu_arm/4.7_2013q1/bin/../lib/gcc/arm-none-eabi/4.7.3/armv6-m/crtbegin.o
 .text          0x00000960       0x74 d:/siliconlabs/simplicitystudio/v2/developer/toolchains/gnu_arm/4.7_2013q1/bin/../lib/gcc/arm-none-eabi/4.7.3/../../../../arm-none-eabi/lib/armv6-m/crt0.o
                0x00000960                _start
                0x00000960                start
                0x00000960                _mainCRTStartup
 .text.PWM_Init
                0x000009d4       0xf4 ./src/ucPeripheralDrivers/PWM_.o
                0x000009d4                PWM_Init
 .text.PWM_SetDuty
                0x00000ac8       0x50 ./src/ucPeripheralDrivers/PWM_.o
                0x00000ac8                PWM_SetDuty
 .text.RTC_init
                0x00000b18       0x58 ./src/ucPeripheralDrivers/RTC_.o
                0x00000b18                RTC_init
 .text.RTC_setTime
                0x00000b70       0x18 ./src/ucPeripheralDrivers/RTC_.o
                0x00000b70                RTC_setTime
 .text.RTC_enableInt
                0x00000b88       0x1c ./src/ucPeripheralDrivers/RTC_.o
                0x00000b88                RTC_enableInt
 .text.RTC_clearInt
                0x00000ba4        0xc ./src/ucPeripheralDrivers/RTC_.o
                0x00000ba4                RTC_clearInt
 .text.i2c_InitMaster
                0x00000bb0       0xf4 ./src/ucPeripheralDrivers/i2c_connection.o
                0x00000bb0                i2c_InitMaster
 .text.I2C0_IRQHandler
                0x00000ca4       0x1c ./src/ucPeripheralDrivers/i2c_connection.o
                0x00000ca4                I2C0_IRQHandler
 .text.i2c_Scan
                0x00000cc0       0x90 ./src/ucPeripheralDrivers/i2c_connection.o
                0x00000cc0                i2c_Scan
 .text.LeUart_Init
                0x00000d50       0x6c ./src/ucPeripheralDrivers/leuart_connection.o
                0x00000d50                LeUart_Init
 .text.LeUart_SendText
                0x00000dbc       0x2c ./src/ucPeripheralDrivers/leuart_connection.o
                0x00000dbc                LeUart_SendText
 .text.USART1_TX_IRQHandler
                0x00000de8       0x48 ./src/ucPeripheralDrivers/spi.o
                0x00000de8                USART1_TX_IRQHandler
 .text.USART1_RX_IRQHandler
                0x00000e30       0x70 ./src/ucPeripheralDrivers/uart_connection.o
                0x00000e30                USART1_RX_IRQHandler
 .text.initOscillators
                0x00000ea0       0x34 ./src/main.o
                0x00000ea0                initOscillators
 .text.initDevices
                0x00000ed4       0x60 ./src/main.o
                0x00000ed4                initDevices
 .text.RTC_IRQHandler
                0x00000f34      0x100 ./src/main.o
                0x00000f34                RTC_IRQHandler
 .text.detectDevices
                0x00001034       0x34 ./src/main.o
                0x00001034                detectDevices
 .text.initInterfaces
                0x00001068       0x54 ./src/main.o
                0x00001068                initInterfaces
 .text.startup.main
                0x000010bc       0x70 ./src/main.o
                0x000010bc                main
 .text.BD6210_Init
                0x0000112c      0x150 ./src/icDrivers/BD6210.o
                0x0000112c                BD6210_Init
 .text.BD6210_Detect
                0x0000127c        0x4 ./src/icDrivers/BD6210.o
                0x0000127c                BD6210_Detect
 .text.BD6210_SetSpeed
                0x00001280       0x64 ./src/icDrivers/BD6210.o
                0x00001280                BD6210_SetSpeed
 .text.BD6210_PatternPlaying
                0x000012e4        0xc ./src/icDrivers/BD6210.o
                0x000012e4                BD6210_PatternPlaying
 .text.BD6210_PatternStart
                0x000012f0       0x28 ./src/icDrivers/BD6210.o
                0x000012f0                BD6210_PatternStart
 .text.BD6210_RTC_IRQHandler
                0x00001318       0x54 ./src/icDrivers/BD6210.o
                0x00001318                BD6210_RTC_IRQHandler
 .text.BD6210_Pattern_UserDefine
                0x0000136c       0x40 ./src/icDrivers/BD6210/BD6210_patterns.o
                0x0000136c                BD6210_Pattern_UserDefine
 .text.BD6210_Pattern_SetUserDefinePattern
                0x000013ac       0x14 ./src/icDrivers/BD6210/BD6210_patterns.o
                0x000013ac                BD6210_Pattern_SetUserDefinePattern
 .text.CMU_ClockEnable
                0x000013c0       0x74 ./emlib/em_cmu.o
                0x000013c0                CMU_ClockEnable
 .text.CMU_ClockFreqGet
                0x00001434      0x1a0 ./emlib/em_cmu.o
                0x00001434                CMU_ClockFreqGet
 .text.CMU_ClockSelectSet
                0x000015d4      0x150 ./emlib/em_cmu.o
                0x000015d4                CMU_ClockSelectSet
 .text.CMU_OscillatorEnable
                0x00001724       0x5c ./emlib/em_cmu.o
                0x00001724                CMU_OscillatorEnable
 .text.DMA_IRQHandler
                0x00001780       0x98 ./emlib/em_dma.o
                0x00001780                DMA_IRQHandler
 .text.EMU_EnterEM2
                0x00001818       0xb4 ./emlib/em_emu.o
                0x00001818                EMU_EnterEM2
 .text.EMU_UpdateOscConfig
                0x000018cc       0x14 ./emlib/em_emu.o
                0x000018cc                EMU_UpdateOscConfig
 .text.GPIO_PinModeSet
                0x000018e0       0xbc ./emlib/em_gpio.o
                0x000018e0                GPIO_PinModeSet
 .text.I2C_Init
                0x0000199c       0x84 ./emlib/em_i2c.o
                0x0000199c                I2C_Init
 .text.I2C_Transfer
                0x00001a20      0x2fc ./emlib/em_i2c.o
                0x00001a20                I2C_Transfer
 .text.I2C_TransferInit
                0x00001d1c       0x6c ./emlib/em_i2c.o
                0x00001d1c                I2C_TransferInit
 .text.LEUART_Init
                0x00001d88       0x84 ./emlib/em_leuart.o
                0x00001d88                LEUART_Init
 .text.LEUART_Tx
                0x00001e0c       0x1c ./emlib/em_leuart.o
                0x00001e0c                LEUART_Tx
 .text.RTC_CompareSet
                0x00001e28       0x1c ./emlib/em_rtc.o
                0x00001e28                RTC_CompareSet
 .text.RTC_Init
                0x00001e44       0x24 ./emlib/em_rtc.o
                0x00001e44                RTC_Init
 .text.TIMER_Init
                0x00001e68       0x7c ./emlib/em_timer.o
                0x00001e68                TIMER_Init
 .text.TIMER_InitCC
                0x00001ee4       0x58 ./emlib/em_timer.o
                0x00001ee4                TIMER_InitCC
 .text.USART_Rx
                0x00001f3c       0x10 ./emlib/em_usart.o
                0x00001f3c                USART_Rx
 .text          0x00001f4c       0x60 ./CMSIS/efm32zg/startup_gcc_efm32zg.o
                0x00001f4c                Reset_Handler
                0x00001f7c                Default_Handler
                0x00001f7e                NMI_Handler
                0x00001f80                HardFault_Handler
                0x00001f82                SVC_Handler
                0x00001f84                PendSV_Handler
                0x00001f86                SysTick_Handler
                0x00001f8a                GPIO_EVEN_IRQHandler
                0x00001f8c                TIMER0_IRQHandler
                0x00001f8e                ACMP0_IRQHandler
                0x00001f90                ADC0_IRQHandler
                0x00001f94                GPIO_ODD_IRQHandler
                0x00001f96                TIMER1_IRQHandler
                0x00001f9c                LEUART0_IRQHandler
                0x00001f9e                PCNT0_IRQHandler
                0x00001fa2                CMU_IRQHandler
                0x00001fa4                VCMP_IRQHandler
                0x00001fa6                MSC_IRQHandler
                0x00001fa8                AES_IRQHandler
 .text.SystemCoreClockGet
                0x00001fac       0xb0 ./CMSIS/efm32zg/system_efm32zg.o
                0x00001fac                SystemCoreClockGet
 .text.SystemHFClockGet
                0x0000205c       0x9c ./CMSIS/efm32zg/system_efm32zg.o
                0x0000205c                SystemHFClockGet
 .text.SystemInit
                0x000020f8        0x4 ./CMSIS/efm32zg/system_efm32zg.o
                0x000020f8                SystemInit
 .text.SystemLFRCOClockGet
                0x000020fc        0x8 ./CMSIS/efm32zg/system_efm32zg.o
                0x000020fc                SystemLFRCOClockGet
 .text.SystemULFRCOClockGet
                0x00002104        0x8 ./CMSIS/efm32zg/system_efm32zg.o
                0x00002104                SystemULFRCOClockGet
 .text.SystemLFXOClockGet
                0x0000210c        0xc ./CMSIS/efm32zg/system_efm32zg.o
                0x0000210c                SystemLFXOClockGet
 .text          0x00002118       0x9c d:/siliconlabs/simplicitystudio/v2/developer/toolchains/gnu_arm/4.7_2013q1/bin/../lib/gcc/arm-none-eabi/4.7.3/armv6-m\libgcc.a(_udivsi3.o)
                0x00002118                __aeabi_uidiv
                0x00002118                __udivsi3
                0x000021a0                __aeabi_uidivmod
 .text          0x000021b4        0x4 d:/siliconlabs/simplicitystudio/v2/developer/toolchains/gnu_arm/4.7_2013q1/bin/../lib/gcc/arm-none-eabi/4.7.3/armv6-m\libgcc.a(_dvmd_tls.o)
                0x000021b4                __aeabi_idiv0
                0x000021b4                __aeabi_ldiv0
 .text          0x000021b8       0x40 d:/siliconlabs/simplicitystudio/v2/developer/toolchains/gnu_arm/4.7_2013q1/bin/../lib/gcc/arm-none-eabi/4.7.3/armv6-m\libgcc.a(_aeabi_uldivmod.o)
                0x000021b8                __aeabi_uldivmod
 .text          0x000021f8       0x44 d:/siliconlabs/simplicitystudio/v2/developer/toolchains/gnu_arm/4.7_2013q1/bin/../lib/gcc/arm-none-eabi/4.7.3/armv6-m\libgcc.a(_muldi3.o)
                0x000021f8                __muldi3
                0x000021f8                __aeabi_lmul
 .text          0x0000223c       0x74 d:/siliconlabs/simplicitystudio/v2/developer/toolchains/gnu_arm/4.7_2013q1/bin/../lib/gcc/arm-none-eabi/4.7.3/armv6-m\libgcc.a(bpabi.o)
                0x0000223c                __gnu_ldivmod_helper
                0x00002278                __gnu_uldivmod_helper
 .text          0x000022b0      0x3d0 d:/siliconlabs/simplicitystudio/v2/developer/toolchains/gnu_arm/4.7_2013q1/bin/../lib/gcc/arm-none-eabi/4.7.3/armv6-m\libgcc.a(_divdi3.o)
                0x000022b0                __divdi3
 .text          0x00002680      0x38c d:/siliconlabs/simplicitystudio/v2/developer/toolchains/gnu_arm/4.7_2013q1/bin/../lib/gcc/arm-none-eabi/4.7.3/armv6-m\libgcc.a(_udivdi3.o)
                0x00002680                __udivdi3
 .text          0x00002a0c       0x3c d:/siliconlabs/simplicitystudio/v2/developer/toolchains/gnu_arm/4.7_2013q1/bin/../lib/gcc/arm-none-eabi/4.7.3/armv6-m\libgcc.a(_clzsi2.o)
                0x00002a0c                __clzsi2
 .text.__register_exitproc
                0x00002a48       0x18 d:/siliconlabs/simplicitystudio/v2/developer/toolchains/gnu_arm/4.7_2013q1/bin/../lib/gcc/arm-none-eabi/4.7.3/../../../../arm-none-eabi/lib/armv6-m\libc_s.a(lib_a-__atexit2.o)
                0x00002a48                __register_exitproc
 .text.exit     0x00002a60       0x30 d:/siliconlabs/simplicitystudio/v2/developer/toolchains/gnu_arm/4.7_2013q1/bin/../lib/gcc/arm-none-eabi/4.7.3/../../../../arm-none-eabi/lib/armv6-m\libc_s.a(lib_a-exit.o)
                0x00002a60                exit
 .text.__libc_fini_array
                0x00002a90       0x2c d:/siliconlabs/simplicitystudio/v2/developer/toolchains/gnu_arm/4.7_2013q1/bin/../lib/gcc/arm-none-eabi/4.7.3/../../../../arm-none-eabi/lib/armv6-m\libc_s.a(lib_a-fini.o)
                0x00002a90                __libc_fini_array
 .text.__libc_init_array
                0x00002abc       0x4c d:/siliconlabs/simplicitystudio/v2/developer/toolchains/gnu_arm/4.7_2013q1/bin/../lib/gcc/arm-none-eabi/4.7.3/../../../../arm-none-eabi/lib/armv6-m\libc_s.a(lib_a-init.o)
                0x00002abc                __libc_init_array
 .text.memcpy   0x00002b08       0x12 d:/siliconlabs/simplicitystudio/v2/developer/toolchains/gnu_arm/4.7_2013q1/bin/../lib/gcc/arm-none-eabi/4.7.3/../../../../arm-none-eabi/lib/armv6-m\libc_s.a(lib_a-memcpy.o)
                0x00002b08                memcpy
 .text.memset   0x00002b1a       0x12 d:/siliconlabs/simplicitystudio/v2/developer/toolchains/gnu_arm/4.7_2013q1/bin/../lib/gcc/arm-none-eabi/4.7.3/../../../../arm-none-eabi/lib/armv6-m\libc_s.a(lib_a-memset.o)
                0x00002b1a                memset
 .text.sprintf  0x00002b2c       0x44 d:/siliconlabs/simplicitystudio/v2/developer/toolchains/gnu_arm/4.7_2013q1/bin/../lib/gcc/arm-none-eabi/4.7.3/../../../../arm-none-eabi/lib/armv6-m\libc_s.a(lib_a-sprintf.o)
                0x00002b2c                siprintf
                0x00002b2c                sprintf
 .text.__ssputc_r
                0x00002b70       0xb0 d:/siliconlabs/simplicitystudio/v2/developer/toolchains/gnu_arm/4.7_2013q1/bin/../lib/gcc/arm-none-eabi/4.7.3/../../../../arm-none-eabi/lib/armv6-m\libc_s.a(lib_a-svfprintf.o)
                0x00002b70                __ssputc_r
 .text._svfprintf_r
                0x00002c20      0x1f8 d:/siliconlabs/simplicitystudio/v2/developer/toolchains/gnu_arm/4.7_2013q1/bin/../lib/gcc/arm-none-eabi/4.7.3/../../../../arm-none-eabi/lib/armv6-m\libc_s.a(lib_a-svfprintf.o)
                0x00002c20                _svfiprintf_r
                0x00002c20                _svfprintf_r
 .text._printf_common
                0x00002e18       0xe0 d:/siliconlabs/simplicitystudio/v2/developer/toolchains/gnu_arm/4.7_2013q1/bin/../lib/gcc/arm-none-eabi/4.7.3/../../../../arm-none-eabi/lib/armv6-m\libc_s.a(lib_a-vfprintf_i.o)
                0x00002e18                _printf_common
 .text._printf_i
                0x00002ef8      0x234 d:/siliconlabs/simplicitystudio/v2/developer/toolchains/gnu_arm/4.7_2013q1/bin/../lib/gcc/arm-none-eabi/4.7.3/../../../../arm-none-eabi/lib/armv6-m\libc_s.a(lib_a-vfprintf_i.o)
                0x00002ef8                _printf_i
 .text._free_r  0x0000312c       0x90 d:/siliconlabs/simplicitystudio/v2/developer/toolchains/gnu_arm/4.7_2013q1/bin/../lib/gcc/arm-none-eabi/4.7.3/../../../../arm-none-eabi/lib/armv6-m\libc_s.a(lib_a-freer.o)
                0x0000312c                _free_r
 .text._malloc_r
                0x000031bc       0x94 d:/siliconlabs/simplicitystudio/v2/developer/toolchains/gnu_arm/4.7_2013q1/bin/../lib/gcc/arm-none-eabi/4.7.3/../../../../arm-none-eabi/lib/armv6-m\libc_s.a(lib_a-mallocr.o)
                0x000031bc                _malloc_r
 .text.memchr   0x00003250       0x18 d:/siliconlabs/simplicitystudio/v2/developer/toolchains/gnu_arm/4.7_2013q1/bin/../lib/gcc/arm-none-eabi/4.7.3/../../../../arm-none-eabi/lib/armv6-m\libc_s.a(lib_a-memchr.o)
                0x00003250                memchr
 .text._realloc_r
                0x00003268       0x4c d:/siliconlabs/simplicitystudio/v2/developer/toolchains/gnu_arm/4.7_2013q1/bin/../lib/gcc/arm-none-eabi/4.7.3/../../../../arm-none-eabi/lib/armv6-m\libc_s.a(lib_a-reallocr.o)
                0x00003268                _realloc_r
 .text._sbrk_r  0x000032b4       0x24 d:/siliconlabs/simplicitystudio/v2/developer/toolchains/gnu_arm/4.7_2013q1/bin/../lib/gcc/arm-none-eabi/4.7.3/../../../../arm-none-eabi/lib/armv6-m\libc_s.a(lib_a-sbrkr.o)
                0x000032b4                _sbrk_r
 .text.strlen   0x000032d8        0xe d:/siliconlabs/simplicitystudio/v2/developer/toolchains/gnu_arm/4.7_2013q1/bin/../lib/gcc/arm-none-eabi/4.7.3/../../../../arm-none-eabi/lib/armv6-m\libc_s.a(lib_a-strlen.o)
                0x000032d8                strlen
 .text._malloc_usable_size_r
                0x000032e6       0x14 d:/siliconlabs/simplicitystudio/v2/developer/toolchains/gnu_arm/4.7_2013q1/bin/../lib/gcc/arm-none-eabi/4.7.3/../../../../arm-none-eabi/lib/armv6-m\libc_s.a(lib_a-msizer.o)
                0x000032e6                _malloc_usable_size_r
 *fill*         0x000032fa        0x2 00
 .text._sbrk    0x000032fc       0x38 d:/siliconlabs/simplicitystudio/v2/developer/toolchains/gnu_arm/4.7_2013q1/bin/../lib/gcc/arm-none-eabi/4.7.3/../../../../arm-none-eabi/lib/armv6-m\libnosys.a(sbrk.o)
                0x000032fc                _sbrk
 .text._exit    0x00003334        0x4 d:/siliconlabs/simplicitystudio/v2/developer/toolchains/gnu_arm/4.7_2013q1/bin/../lib/gcc/arm-none-eabi/4.7.3/../../../../arm-none-eabi/lib/armv6-m\libnosys.a(_exit.o)
                0x00003334                _exit
 *(.init)
 .init          0x00003338        0x4 d:/siliconlabs/simplicitystudio/v2/developer/toolchains/gnu_arm/4.7_2013q1/bin/../lib/gcc/arm-none-eabi/4.7.3/armv6-m/crti.o
                0x00003338                _init
 .init          0x0000333c        0x8 d:/siliconlabs/simplicitystudio/v2/developer/toolchains/gnu_arm/4.7_2013q1/bin/../lib/gcc/arm-none-eabi/4.7.3/armv6-m/crtn.o
 *(.fini)
 .fini          0x00003344        0x4 d:/siliconlabs/simplicitystudio/v2/developer/toolchains/gnu_arm/4.7_2013q1/bin/../lib/gcc/arm-none-eabi/4.7.3/armv6-m/crti.o
                0x00003344                _fini
 .fini          0x00003348        0x8 d:/siliconlabs/simplicitystudio/v2/developer/toolchains/gnu_arm/4.7_2013q1/bin/../lib/gcc/arm-none-eabi/4.7.3/armv6-m/crtn.o
 *crtbegin.o(.ctors)
 *crtbegin?.o(.ctors)
 *(EXCLUDE_FILE(*crtend.o *crtend?.o) .ctors)
 *(SORT(.ctors.*))
 *(.ctors)
 *crtbegin.o(.dtors)
 *crtbegin?.o(.dtors)
 *(EXCLUDE_FILE(*crtend.o *crtend?.o) .dtors)
 *(SORT(.dtors.*))
 *(.dtors)
 *(.rodata*)
 .rodata        0x00003350        0xc ./src/ucPeripheralDrivers/PWM_.o
 .rodata        0x0000335c        0x4 ./src/ucPeripheralDrivers/RTC_.o
 .rodata        0x00003360       0x10 ./src/ucPeripheralDrivers/i2c_connection.o
 .rodata.str1.4
                0x00003370       0x34 ./src/ucPeripheralDrivers/i2c_connection.o
 .rodata        0x000033a4       0x10 ./src/ucPeripheralDrivers/leuart_connection.o
 .rodata.str1.4
                0x000033b4       0x4c ./src/main.o
 .rodata.CMU_ClockEnable
                0x00003400       0x1c ./emlib/em_cmu.o
 .rodata.CMU_ClockSelectSet
                0x0000341c       0x50 ./emlib/em_cmu.o
 .rodata.CMU_OscillatorEnable
                0x0000346c       0x14 ./emlib/em_cmu.o
 .rodata.I2C_Transfer
                0x00003480       0x24 ./emlib/em_i2c.o
 .rodata.i2cNSum
                0x000034a4        0x4 ./emlib/em_i2c.o
 .rodata.str1.1
                0x000034a8        0x2 d:/siliconlabs/simplicitystudio/v2/developer/toolchains/gnu_arm/4.7_2013q1/bin/../lib/gcc/arm-none-eabi/4.7.3/../../../../arm-none-eabi/lib/armv6-m\libc_s.a(lib_a-impure.o)
 *fill*         0x000034aa        0x2 00
 .rodata._global_impure_ptr
                0x000034ac        0x4 d:/siliconlabs/simplicitystudio/v2/developer/toolchains/gnu_arm/4.7_2013q1/bin/../lib/gcc/arm-none-eabi/4.7.3/../../../../arm-none-eabi/lib/armv6-m\libc_s.a(lib_a-impure.o)
                0x000034ac                _global_impure_ptr
 .rodata.str1.1
                0x000034b0       0x11 d:/siliconlabs/simplicitystudio/v2/developer/toolchains/gnu_arm/4.7_2013q1/bin/../lib/gcc/arm-none-eabi/4.7.3/../../../../arm-none-eabi/lib/armv6-m\libc_s.a(lib_a-svfprintf.o)
 .rodata.str1.1
                0x000034c1       0x22 d:/siliconlabs/simplicitystudio/v2/developer/toolchains/gnu_arm/4.7_2013q1/bin/../lib/gcc/arm-none-eabi/4.7.3/../../../../arm-none-eabi/lib/armv6-m\libc_s.a(lib_a-vfprintf_i.o)
 *(.eh_frame*)
 *fill*         0x000034e3        0x1 00
 .eh_frame      0x000034e4        0x0 d:/siliconlabs/simplicitystudio/v2/developer/toolchains/gnu_arm/4.7_2013q1/bin/../lib/gcc/arm-none-eabi/4.7.3/armv6-m/crtbegin.o
 .eh_frame      0x000034e4        0x4 d:/siliconlabs/simplicitystudio/v2/developer/toolchains/gnu_arm/4.7_2013q1/bin/../lib/gcc/arm-none-eabi/4.7.3/armv6-m/crtend.o

.glue_7         0x000034e8        0x0
 .glue_7        0x00000000        0x0 linker stubs

.glue_7t        0x000034e8        0x0
 .glue_7t       0x00000000        0x0 linker stubs

.vfp11_veneer   0x000034e8        0x0
 .vfp11_veneer  0x00000000        0x0 linker stubs

.v4_bx          0x000034e8        0x0
 .v4_bx         0x00000000        0x0 linker stubs

.iplt           0x000034e8        0x0
 .iplt          0x00000000        0x0 d:/siliconlabs/simplicitystudio/v2/developer/toolchains/gnu_arm/4.7_2013q1/bin/../lib/gcc/arm-none-eabi/4.7.3/armv6-m/crtbegin.o

.ARM.extab
 *(.ARM.extab* .gnu.linkonce.armextab.*)
                0x000034e8                __exidx_start = .

.ARM.exidx      0x000034e8        0x8
 *(.ARM.exidx* .gnu.linkonce.armexidx.*)
 .ARM.exidx     0x000034e8        0x8 d:/siliconlabs/simplicitystudio/v2/developer/toolchains/gnu_arm/4.7_2013q1/bin/../lib/gcc/arm-none-eabi/4.7.3/../../../../arm-none-eabi/lib/armv6-m/crt0.o
 .ARM.exidx     0x000034f0        0x0 d:/siliconlabs/simplicitystudio/v2/developer/toolchains/gnu_arm/4.7_2013q1/bin/../lib/gcc/arm-none-eabi/4.7.3/armv6-m\libgcc.a(_divdi3.o)
                                  0x8 (size before relaxing)
 .ARM.exidx     0x000034f0        0x0 d:/siliconlabs/simplicitystudio/v2/developer/toolchains/gnu_arm/4.7_2013q1/bin/../lib/gcc/arm-none-eabi/4.7.3/armv6-m\libgcc.a(_udivdi3.o)
                                  0x8 (size before relaxing)
                0x000034f0                __exidx_end = .
                0x000034f0                __etext = .

.rel.dyn        0x000034f0        0x0
 .rel.iplt      0x00000000        0x0 d:/siliconlabs/simplicitystudio/v2/developer/toolchains/gnu_arm/4.7_2013q1/bin/../lib/gcc/arm-none-eabi/4.7.3/armv6-m/crtbegin.o

.data           0x20000000       0xbc load address 0x000034f0
                0x20000000                __data_start__ = .
 *(vtable)
 *(.data*)
 .data.mySinPattern
                0x20000000       0x44 ./src/main.o
                0x20000000                mySinPattern
 .data.SystemLFXOClock
                0x20000044        0x4 ./CMSIS/efm32zg/system_efm32zg.o
 .data.SystemHFXOClock
                0x20000048        0x4 ./CMSIS/efm32zg/system_efm32zg.o
 .data.impure_data
                0x2000004c       0x64 d:/siliconlabs/simplicitystudio/v2/developer/toolchains/gnu_arm/4.7_2013q1/bin/../lib/gcc/arm-none-eabi/4.7.3/../../../../arm-none-eabi/lib/armv6-m\libc_s.a(lib_a-impure.o)
 .data._impure_ptr
                0x200000b0        0x4 d:/siliconlabs/simplicitystudio/v2/developer/toolchains/gnu_arm/4.7_2013q1/bin/../lib/gcc/arm-none-eabi/4.7.3/../../../../arm-none-eabi/lib/armv6-m\libc_s.a(lib_a-impure.o)
                0x200000b0                _impure_ptr
                0x200000b4                . = ALIGN (0x4)
 *(.ram)
                0x200000b4                . = ALIGN (0x4)
                0x200000b4                PROVIDE (__preinit_array_start, .)
 *(.preinit_array)
                0x200000b4                PROVIDE (__preinit_array_end, .)
                0x200000b4                . = ALIGN (0x4)
                0x200000b4                PROVIDE (__init_array_start, .)
 *(SORT(.init_array.*))
 *(.init_array)
 .init_array    0x200000b4        0x4 d:/siliconlabs/simplicitystudio/v2/developer/toolchains/gnu_arm/4.7_2013q1/bin/../lib/gcc/arm-none-eabi/4.7.3/armv6-m/crtbegin.o
                0x200000b8                PROVIDE (__init_array_end, .)
                0x200000b8                . = ALIGN (0x4)
                0x200000b8                PROVIDE (__fini_array_start, .)
 *(SORT(.fini_array.*))
 *(.fini_array)
 .fini_array    0x200000b8        0x4 d:/siliconlabs/simplicitystudio/v2/developer/toolchains/gnu_arm/4.7_2013q1/bin/../lib/gcc/arm-none-eabi/4.7.3/armv6-m/crtbegin.o
                0x200000bc                PROVIDE (__fini_array_end, .)
                0x200000bc                . = ALIGN (0x4)
                0x200000bc                __data_end__ = .

.jcr            0x200000bc        0x0 load address 0x000035ac
 .jcr           0x200000bc        0x0 d:/siliconlabs/simplicitystudio/v2/developer/toolchains/gnu_arm/4.7_2013q1/bin/../lib/gcc/arm-none-eabi/4.7.3/armv6-m/crtbegin.o

.igot.plt       0x200000bc        0x0 load address 0x000035ac
 .igot.plt      0x00000000        0x0 d:/siliconlabs/simplicitystudio/v2/developer/toolchains/gnu_arm/4.7_2013q1/bin/../lib/gcc/arm-none-eabi/4.7.3/armv6-m/crtbegin.o

.bss            0x200000bc      0x298 load address 0x000035ac
                0x200000bc                __bss_start__ = .
 *(.bss*)
 .bss           0x200000bc       0x1c d:/siliconlabs/simplicitystudio/v2/developer/toolchains/gnu_arm/4.7_2013q1/bin/../lib/gcc/arm-none-eabi/4.7.3/armv6-m/crtbegin.o
 .bss.g_PWM_dutyCycle
                0x200000d8        0xc ./src/ucPeripheralDrivers/PWM_.o
 .bss.g_PWM_MainClockFrequency
                0x200000e4        0x4 ./src/ucPeripheralDrivers/PWM_.o
 .bss.g_PWM_Period
                0x200000e8        0x4 ./src/ucPeripheralDrivers/PWM_.o
 .bss.g_Devices
                0x200000ec        0x1 ./src/main.o
                0x200000ec                g_Devices
 *fill*         0x200000ed        0x3 00
 .bss.g_BD6210_Reverse_CCx
                0x200000f0        0x4 ./src/icDrivers/BD6210.o
 .bss.g_BD6210_Forward_CCx
                0x200000f4        0x4 ./src/icDrivers/BD6210.o
 .bss.g_BD6210_IsPatternPlaying
                0x200000f8        0x1 ./src/icDrivers/BD6210.o
 *fill*         0x200000f9        0x1 00
 .bss.g_BD6210_Pattern_SpeedTable_Lenght
                0x200000fa        0x2 ./src/icDrivers/BD6210/BD6210_patterns.o
                0x200000fa                g_BD6210_Pattern_SpeedTable_Lenght
 .bss.i_SpeedTable.7312
                0x200000fc        0x4 ./src/icDrivers/BD6210/BD6210_patterns.o
 .bss.cmuStatus
                0x20000100        0x2 ./emlib/em_emu.o
 *fill*         0x20000102        0x2 00
 .bss.i2cTransfer
                0x20000104        0xc ./emlib/em_i2c.o
 .bss.__malloc_free_list
                0x20000110        0x4 d:/siliconlabs/simplicitystudio/v2/developer/toolchains/gnu_arm/4.7_2013q1/bin/../lib/gcc/arm-none-eabi/4.7.3/../../../../arm-none-eabi/lib/armv6-m\libc_s.a(lib_a-mallocr.o)
                0x20000110                __malloc_free_list
 .bss.heap_end.4231
                0x20000114        0x4 d:/siliconlabs/simplicitystudio/v2/developer/toolchains/gnu_arm/4.7_2013q1/bin/../lib/gcc/arm-none-eabi/4.7.3/../../../../arm-none-eabi/lib/armv6-m\libnosys.a(sbrk.o)
 *(COMMON)
 COMMON         0x20000118       0x68 ./src/ucPeripheralDrivers/i2c_connection.o
                0x20000118                I2C_Status
                0x2000011c                i2c_registers
 COMMON         0x20000180       0x24 ./src/ucPeripheralDrivers/spi.o
                0x20000180                slaveRxBufferIndex
                0x20000184                masterRxBufferIndex
                0x20000188                slaveRxBuffer
                0x2000018c                slaveRxBufferSize
                0x20000190                masterRxBufferSize
                0x20000194                slaveTxBufferSize
                0x20000198                masterRxBuffer
                0x2000019c                slaveTxBuffer
                0x200001a0                slaveTxBufferIndex
 COMMON         0x200001a4      0x19c ./src/ucPeripheralDrivers/uart_connection.o
                0x200001a4                rxBuff
                0x2000033c                Uart_RxValidateFunction
 COMMON         0x20000340        0x8 ./src/icDrivers/BD6210.o
                0x20000340                g_BD6210_Pattern_Function
                0x20000344                g_BD6210_Repeat
                0x20000346                g_BD6210_Motor_MinSpeed
                0x20000347                g_BD6210_Motor_MaxSpeed
 COMMON         0x20000348        0x4 ./src/icDrivers/BD6210/BD6210_patterns.o
                0x20000348                g_BD6210_Pattern_SpeedTable
 COMMON         0x2000034c        0x4 ./CMSIS/efm32zg/system_efm32zg.o
                0x2000034c                SystemCoreClock
 COMMON         0x20000350        0x4 d:/siliconlabs/simplicitystudio/v2/developer/toolchains/gnu_arm/4.7_2013q1/bin/../lib/gcc/arm-none-eabi/4.7.3/../../../../arm-none-eabi/lib/armv6-m\libc_s.a(lib_a-reent.o)
                0x20000350                errno
                0x20000354                __bss_end__ = .

.heap           0x20000358        0x0
                0x20000358                __end__ = .
                0x20000358                end = __end__
                0x20000358                _end = __end__
 *(.heap*)
 .heap          0x20000358        0x0 ./CMSIS/efm32zg/startup_gcc_efm32zg.o
                0x20000358                __HeapLimit = .

.stack_dummy    0x20000358      0x400
 *(.stack)
 .stack         0x20000358      0x400 ./CMSIS/efm32zg/startup_gcc_efm32zg.o
                0x20001000                __StackTop = (ORIGIN (RAM) + 0x1000)
                0x20000c00                __StackLimit = (__StackTop - SIZEOF (.stack_dummy))
                0x20001000                PROVIDE (__stack, __StackTop)
                0x00000001                ASSERT ((__StackLimit >= __HeapLimit), region RAM overflowed with stack)
                0x00000001                ASSERT ((0x7800 >= (__etext + SIZEOF (.data))), FLASH memory overflowed !)
OUTPUT(UserInterface.axf elf32-littlearm)

.ARM.attributes
                0x00000000       0x28
 .ARM.attributes
                0x00000000       0x1e d:/siliconlabs/simplicitystudio/v2/developer/toolchains/gnu_arm/4.7_2013q1/bin/../lib/gcc/arm-none-eabi/4.7.3/armv6-m/crti.o
 .ARM.attributes
                0x0000001e       0x2c d:/siliconlabs/simplicitystudio/v2/developer/toolchains/gnu_arm/4.7_2013q1/bin/../lib/gcc/arm-none-eabi/4.7.3/armv6-m/crtbegin.o
 .ARM.attributes
                0x0000004a       0x1c d:/siliconlabs/simplicitystudio/v2/developer/toolchains/gnu_arm/4.7_2013q1/bin/../lib/gcc/arm-none-eabi/4.7.3/../../../../arm-none-eabi/lib/armv6-m/crt0.o
 .ARM.attributes
                0x00000066       0x32 ./src/ucPeripheralDrivers/PWM_.o
 .ARM.attributes
                0x00000098       0x32 ./src/ucPeripheralDrivers/RTC_.o
 .ARM.attributes
                0x000000ca       0x32 ./src/ucPeripheralDrivers/i2c_connection.o
 .ARM.attributes
                0x000000fc       0x32 ./src/ucPeripheralDrivers/leuart_connection.o
 .ARM.attributes
                0x0000012e       0x32 ./src/ucPeripheralDrivers/spi.o
 .ARM.attributes
                0x00000160       0x32 ./src/ucPeripheralDrivers/uart_connection.o
 .ARM.attributes
                0x00000192       0x32 ./src/main.o
 .ARM.attributes
                0x000001c4       0x32 ./src/icDrivers/BD6210.o
 .ARM.attributes
                0x000001f6       0x32 ./src/icDrivers/BD6210/BD6210_patterns.o
 .ARM.attributes
                0x00000228       0x32 ./emlib/em_cmu.o
 .ARM.attributes
                0x0000025a       0x32 ./emlib/em_dma.o
 .ARM.attributes
                0x0000028c       0x32 ./emlib/em_emu.o
 .ARM.attributes
                0x000002be       0x32 ./emlib/em_gpio.o
 .ARM.attributes
                0x000002f0       0x32 ./emlib/em_i2c.o
 .ARM.attributes
                0x00000322       0x32 ./emlib/em_leuart.o
 .ARM.attributes
                0x00000354       0x32 ./emlib/em_rtc.o
 .ARM.attributes
                0x00000386       0x32 ./emlib/em_timer.o
 .ARM.attributes
                0x000003b8       0x32 ./emlib/em_usart.o
 .ARM.attributes
                0x000003ea       0x1b ./CMSIS/efm32zg/startup_gcc_efm32zg.o
 .ARM.attributes
                0x00000405       0x32 ./CMSIS/efm32zg/system_efm32zg.o
 .ARM.attributes
                0x00000437       0x1e d:/siliconlabs/simplicitystudio/v2/developer/toolchains/gnu_arm/4.7_2013q1/bin/../lib/gcc/arm-none-eabi/4.7.3/armv6-m\libgcc.a(_udivsi3.o)
 .ARM.attributes
                0x00000455       0x1e d:/siliconlabs/simplicitystudio/v2/developer/toolchains/gnu_arm/4.7_2013q1/bin/../lib/gcc/arm-none-eabi/4.7.3/armv6-m\libgcc.a(_dvmd_tls.o)
 .ARM.attributes
                0x00000473       0x1e d:/siliconlabs/simplicitystudio/v2/developer/toolchains/gnu_arm/4.7_2013q1/bin/../lib/gcc/arm-none-eabi/4.7.3/armv6-m\libgcc.a(_aeabi_uldivmod.o)
 .ARM.attributes
                0x00000491       0x2c d:/siliconlabs/simplicitystudio/v2/developer/toolchains/gnu_arm/4.7_2013q1/bin/../lib/gcc/arm-none-eabi/4.7.3/armv6-m\libgcc.a(_muldi3.o)
 .ARM.attributes
                0x000004bd       0x2c d:/siliconlabs/simplicitystudio/v2/developer/toolchains/gnu_arm/4.7_2013q1/bin/../lib/gcc/arm-none-eabi/4.7.3/armv6-m\libgcc.a(bpabi.o)
 .ARM.attributes
                0x000004e9       0x2c d:/siliconlabs/simplicitystudio/v2/developer/toolchains/gnu_arm/4.7_2013q1/bin/../lib/gcc/arm-none-eabi/4.7.3/armv6-m\libgcc.a(_divdi3.o)
 .ARM.attributes
                0x00000515       0x2c d:/siliconlabs/simplicitystudio/v2/developer/toolchains/gnu_arm/4.7_2013q1/bin/../lib/gcc/arm-none-eabi/4.7.3/armv6-m\libgcc.a(_udivdi3.o)
 .ARM.attributes
                0x00000541       0x1e d:/siliconlabs/simplicitystudio/v2/developer/toolchains/gnu_arm/4.7_2013q1/bin/../lib/gcc/arm-none-eabi/4.7.3/armv6-m\libgcc.a(_clzsi2.o)
 .ARM.attributes
                0x0000055f       0x2c d:/siliconlabs/simplicitystudio/v2/developer/toolchains/gnu_arm/4.7_2013q1/bin/../lib/gcc/arm-none-eabi/4.7.3/../../../../arm-none-eabi/lib/armv6-m\libc_s.a(lib_a-__atexit2.o)
 .ARM.attributes
                0x0000058b       0x2c d:/siliconlabs/simplicitystudio/v2/developer/toolchains/gnu_arm/4.7_2013q1/bin/../lib/gcc/arm-none-eabi/4.7.3/../../../../arm-none-eabi/lib/armv6-m\libc_s.a(lib_a-exit.o)
 .ARM.attributes
                0x000005b7       0x2c d:/siliconlabs/simplicitystudio/v2/developer/toolchains/gnu_arm/4.7_2013q1/bin/../lib/gcc/arm-none-eabi/4.7.3/../../../../arm-none-eabi/lib/armv6-m\libc_s.a(lib_a-fini.o)
 .ARM.attributes
                0x000005e3       0x2c d:/siliconlabs/simplicitystudio/v2/developer/toolchains/gnu_arm/4.7_2013q1/bin/../lib/gcc/arm-none-eabi/4.7.3/../../../../arm-none-eabi/lib/armv6-m\libc_s.a(lib_a-impure.o)
 .ARM.attributes
                0x0000060f       0x2c d:/siliconlabs/simplicitystudio/v2/developer/toolchains/gnu_arm/4.7_2013q1/bin/../lib/gcc/arm-none-eabi/4.7.3/../../../../arm-none-eabi/lib/armv6-m\libc_s.a(lib_a-init.o)
 .ARM.attributes
                0x0000063b       0x2c d:/siliconlabs/simplicitystudio/v2/developer/toolchains/gnu_arm/4.7_2013q1/bin/../lib/gcc/arm-none-eabi/4.7.3/../../../../arm-none-eabi/lib/armv6-m\libc_s.a(lib_a-memcpy.o)
 .ARM.attributes
                0x00000667       0x2c d:/siliconlabs/simplicitystudio/v2/developer/toolchains/gnu_arm/4.7_2013q1/bin/../lib/gcc/arm-none-eabi/4.7.3/../../../../arm-none-eabi/lib/armv6-m\libc_s.a(lib_a-memset.o)
 .ARM.attributes
                0x00000693       0x2c d:/siliconlabs/simplicitystudio/v2/developer/toolchains/gnu_arm/4.7_2013q1/bin/../lib/gcc/arm-none-eabi/4.7.3/../../../../arm-none-eabi/lib/armv6-m\libc_s.a(lib_a-sprintf.o)
 .ARM.attributes
                0x000006bf       0x2c d:/siliconlabs/simplicitystudio/v2/developer/toolchains/gnu_arm/4.7_2013q1/bin/../lib/gcc/arm-none-eabi/4.7.3/../../../../arm-none-eabi/lib/armv6-m\libc_s.a(lib_a-svfprintf.o)
 .ARM.attributes
                0x000006eb       0x2c d:/siliconlabs/simplicitystudio/v2/developer/toolchains/gnu_arm/4.7_2013q1/bin/../lib/gcc/arm-none-eabi/4.7.3/../../../../arm-none-eabi/lib/armv6-m\libc_s.a(lib_a-vfprintf_i.o)
 .ARM.attributes
                0x00000717       0x2c d:/siliconlabs/simplicitystudio/v2/developer/toolchains/gnu_arm/4.7_2013q1/bin/../lib/gcc/arm-none-eabi/4.7.3/../../../../arm-none-eabi/lib/armv6-m\libc_s.a(lib_a-freer.o)
 .ARM.attributes
                0x00000743       0x2c d:/siliconlabs/simplicitystudio/v2/developer/toolchains/gnu_arm/4.7_2013q1/bin/../lib/gcc/arm-none-eabi/4.7.3/../../../../arm-none-eabi/lib/armv6-m\libc_s.a(lib_a-mallocr.o)
 .ARM.attributes
                0x0000076f       0x2c d:/siliconlabs/simplicitystudio/v2/developer/toolchains/gnu_arm/4.7_2013q1/bin/../lib/gcc/arm-none-eabi/4.7.3/../../../../arm-none-eabi/lib/armv6-m\libc_s.a(lib_a-memchr.o)
 .ARM.attributes
                0x0000079b       0x2c d:/siliconlabs/simplicitystudio/v2/developer/toolchains/gnu_arm/4.7_2013q1/bin/../lib/gcc/arm-none-eabi/4.7.3/../../../../arm-none-eabi/lib/armv6-m\libc_s.a(lib_a-reallocr.o)
 .ARM.attributes
                0x000007c7       0x2c d:/siliconlabs/simplicitystudio/v2/developer/toolchains/gnu_arm/4.7_2013q1/bin/../lib/gcc/arm-none-eabi/4.7.3/../../../../arm-none-eabi/lib/armv6-m\libc_s.a(lib_a-sbrkr.o)
 .ARM.attributes
                0x000007f3       0x2c d:/siliconlabs/simplicitystudio/v2/developer/toolchains/gnu_arm/4.7_2013q1/bin/../lib/gcc/arm-none-eabi/4.7.3/../../../../arm-none-eabi/lib/armv6-m\libc_s.a(lib_a-strlen.o)
 .ARM.attributes
                0x0000081f       0x2c d:/siliconlabs/simplicitystudio/v2/developer/toolchains/gnu_arm/4.7_2013q1/bin/../lib/gcc/arm-none-eabi/4.7.3/../../../../arm-none-eabi/lib/armv6-m\libc_s.a(lib_a-msizer.o)
 .ARM.attributes
                0x0000084b       0x2c d:/siliconlabs/simplicitystudio/v2/developer/toolchains/gnu_arm/4.7_2013q1/bin/../lib/gcc/arm-none-eabi/4.7.3/../../../../arm-none-eabi/lib/armv6-m\libc_s.a(lib_a-reent.o)
 .ARM.attributes
                0x00000877       0x2c d:/siliconlabs/simplicitystudio/v2/developer/toolchains/gnu_arm/4.7_2013q1/bin/../lib/gcc/arm-none-eabi/4.7.3/../../../../arm-none-eabi/lib/armv6-m\libnosys.a(sbrk.o)
 .ARM.attributes
                0x000008a3       0x2c d:/siliconlabs/simplicitystudio/v2/developer/toolchains/gnu_arm/4.7_2013q1/bin/../lib/gcc/arm-none-eabi/4.7.3/../../../../arm-none-eabi/lib/armv6-m\libnosys.a(_exit.o)
 .ARM.attributes
                0x000008cf       0x2c d:/siliconlabs/simplicitystudio/v2/developer/toolchains/gnu_arm/4.7_2013q1/bin/../lib/gcc/arm-none-eabi/4.7.3/armv6-m/crtend.o
 .ARM.attributes
                0x000008fb       0x1e d:/siliconlabs/simplicitystudio/v2/developer/toolchains/gnu_arm/4.7_2013q1/bin/../lib/gcc/arm-none-eabi/4.7.3/armv6-m/crtn.o

.comment        0x00000000       0x70
 .comment       0x00000000       0x70 ./src/ucPeripheralDrivers/PWM_.o
                                 0x71 (size before relaxing)
 .comment       0x00000000       0x71 ./src/ucPeripheralDrivers/RTC_.o
 .comment       0x00000000       0x71 ./src/ucPeripheralDrivers/i2c_connection.o
 .comment       0x00000000       0x71 ./src/ucPeripheralDrivers/leuart_connection.o
 .comment       0x00000000       0x71 ./src/ucPeripheralDrivers/spi.o
 .comment       0x00000000       0x71 ./src/ucPeripheralDrivers/uart_connection.o
 .comment       0x00000000       0x71 ./src/main.o
 .comment       0x00000000       0x71 ./src/icDrivers/BD6210.o
 .comment       0x00000000       0x71 ./src/icDrivers/BD6210/BD6210_patterns.o
 .comment       0x00000000       0x71 ./emlib/em_cmu.o
 .comment       0x00000000       0x71 ./emlib/em_dma.o
 .comment       0x00000000       0x71 ./emlib/em_emu.o
 .comment       0x00000000       0x71 ./emlib/em_gpio.o
 .comment       0x00000000       0x71 ./emlib/em_i2c.o
 .comment       0x00000000       0x71 ./emlib/em_leuart.o
 .comment       0x00000000       0x71 ./emlib/em_rtc.o
 .comment       0x00000000       0x71 ./emlib/em_timer.o
 .comment       0x00000000       0x71 ./emlib/em_usart.o
 .comment       0x00000000       0x71 ./CMSIS/efm32zg/system_efm32zg.o

.debug_info     0x00000000     0xc0fb
 .debug_info    0x00000000      0xc3a ./src/ucPeripheralDrivers/PWM_.o
 .debug_info    0x00000c3a      0x805 ./src/ucPeripheralDrivers/RTC_.o
 .debug_info    0x0000143f      0xf46 ./src/ucPeripheralDrivers/i2c_connection.o
 .debug_info    0x00002385      0x6d4 ./src/ucPeripheralDrivers/leuart_connection.o
 .debug_info    0x00002a59      0x981 ./src/ucPeripheralDrivers/spi.o
 .debug_info    0x000033da      0xb8b ./src/ucPeripheralDrivers/uart_connection.o
 .debug_info    0x00003f65      0xf9d ./src/main.o
 .debug_info    0x00004f02      0x730 ./src/icDrivers/BD6210.o
 .debug_info    0x00005632      0x299 ./src/icDrivers/BD6210/BD6210_patterns.o
 .debug_info    0x000058cb     0x16d7 ./emlib/em_cmu.o
 .debug_info    0x00006fa2     0x1269 ./emlib/em_dma.o
 .debug_info    0x0000820b      0x617 ./emlib/em_emu.o
 .debug_info    0x00008822      0x579 ./emlib/em_gpio.o
 .debug_info    0x00008d9b      0x8c7 ./emlib/em_i2c.o
 .debug_info    0x00009662      0xac8 ./emlib/em_leuart.o
 .debug_info    0x0000a12a      0x3f5 ./emlib/em_rtc.o
 .debug_info    0x0000a51f      0x5ee ./emlib/em_timer.o
 .debug_info    0x0000ab0d     0x105c ./emlib/em_usart.o
 .debug_info    0x0000bb69       0xa5 ./CMSIS/efm32zg/startup_gcc_efm32zg.o
 .debug_info    0x0000bc0e      0x4ed ./CMSIS/efm32zg/system_efm32zg.o

.debug_abbrev   0x00000000     0x2df3
 .debug_abbrev  0x00000000      0x2b7 ./src/ucPeripheralDrivers/PWM_.o
 .debug_abbrev  0x000002b7      0x26c ./src/ucPeripheralDrivers/RTC_.o
 .debug_abbrev  0x00000523      0x352 ./src/ucPeripheralDrivers/i2c_connection.o
 .debug_abbrev  0x00000875      0x1df ./src/ucPeripheralDrivers/leuart_connection.o
 .debug_abbrev  0x00000a54      0x27e ./src/ucPeripheralDrivers/spi.o
 .debug_abbrev  0x00000cd2      0x2c5 ./src/ucPeripheralDrivers/uart_connection.o
 .debug_abbrev  0x00000f97      0x313 ./src/main.o
 .debug_abbrev  0x000012aa      0x210 ./src/icDrivers/BD6210.o
 .debug_abbrev  0x000014ba      0x117 ./src/icDrivers/BD6210/BD6210_patterns.o
 .debug_abbrev  0x000015d1      0x35c ./emlib/em_cmu.o
 .debug_abbrev  0x0000192d      0x328 ./emlib/em_dma.o
 .debug_abbrev  0x00001c55      0x1fd ./emlib/em_emu.o
 .debug_abbrev  0x00001e52      0x1c1 ./emlib/em_gpio.o
 .debug_abbrev  0x00002013      0x2d0 ./emlib/em_i2c.o
 .debug_abbrev  0x000022e3      0x2da ./emlib/em_leuart.o
 .debug_abbrev  0x000025bd      0x224 ./emlib/em_rtc.o
 .debug_abbrev  0x000027e1      0x149 ./emlib/em_timer.o
 .debug_abbrev  0x0000292a      0x2f5 ./emlib/em_usart.o
 .debug_abbrev  0x00002c1f       0x14 ./CMSIS/efm32zg/startup_gcc_efm32zg.o
 .debug_abbrev  0x00002c33      0x1c0 ./CMSIS/efm32zg/system_efm32zg.o

.debug_loc      0x00000000     0x6743
 .debug_loc     0x00000000      0x234 ./src/ucPeripheralDrivers/PWM_.o
 .debug_loc     0x00000234       0x8d ./src/ucPeripheralDrivers/RTC_.o
 .debug_loc     0x000002c1      0x60a ./src/ucPeripheralDrivers/i2c_connection.o
 .debug_loc     0x000008cb       0xf7 ./src/ucPeripheralDrivers/leuart_connection.o
 .debug_loc     0x000009c2      0x2ac ./src/ucPeripheralDrivers/spi.o
 .debug_loc     0x00000c6e       0xf6 ./src/ucPeripheralDrivers/uart_connection.o
 .debug_loc     0x00000d64      0x365 ./src/main.o
 .debug_loc     0x000010c9      0x388 ./src/icDrivers/BD6210.o
 .debug_loc     0x00001451      0x168 ./src/icDrivers/BD6210/BD6210_patterns.o
 .debug_loc     0x000015b9     0x18a8 ./emlib/em_cmu.o
 .debug_loc     0x00002e61      0xf45 ./emlib/em_dma.o
 .debug_loc     0x00003da6      0x141 ./emlib/em_emu.o
 .debug_loc     0x00003ee7      0x312 ./emlib/em_gpio.o
 .debug_loc     0x000041f9      0x9f4 ./emlib/em_i2c.o
 .debug_loc     0x00004bed      0x7aa ./emlib/em_leuart.o
 .debug_loc     0x00005397      0x176 ./emlib/em_rtc.o
 .debug_loc     0x0000550d       0xe8 ./emlib/em_timer.o
 .debug_loc     0x000055f5      0xd30 ./emlib/em_usart.o
 .debug_loc     0x00006325      0x41e ./CMSIS/efm32zg/system_efm32zg.o

.debug_aranges  0x00000000      0x6c0
 .debug_aranges
                0x00000000       0x38 ./src/ucPeripheralDrivers/PWM_.o
 .debug_aranges
                0x00000038       0x48 ./src/ucPeripheralDrivers/RTC_.o
 .debug_aranges
                0x00000080       0x58 ./src/ucPeripheralDrivers/i2c_connection.o
 .debug_aranges
                0x000000d8       0x30 ./src/ucPeripheralDrivers/leuart_connection.o
 .debug_aranges
                0x00000108       0x40 ./src/ucPeripheralDrivers/spi.o
 .debug_aranges
                0x00000148       0x48 ./src/ucPeripheralDrivers/uart_connection.o
 .debug_aranges
                0x00000190       0x58 ./src/main.o
 .debug_aranges
                0x000001e8       0x50 ./src/icDrivers/BD6210.o
 .debug_aranges
                0x00000238       0x40 ./src/icDrivers/BD6210/BD6210_patterns.o
 .debug_aranges
                0x00000278       0xc8 ./emlib/em_cmu.o
 .debug_aranges
                0x00000340       0x80 ./emlib/em_dma.o
 .debug_aranges
                0x000003c0       0x40 ./emlib/em_emu.o
 .debug_aranges
                0x00000400       0x38 ./emlib/em_gpio.o
 .debug_aranges
                0x00000438       0x50 ./emlib/em_i2c.o
 .debug_aranges
                0x00000488       0x80 ./emlib/em_leuart.o
 .debug_aranges
                0x00000508       0x50 ./emlib/em_rtc.o
 .debug_aranges
                0x00000558       0x30 ./emlib/em_timer.o
 .debug_aranges
                0x00000588       0xb8 ./emlib/em_usart.o
 .debug_aranges
                0x00000640       0x20 ./CMSIS/efm32zg/startup_gcc_efm32zg.o
 .debug_aranges
                0x00000660       0x60 ./CMSIS/efm32zg/system_efm32zg.o

.debug_ranges   0x00000000     0x1608
 .debug_ranges  0x00000000      0x1e0 ./src/ucPeripheralDrivers/PWM_.o
 .debug_ranges  0x000001e0       0x88 ./src/ucPeripheralDrivers/RTC_.o
 .debug_ranges  0x00000268      0x100 ./src/ucPeripheralDrivers/i2c_connection.o
 .debug_ranges  0x00000368       0x38 ./src/ucPeripheralDrivers/leuart_connection.o
 .debug_ranges  0x000003a0       0xb8 ./src/ucPeripheralDrivers/spi.o
 .debug_ranges  0x00000458       0x88 ./src/ucPeripheralDrivers/uart_connection.o
 .debug_ranges  0x000004e0      0x368 ./src/main.o
 .debug_ranges  0x00000848       0x40 ./src/icDrivers/BD6210.o
 .debug_ranges  0x00000888       0x30 ./src/icDrivers/BD6210/BD6210_patterns.o
 .debug_ranges  0x000008b8      0x508 ./emlib/em_cmu.o
 .debug_ranges  0x00000dc0      0x210 ./emlib/em_dma.o
 .debug_ranges  0x00000fd0       0x48 ./emlib/em_emu.o
 .debug_ranges  0x00001018       0x58 ./emlib/em_gpio.o
 .debug_ranges  0x00001070       0xc0 ./emlib/em_i2c.o
 .debug_ranges  0x00001130      0x130 ./emlib/em_leuart.o
 .debug_ranges  0x00001260       0xb8 ./emlib/em_rtc.o
 .debug_ranges  0x00001318       0x20 ./emlib/em_timer.o
 .debug_ranges  0x00001338      0x1a0 ./emlib/em_usart.o
 .debug_ranges  0x000014d8      0x130 ./CMSIS/efm32zg/system_efm32zg.o

.debug_line     0x00000000     0x3fba
 .debug_line    0x00000000      0x301 ./src/ucPeripheralDrivers/PWM_.o
 .debug_line    0x00000301      0x2d7 ./src/ucPeripheralDrivers/RTC_.o
 .debug_line    0x000005d8      0x3de ./src/ucPeripheralDrivers/i2c_connection.o
 .debug_line    0x000009b6      0x22b ./src/ucPeripheralDrivers/leuart_connection.o
 .debug_line    0x00000be1      0x340 ./src/ucPeripheralDrivers/spi.o
 .debug_line    0x00000f21      0x358 ./src/ucPeripheralDrivers/uart_connection.o
 .debug_line    0x00001279      0x49e ./src/main.o
 .debug_line    0x00001717      0x289 ./src/icDrivers/BD6210.o
 .debug_line    0x000019a0      0x198 ./src/icDrivers/BD6210/BD6210_patterns.o
 .debug_line    0x00001b38      0x734 ./emlib/em_cmu.o
 .debug_line    0x0000226c      0x50c ./emlib/em_dma.o
 .debug_line    0x00002778      0x2ef ./emlib/em_emu.o
 .debug_line    0x00002a67      0x20c ./emlib/em_gpio.o
 .debug_line    0x00002c73      0x39c ./emlib/em_i2c.o
 .debug_line    0x0000300f      0x379 ./emlib/em_leuart.o
 .debug_line    0x00003388      0x23f ./emlib/em_rtc.o
 .debug_line    0x000035c7      0x1f8 ./emlib/em_timer.o
 .debug_line    0x000037bf      0x4e0 ./emlib/em_usart.o
 .debug_line    0x00003c9f       0x85 ./CMSIS/efm32zg/startup_gcc_efm32zg.o
 .debug_line    0x00003d24      0x296 ./CMSIS/efm32zg/system_efm32zg.o

.debug_str      0x00000000     0x33a2
 .debug_str     0x00000000      0x92e ./src/ucPeripheralDrivers/PWM_.o
                                0x994 (size before relaxing)
 .debug_str     0x0000092e      0x3ac ./src/ucPeripheralDrivers/RTC_.o
                                0x677 (size before relaxing)
 .debug_str     0x00000cda      0x583 ./src/ucPeripheralDrivers/i2c_connection.o
                                0x8b0 (size before relaxing)
 .debug_str     0x0000125d      0x270 ./src/ucPeripheralDrivers/leuart_connection.o
                                0x74d (size before relaxing)
 .debug_str     0x000014cd      0x1f8 ./src/ucPeripheralDrivers/spi.o
                                0x6ec (size before relaxing)
 .debug_str     0x000016c5      0x3cb ./src/ucPeripheralDrivers/uart_connection.o
                                0xb06 (size before relaxing)
 .debug_str     0x00001a90      0x1f0 ./src/main.o
                                0x8a7 (size before relaxing)
 .debug_str     0x00001c80      0x158 ./src/icDrivers/BD6210.o
                                0x622 (size before relaxing)
 .debug_str     0x00001dd8       0xe8 ./src/icDrivers/BD6210/BD6210_patterns.o
                                0x2bc (size before relaxing)
 .debug_str     0x00001ec0      0x5e3 ./emlib/em_cmu.o
                                0xa5f (size before relaxing)
 .debug_str     0x000024a3      0x52d ./emlib/em_dma.o
                                0x9b8 (size before relaxing)
 .debug_str     0x000029d0       0xa8 ./emlib/em_emu.o
                                0x37d (size before relaxing)
 .debug_str     0x00002a78       0xc3 ./emlib/em_gpio.o
                                0x4d4 (size before relaxing)
 .debug_str     0x00002b3b      0x18a ./emlib/em_i2c.o
                                0x617 (size before relaxing)
 .debug_str     0x00002cc5      0x100 ./emlib/em_leuart.o
                                0x5c2 (size before relaxing)
 .debug_str     0x00002dc5       0x6b ./emlib/em_rtc.o
                                0x250 (size before relaxing)
 .debug_str     0x00002e30       0x20 ./emlib/em_timer.o
                                0x65f (size before relaxing)
 .debug_str     0x00002e50      0x4bc ./emlib/em_usart.o
                                0xb35 (size before relaxing)
 .debug_str     0x0000330c       0x96 ./CMSIS/efm32zg/system_efm32zg.o
                                0x362 (size before relaxing)

.debug_frame    0x00000000     0x154c
 .debug_frame   0x00000000       0x7c ./src/ucPeripheralDrivers/PWM_.o
 .debug_frame   0x0000007c       0x8c ./src/ucPeripheralDrivers/RTC_.o
 .debug_frame   0x00000108      0x114 ./src/ucPeripheralDrivers/i2c_connection.o
 .debug_frame   0x0000021c       0x64 ./src/ucPeripheralDrivers/leuart_connection.o
 .debug_frame   0x00000280       0x84 ./src/ucPeripheralDrivers/spi.o
 .debug_frame   0x00000304       0xa0 ./src/ucPeripheralDrivers/uart_connection.o
 .debug_frame   0x000003a4       0xd4 ./src/main.o
 .debug_frame   0x00000478       0xc0 ./src/icDrivers/BD6210.o
 .debug_frame   0x00000538       0x84 ./src/icDrivers/BD6210/BD6210_patterns.o
 .debug_frame   0x000005bc      0x200 ./emlib/em_cmu.o
 .debug_frame   0x000007bc      0x194 ./emlib/em_dma.o
 .debug_frame   0x00000950       0x78 ./emlib/em_emu.o
 .debug_frame   0x000009c8       0x84 ./emlib/em_gpio.o
 .debug_frame   0x00000a4c       0xc8 ./emlib/em_i2c.o
 .debug_frame   0x00000b14      0x158 ./emlib/em_leuart.o
 .debug_frame   0x00000c6c       0xa0 ./emlib/em_rtc.o
 .debug_frame   0x00000d0c       0x58 ./emlib/em_timer.o
 .debug_frame   0x00000d64      0x218 ./emlib/em_usart.o
 .debug_frame   0x00000f7c       0xc0 ./CMSIS/efm32zg/system_efm32zg.o
 .debug_frame   0x0000103c       0x20 d:/siliconlabs/simplicitystudio/v2/developer/toolchains/gnu_arm/4.7_2013q1/bin/../lib/gcc/arm-none-eabi/4.7.3/armv6-m\libgcc.a(_udivsi3.o)
 .debug_frame   0x0000105c       0x30 d:/siliconlabs/simplicitystudio/v2/developer/toolchains/gnu_arm/4.7_2013q1/bin/../lib/gcc/arm-none-eabi/4.7.3/armv6-m\libgcc.a(_muldi3.o)
 .debug_frame   0x0000108c       0x60 d:/siliconlabs/simplicitystudio/v2/developer/toolchains/gnu_arm/4.7_2013q1/bin/../lib/gcc/arm-none-eabi/4.7.3/armv6-m\libgcc.a(bpabi.o)
 .debug_frame   0x000010ec       0x3c d:/siliconlabs/simplicitystudio/v2/developer/toolchains/gnu_arm/4.7_2013q1/bin/../lib/gcc/arm-none-eabi/4.7.3/armv6-m\libgcc.a(_divdi3.o)
 .debug_frame   0x00001128       0x3c d:/siliconlabs/simplicitystudio/v2/developer/toolchains/gnu_arm/4.7_2013q1/bin/../lib/gcc/arm-none-eabi/4.7.3/armv6-m\libgcc.a(_udivdi3.o)
 .debug_frame   0x00001164       0x28 d:/siliconlabs/simplicitystudio/v2/developer/toolchains/gnu_arm/4.7_2013q1/bin/../lib/gcc/arm-none-eabi/4.7.3/../../../../arm-none-eabi/lib/armv6-m\libc_s.a(lib_a-__atexit2.o)
 .debug_frame   0x0000118c       0x28 d:/siliconlabs/simplicitystudio/v2/developer/toolchains/gnu_arm/4.7_2013q1/bin/../lib/gcc/arm-none-eabi/4.7.3/../../../../arm-none-eabi/lib/armv6-m\libc_s.a(lib_a-exit.o)
 .debug_frame   0x000011b4       0x2c d:/siliconlabs/simplicitystudio/v2/developer/toolchains/gnu_arm/4.7_2013q1/bin/../lib/gcc/arm-none-eabi/4.7.3/../../../../arm-none-eabi/lib/armv6-m\libc_s.a(lib_a-fini.o)
 .debug_frame   0x000011e0       0x2c d:/siliconlabs/simplicitystudio/v2/developer/toolchains/gnu_arm/4.7_2013q1/bin/../lib/gcc/arm-none-eabi/4.7.3/../../../../arm-none-eabi/lib/armv6-m\libc_s.a(lib_a-init.o)
 .debug_frame   0x0000120c       0x28 d:/siliconlabs/simplicitystudio/v2/developer/toolchains/gnu_arm/4.7_2013q1/bin/../lib/gcc/arm-none-eabi/4.7.3/../../../../arm-none-eabi/lib/armv6-m\libc_s.a(lib_a-memcpy.o)
 .debug_frame   0x00001234       0x28 d:/siliconlabs/simplicitystudio/v2/developer/toolchains/gnu_arm/4.7_2013q1/bin/../lib/gcc/arm-none-eabi/4.7.3/../../../../arm-none-eabi/lib/armv6-m\libc_s.a(lib_a-memset.o)
 .debug_frame   0x0000125c       0x4c d:/siliconlabs/simplicitystudio/v2/developer/toolchains/gnu_arm/4.7_2013q1/bin/../lib/gcc/arm-none-eabi/4.7.3/../../../../arm-none-eabi/lib/armv6-m\libc_s.a(lib_a-sprintf.o)
 .debug_frame   0x000012a8       0x78 d:/siliconlabs/simplicitystudio/v2/developer/toolchains/gnu_arm/4.7_2013q1/bin/../lib/gcc/arm-none-eabi/4.7.3/../../../../arm-none-eabi/lib/armv6-m\libc_s.a(lib_a-svfprintf.o)
 .debug_frame   0x00001320       0x54 d:/siliconlabs/simplicitystudio/v2/developer/toolchains/gnu_arm/4.7_2013q1/bin/../lib/gcc/arm-none-eabi/4.7.3/../../../../arm-none-eabi/lib/armv6-m\libc_s.a(lib_a-vfprintf_i.o)
 .debug_frame   0x00001374       0x2c d:/siliconlabs/simplicitystudio/v2/developer/toolchains/gnu_arm/4.7_2013q1/bin/../lib/gcc/arm-none-eabi/4.7.3/../../../../arm-none-eabi/lib/armv6-m\libc_s.a(lib_a-freer.o)
 .debug_frame   0x000013a0       0x2c d:/siliconlabs/simplicitystudio/v2/developer/toolchains/gnu_arm/4.7_2013q1/bin/../lib/gcc/arm-none-eabi/4.7.3/../../../../arm-none-eabi/lib/armv6-m\libc_s.a(lib_a-mallocr.o)
 .debug_frame   0x000013cc       0x28 d:/siliconlabs/simplicitystudio/v2/developer/toolchains/gnu_arm/4.7_2013q1/bin/../lib/gcc/arm-none-eabi/4.7.3/../../../../arm-none-eabi/lib/armv6-m\libc_s.a(lib_a-memchr.o)
 .debug_frame   0x000013f4       0x30 d:/siliconlabs/simplicitystudio/v2/developer/toolchains/gnu_arm/4.7_2013q1/bin/../lib/gcc/arm-none-eabi/4.7.3/../../../../arm-none-eabi/lib/armv6-m\libc_s.a(lib_a-reallocr.o)
 .debug_frame   0x00001424       0x2c d:/siliconlabs/simplicitystudio/v2/developer/toolchains/gnu_arm/4.7_2013q1/bin/../lib/gcc/arm-none-eabi/4.7.3/../../../../arm-none-eabi/lib/armv6-m\libc_s.a(lib_a-sbrkr.o)
 .debug_frame   0x00001450       0x20 d:/siliconlabs/simplicitystudio/v2/developer/toolchains/gnu_arm/4.7_2013q1/bin/../lib/gcc/arm-none-eabi/4.7.3/../../../../arm-none-eabi/lib/armv6-m\libc_s.a(lib_a-strlen.o)
 .debug_frame   0x00001470       0x28 d:/siliconlabs/simplicitystudio/v2/developer/toolchains/gnu_arm/4.7_2013q1/bin/../lib/gcc/arm-none-eabi/4.7.3/../../../../arm-none-eabi/lib/armv6-m\libc_s.a(lib_a-msizer.o)
 .debug_frame   0x00001498       0x64 d:/siliconlabs/simplicitystudio/v2/developer/toolchains/gnu_arm/4.7_2013q1/bin/../lib/gcc/arm-none-eabi/4.7.3/../../../../arm-none-eabi/lib/armv6-m\libc_s.a(lib_a-reent.o)
 .debug_frame   0x000014fc       0x28 d:/siliconlabs/simplicitystudio/v2/developer/toolchains/gnu_arm/4.7_2013q1/bin/../lib/gcc/arm-none-eabi/4.7.3/../../../../arm-none-eabi/lib/armv6-m\libnosys.a(sbrk.o)
 .debug_frame   0x00001524       0x28 d:/siliconlabs/simplicitystudio/v2/developer/toolchains/gnu_arm/4.7_2013q1/bin/../lib/gcc/arm-none-eabi/4.7.3/../../../../arm-none-eabi/lib/armv6-m\libnosys.a(_exit.o)
