Archive member included because of file (symbol)

d:/siliconlabs/simplicitystudio/v2/developer/toolchains/gnu_arm/4.7_2013q1/bin/../lib/gcc/arm-none-eabi/4.7.3/armv6-m\libgcc.a(_udivsi3.o)
                              ./src/ucPeripheralDrivers/RTC_.o (__aeabi_uidiv)
d:/siliconlabs/simplicitystudio/v2/developer/toolchains/gnu_arm/4.7_2013q1/bin/../lib/gcc/arm-none-eabi/4.7.3/armv6-m\libgcc.a(_dvmd_tls.o)
                              d:/siliconlabs/simplicitystudio/v2/developer/toolchains/gnu_arm/4.7_2013q1/bin/../lib/gcc/arm-none-eabi/4.7.3/armv6-m\libgcc.a(_udivsi3.o) (__aeabi_idiv0)
d:/siliconlabs/simplicitystudio/v2/developer/toolchains/gnu_arm/4.7_2013q1/bin/../lib/gcc/arm-none-eabi/4.7.3/../../../../arm-none-eabi/lib/armv6-m\libc_s.a(lib_a-__atexit2.o)
                              d:/siliconlabs/simplicitystudio/v2/developer/toolchains/gnu_arm/4.7_2013q1/bin/../lib/gcc/arm-none-eabi/4.7.3/../../../../arm-none-eabi/lib/armv6-m/crt0.o (__register_exitproc)
d:/siliconlabs/simplicitystudio/v2/developer/toolchains/gnu_arm/4.7_2013q1/bin/../lib/gcc/arm-none-eabi/4.7.3/../../../../arm-none-eabi/lib/armv6-m\libc_s.a(lib_a-exit.o)
                              d:/siliconlabs/simplicitystudio/v2/developer/toolchains/gnu_arm/4.7_2013q1/bin/../lib/gcc/arm-none-eabi/4.7.3/../../../../arm-none-eabi/lib/armv6-m/crt0.o (exit)
d:/siliconlabs/simplicitystudio/v2/developer/toolchains/gnu_arm/4.7_2013q1/bin/../lib/gcc/arm-none-eabi/4.7.3/../../../../arm-none-eabi/lib/armv6-m\libc_s.a(lib_a-fini.o)
                              d:/siliconlabs/simplicitystudio/v2/developer/toolchains/gnu_arm/4.7_2013q1/bin/../lib/gcc/arm-none-eabi/4.7.3/../../../../arm-none-eabi/lib/armv6-m/crt0.o (__libc_fini_array)
d:/siliconlabs/simplicitystudio/v2/developer/toolchains/gnu_arm/4.7_2013q1/bin/../lib/gcc/arm-none-eabi/4.7.3/../../../../arm-none-eabi/lib/armv6-m\libc_s.a(lib_a-impure.o)
                              d:/siliconlabs/simplicitystudio/v2/developer/toolchains/gnu_arm/4.7_2013q1/bin/../lib/gcc/arm-none-eabi/4.7.3/../../../../arm-none-eabi/lib/armv6-m\libc_s.a(lib_a-exit.o) (_global_impure_ptr)
d:/siliconlabs/simplicitystudio/v2/developer/toolchains/gnu_arm/4.7_2013q1/bin/../lib/gcc/arm-none-eabi/4.7.3/../../../../arm-none-eabi/lib/armv6-m\libc_s.a(lib_a-init.o)
                              d:/siliconlabs/simplicitystudio/v2/developer/toolchains/gnu_arm/4.7_2013q1/bin/../lib/gcc/arm-none-eabi/4.7.3/../../../../arm-none-eabi/lib/armv6-m/crt0.o (__libc_init_array)
d:/siliconlabs/simplicitystudio/v2/developer/toolchains/gnu_arm/4.7_2013q1/bin/../lib/gcc/arm-none-eabi/4.7.3/../../../../arm-none-eabi/lib/armv6-m\libc_s.a(lib_a-memcpy.o)
                              ./src/ucPeripheralDrivers/RTC_.o (memcpy)
d:/siliconlabs/simplicitystudio/v2/developer/toolchains/gnu_arm/4.7_2013q1/bin/../lib/gcc/arm-none-eabi/4.7.3/../../../../arm-none-eabi/lib/armv6-m\libc_s.a(lib_a-memset.o)
                              d:/siliconlabs/simplicitystudio/v2/developer/toolchains/gnu_arm/4.7_2013q1/bin/../lib/gcc/arm-none-eabi/4.7.3/../../../../arm-none-eabi/lib/armv6-m/crt0.o (memset)
d:/siliconlabs/simplicitystudio/v2/developer/toolchains/gnu_arm/4.7_2013q1/bin/../lib/gcc/arm-none-eabi/4.7.3/../../../../arm-none-eabi/lib/armv6-m\libc_s.a(lib_a-sprintf.o)
                              ./src/ucPeripheralDrivers/i2c_connection.o (sprintf)
d:/siliconlabs/simplicitystudio/v2/developer/toolchains/gnu_arm/4.7_2013q1/bin/../lib/gcc/arm-none-eabi/4.7.3/../../../../arm-none-eabi/lib/armv6-m\libc_s.a(lib_a-svfprintf.o)
                              d:/siliconlabs/simplicitystudio/v2/developer/toolchains/gnu_arm/4.7_2013q1/bin/../lib/gcc/arm-none-eabi/4.7.3/../../../../arm-none-eabi/lib/armv6-m\libc_s.a(lib_a-sprintf.o) (_svfprintf_r)
d:/siliconlabs/simplicitystudio/v2/developer/toolchains/gnu_arm/4.7_2013q1/bin/../lib/gcc/arm-none-eabi/4.7.3/../../../../arm-none-eabi/lib/armv6-m\libc_s.a(lib_a-vfprintf_i.o)
                              d:/siliconlabs/simplicitystudio/v2/developer/toolchains/gnu_arm/4.7_2013q1/bin/../lib/gcc/arm-none-eabi/4.7.3/../../../../arm-none-eabi/lib/armv6-m\libc_s.a(lib_a-svfprintf.o) (_printf_i)
d:/siliconlabs/simplicitystudio/v2/developer/toolchains/gnu_arm/4.7_2013q1/bin/../lib/gcc/arm-none-eabi/4.7.3/../../../../arm-none-eabi/lib/armv6-m\libc_s.a(lib_a-freer.o)
                              d:/siliconlabs/simplicitystudio/v2/developer/toolchains/gnu_arm/4.7_2013q1/bin/../lib/gcc/arm-none-eabi/4.7.3/../../../../arm-none-eabi/lib/armv6-m\libc_s.a(lib_a-svfprintf.o) (_free_r)
d:/siliconlabs/simplicitystudio/v2/developer/toolchains/gnu_arm/4.7_2013q1/bin/../lib/gcc/arm-none-eabi/4.7.3/../../../../arm-none-eabi/lib/armv6-m\libc_s.a(lib_a-mallocr.o)
                              d:/siliconlabs/simplicitystudio/v2/developer/toolchains/gnu_arm/4.7_2013q1/bin/../lib/gcc/arm-none-eabi/4.7.3/../../../../arm-none-eabi/lib/armv6-m\libc_s.a(lib_a-svfprintf.o) (_malloc_r)
[...]
Memory Configuration

Name             Origin             Length             Attributes
FLASH            0x00000800         0x00007800         xr
RAM              0x20000000         0x00001000         xrw
*default*        0x00000000         0xffffffff

Linker script and memory map

LOAD d:/siliconlabs/simplicitystudio/v2/developer/toolchains/gnu_arm/4.7_2013q1/bin/../lib/gcc/arm-none-eabi/4.7.3/armv6-m/crti.o
LOAD d:/siliconlabs/simplicitystudio/v2/developer/toolchains/gnu_arm/4.7_2013q1/bin/../lib/gcc/arm-none-eabi/4.7.3/armv6-m/crtbegin.o
LOAD d:/siliconlabs/simplicitystudio/v2/developer/toolchains/gnu_arm/4.7_2013q1/bin/../lib/gcc/arm-none-eabi/4.7.3/../../../../arm-none-eabi/lib/armv6-m/crt0.o
LOAD ./src/ucPeripheralDrivers/RTC_.o
LOAD ./src/ucPeripheralDrivers/i2c_connection.o
LOAD ./src/ucPeripheralDrivers/spi.o
LOAD ./src/ucPeripheralDrivers/spi_connection.o
LOAD ./src/ucPeripheralDrivers/uart_connection.o
LOAD ./src/main.o
LOAD ./src/icDrivers/ADP1650.o
LOAD ./emlib/em_acmp.o
LOAD ./emlib/em_adc.o
LOAD ./emlib/em_aes.o
LOAD ./emlib/em_assert.o
LOAD ./emlib/em_burtc.o
LOAD ./emlib/em_cmu.o
LOAD ./emlib/em_dac.o
LOAD ./emlib/em_dbg.o
LOAD ./emlib/em_dma.o
LOAD ./emlib/em_ebi.o
LOAD ./emlib/em_emu.o
LOAD ./emlib/em_gpio.o
LOAD ./emlib/em_i2c.o
LOAD ./emlib/em_idac.o
LOAD ./emlib/em_int.o
LOAD ./emlib/em_lcd.o
LOAD ./emlib/em_lesense.o
LOAD ./emlib/em_letimer.o
LOAD ./emlib/em_leuart.o
LOAD ./emlib/em_mpu.o
LOAD ./emlib/em_msc.o
LOAD ./emlib/em_opamp.o
LOAD ./emlib/em_pcnt.o
LOAD ./emlib/em_prs.o
LOAD ./emlib/em_rmu.o
LOAD ./emlib/em_rtc.o
LOAD ./emlib/em_system.o
LOAD ./emlib/em_timer.o
LOAD ./emlib/em_usart.o
LOAD ./emlib/em_vcmp.o
LOAD ./emlib/em_wdog.o
LOAD ./CMSIS/efm32zg/startup_gcc_efm32zg.o
LOAD ./CMSIS/efm32zg/system_efm32zg.o
START GROUP
LOAD d:/siliconlabs/simplicitystudio/v2/developer/toolchains/gnu_arm/4.7_2013q1/bin/../lib/gcc/arm-none-eabi/4.7.3/armv6-m\libgcc.a
LOAD d:/siliconlabs/simplicitystudio/v2/developer/toolchains/gnu_arm/4.7_2013q1/bin/../lib/gcc/arm-none-eabi/4.7.3/../../../../arm-none-eabi/lib/armv6-m\libc_s.a
LOAD d:/siliconlabs/simplicitystudio/v2/developer/toolchains/gnu_arm/4.7_2013q1/bin/../lib/gcc/arm-none-eabi/4.7.3/../../../../arm-none-eabi/lib/armv6-m\libnosys.a
END GROUP
START GROUP
LOAD d:/siliconlabs/simplicitystudio/v2/developer/toolchains/gnu_arm/4.7_2013q1/bin/../lib/gcc/arm-none-eabi/4.7.3/armv6-m\libgcc.a
LOAD d:/siliconlabs/simplicitystudio/v2/developer/toolchains/gnu_arm/4.7_2013q1/bin/../lib/gcc/arm-none-eabi/4.7.3/../../../../arm-none-eabi/lib/armv6-m\libc_s.a
END GROUP
LOAD d:/siliconlabs/simplicitystudio/v2/developer/toolchains/gnu_arm/4.7_2013q1/bin/../lib/gcc/arm-none-eabi/4.7.3/armv6-m/crtend.o
LOAD d:/siliconlabs/simplicitystudio/v2/developer/toolchains/gnu_arm/4.7_2013q1/bin/../lib/gcc/arm-none-eabi/4.7.3/armv6-m/crtn.o

.text           0x00000800     0x2428
 *(.isr_vector)
 .isr_vector    0x00000800      0x100 ./CMSIS/efm32zg/startup_gcc_efm32zg.o
                0x00000800                __isr_vector
 *(.text*)
 .text          0x00000900       0x60 d:/siliconlabs/simplicitystudio/v2/developer/toolchains/gnu_arm/4.7_2013q1/bin/../lib/gcc/arm-none-eabi/4.7.3/armv6-m/crtbegin.o
 .text          0x00000960       0x74 d:/siliconlabs/simplicitystudio/v2/developer/toolchains/gnu_arm/4.7_2013q1/bin/../lib/gcc/arm-none-eabi/4.7.3/../../../../arm-none-eabi/lib/armv6-m/crt0.o
                0x00000960                _start
                0x00000960                start
                0x00000960                _mainCRTStartup
 .text.RTC_init
                0x000009d4       0x58 ./src/ucPeripheralDrivers/RTC_.o
                0x000009d4                RTC_init
 .text.RTC_setTime
                0x00000a2c       0x18 ./src/ucPeripheralDrivers/RTC_.o
                0x00000a2c                RTC_setTime
 .text.RTC_enableInt
                0x00000a44       0x1c ./src/ucPeripheralDrivers/RTC_.o
                0x00000a44                RTC_enableInt
 .text.RTC_clearInt
                0x00000a60        0xc ./src/ucPeripheralDrivers/RTC_.o
                0x00000a60                RTC_clearInt
 .text.i2c_MasterInit
                0x00000a6c       0xf4 ./src/ucPeripheralDrivers/i2c_connection.o
                0x00000a6c                i2c_MasterInit
 .text.I2C0_IRQHandler
                0x00000b60       0x1c ./src/ucPeripheralDrivers/i2c_connection.o
                0x00000b60                I2C0_IRQHandler
 .text.i2c_RegisterGet
                0x00000b7c       0x60 ./src/ucPeripheralDrivers/i2c_connection.o
                0x00000b7c                i2c_RegisterGet
 .text.i2c_RegisterSet
                0x00000bdc       0x58 ./src/ucPeripheralDrivers/i2c_connection.o
                0x00000bdc                i2c_RegisterSet
 .text.i2c_Scan
                0x00000c34       0x90 ./src/ucPeripheralDrivers/i2c_connection.o
                0x00000c34                i2c_Scan
 .text.USART1_RX_IRQHandler
                0x00000cc4       0x38 ./src/ucPeripheralDrivers/spi.o
                0x00000cc4                USART1_RX_IRQHandler
 .text.USART1_TX_IRQHandler
                0x00000cfc       0x48 ./src/ucPeripheralDrivers/spi.o
                0x00000cfc                USART1_TX_IRQHandler
 .text.uart_init
                0x00000d44       0xa0 ./src/ucPeripheralDrivers/uart_connection.o
                0x00000d44                uart_init
 .text.uart_sendChar
                0x00000de4       0x18 ./src/ucPeripheralDrivers/uart_connection.o
                0x00000de4                uart_sendChar
 .text.uart_sendText
                0x00000dfc       0x30 ./src/ucPeripheralDrivers/uart_connection.o
                0x00000dfc                uart_sendText
 .text.initOscillators
                0x00000e2c       0x34 ./src/main.o
                0x00000e2c                initOscillators
 .text.init_uart_interface
                0x00000e60       0x30 ./src/main.o
                0x00000e60                init_uart_interface
 .text.init_i2c_interface
                0x00000e90       0x30 ./src/main.o
                0x00000e90                init_i2c_interface
 .text.RTC_IRQHandler
                0x00000ec0       0x44 ./src/main.o
                0x00000ec0                RTC_IRQHandler
 .text.startup.main
                0x00000f04       0x58 ./src/main.o
                0x00000f04                main
 .text.ADP1650_PrintRegisters
                0x00000f5c      0x158 ./src/icDrivers/ADP1650.o
                0x00000f5c                ADP1650_PrintRegisters
 .text.ADP1650_Init
                0x000010b4      0x33c ./src/icDrivers/ADP1650.o
                0x000010b4                ADP1650_Init
 .text.ADP1650_TorchLedOn
                0x000013f0       0x74 ./src/icDrivers/ADP1650.o
                0x000013f0                ADP1650_TorchLedOn
 .text.CMU_ClockEnable
                0x00001464       0x74 ./emlib/em_cmu.o
                0x00001464                CMU_ClockEnable
 .text.CMU_ClockFreqGet
                0x000014d8      0x1a0 ./emlib/em_cmu.o
                0x000014d8                CMU_ClockFreqGet
 .text.CMU_ClockSelectSet
                0x00001678      0x150 ./emlib/em_cmu.o
                0x00001678                CMU_ClockSelectSet
 .text.CMU_OscillatorEnable
                0x000017c8       0x5c ./emlib/em_cmu.o
                0x000017c8                CMU_OscillatorEnable
 .text.DMA_IRQHandler
                0x00001824       0x98 ./emlib/em_dma.o
                0x00001824                DMA_IRQHandler
 .text.EMU_EnterEM2
                0x000018bc       0xb4 ./emlib/em_emu.o
                0x000018bc                EMU_EnterEM2
 .text.EMU_UpdateOscConfig
                0x00001970       0x14 ./emlib/em_emu.o
                0x00001970                EMU_UpdateOscConfig
 .text.GPIO_PinModeSet
                0x00001984       0xbc ./emlib/em_gpio.o
                0x00001984                GPIO_PinModeSet
 .text.I2C_Init
                0x00001a40       0x84 ./emlib/em_i2c.o
                0x00001a40                I2C_Init
 .text.I2C_Transfer
                0x00001ac4      0x2fc ./emlib/em_i2c.o
                0x00001ac4                I2C_Transfer
 .text.I2C_TransferInit
                0x00001dc0       0x6c ./emlib/em_i2c.o
                0x00001dc0                I2C_TransferInit
 .text.RTC_CompareSet
                0x00001e2c       0x1c ./emlib/em_rtc.o
                0x00001e2c                RTC_CompareSet
 .text.RTC_Init
                0x00001e48       0x24 ./emlib/em_rtc.o
                0x00001e48                RTC_Init
 .text.USART_Enable
                0x00001e6c        0xc ./emlib/em_usart.o
                0x00001e6c                USART_Enable
 .text.USART_InitAsync
                0x00001e78       0xd4 ./emlib/em_usart.o
                0x00001e78                USART_InitAsync
 .text          0x00001f4c       0x60 ./CMSIS/efm32zg/startup_gcc_efm32zg.o
                0x00001f4c                Reset_Handler
                0x00001f7c                Default_Handler
                0x00001f7e                NMI_Handler
                0x00001f80                HardFault_Handler
                0x00001f82                SVC_Handler
                0x00001f84                PendSV_Handler
                0x00001f86                SysTick_Handler
                0x00001f8a                GPIO_EVEN_IRQHandler
                0x00001f8c                TIMER0_IRQHandler
                0x00001f8e                ACMP0_IRQHandler
                0x00001f90                ADC0_IRQHandler
                0x00001f94                GPIO_ODD_IRQHandler
                0x00001f96                TIMER1_IRQHandler
                0x00001f9c                LEUART0_IRQHandler
                0x00001f9e                PCNT0_IRQHandler
                0x00001fa2                CMU_IRQHandler
                0x00001fa4                VCMP_IRQHandler
                0x00001fa6                MSC_IRQHandler
                0x00001fa8                AES_IRQHandler
 .text.SystemCoreClockGet
                0x00001fac       0xb0 ./CMSIS/efm32zg/system_efm32zg.o
                0x00001fac                SystemCoreClockGet
 .text.SystemHFClockGet
                0x0000205c       0x9c ./CMSIS/efm32zg/system_efm32zg.o
                0x0000205c                SystemHFClockGet
 .text.SystemInit
                0x000020f8        0x4 ./CMSIS/efm32zg/system_efm32zg.o
                0x000020f8                SystemInit
 .text.SystemLFRCOClockGet
                0x000020fc        0x8 ./CMSIS/efm32zg/system_efm32zg.o
                0x000020fc                SystemLFRCOClockGet
 .text.SystemULFRCOClockGet
                0x00002104        0x8 ./CMSIS/efm32zg/system_efm32zg.o
                0x00002104                SystemULFRCOClockGet
 .text.SystemLFXOClockGet
                0x0000210c        0xc ./CMSIS/efm32zg/system_efm32zg.o
                0x0000210c                SystemLFXOClockGet
 .text          0x00002118       0x9c d:/siliconlabs/simplicitystudio/v2/developer/toolchains/gnu_arm/4.7_2013q1/bin/../lib/gcc/arm-none-eabi/4.7.3/armv6-m\libgcc.a(_udivsi3.o)
                0x00002118                __aeabi_uidiv
                0x00002118                __udivsi3
                0x000021a0                __aeabi_uidivmod
 .text          0x000021b4        0x4 d:/siliconlabs/simplicitystudio/v2/developer/toolchains/gnu_arm/4.7_2013q1/bin/../lib/gcc/arm-none-eabi/4.7.3/armv6-m\libgcc.a(_dvmd_tls.o)
                0x000021b4                __aeabi_idiv0
                0x000021b4                __aeabi_ldiv0
 .text.__register_exitproc
                0x000021b8       0x18 d:/siliconlabs/simplicitystudio/v2/developer/toolchains/gnu_arm/4.7_2013q1/bin/../lib/gcc/arm-none-eabi/4.7.3/../../../../arm-none-eabi/lib/armv6-m\libc_s.a(lib_a-__atexit2.o)
                0x000021b8                __register_exitproc
 .text.exit     0x000021d0       0x30 d:/siliconlabs/simplicitystudio/v2/developer/toolchains/gnu_arm/4.7_2013q1/bin/../lib/gcc/arm-none-eabi/4.7.3/../../../../arm-none-eabi/lib/armv6-m\libc_s.a(lib_a-exit.o)
                0x000021d0                exit
 .text.__libc_fini_array
                0x00002200       0x2c d:/siliconlabs/simplicitystudio/v2/developer/toolchains/gnu_arm/4.7_2013q1/bin/../lib/gcc/arm-none-eabi/4.7.3/../../../../arm-none-eabi/lib/armv6-m\libc_s.a(lib_a-fini.o)
                0x00002200                __libc_fini_array
 .text.__libc_init_array
                0x0000222c       0x4c d:/siliconlabs/simplicitystudio/v2/developer/toolchains/gnu_arm/4.7_2013q1/bin/../lib/gcc/arm-none-eabi/4.7.3/../../../../arm-none-eabi/lib/armv6-m\libc_s.a(lib_a-init.o)
                0x0000222c                __libc_init_array
 .text.memcpy   0x00002278       0x12 d:/siliconlabs/simplicitystudio/v2/developer/toolchains/gnu_arm/4.7_2013q1/bin/../lib/gcc/arm-none-eabi/4.7.3/../../../../arm-none-eabi/lib/armv6-m\libc_s.a(lib_a-memcpy.o)
                0x00002278                memcpy
 .text.memset   0x0000228a       0x12 d:/siliconlabs/simplicitystudio/v2/developer/toolchains/gnu_arm/4.7_2013q1/bin/../lib/gcc/arm-none-eabi/4.7.3/../../../../arm-none-eabi/lib/armv6-m\libc_s.a(lib_a-memset.o)
                0x0000228a                memset
 .text.sprintf  0x0000229c       0x44 d:/siliconlabs/simplicitystudio/v2/developer/toolchains/gnu_arm/4.7_2013q1/bin/../lib/gcc/arm-none-eabi/4.7.3/../../../../arm-none-eabi/lib/armv6-m\libc_s.a(lib_a-sprintf.o)
                0x0000229c                siprintf
                0x0000229c                sprintf
 .text.__ssputc_r
                0x000022e0       0xb0 d:/siliconlabs/simplicitystudio/v2/developer/toolchains/gnu_arm/4.7_2013q1/bin/../lib/gcc/arm-none-eabi/4.7.3/../../../../arm-none-eabi/lib/armv6-m\libc_s.a(lib_a-svfprintf.o)
                0x000022e0                __ssputc_r
 .text._svfprintf_r
                0x00002390      0x1f8 d:/siliconlabs/simplicitystudio/v2/developer/toolchains/gnu_arm/4.7_2013q1/bin/../lib/gcc/arm-none-eabi/4.7.3/../../../../arm-none-eabi/lib/armv6-m\libc_s.a(lib_a-svfprintf.o)
                0x00002390                _svfiprintf_r
                0x00002390                _svfprintf_r
 .text._printf_common
                0x00002588       0xe0 d:/siliconlabs/simplicitystudio/v2/developer/toolchains/gnu_arm/4.7_2013q1/bin/../lib/gcc/arm-none-eabi/4.7.3/../../../../arm-none-eabi/lib/armv6-m\libc_s.a(lib_a-vfprintf_i.o)
                0x00002588                _printf_common
 .text._printf_i
                0x00002668      0x234 d:/siliconlabs/simplicitystudio/v2/developer/toolchains/gnu_arm/4.7_2013q1/bin/../lib/gcc/arm-none-eabi/4.7.3/../../../../arm-none-eabi/lib/armv6-m\libc_s.a(lib_a-vfprintf_i.o)
                0x00002668                _printf_i
 .text._free_r  0x0000289c       0x90 d:/siliconlabs/simplicitystudio/v2/developer/toolchains/gnu_arm/4.7_2013q1/bin/../lib/gcc/arm-none-eabi/4.7.3/../../../../arm-none-eabi/lib/armv6-m\libc_s.a(lib_a-freer.o)
                0x0000289c                _free_r
 .text._malloc_r
                0x0000292c       0x94 d:/siliconlabs/simplicitystudio/v2/developer/toolchains/gnu_arm/4.7_2013q1/bin/../lib/gcc/arm-none-eabi/4.7.3/../../../../arm-none-eabi/lib/armv6-m\libc_s.a(lib_a-mallocr.o)
                0x0000292c                _malloc_r
 .text.memchr   0x000029c0       0x18 d:/siliconlabs/simplicitystudio/v2/developer/toolchains/gnu_arm/4.7_2013q1/bin/../lib/gcc/arm-none-eabi/4.7.3/../../../../arm-none-eabi/lib/armv6-m\libc_s.a(lib_a-memchr.o)
                0x000029c0                memchr
 .text._realloc_r
                0x000029d8       0x4c d:/siliconlabs/simplicitystudio/v2/developer/toolchains/gnu_arm/4.7_2013q1/bin/../lib/gcc/arm-none-eabi/4.7.3/../../../../arm-none-eabi/lib/armv6-m\libc_s.a(lib_a-reallocr.o)
                0x000029d8                _realloc_r
 .text._sbrk_r  0x00002a24       0x24 d:/siliconlabs/simplicitystudio/v2/developer/toolchains/gnu_arm/4.7_2013q1/bin/../lib/gcc/arm-none-eabi/4.7.3/../../../../arm-none-eabi/lib/armv6-m\libc_s.a(lib_a-sbrkr.o)
                0x00002a24                _sbrk_r
 .text.strlen   0x00002a48        0xe d:/siliconlabs/simplicitystudio/v2/developer/toolchains/gnu_arm/4.7_2013q1/bin/../lib/gcc/arm-none-eabi/4.7.3/../../../../arm-none-eabi/lib/armv6-m\libc_s.a(lib_a-strlen.o)
                0x00002a48                strlen
 .text._malloc_usable_size_r
                0x00002a56       0x14 d:/siliconlabs/simplicitystudio/v2/developer/toolchains/gnu_arm/4.7_2013q1/bin/../lib/gcc/arm-none-eabi/4.7.3/../../../../arm-none-eabi/lib/armv6-m\libc_s.a(lib_a-msizer.o)
                0x00002a56                _malloc_usable_size_r
 *fill*         0x00002a6a        0x2 00
 .text._sbrk    0x00002a6c       0x38 d:/siliconlabs/simplicitystudio/v2/developer/toolchains/gnu_arm/4.7_2013q1/bin/../lib/gcc/arm-none-eabi/4.7.3/../../../../arm-none-eabi/lib/armv6-m\libnosys.a(sbrk.o)
                0x00002a6c                _sbrk
 .text._exit    0x00002aa4        0x4 d:/siliconlabs/simplicitystudio/v2/developer/toolchains/gnu_arm/4.7_2013q1/bin/../lib/gcc/arm-none-eabi/4.7.3/../../../../arm-none-eabi/lib/armv6-m\libnosys.a(_exit.o)
                0x00002aa4                _exit
 *(.init)
 .init          0x00002aa8        0x4 d:/siliconlabs/simplicitystudio/v2/developer/toolchains/gnu_arm/4.7_2013q1/bin/../lib/gcc/arm-none-eabi/4.7.3/armv6-m/crti.o
                0x00002aa8                _init
 .init          0x00002aac        0x8 d:/siliconlabs/simplicitystudio/v2/developer/toolchains/gnu_arm/4.7_2013q1/bin/../lib/gcc/arm-none-eabi/4.7.3/armv6-m/crtn.o
 *(.fini)
 .fini          0x00002ab4        0x4 d:/siliconlabs/simplicitystudio/v2/developer/toolchains/gnu_arm/4.7_2013q1/bin/../lib/gcc/arm-none-eabi/4.7.3/armv6-m/crti.o
                0x00002ab4                _fini
 .fini          0x00002ab8        0x8 d:/siliconlabs/simplicitystudio/v2/developer/toolchains/gnu_arm/4.7_2013q1/bin/../lib/gcc/arm-none-eabi/4.7.3/armv6-m/crtn.o
 *crtbegin.o(.ctors)
 *crtbegin?.o(.ctors)
 *(EXCLUDE_FILE(*crtend.o *crtend?.o) .ctors)
 *(SORT(.ctors.*))
 *(.ctors)
 *crtbegin.o(.dtors)
 *crtbegin?.o(.dtors)
 *(EXCLUDE_FILE(*crtend.o *crtend?.o) .dtors)
 *(SORT(.dtors.*))
 *(.dtors)
 *(.rodata*)
 .rodata        0x00002ac0        0x4 ./src/ucPeripheralDrivers/RTC_.o
 .rodata        0x00002ac4       0x10 ./src/ucPeripheralDrivers/i2c_connection.o
 .rodata.str1.4
                0x00002ad4       0x1e ./src/ucPeripheralDrivers/i2c_connection.o
                                 0x20 (size before relaxing)
 *fill*         0x00002af2        0x2 00
 .rodata.str1.4
                0x00002af4       0x1a ./src/main.o
                                 0x1c (size before relaxing)
 *fill*         0x00002b0e        0x2 00
 .rodata.str1.4
                0x00002b10       0x30 ./src/icDrivers/ADP1650.o
 .rodata.CMU_ClockEnable
                0x00002b40       0x1c ./emlib/em_cmu.o
 .rodata.CMU_ClockSelectSet
                0x00002b5c       0x50 ./emlib/em_cmu.o
 .rodata.CMU_OscillatorEnable
                0x00002bac       0x14 ./emlib/em_cmu.o
 .rodata.I2C_Transfer
                0x00002bc0       0x24 ./emlib/em_i2c.o
 .rodata.i2cNSum
                0x00002be4        0x4 ./emlib/em_i2c.o
 .rodata.str1.1
                0x00002be8        0x2 d:/siliconlabs/simplicitystudio/v2/developer/toolchains/gnu_arm/4.7_2013q1/bin/../lib/gcc/arm-none-eabi/4.7.3/../../../../arm-none-eabi/lib/armv6-m\libc_s.a(lib_a-impure.o)
 *fill*         0x00002bea        0x2 00
 .rodata._global_impure_ptr
                0x00002bec        0x4 d:/siliconlabs/simplicitystudio/v2/developer/toolchains/gnu_arm/4.7_2013q1/bin/../lib/gcc/arm-none-eabi/4.7.3/../../../../arm-none-eabi/lib/armv6-m\libc_s.a(lib_a-impure.o)
                0x00002bec                _global_impure_ptr
 .rodata.str1.1
                0x00002bf0       0x11 d:/siliconlabs/simplicitystudio/v2/developer/toolchains/gnu_arm/4.7_2013q1/bin/../lib/gcc/arm-none-eabi/4.7.3/../../../../arm-none-eabi/lib/armv6-m\libc_s.a(lib_a-svfprintf.o)
 .rodata.str1.1
                0x00002c01       0x22 d:/siliconlabs/simplicitystudio/v2/developer/toolchains/gnu_arm/4.7_2013q1/bin/../lib/gcc/arm-none-eabi/4.7.3/../../../../arm-none-eabi/lib/armv6-m\libc_s.a(lib_a-vfprintf_i.o)
 *(.eh_frame*)
 *fill*         0x00002c23        0x1 00
 .eh_frame      0x00002c24        0x0 d:/siliconlabs/simplicitystudio/v2/developer/toolchains/gnu_arm/4.7_2013q1/bin/../lib/gcc/arm-none-eabi/4.7.3/armv6-m/crtbegin.o
 .eh_frame      0x00002c24        0x4 d:/siliconlabs/simplicitystudio/v2/developer/toolchains/gnu_arm/4.7_2013q1/bin/../lib/gcc/arm-none-eabi/4.7.3/armv6-m/crtend.o

.glue_7         0x00002c28        0x0
 .glue_7        0x00000000        0x0 linker stubs

.glue_7t        0x00002c28        0x0
 .glue_7t       0x00000000        0x0 linker stubs

.vfp11_veneer   0x00002c28        0x0
 .vfp11_veneer  0x00000000        0x0 linker stubs

.v4_bx          0x00002c28        0x0
 .v4_bx         0x00000000        0x0 linker stubs

.iplt           0x00002c28        0x0
 .iplt          0x00000000        0x0 d:/siliconlabs/simplicitystudio/v2/developer/toolchains/gnu_arm/4.7_2013q1/bin/../lib/gcc/arm-none-eabi/4.7.3/armv6-m/crtbegin.o

.ARM.extab
 *(.ARM.extab* .gnu.linkonce.armextab.*)
                0x00002c28                __exidx_start = .

.ARM.exidx      0x00002c28        0x8
 *(.ARM.exidx* .gnu.linkonce.armexidx.*)
 .ARM.exidx     0x00002c28        0x8 d:/siliconlabs/simplicitystudio/v2/developer/toolchains/gnu_arm/4.7_2013q1/bin/../lib/gcc/arm-none-eabi/4.7.3/../../../../arm-none-eabi/lib/armv6-m/crt0.o
                0x00002c30                __exidx_end = .
                0x00002c30                __etext = .

.rel.dyn        0x00002c30        0x0
 .rel.iplt      0x00000000        0x0 d:/siliconlabs/simplicitystudio/v2/developer/toolchains/gnu_arm/4.7_2013q1/bin/../lib/gcc/arm-none-eabi/4.7.3/armv6-m/crtbegin.o

.data           0x20000000       0x78 load address 0x00002c30
                0x20000000                __data_start__ = .
 *(vtable)
 *(.data*)
 .data.SystemLFXOClock
                0x20000000        0x4 ./CMSIS/efm32zg/system_efm32zg.o
 .data.SystemHFXOClock
                0x20000004        0x4 ./CMSIS/efm32zg/system_efm32zg.o
 .data.impure_data
                0x20000008       0x64 d:/siliconlabs/simplicitystudio/v2/developer/toolchains/gnu_arm/4.7_2013q1/bin/../lib/gcc/arm-none-eabi/4.7.3/../../../../arm-none-eabi/lib/armv6-m\libc_s.a(lib_a-impure.o)
 .data._impure_ptr
                0x2000006c        0x4 d:/siliconlabs/simplicitystudio/v2/developer/toolchains/gnu_arm/4.7_2013q1/bin/../lib/gcc/arm-none-eabi/4.7.3/../../../../arm-none-eabi/lib/armv6-m\libc_s.a(lib_a-impure.o)
                0x2000006c                _impure_ptr
                0x20000070                . = ALIGN (0x4)
 *(.ram)
                0x20000070                . = ALIGN (0x4)
                0x20000070                PROVIDE (__preinit_array_start, .)
 *(.preinit_array)
                0x20000070                PROVIDE (__preinit_array_end, .)
                0x20000070                . = ALIGN (0x4)
                0x20000070                PROVIDE (__init_array_start, .)
 *(SORT(.init_array.*))
 *(.init_array)
 .init_array    0x20000070        0x4 d:/siliconlabs/simplicitystudio/v2/developer/toolchains/gnu_arm/4.7_2013q1/bin/../lib/gcc/arm-none-eabi/4.7.3/armv6-m/crtbegin.o
                0x20000074                PROVIDE (__init_array_end, .)
                0x20000074                . = ALIGN (0x4)
                0x20000074                PROVIDE (__fini_array_start, .)
 *(SORT(.fini_array.*))
 *(.fini_array)
 .fini_array    0x20000074        0x4 d:/siliconlabs/simplicitystudio/v2/developer/toolchains/gnu_arm/4.7_2013q1/bin/../lib/gcc/arm-none-eabi/4.7.3/armv6-m/crtbegin.o
                0x20000078                PROVIDE (__fini_array_end, .)
                0x20000078                . = ALIGN (0x4)
                0x20000078                __data_end__ = .

.jcr            0x20000078        0x0 load address 0x00002ca8
 .jcr           0x20000078        0x0 d:/siliconlabs/simplicitystudio/v2/developer/toolchains/gnu_arm/4.7_2013q1/bin/../lib/gcc/arm-none-eabi/4.7.3/armv6-m/crtbegin.o

.igot.plt       0x20000078        0x0 load address 0x00002ca8
 .igot.plt      0x00000000        0x0 d:/siliconlabs/simplicitystudio/v2/developer/toolchains/gnu_arm/4.7_2013q1/bin/../lib/gcc/arm-none-eabi/4.7.3/armv6-m/crtbegin.o

.bss            0x20000078      0x15c load address 0x00002ca8
                0x20000078                __bss_start__ = .
 *(.bss*)
 .bss           0x20000078       0x1c d:/siliconlabs/simplicitystudio/v2/developer/toolchains/gnu_arm/4.7_2013q1/bin/../lib/gcc/arm-none-eabi/4.7.3/armv6-m/crtbegin.o
 .bss.ADP1650_uC_pins
                0x20000094       0x1c ./src/icDrivers/ADP1650.o
 .bss.ADP1650_Reg_Stat
                0x200000b0        0xc ./src/icDrivers/ADP1650.o
 .bss.cmuStatus
                0x200000bc        0x2 ./emlib/em_emu.o
 *fill*         0x200000be        0x2 00
 .bss.i2cTransfer
                0x200000c0        0xc ./emlib/em_i2c.o
 .bss.__malloc_free_list
                0x200000cc        0x4 d:/siliconlabs/simplicitystudio/v2/developer/toolchains/gnu_arm/4.7_2013q1/bin/../lib/gcc/arm-none-eabi/4.7.3/../../../../arm-none-eabi/lib/armv6-m\libc_s.a(lib_a-mallocr.o)
                0x200000cc                __malloc_free_list
 .bss.heap_end.4231
                0x200000d0        0x4 d:/siliconlabs/simplicitystudio/v2/developer/toolchains/gnu_arm/4.7_2013q1/bin/../lib/gcc/arm-none-eabi/4.7.3/../../../../arm-none-eabi/lib/armv6-m\libnosys.a(sbrk.o)
 *(COMMON)
 COMMON         0x200000d4       0xd4 ./src/ucPeripheralDrivers/i2c_connection.o
                0x200000d4                I2C_Status
                0x200000d8                i2c_registers
                0x2000013c                rxBuff
 COMMON         0x200001a8       0x24 ./src/ucPeripheralDrivers/spi.o
                0x200001a8                slaveRxBufferIndex
                0x200001ac                masterRxBufferIndex
                0x200001b0                slaveRxBuffer
                0x200001b4                slaveRxBufferSize
                0x200001b8                masterRxBufferSize
                0x200001bc                slaveTxBufferSize
                0x200001c0                masterRxBuffer
                0x200001c4                slaveTxBuffer
                0x200001c8                slaveTxBufferIndex
 COMMON         0x200001cc        0x4 ./CMSIS/efm32zg/system_efm32zg.o
                0x200001cc                SystemCoreClock
 COMMON         0x200001d0        0x4 d:/siliconlabs/simplicitystudio/v2/developer/toolchains/gnu_arm/4.7_2013q1/bin/../lib/gcc/arm-none-eabi/4.7.3/../../../../arm-none-eabi/lib/armv6-m\libc_s.a(lib_a-reent.o)
                0x200001d0                errno
                0x200001d4                __bss_end__ = .

.heap           0x200001d8        0x0
                0x200001d8                __end__ = .
                0x200001d8                end = __end__
                0x200001d8                _end = __end__
 *(.heap*)
 .heap          0x200001d8        0x0 ./CMSIS/efm32zg/startup_gcc_efm32zg.o
                0x200001d8                __HeapLimit = .

.stack_dummy    0x200001d8      0x400
 *(.stack)
 .stack         0x200001d8      0x400 ./CMSIS/efm32zg/startup_gcc_efm32zg.o
                0x20001000                __StackTop = (ORIGIN (RAM) + 0x1000)
                0x20000c00                __StackLimit = (__StackTop - SIZEOF (.stack_dummy))
                0x20001000                PROVIDE (__stack, __StackTop)
                0x00000001                ASSERT ((__StackLimit >= __HeapLimit), region RAM overflowed with stack)
                0x00000001                ASSERT ((0x7800 >= (__etext + SIZEOF (.data))), FLASH memory overflowed !)
OUTPUT(LedTorch.axf elf32-littlearm)

.ARM.attributes
                0x00000000       0x28
 .ARM.attributes
                0x00000000       0x1e d:/siliconlabs/simplicitystudio/v2/developer/toolchains/gnu_arm/4.7_2013q1/bin/../lib/gcc/arm-none-eabi/4.7.3/armv6-m/crti.o
 .ARM.attributes
                0x0000001e       0x2c d:/siliconlabs/simplicitystudio/v2/developer/toolchains/gnu_arm/4.7_2013q1/bin/../lib/gcc/arm-none-eabi/4.7.3/armv6-m/crtbegin.o
 .ARM.attributes
                0x0000004a       0x1c d:/siliconlabs/simplicitystudio/v2/developer/toolchains/gnu_arm/4.7_2013q1/bin/../lib/gcc/arm-none-eabi/4.7.3/../../../../arm-none-eabi/lib/armv6-m/crt0.o
 .ARM.attributes
                0x00000066       0x32 ./src/ucPeripheralDrivers/RTC_.o
 .ARM.attributes
                0x00000098       0x32 ./src/ucPeripheralDrivers/i2c_connection.o
 .ARM.attributes
                0x000000ca       0x32 ./src/ucPeripheralDrivers/spi.o
 .ARM.attributes
                0x000000fc       0x32 ./src/ucPeripheralDrivers/uart_connection.o
 .ARM.attributes
                0x0000012e       0x32 ./src/main.o
 .ARM.attributes
                0x00000160       0x32 ./src/icDrivers/ADP1650.o
 .ARM.attributes
                0x00000192       0x32 ./emlib/em_cmu.o
 .ARM.attributes
                0x000001c4       0x32 ./emlib/em_dma.o
 .ARM.attributes
                0x000001f6       0x32 ./emlib/em_emu.o
 .ARM.attributes
                0x00000228       0x32 ./emlib/em_gpio.o
 .ARM.attributes
                0x0000025a       0x32 ./emlib/em_i2c.o
 .ARM.attributes
                0x0000028c       0x32 ./emlib/em_rtc.o
 .ARM.attributes
                0x000002be       0x32 ./emlib/em_usart.o
 .ARM.attributes
                0x000002f0       0x1b ./CMSIS/efm32zg/startup_gcc_efm32zg.o
 .ARM.attributes
                0x0000030b       0x32 ./CMSIS/efm32zg/system_efm32zg.o
 .ARM.attributes
                0x0000033d       0x1e d:/siliconlabs/simplicitystudio/v2/developer/toolchains/gnu_arm/4.7_2013q1/bin/../lib/gcc/arm-none-eabi/4.7.3/armv6-m\libgcc.a(_udivsi3.o)
 .ARM.attributes
                0x0000035b       0x1e d:/siliconlabs/simplicitystudio/v2/developer/toolchains/gnu_arm/4.7_2013q1/bin/../lib/gcc/arm-none-eabi/4.7.3/armv6-m\libgcc.a(_dvmd_tls.o)
 .ARM.attributes
                0x00000379       0x2c d:/siliconlabs/simplicitystudio/v2/developer/toolchains/gnu_arm/4.7_2013q1/bin/../lib/gcc/arm-none-eabi/4.7.3/../../../../arm-none-eabi/lib/armv6-m\libc_s.a(lib_a-__atexit2.o)
 .ARM.attributes
                0x000003a5       0x2c d:/siliconlabs/simplicitystudio/v2/developer/toolchains/gnu_arm/4.7_2013q1/bin/../lib/gcc/arm-none-eabi/4.7.3/../../../../arm-none-eabi/lib/armv6-m\libc_s.a(lib_a-exit.o)
 .ARM.attributes
                0x000003d1       0x2c d:/siliconlabs/simplicitystudio/v2/developer/toolchains/gnu_arm/4.7_2013q1/bin/../lib/gcc/arm-none-eabi/4.7.3/../../../../arm-none-eabi/lib/armv6-m\libc_s.a(lib_a-fini.o)
 .ARM.attributes
                0x000003fd       0x2c d:/siliconlabs/simplicitystudio/v2/developer/toolchains/gnu_arm/4.7_2013q1/bin/../lib/gcc/arm-none-eabi/4.7.3/../../../../arm-none-eabi/lib/armv6-m\libc_s.a(lib_a-impure.o)
 .ARM.attributes
                0x00000429       0x2c d:/siliconlabs/simplicitystudio/v2/developer/toolchains/gnu_arm/4.7_2013q1/bin/../lib/gcc/arm-none-eabi/4.7.3/../../../../arm-none-eabi/lib/armv6-m\libc_s.a(lib_a-init.o)
 .ARM.attributes
                0x00000455       0x2c d:/siliconlabs/simplicitystudio/v2/developer/toolchains/gnu_arm/4.7_2013q1/bin/../lib/gcc/arm-none-eabi/4.7.3/../../../../arm-none-eabi/lib/armv6-m\libc_s.a(lib_a-memcpy.o)
 .ARM.attributes
                0x00000481       0x2c d:/siliconlabs/simplicitystudio/v2/developer/toolchains/gnu_arm/4.7_2013q1/bin/../lib/gcc/arm-none-eabi/4.7.3/../../../../arm-none-eabi/lib/armv6-m\libc_s.a(lib_a-memset.o)
 .ARM.attributes
                0x000004ad       0x2c d:/siliconlabs/simplicitystudio/v2/developer/toolchains/gnu_arm/4.7_2013q1/bin/../lib/gcc/arm-none-eabi/4.7.3/../../../../arm-none-eabi/lib/armv6-m\libc_s.a(lib_a-sprintf.o)
 .ARM.attributes
                0x000004d9       0x2c d:/siliconlabs/simplicitystudio/v2/developer/toolchains/gnu_arm/4.7_2013q1/bin/../lib/gcc/arm-none-eabi/4.7.3/../../../../arm-none-eabi/lib/armv6-m\libc_s.a(lib_a-svfprintf.o)
 .ARM.attributes
                0x00000505       0x2c d:/siliconlabs/simplicitystudio/v2/developer/toolchains/gnu_arm/4.7_2013q1/bin/../lib/gcc/arm-none-eabi/4.7.3/../../../../arm-none-eabi/lib/armv6-m\libc_s.a(lib_a-vfprintf_i.o)
 .ARM.attributes
                0x00000531       0x2c d:/siliconlabs/simplicitystudio/v2/developer/toolchains/gnu_arm/4.7_2013q1/bin/../lib/gcc/arm-none-eabi/4.7.3/../../../../arm-none-eabi/lib/armv6-m\libc_s.a(lib_a-freer.o)
 .ARM.attributes
                0x0000055d       0x2c d:/siliconlabs/simplicitystudio/v2/developer/toolchains/gnu_arm/4.7_2013q1/bin/../lib/gcc/arm-none-eabi/4.7.3/../../../../arm-none-eabi/lib/armv6-m\libc_s.a(lib_a-mallocr.o)
 .ARM.attributes
                0x00000589       0x2c d:/siliconlabs/simplicitystudio/v2/developer/toolchains/gnu_arm/4.7_2013q1/bin/../lib/gcc/arm-none-eabi/4.7.3/../../../../arm-none-eabi/lib/armv6-m\libc_s.a(lib_a-memchr.o)
 .ARM.attributes
                0x000005b5       0x2c d:/siliconlabs/simplicitystudio/v2/developer/toolchains/gnu_arm/4.7_2013q1/bin/../lib/gcc/arm-none-eabi/4.7.3/../../../../arm-none-eabi/lib/armv6-m\libc_s.a(lib_a-reallocr.o)
 .ARM.attributes
                0x000005e1       0x2c d:/siliconlabs/simplicitystudio/v2/developer/toolchains/gnu_arm/4.7_2013q1/bin/../lib/gcc/arm-none-eabi/4.7.3/../../../../arm-none-eabi/lib/armv6-m\libc_s.a(lib_a-sbrkr.o)
 .ARM.attributes
                0x0000060d       0x2c d:/siliconlabs/simplicitystudio/v2/developer/toolchains/gnu_arm/4.7_2013q1/bin/../lib/gcc/arm-none-eabi/4.7.3/../../../../arm-none-eabi/lib/armv6-m\libc_s.a(lib_a-strlen.o)
 .ARM.attributes
                0x00000639       0x2c d:/siliconlabs/simplicitystudio/v2/developer/toolchains/gnu_arm/4.7_2013q1/bin/../lib/gcc/arm-none-eabi/4.7.3/../../../../arm-none-eabi/lib/armv6-m\libc_s.a(lib_a-msizer.o)
 .ARM.attributes
                0x00000665       0x2c d:/siliconlabs/simplicitystudio/v2/developer/toolchains/gnu_arm/4.7_2013q1/bin/../lib/gcc/arm-none-eabi/4.7.3/../../../../arm-none-eabi/lib/armv6-m\libc_s.a(lib_a-reent.o)
 .ARM.attributes
                0x00000691       0x2c d:/siliconlabs/simplicitystudio/v2/developer/toolchains/gnu_arm/4.7_2013q1/bin/../lib/gcc/arm-none-eabi/4.7.3/../../../../arm-none-eabi/lib/armv6-m\libnosys.a(sbrk.o)
 .ARM.attributes
                0x000006bd       0x2c d:/siliconlabs/simplicitystudio/v2/developer/toolchains/gnu_arm/4.7_2013q1/bin/../lib/gcc/arm-none-eabi/4.7.3/../../../../arm-none-eabi/lib/armv6-m\libnosys.a(_exit.o)
 .ARM.attributes
                0x000006e9       0x2c d:/siliconlabs/simplicitystudio/v2/developer/toolchains/gnu_arm/4.7_2013q1/bin/../lib/gcc/arm-none-eabi/4.7.3/armv6-m/crtend.o
 .ARM.attributes
                0x00000715       0x1e d:/siliconlabs/simplicitystudio/v2/developer/toolchains/gnu_arm/4.7_2013q1/bin/../lib/gcc/arm-none-eabi/4.7.3/armv6-m/crtn.o

.comment        0x00000000       0x70
 .comment       0x00000000       0x70 ./src/ucPeripheralDrivers/RTC_.o
                                 0x71 (size before relaxing)
 .comment       0x00000000       0x71 ./src/ucPeripheralDrivers/i2c_connection.o
 .comment       0x00000000       0x71 ./src/ucPeripheralDrivers/spi.o
 .comment       0x00000000       0x71 ./src/ucPeripheralDrivers/uart_connection.o
 .comment       0x00000000       0x71 ./src/main.o
 .comment       0x00000000       0x71 ./src/icDrivers/ADP1650.o
 .comment       0x00000000       0x71 ./emlib/em_cmu.o
 .comment       0x00000000       0x71 ./emlib/em_dma.o
 .comment       0x00000000       0x71 ./emlib/em_emu.o
 .comment       0x00000000       0x71 ./emlib/em_gpio.o
 .comment       0x00000000       0x71 ./emlib/em_i2c.o
 .comment       0x00000000       0x71 ./emlib/em_rtc.o
 .comment       0x00000000       0x71 ./emlib/em_usart.o
 .comment       0x00000000       0x71 ./CMSIS/efm32zg/system_efm32zg.o

.debug_info     0x00000000     0xb09b
 .debug_info    0x00000000      0x805 ./src/ucPeripheralDrivers/RTC_.o
 .debug_info    0x00000805      0xf6b ./src/ucPeripheralDrivers/i2c_connection.o
 .debug_info    0x00001770      0x9ba ./src/ucPeripheralDrivers/spi.o
 .debug_info    0x0000212a      0xa2c ./src/ucPeripheralDrivers/uart_connection.o
 .debug_info    0x00002b56      0xb19 ./src/main.o
 .debug_info    0x0000366f     0x22b7 ./src/icDrivers/ADP1650.o
 .debug_info    0x00005926     0x16d7 ./emlib/em_cmu.o
 .debug_info    0x00006ffd     0x1269 ./emlib/em_dma.o
 .debug_info    0x00008266      0x617 ./emlib/em_emu.o
 .debug_info    0x0000887d      0x579 ./emlib/em_gpio.o
 .debug_info    0x00008df6      0x8c7 ./emlib/em_i2c.o
 .debug_info    0x000096bd      0x3f5 ./emlib/em_rtc.o
 .debug_info    0x00009ab2     0x105c ./emlib/em_usart.o
 .debug_info    0x0000ab0e       0xa0 ./CMSIS/efm32zg/startup_gcc_efm32zg.o
 .debug_info    0x0000abae      0x4ed ./CMSIS/efm32zg/system_efm32zg.o

.debug_abbrev   0x00000000     0x244f
 .debug_abbrev  0x00000000      0x26c ./src/ucPeripheralDrivers/RTC_.o
 .debug_abbrev  0x0000026c      0x38c ./src/ucPeripheralDrivers/i2c_connection.o
 .debug_abbrev  0x000005f8      0x27e ./src/ucPeripheralDrivers/spi.o
 .debug_abbrev  0x00000876      0x242 ./src/ucPeripheralDrivers/uart_connection.o
 .debug_abbrev  0x00000ab8      0x273 ./src/main.o
 .debug_abbrev  0x00000d2b      0x325 ./src/icDrivers/ADP1650.o
 .debug_abbrev  0x00001050      0x35c ./emlib/em_cmu.o
 .debug_abbrev  0x000013ac      0x328 ./emlib/em_dma.o
 .debug_abbrev  0x000016d4      0x1fd ./emlib/em_emu.o
 .debug_abbrev  0x000018d1      0x1c1 ./emlib/em_gpio.o
 .debug_abbrev  0x00001a92      0x2d0 ./emlib/em_i2c.o
 .debug_abbrev  0x00001d62      0x224 ./emlib/em_rtc.o
 .debug_abbrev  0x00001f86      0x2f5 ./emlib/em_usart.o
 .debug_abbrev  0x0000227b       0x14 ./CMSIS/efm32zg/startup_gcc_efm32zg.o
 .debug_abbrev  0x0000228f      0x1c0 ./CMSIS/efm32zg/system_efm32zg.o

.debug_loc      0x00000000     0x5c9a
 .debug_loc     0x00000000       0x8d ./src/ucPeripheralDrivers/RTC_.o
 .debug_loc     0x0000008d      0x5f2 ./src/ucPeripheralDrivers/i2c_connection.o
 .debug_loc     0x0000067f      0x2df ./src/ucPeripheralDrivers/spi.o
 .debug_loc     0x0000095e       0x97 ./src/ucPeripheralDrivers/uart_connection.o
 .debug_loc     0x000009f5      0x171 ./src/main.o
 .debug_loc     0x00000b66      0x83c ./src/icDrivers/ADP1650.o
 .debug_loc     0x000013a2     0x18a8 ./emlib/em_cmu.o
 .debug_loc     0x00002c4a      0xf45 ./emlib/em_dma.o
 .debug_loc     0x00003b8f      0x141 ./emlib/em_emu.o
 .debug_loc     0x00003cd0      0x312 ./emlib/em_gpio.o
 .debug_loc     0x00003fe2      0x9f4 ./emlib/em_i2c.o
 .debug_loc     0x000049d6      0x176 ./emlib/em_rtc.o
 .debug_loc     0x00004b4c      0xd30 ./emlib/em_usart.o
 .debug_loc     0x0000587c      0x41e ./CMSIS/efm32zg/system_efm32zg.o

.debug_aranges  0x00000000      0x578
 .debug_aranges
                0x00000000       0x48 ./src/ucPeripheralDrivers/RTC_.o
 .debug_aranges
                0x00000048       0x58 ./src/ucPeripheralDrivers/i2c_connection.o
 .debug_aranges
                0x000000a0       0x48 ./src/ucPeripheralDrivers/spi.o
 .debug_aranges
                0x000000e8       0x38 ./src/ucPeripheralDrivers/uart_connection.o
 .debug_aranges
                0x00000120       0x48 ./src/main.o
 .debug_aranges
                0x00000168       0x78 ./src/icDrivers/ADP1650.o
 .debug_aranges
                0x000001e0       0xc8 ./emlib/em_cmu.o
 .debug_aranges
                0x000002a8       0x80 ./emlib/em_dma.o
 .debug_aranges
                0x00000328       0x40 ./emlib/em_emu.o
 .debug_aranges
                0x00000368       0x38 ./emlib/em_gpio.o
 .debug_aranges
                0x000003a0       0x50 ./emlib/em_i2c.o
 .debug_aranges
                0x000003f0       0x50 ./emlib/em_rtc.o
 .debug_aranges
                0x00000440       0xb8 ./emlib/em_usart.o
 .debug_aranges
                0x000004f8       0x20 ./CMSIS/efm32zg/startup_gcc_efm32zg.o
 .debug_aranges
                0x00000518       0x60 ./CMSIS/efm32zg/system_efm32zg.o

.debug_ranges   0x00000000     0x1730
 .debug_ranges  0x00000000       0x88 ./src/ucPeripheralDrivers/RTC_.o
 .debug_ranges  0x00000088      0x100 ./src/ucPeripheralDrivers/i2c_connection.o
 .debug_ranges  0x00000188       0xc0 ./src/ucPeripheralDrivers/spi.o
 .debug_ranges  0x00000248       0x58 ./src/ucPeripheralDrivers/uart_connection.o
 .debug_ranges  0x000002a0      0x108 ./src/main.o
 .debug_ranges  0x000003a8      0x788 ./src/icDrivers/ADP1650.o
 .debug_ranges  0x00000b30      0x508 ./emlib/em_cmu.o
 .debug_ranges  0x00001038      0x210 ./emlib/em_dma.o
 .debug_ranges  0x00001248       0x48 ./emlib/em_emu.o
 .debug_ranges  0x00001290       0x58 ./emlib/em_gpio.o
 .debug_ranges  0x000012e8       0xc0 ./emlib/em_i2c.o
 .debug_ranges  0x000013a8       0xb8 ./emlib/em_rtc.o
 .debug_ranges  0x00001460      0x1a0 ./emlib/em_usart.o
 .debug_ranges  0x00001600      0x130 ./CMSIS/efm32zg/system_efm32zg.o

.debug_line     0x00000000     0x3469
 .debug_line    0x00000000      0x2d7 ./src/ucPeripheralDrivers/RTC_.o
 .debug_line    0x000002d7      0x3e2 ./src/ucPeripheralDrivers/i2c_connection.o
 .debug_line    0x000006b9      0x357 ./src/ucPeripheralDrivers/spi.o
 .debug_line    0x00000a10      0x2e0 ./src/ucPeripheralDrivers/uart_connection.o
 .debug_line    0x00000cf0      0x349 ./src/main.o
 .debug_line    0x00001039      0x51f ./src/icDrivers/ADP1650.o
 .debug_line    0x00001558      0x734 ./emlib/em_cmu.o
 .debug_line    0x00001c8c      0x50c ./emlib/em_dma.o
 .debug_line    0x00002198      0x2ef ./emlib/em_emu.o
 .debug_line    0x00002487      0x20c ./emlib/em_gpio.o
 .debug_line    0x00002693      0x39c ./emlib/em_i2c.o
 .debug_line    0x00002a2f      0x23f ./emlib/em_rtc.o
 .debug_line    0x00002c6e      0x4e0 ./emlib/em_usart.o
 .debug_line    0x0000314e       0x85 ./CMSIS/efm32zg/startup_gcc_efm32zg.o
 .debug_line    0x000031d3      0x296 ./CMSIS/efm32zg/system_efm32zg.o

.debug_str      0x00000000     0x384f
 .debug_str     0x00000000      0x628 ./src/ucPeripheralDrivers/RTC_.o
                                0x672 (size before relaxing)
 .debug_str     0x00000628      0x5f3 ./src/ucPeripheralDrivers/i2c_connection.o
                                0x8bf (size before relaxing)
 .debug_str     0x00000c1b      0x233 ./src/ucPeripheralDrivers/spi.o
                                0x703 (size before relaxing)
 .debug_str     0x00000e4e      0x3a0 ./src/ucPeripheralDrivers/uart_connection.o
                                0xa67 (size before relaxing)
 .debug_str     0x000011ee      0x1b0 ./src/main.o
                                0x876 (size before relaxing)
 .debug_str     0x0000139e     0x1095 ./src/icDrivers/ADP1650.o
                               0x1711 (size before relaxing)
 .debug_str     0x00002433      0x5ed ./emlib/em_cmu.o
                                0xa5a (size before relaxing)
 .debug_str     0x00002a20      0x52d ./emlib/em_dma.o
                                0x9b3 (size before relaxing)
 .debug_str     0x00002f4d       0xd3 ./emlib/em_emu.o
                                0x378 (size before relaxing)
 .debug_str     0x00003020       0xc3 ./emlib/em_gpio.o
                                0x4cf (size before relaxing)
 .debug_str     0x000030e3      0x184 ./emlib/em_i2c.o
                                0x612 (size before relaxing)
 .debug_str     0x00003267       0x6b ./emlib/em_rtc.o
                                0x24b (size before relaxing)
 .debug_str     0x000032d2      0x4e7 ./emlib/em_usart.o
                                0xb30 (size before relaxing)
 .debug_str     0x000037b9       0x96 ./CMSIS/efm32zg/system_efm32zg.o
                                0x35d (size before relaxing)

.debug_frame    0x00000000     0x11b4
 .debug_frame   0x00000000       0x8c ./src/ucPeripheralDrivers/RTC_.o
 .debug_frame   0x0000008c      0x114 ./src/ucPeripheralDrivers/i2c_connection.o
 .debug_frame   0x000001a0       0x9c ./src/ucPeripheralDrivers/spi.o
 .debug_frame   0x0000023c       0x74 ./src/ucPeripheralDrivers/uart_connection.o
 .debug_frame   0x000002b0       0xb0 ./src/main.o
 .debug_frame   0x00000360      0x17c ./src/icDrivers/ADP1650.o
 .debug_frame   0x000004dc      0x200 ./emlib/em_cmu.o
 .debug_frame   0x000006dc      0x194 ./emlib/em_dma.o
 .debug_frame   0x00000870       0x78 ./emlib/em_emu.o
 .debug_frame   0x000008e8       0x84 ./emlib/em_gpio.o
 .debug_frame   0x0000096c       0xc8 ./emlib/em_i2c.o
 .debug_frame   0x00000a34       0xa0 ./emlib/em_rtc.o
 .debug_frame   0x00000ad4      0x218 ./emlib/em_usart.o
 .debug_frame   0x00000cec       0xc0 ./CMSIS/efm32zg/system_efm32zg.o
 .debug_frame   0x00000dac       0x20 d:/siliconlabs/simplicitystudio/v2/developer/toolchains/gnu_arm/4.7_2013q1/bin/../lib/gcc/arm-none-eabi/4.7.3/armv6-m\libgcc.a(_udivsi3.o)
 .debug_frame   0x00000dcc       0x28 d:/siliconlabs/simplicitystudio/v2/developer/toolchains/gnu_arm/4.7_2013q1/bin/../lib/gcc/arm-none-eabi/4.7.3/../../../../arm-none-eabi/lib/armv6-m\libc_s.a(lib_a-__atexit2.o)
 .debug_frame   0x00000df4       0x28 d:/siliconlabs/simplicitystudio/v2/developer/toolchains/gnu_arm/4.7_2013q1/bin/../lib/gcc/arm-none-eabi/4.7.3/../../../../arm-none-eabi/lib/armv6-m\libc_s.a(lib_a-exit.o)
 .debug_frame   0x00000e1c       0x2c d:/siliconlabs/simplicitystudio/v2/developer/toolchains/gnu_arm/4.7_2013q1/bin/../lib/gcc/arm-none-eabi/4.7.3/../../../../arm-none-eabi/lib/armv6-m\libc_s.a(lib_a-fini.o)
 .debug_frame   0x00000e48       0x2c d:/siliconlabs/simplicitystudio/v2/developer/toolchains/gnu_arm/4.7_2013q1/bin/../lib/gcc/arm-none-eabi/4.7.3/../../../../arm-none-eabi/lib/armv6-m\libc_s.a(lib_a-init.o)
 .debug_frame   0x00000e74       0x28 d:/siliconlabs/simplicitystudio/v2/developer/toolchains/gnu_arm/4.7_2013q1/bin/../lib/gcc/arm-none-eabi/4.7.3/../../../../arm-none-eabi/lib/armv6-m\libc_s.a(lib_a-memcpy.o)
 .debug_frame   0x00000e9c       0x28 d:/siliconlabs/simplicitystudio/v2/developer/toolchains/gnu_arm/4.7_2013q1/bin/../lib/gcc/arm-none-eabi/4.7.3/../../../../arm-none-eabi/lib/armv6-m\libc_s.a(lib_a-memset.o)
 .debug_frame   0x00000ec4       0x4c d:/siliconlabs/simplicitystudio/v2/developer/toolchains/gnu_arm/4.7_2013q1/bin/../lib/gcc/arm-none-eabi/4.7.3/../../../../arm-none-eabi/lib/armv6-m\libc_s.a(lib_a-sprintf.o)
 .debug_frame   0x00000f10       0x78 d:/siliconlabs/simplicitystudio/v2/developer/toolchains/gnu_arm/4.7_2013q1/bin/../lib/gcc/arm-none-eabi/4.7.3/../../../../arm-none-eabi/lib/armv6-m\libc_s.a(lib_a-svfprintf.o)
 .debug_frame   0x00000f88       0x54 d:/siliconlabs/simplicitystudio/v2/developer/toolchains/gnu_arm/4.7_2013q1/bin/../lib/gcc/arm-none-eabi/4.7.3/../../../../arm-none-eabi/lib/armv6-m\libc_s.a(lib_a-vfprintf_i.o)
 .debug_frame   0x00000fdc       0x2c d:/siliconlabs/simplicitystudio/v2/developer/toolchains/gnu_arm/4.7_2013q1/bin/../lib/gcc/arm-none-eabi/4.7.3/../../../../arm-none-eabi/lib/armv6-m\libc_s.a(lib_a-freer.o)
 .debug_frame   0x00001008       0x2c d:/siliconlabs/simplicitystudio/v2/developer/toolchains/gnu_arm/4.7_2013q1/bin/../lib/gcc/arm-none-eabi/4.7.3/../../../../arm-none-eabi/lib/armv6-m\libc_s.a(lib_a-mallocr.o)
 .debug_frame   0x00001034       0x28 d:/siliconlabs/simplicitystudio/v2/developer/toolchains/gnu_arm/4.7_2013q1/bin/../lib/gcc/arm-none-eabi/4.7.3/../../../../arm-none-eabi/lib/armv6-m\libc_s.a(lib_a-memchr.o)
 .debug_frame   0x0000105c       0x30 d:/siliconlabs/simplicitystudio/v2/developer/toolchains/gnu_arm/4.7_2013q1/bin/../lib/gcc/arm-none-eabi/4.7.3/../../../../arm-none-eabi/lib/armv6-m\libc_s.a(lib_a-reallocr.o)
 .debug_frame   0x0000108c       0x2c d:/siliconlabs/simplicitystudio/v2/developer/toolchains/gnu_arm/4.7_2013q1/bin/../lib/gcc/arm-none-eabi/4.7.3/../../../../arm-none-eabi/lib/armv6-m\libc_s.a(lib_a-sbrkr.o)
 .debug_frame   0x000010b8       0x20 d:/siliconlabs/simplicitystudio/v2/developer/toolchains/gnu_arm/4.7_2013q1/bin/../lib/gcc/arm-none-eabi/4.7.3/../../../../arm-none-eabi/lib/armv6-m\libc_s.a(lib_a-strlen.o)
 .debug_frame   0x000010d8       0x28 d:/siliconlabs/simplicitystudio/v2/developer/toolchains/gnu_arm/4.7_2013q1/bin/../lib/gcc/arm-none-eabi/4.7.3/../../../../arm-none-eabi/lib/armv6-m\libc_s.a(lib_a-msizer.o)
 .debug_frame   0x00001100       0x64 d:/siliconlabs/simplicitystudio/v2/developer/toolchains/gnu_arm/4.7_2013q1/bin/../lib/gcc/arm-none-eabi/4.7.3/../../../../arm-none-eabi/lib/armv6-m\libc_s.a(lib_a-reent.o)
 .debug_frame   0x00001164       0x28 d:/siliconlabs/simplicitystudio/v2/developer/toolchains/gnu_arm/4.7_2013q1/bin/../lib/gcc/arm-none-eabi/4.7.3/../../../../arm-none-eabi/lib/armv6-m\libnosys.a(sbrk.o)
 .debug_frame   0x0000118c       0x28 d:/siliconlabs/simplicitystudio/v2/developer/toolchains/gnu_arm/4.7_2013q1/bin/../lib/gcc/arm-none-eabi/4.7.3/../../../../arm-none-eabi/lib/armv6-m\libnosys.a(_exit.o)
