Archive member included because of file (symbol)

d:/siliconlabs/simplicitystudio/v2/developer/toolchains/gnu_arm/4.7_2013q1/bin/../lib/gcc/arm-none-eabi/4.7.3/armv6-m\libgcc.a(_thumb1_case_uqi.o)
                              ./emlib/em_adc.o (__gnu_thumb1_case_uqi)
d:/siliconlabs/simplicitystudio/v2/developer/toolchains/gnu_arm/4.7_2013q1/bin/../lib/gcc/arm-none-eabi/4.7.3/armv6-m\libgcc.a(_udivsi3.o)
                              ./src/main.o (__aeabi_uidiv)
d:/siliconlabs/simplicitystudio/v2/developer/toolchains/gnu_arm/4.7_2013q1/bin/../lib/gcc/arm-none-eabi/4.7.3/armv6-m\libgcc.a(_divsi3.o)
                              ./src/main.o (__aeabi_idiv)
d:/siliconlabs/simplicitystudio/v2/developer/toolchains/gnu_arm/4.7_2013q1/bin/../lib/gcc/arm-none-eabi/4.7.3/armv6-m\libgcc.a(_dvmd_tls.o)
                              d:/siliconlabs/simplicitystudio/v2/developer/toolchains/gnu_arm/4.7_2013q1/bin/../lib/gcc/arm-none-eabi/4.7.3/armv6-m\libgcc.a(_udivsi3.o) (__aeabi_idiv0)
d:/siliconlabs/simplicitystudio/v2/developer/toolchains/gnu_arm/4.7_2013q1/bin/../lib/gcc/arm-none-eabi/4.7.3/armv6-m\libgcc.a(_arm_cmpsf2.o)
                              ./src/sensorsDrivers/MPU6050/inv_mpu.o (__aeabi_fcmpeq)
d:/siliconlabs/simplicitystudio/v2/developer/toolchains/gnu_arm/4.7_2013q1/bin/../lib/gcc/arm-none-eabi/4.7.3/armv6-m\libgcc.a(_aeabi_ldivmod.o)
                              ./src/sensorsDrivers/MPU6050/inv_mpu.o (__aeabi_ldivmod)
d:/siliconlabs/simplicitystudio/v2/developer/toolchains/gnu_arm/4.7_2013q1/bin/../lib/gcc/arm-none-eabi/4.7.3/armv6-m\libgcc.a(_muldi3.o)
                              ./src/sensorsDrivers/MPU6050/inv_mpu_dmp_motion_driver.o (__aeabi_lmul)
d:/siliconlabs/simplicitystudio/v2/developer/toolchains/gnu_arm/4.7_2013q1/bin/../lib/gcc/arm-none-eabi/4.7.3/armv6-m\libgcc.a(_fixunssfsi.o)
                              ./src/sensorsDrivers/MPU6050/inv_mpu_dmp_motion_driver.o (__aeabi_f2uiz)
d:/siliconlabs/simplicitystudio/v2/developer/toolchains/gnu_arm/4.7_2013q1/bin/../lib/gcc/arm-none-eabi/4.7.3/armv6-m\libgcc.a(bpabi.o)
                              d:/siliconlabs/simplicitystudio/v2/developer/toolchains/gnu_arm/4.7_2013q1/bin/../lib/gcc/arm-none-eabi/4.7.3/armv6-m\libgcc.a(_aeabi_ldivmod.o) (__gnu_ldivmod_helper)
d:/siliconlabs/simplicitystudio/v2/developer/toolchains/gnu_arm/4.7_2013q1/bin/../lib/gcc/arm-none-eabi/4.7.3/armv6-m\libgcc.a(addsf3.o)
                              ./src/sensorsDrivers/MPU6050/inv_mpu.o (__aeabi_fadd)
d:/siliconlabs/simplicitystudio/v2/developer/toolchains/gnu_arm/4.7_2013q1/bin/../lib/gcc/arm-none-eabi/4.7.3/armv6-m\libgcc.a(divsf3.o)
                              ./src/sensorsDrivers/MPU6050/inv_mpu.o (__aeabi_fdiv)
d:/siliconlabs/simplicitystudio/v2/developer/toolchains/gnu_arm/4.7_2013q1/bin/../lib/gcc/arm-none-eabi/4.7.3/armv6-m\libgcc.a(eqsf2.o)
                              d:/siliconlabs/simplicitystudio/v2/developer/toolchains/gnu_arm/4.7_2013q1/bin/../lib/gcc/arm-none-eabi/4.7.3/armv6-m\libgcc.a(_arm_cmpsf2.o) (__eqsf2)
d:/siliconlabs/simplicitystudio/v2/developer/toolchains/gnu_arm/4.7_2013q1/bin/../lib/gcc/arm-none-eabi/4.7.3/armv6-m\libgcc.a(gesf2.o)
                              d:/siliconlabs/simplicitystudio/v2/developer/toolchains/gnu_arm/4.7_2013q1/bin/../lib/gcc/arm-none-eabi/4.7.3/armv6-m\libgcc.a(_arm_cmpsf2.o) (__gesf2)
d:/siliconlabs/simplicitystudio/v2/developer/toolchains/gnu_arm/4.7_2013q1/bin/../lib/gcc/arm-none-eabi/4.7.3/armv6-m\libgcc.a(lesf2.o)
                              d:/siliconlabs/simplicitystudio/v2/developer/toolchains/gnu_arm/4.7_2013q1/bin/../lib/gcc/arm-none-eabi/4.7.3/armv6-m\libgcc.a(_arm_cmpsf2.o) (__lesf2)
d:/siliconlabs/simplicitystudio/v2/developer/toolchains/gnu_arm/4.7_2013q1/bin/../lib/gcc/arm-none-eabi/4.7.3/armv6-m\libgcc.a(mulsf3.o)
                              ./src/sensorsDrivers/MPU6050/inv_mpu.o (__aeabi_fmul)
d:/siliconlabs/simplicitystudio/v2/developer/toolchains/gnu_arm/4.7_2013q1/bin/../lib/gcc/arm-none-eabi/4.7.3/armv6-m\libgcc.a(subsf3.o)
                              ./src/sensorsDrivers/MPU6050/inv_mpu.o (__aeabi_fsub)
d:/siliconlabs/simplicitystudio/v2/developer/toolchains/gnu_arm/4.7_2013q1/bin/../lib/gcc/arm-none-eabi/4.7.3/armv6-m\libgcc.a(fixsfsi.o)
                              ./src/sensorsDrivers/MPU6050/inv_mpu.o (__aeabi_f2iz)
d:/siliconlabs/simplicitystudio/v2/developer/toolchains/gnu_arm/4.7_2013q1/bin/../lib/gcc/arm-none-eabi/4.7.3/armv6-m\libgcc.a(floatsisf.o)
                              ./src/sensorsDrivers/MPU6050/inv_mpu.o (__aeabi_i2f)
d:/siliconlabs/simplicitystudio/v2/developer/toolchains/gnu_arm/4.7_2013q1/bin/../lib/gcc/arm-none-eabi/4.7.3/armv6-m\libgcc.a(floatunsisf.o)
                              ./src/sensorsDrivers/MPU6050/inv_mpu_dmp_motion_driver.o (__aeabi_ui2f)
d:/siliconlabs/simplicitystudio/v2/developer/toolchains/gnu_arm/4.7_2013q1/bin/../lib/gcc/arm-none-eabi/4.7.3/armv6-m\libgcc.a(_clzsi2.o)
[...]
Memory Configuration

Name             Origin             Length             Attributes
FLASH            0x00000800         0x00007800         xr
RAM              0x20000000         0x00001000         xrw
*default*        0x00000000         0xffffffff

Linker script and memory map

LOAD d:/siliconlabs/simplicitystudio/v2/developer/toolchains/gnu_arm/4.7_2013q1/bin/../lib/gcc/arm-none-eabi/4.7.3/armv6-m/crti.o
LOAD d:/siliconlabs/simplicitystudio/v2/developer/toolchains/gnu_arm/4.7_2013q1/bin/../lib/gcc/arm-none-eabi/4.7.3/armv6-m/crtbegin.o
LOAD d:/siliconlabs/simplicitystudio/v2/developer/toolchains/gnu_arm/4.7_2013q1/bin/../lib/gcc/arm-none-eabi/4.7.3/../../../../arm-none-eabi/lib/armv6-m/crt0.o
LOAD ./src/main.o
LOAD ./emlib/em_acmp.o
LOAD ./emlib/em_adc.o
LOAD ./emlib/em_aes.o
LOAD ./emlib/em_assert.o
LOAD ./emlib/em_burtc.o
LOAD ./emlib/em_cmu.o
LOAD ./emlib/em_dac.o
LOAD ./emlib/em_dbg.o
LOAD ./emlib/em_dma.o
LOAD ./emlib/em_ebi.o
LOAD ./emlib/em_emu.o
LOAD ./emlib/em_gpio.o
LOAD ./emlib/em_i2c.o
LOAD ./emlib/em_idac.o
LOAD ./emlib/em_int.o
LOAD ./emlib/em_lcd.o
LOAD ./emlib/em_lesense.o
LOAD ./emlib/em_letimer.o
LOAD ./emlib/em_leuart.o
LOAD ./emlib/em_mpu.o
LOAD ./emlib/em_msc.o
LOAD ./emlib/em_opamp.o
LOAD ./emlib/em_pcnt.o
LOAD ./emlib/em_prs.o
LOAD ./emlib/em_rmu.o
LOAD ./emlib/em_rtc.o
LOAD ./emlib/em_system.o
LOAD ./emlib/em_timer.o
LOAD ./emlib/em_usart.o
LOAD ./emlib/em_vcmp.o
LOAD ./emlib/em_wdog.o
LOAD ./CMSIS/efm32zg/startup_gcc_efm32zg.o
LOAD ./CMSIS/efm32zg/system_efm32zg.o
LOAD ./src/ucPeripheralDrivers/RTC_.o
LOAD ./src/ucPeripheralDrivers/i2c_connection.o
LOAD ./src/ucPeripheralDrivers/leuart_connection.o
LOAD ./src/ucPeripheralDrivers/spi.o
LOAD ./src/ucPeripheralDrivers/spi_connection.o
LOAD ./src/ucPeripheralDrivers/uart_connection.o
LOAD ./src/sensorsDrivers/AS3935.o
LOAD ./src/sensorsDrivers/BMP180.o
LOAD ./src/sensorsDrivers/HMC5883L.o
LOAD ./src/sensorsDrivers/MPU6050.o
LOAD ./src/sensorsDrivers/Si114x.o
LOAD ./src/sensorsDrivers/Si7013.o
LOAD ./src/sensorsDrivers/Si114x/Si114x_reg.o
LOAD ./src/sensorsDrivers/MPU6050/inv_mpu.o
LOAD ./src/sensorsDrivers/MPU6050/inv_mpu_dmp_motion_driver.o
START GROUP
LOAD d:/siliconlabs/simplicitystudio/v2/developer/toolchains/gnu_arm/4.7_2013q1/bin/../lib/gcc/arm-none-eabi/4.7.3/armv6-m\libgcc.a
LOAD d:/siliconlabs/simplicitystudio/v2/developer/toolchains/gnu_arm/4.7_2013q1/bin/../lib/gcc/arm-none-eabi/4.7.3/../../../../arm-none-eabi/lib/armv6-m\libc_s.a
LOAD d:/siliconlabs/simplicitystudio/v2/developer/toolchains/gnu_arm/4.7_2013q1/bin/../lib/gcc/arm-none-eabi/4.7.3/../../../../arm-none-eabi/lib/armv6-m\libnosys.a
END GROUP
START GROUP
LOAD d:/siliconlabs/simplicitystudio/v2/developer/toolchains/gnu_arm/4.7_2013q1/bin/../lib/gcc/arm-none-eabi/4.7.3/armv6-m\libgcc.a
LOAD d:/siliconlabs/simplicitystudio/v2/developer/toolchains/gnu_arm/4.7_2013q1/bin/../lib/gcc/arm-none-eabi/4.7.3/../../../../arm-none-eabi/lib/armv6-m\libc_s.a
END GROUP
LOAD d:/siliconlabs/simplicitystudio/v2/developer/toolchains/gnu_arm/4.7_2013q1/bin/../lib/gcc/arm-none-eabi/4.7.3/armv6-m/crtend.o
LOAD d:/siliconlabs/simplicitystudio/v2/developer/toolchains/gnu_arm/4.7_2013q1/bin/../lib/gcc/arm-none-eabi/4.7.3/armv6-m/crtn.o

.text           0x00000800     0x62c8
 *(.isr_vector)
 .isr_vector    0x00000800      0x100 ./CMSIS/efm32zg/startup_gcc_efm32zg.o
                0x00000800                __isr_vector
 *(.text*)
 .text          0x00000900       0x60 d:/siliconlabs/simplicitystudio/v2/developer/toolchains/gnu_arm/4.7_2013q1/bin/../lib/gcc/arm-none-eabi/4.7.3/armv6-m/crtbegin.o
 .text          0x00000960       0x74 d:/siliconlabs/simplicitystudio/v2/developer/toolchains/gnu_arm/4.7_2013q1/bin/../lib/gcc/arm-none-eabi/4.7.3/../../../../arm-none-eabi/lib/armv6-m/crt0.o
                0x00000960                _start
                0x00000960                start
                0x00000960                _mainCRTStartup
 .text.initOscillators
                0x000009d4       0x34 ./src/main.o
                0x000009d4                initOscillators
 .text.clockTest_short
                0x00000a08       0x30 ./src/main.o
                0x00000a08                clockTest_short
 .text.printResults
                0x00000a38      0x1c4 ./src/main.o
                0x00000a38                printResults
 .text.RTC_IRQHandler
                0x00000bfc      0x324 ./src/main.o
                0x00000bfc                RTC_IRQHandler
 .text.GPIO_EVEN_IRQHandler
                0x00000f20       0x30 ./src/main.o
                0x00000f20                GPIO_EVEN_IRQHandler
 .text.detectSensors
                0x00000f50       0xd8 ./src/main.o
                0x00000f50                detectSensors
 .text.initSensors
                0x00001028       0x8c ./src/main.o
                0x00001028                initSensors
 .text.initInterfaces
                0x000010b4       0x54 ./src/main.o
                0x000010b4                initInterfaces
 .text.startup.main
                0x00001108       0x4c ./src/main.o
                0x00001108                main
 .text.CMU_FlashWaitStateMax
                0x00001154       0x20 ./emlib/em_cmu.o
 .text.CMU_FlashWaitStateControl
                0x00001174       0x38 ./emlib/em_cmu.o
 .text.CMU_AUXClkGet
                0x000011ac       0x60 ./emlib/em_cmu.o
 .text.CMU_Sync
                0x0000120c       0x18 ./emlib/em_cmu.o
 .text.CMU_LFClkGet
                0x00001224       0x48 ./emlib/em_cmu.o
 .text.CMU_ClockEnable
                0x0000126c       0x74 ./emlib/em_cmu.o
                0x0000126c                CMU_ClockEnable
 .text.CMU_ClockSelectGet
                0x000012e0       0x98 ./emlib/em_cmu.o
                0x000012e0                CMU_ClockSelectGet
 .text.CMU_ClockFreqGet
                0x00001378       0xbc ./emlib/em_cmu.o
                0x00001378                CMU_ClockFreqGet
 .text.CMU_OscillatorEnable
                0x00001434       0x50 ./emlib/em_cmu.o
                0x00001434                CMU_OscillatorEnable
 .text.CMU_ClockSelectSet
                0x00001484       0xdc ./emlib/em_cmu.o
                0x00001484                CMU_ClockSelectSet
 .text.DMA_IRQHandler
                0x00001560       0x7c ./emlib/em_dma.o
                0x00001560                DMA_IRQHandler
 .text.EMU_Restore
                0x000015dc       0x80 ./emlib/em_emu.o
 .text.EMU_EnterEM2
                0x0000165c       0x38 ./emlib/em_emu.o
                0x0000165c                EMU_EnterEM2
 .text.EMU_UpdateOscConfig
                0x00001694       0x14 ./emlib/em_emu.o
                0x00001694                EMU_UpdateOscConfig
 .text.GPIO_IntConfig
                0x000016a8       0x88 ./emlib/em_gpio.o
                0x000016a8                GPIO_IntConfig
 .text.GPIO_PinModeSet
                0x00001730       0x8c ./emlib/em_gpio.o
                0x00001730                GPIO_PinModeSet
 .text.I2C_BusFreqSet
                0x000017bc       0x54 ./emlib/em_i2c.o
                0x000017bc                I2C_BusFreqSet
 .text.I2C_Init
                0x00001810       0x3c ./emlib/em_i2c.o
                0x00001810                I2C_Init
 .text.I2C_Transfer
                0x0000184c      0x230 ./emlib/em_i2c.o
                0x0000184c                I2C_Transfer
 .text.I2C_TransferInit
                0x00001a7c       0x6c ./emlib/em_i2c.o
                0x00001a7c                I2C_TransferInit
 .text.LEUART_Sync
                0x00001ae8       0x10 ./emlib/em_leuart.o
 .text.LEUART_BaudrateSet
                0x00001af8       0x40 ./emlib/em_leuart.o
                0x00001af8                LEUART_BaudrateSet
 .text.LEUART_Init
                0x00001b38       0x40 ./emlib/em_leuart.o
                0x00001b38                LEUART_Init
 .text.LEUART_Tx
                0x00001b78       0x18 ./emlib/em_leuart.o
                0x00001b78                LEUART_Tx
 .text.RTC_CompareSet
                0x00001b90       0x1c ./emlib/em_rtc.o
                0x00001b90                RTC_CompareSet
 .text.RTC_Init
                0x00001bac       0x24 ./emlib/em_rtc.o
                0x00001bac                RTC_Init
 .text.USART_Rx
                0x00001bd0        0xe ./emlib/em_usart.o
                0x00001bd0                USART_Rx
 *fill*         0x00001bde        0x2 00
 .text          0x00001be0       0x60 ./CMSIS/efm32zg/startup_gcc_efm32zg.o
                0x00001be0                Reset_Handler
                0x00001c10                Default_Handler
                0x00001c12                NMI_Handler
                0x00001c14                HardFault_Handler
                0x00001c16                SVC_Handler
                0x00001c18                PendSV_Handler
                0x00001c1a                SysTick_Handler
                0x00001c20                TIMER0_IRQHandler
                0x00001c22                ACMP0_IRQHandler
                0x00001c24                ADC0_IRQHandler
                0x00001c28                GPIO_ODD_IRQHandler
                0x00001c2a                TIMER1_IRQHandler
                0x00001c30                LEUART0_IRQHandler
                0x00001c32                PCNT0_IRQHandler
                0x00001c36                CMU_IRQHandler
                0x00001c38                VCMP_IRQHandler
                0x00001c3a                MSC_IRQHandler
                0x00001c3c                AES_IRQHandler
 .text.SystemHFClockGet
                0x00001c40       0x9c ./CMSIS/efm32zg/system_efm32zg.o
                0x00001c40                SystemHFClockGet
 .text.SystemCoreClockGet
                0x00001cdc       0x20 ./CMSIS/efm32zg/system_efm32zg.o
                0x00001cdc                SystemCoreClockGet
 .text.SystemInit
                0x00001cfc        0x2 ./CMSIS/efm32zg/system_efm32zg.o
                0x00001cfc                SystemInit
 .text.SystemLFRCOClockGet
                0x00001cfe        0x6 ./CMSIS/efm32zg/system_efm32zg.o
                0x00001cfe                SystemLFRCOClockGet
 .text.SystemULFRCOClockGet
                0x00001d04        0x6 ./CMSIS/efm32zg/system_efm32zg.o
                0x00001d04                SystemULFRCOClockGet
 *fill*         0x00001d0a        0x2 00
 .text.SystemLFXOClockGet
                0x00001d0c        0xc ./CMSIS/efm32zg/system_efm32zg.o
                0x00001d0c                SystemLFXOClockGet
 .text.startLfxoForRtc
                0x00001d18       0x34 ./src/ucPeripheralDrivers/RTC_.o
                0x00001d18                startLfxoForRtc
 .text.RTC_init
                0x00001d4c       0x28 ./src/ucPeripheralDrivers/RTC_.o
                0x00001d4c                RTC_init
 .text.RTC_setTime
                0x00001d74       0x16 ./src/ucPeripheralDrivers/RTC_.o
                0x00001d74                RTC_setTime
 *fill*         0x00001d8a        0x2 00
 .text.RTC_enableInt
                0x00001d8c       0x1c ./src/ucPeripheralDrivers/RTC_.o
                0x00001d8c                RTC_enableInt
 .text.RTC_clearInt
                0x00001da8        0xc ./src/ucPeripheralDrivers/RTC_.o
                0x00001da8                RTC_clearInt
 .text.i2c_InitMaster
                0x00001db4       0xbc ./src/ucPeripheralDrivers/i2c_connection.o
                0x00001db4                i2c_InitMaster
 .text.I2C0_IRQHandler
                0x00001e70       0x1c ./src/ucPeripheralDrivers/i2c_connection.o
                0x00001e70                I2C0_IRQHandler
 .text.i2c_RegisterGet
                0x00001e8c       0x5c ./src/ucPeripheralDrivers/i2c_connection.o
                0x00001e8c                i2c_RegisterGet
 .text.i2c_RegisterSet
                0x00001ee8       0x50 ./src/ucPeripheralDrivers/i2c_connection.o
                0x00001ee8                i2c_RegisterSet
 .text.i2c_Register_Write_Block
                0x00001f38       0x54 ./src/ucPeripheralDrivers/i2c_connection.o
                0x00001f38                i2c_Register_Write_Block
 .text.i2c_Register_Read_Block
                0x00001f8c       0x60 ./src/ucPeripheralDrivers/i2c_connection.o
                0x00001f8c                i2c_Register_Read_Block
 .text.i2c_Detect
                0x00001fec       0x58 ./src/ucPeripheralDrivers/i2c_connection.o
                0x00001fec                i2c_Detect
 .text.i2c_Scan
                0x00002044       0x38 ./src/ucPeripheralDrivers/i2c_connection.o
                0x00002044                i2c_Scan
 .text.LeUart_Init
                0x0000207c       0x6c ./src/ucPeripheralDrivers/leuart_connection.o
                0x0000207c                LeUart_Init
 .text.LeUart_SendChar
                0x000020e8       0x10 ./src/ucPeripheralDrivers/leuart_connection.o
                0x000020e8                LeUart_SendChar
 .text.LeUart_SendText
                0x000020f8       0x24 ./src/ucPeripheralDrivers/leuart_connection.o
                0x000020f8                LeUart_SendText
 .text.USART1_TX_IRQHandler
                0x0000211c       0x44 ./src/ucPeripheralDrivers/spi.o
                0x0000211c                USART1_TX_IRQHandler
 .text.uart_sendText
                0x00002160       0x28 ./src/ucPeripheralDrivers/uart_connection.o
                0x00002160                uart_sendText
 .text.USART1_RX_IRQHandler
                0x00002188       0x68 ./src/ucPeripheralDrivers/uart_connection.o
                0x00002188                USART1_RX_IRQHandler
 .text.BMP180_init
                0x000021f0        0x2 ./src/sensorsDrivers/BMP180.o
                0x000021f0                BMP180_init
 *fill*         0x000021f2        0x2 00
 .text.BMP180_detect
                0x000021f4       0x10 ./src/sensorsDrivers/BMP180.o
                0x000021f4                BMP180_detect
 .text.bmp180_GetTemperature
                0x00002204       0x48 ./src/sensorsDrivers/BMP180.o
                0x00002204                bmp180_GetTemperature
 .text.bmp180_GetPressure
                0x0000224c       0xc0 ./src/sensorsDrivers/BMP180.o
                0x0000224c                bmp180_GetPressure
 .text.BMP180_forceTemperatureMesurement
                0x0000230c       0x14 ./src/sensorsDrivers/BMP180.o
                0x0000230c                BMP180_forceTemperatureMesurement
 .text.BMP180_readTemperature
                0x00002320       0x48 ./src/sensorsDrivers/BMP180.o
                0x00002320                BMP180_readTemperature
 .text.BMP180_forcePressureMeasurment
                0x00002368       0x14 ./src/sensorsDrivers/BMP180.o
                0x00002368                BMP180_forcePressureMeasurment
 .text.BMP180_readPressure
                0x0000237c       0x44 ./src/sensorsDrivers/BMP180.o
                0x0000237c                BMP180_readPressure
 .text.HMC5883L_detect
                0x000023c0       0x10 ./src/sensorsDrivers/HMC5883L.o
                0x000023c0                HMC5883L_detect
 .text.HMC5883L_init
                0x000023d0       0x78 ./src/sensorsDrivers/HMC5883L.o
                0x000023d0                HMC5883L_init
 .text.HMC5883L_getCompassData
                0x00002448       0x40 ./src/sensorsDrivers/HMC5883L.o
                0x00002448                HMC5883L_getCompassData
 .text.android_orient_cb
                0x00002488       0x40 ./src/sensorsDrivers/MPU6050.o
 .text.inv_row_2_scale
                0x000024c8       0x36 ./src/sensorsDrivers/MPU6050.o
 *fill*         0x000024fe        0x2 00
 .text.tap_cb   0x00002500       0x4c ./src/sensorsDrivers/MPU6050.o
 .text.MPU6050_detect
                0x0000254c       0x10 ./src/sensorsDrivers/MPU6050.o
                0x0000254c                MPU6050_detect
 .text.MPU6050_init
                0x0000255c       0xac ./src/sensorsDrivers/MPU6050.o
                0x0000255c                MPU6050_init
 .text.Si114x_Detect
                0x00002608        0x8 ./src/sensorsDrivers/Si114x.o
                0x00002608                Si114x_Detect
 .text.Si114x_Init
                0x00002610       0xc0 ./src/sensorsDrivers/Si114x.o
                0x00002610                Si114x_Init
 .text.Si114x_Interrupt
                0x000026d0       0x14 ./src/sensorsDrivers/Si114x.o
                0x000026d0                Si114x_Interrupt
 .text.Si114x_ForceAmbientLightMeasurment
                0x000026e4        0xc ./src/sensorsDrivers/Si114x.o
                0x000026e4                Si114x_ForceAmbientLightMeasurment
 .text.Si114x_ReadAmbientLight
                0x000026f0       0x44 ./src/sensorsDrivers/Si114x.o
                0x000026f0                Si114x_ReadAmbientLight
 .text.Si114x_ForceUvIndexMeasurment
                0x00002734       0x10 ./src/sensorsDrivers/Si114x.o
                0x00002734                Si114x_ForceUvIndexMeasurment
 .text.Si114x_ReadUvIndex
                0x00002744       0x48 ./src/sensorsDrivers/Si114x.o
                0x00002744                Si114x_ReadUvIndex
 .text.Si114x_ReadPsMeasurments
                0x0000278c       0x58 ./src/sensorsDrivers/Si114x.o
                0x0000278c                Si114x_ReadPsMeasurments
 .text.Si7013_Detect
                0x000027e4       0x10 ./src/sensorsDrivers/Si7013.o
                0x000027e4                Si7013_Detect
 .text.Si7013_Init
                0x000027f4        0x2 ./src/sensorsDrivers/Si7013.o
                0x000027f4                Si7013_Init
 *fill*         0x000027f6        0x2 00
 .text.Si7013_ForceRhMeasurment
                0x000027f8       0x5c ./src/sensorsDrivers/Si7013.o
                0x000027f8                Si7013_ForceRhMeasurment
 .text.Si7013_ReadHumidityAndTemperature
                0x00002854      0x104 ./src/sensorsDrivers/Si7013.o
                0x00002854                Si7013_ReadHumidityAndTemperature
 .text.Si114x_GetRegister
                0x00002958       0x14 ./src/sensorsDrivers/Si114x/Si114x_reg.o
 .text.Si114x_SetRegister
                0x0000296c       0x14 ./src/sensorsDrivers/Si114x/Si114x_reg.o
 .text.Si114x_Detect_LowLevel
                0x00002980       0x10 ./src/sensorsDrivers/Si114x/Si114x_reg.o
                0x00002980                Si114x_Detect_LowLevel
 .text.Si114x_SetHwKey
                0x00002990        0xc ./src/sensorsDrivers/Si114x/Si114x_reg.o
                0x00002990                Si114x_SetHwKey
 .text.Si114x_SetMeasurmentRate
                0x0000299c       0x50 ./src/sensorsDrivers/Si114x/Si114x_reg.o
                0x0000299c                Si114x_SetMeasurmentRate
 .text.Si114x_SetLedCurrents
                0x000029ec       0x54 ./src/sensorsDrivers/Si114x/Si114x_reg.o
                0x000029ec                Si114x_SetLedCurrents
 .text.Si114x_EnableUvReading
                0x00002a40       0x24 ./src/sensorsDrivers/Si114x/Si114x_reg.o
                0x00002a40                Si114x_EnableUvReading
 .text.Si114x_DisableUvReading
                0x00002a64       0x24 ./src/sensorsDrivers/Si114x/Si114x_reg.o
                0x00002a64                Si114x_DisableUvReading
 .text.Si114x_SetParamWr
                0x00002a88        0xc ./src/sensorsDrivers/Si114x/Si114x_reg.o
                0x00002a88                Si114x_SetParamWr
 .text.Si114x_SetCommand
                0x00002a94       0x6e ./src/sensorsDrivers/Si114x/Si114x_reg.o
                0x00002a94                Si114x_SetCommand
 .text.Si114x_GetResponse
                0x00002b02       0x16 ./src/sensorsDrivers/Si114x/Si114x_reg.o
                0x00002b02                Si114x_GetResponse
 .text.Si114x_ClrIrqStatus
                0x00002b18        0xc ./src/sensorsDrivers/Si114x/Si114x_reg.o
                0x00002b18                Si114x_ClrIrqStatus
 .text.Si114x_GetAlsVisData
                0x00002b24       0x26 ./src/sensorsDrivers/Si114x/Si114x_reg.o
                0x00002b24                Si114x_GetAlsVisData
 .text.Si114x_GetPs1Data
                0x00002b4a       0x26 ./src/sensorsDrivers/Si114x/Si114x_reg.o
                0x00002b4a                Si114x_GetPs1Data
 .text.Si114x_GetPs2Data
                0x00002b70       0x26 ./src/sensorsDrivers/Si114x/Si114x_reg.o
                0x00002b70                Si114x_GetPs2Data
 .text.Si114x_GetPs3Data
                0x00002b96       0x26 ./src/sensorsDrivers/Si114x/Si114x_reg.o
                0x00002b96                Si114x_GetPs3Data
 .text.Si114x_GetAuxUvData
                0x00002bbc       0x26 ./src/sensorsDrivers/Si114x/Si114x_reg.o
                0x00002bbc                Si114x_GetAuxUvData
 *fill*         0x00002be2        0x2 00
 .text.Si114x_EnableChannel
                0x00002be4       0x80 ./src/sensorsDrivers/Si114x/Si114x_reg.o
                0x00002be4                Si114x_EnableChannel
 .text.Si114x_SetPsLedSelect
                0x00002c64       0x84 ./src/sensorsDrivers/Si114x/Si114x_reg.o
                0x00002c64                Si114x_SetPsLedSelect
 .text.Si114x_SetPs1ADC
                0x00002ce8       0x3c ./src/sensorsDrivers/Si114x/Si114x_reg.o
                0x00002ce8                Si114x_SetPs1ADC
 .text.Si114x_SetPs2ADC
                0x00002d24       0x3c ./src/sensorsDrivers/Si114x/Si114x_reg.o
                0x00002d24                Si114x_SetPs2ADC
 .text.Si114x_SetPs3ADC
                0x00002d60       0x3c ./src/sensorsDrivers/Si114x/Si114x_reg.o
                0x00002d60                Si114x_SetPs3ADC
 .text.Si114x_SetPsAdcCounter
                0x00002d9c       0x44 ./src/sensorsDrivers/Si114x/Si114x_reg.o
                0x00002d9c                Si114x_SetPsAdcCounter
 .text.Si114x_SetAlsVisAdcCounter
                0x00002de0       0x16 ./src/sensorsDrivers/Si114x/Si114x_reg.o
                0x00002de0                Si114x_SetAlsVisAdcCounter
 .text.Si114x_SetAlsIrAdcCounter
                0x00002df6       0x16 ./src/sensorsDrivers/Si114x/Si114x_reg.o
                0x00002df6                Si114x_SetAlsIrAdcCounter
 .text.Si114x_SetPsAdcGain
                0x00002e0c       0x50 ./src/sensorsDrivers/Si114x/Si114x_reg.o
                0x00002e0c                Si114x_SetPsAdcGain
 .text.Si114x_SetAlsVisAdcGain
                0x00002e5c       0x14 ./src/sensorsDrivers/Si114x/Si114x_reg.o
                0x00002e5c                Si114x_SetAlsVisAdcGain
 .text.Si114x_SetAlsIrAdcGain
                0x00002e70       0x14 ./src/sensorsDrivers/Si114x/Si114x_reg.o
                0x00002e70                Si114x_SetAlsIrAdcGain
 .text.Si114x_SetPsAdcMisc
                0x00002e84       0x48 ./src/sensorsDrivers/Si114x/Si114x_reg.o
                0x00002e84                Si114x_SetPsAdcMisc
 .text.i2c_write.part.0
                0x00002ecc       0x18 ./src/sensorsDrivers/MPU6050/inv_mpu.o
 .text.i2c_read.part.2
                0x00002ee4       0x24 ./src/sensorsDrivers/MPU6050/inv_mpu.o
 .text.set_int_enable
                0x00002f08       0x68 ./src/sensorsDrivers/MPU6050/inv_mpu.o
 .text.i2c_write
                0x00002f70       0x2c ./src/sensorsDrivers/MPU6050/inv_mpu.o
                0x00002f70                i2c_write
 .text.i2c_read
                0x00002f9c       0x2c ./src/sensorsDrivers/MPU6050/inv_mpu.o
                0x00002f9c                i2c_read
 .text.delay_ms
                0x00002fc8       0x3c ./src/sensorsDrivers/MPU6050/inv_mpu.o
                0x00002fc8                delay_ms
 .text.mpu_get_gyro_reg
                0x00003004       0x50 ./src/sensorsDrivers/MPU6050/inv_mpu.o
                0x00003004                mpu_get_gyro_reg
 .text.mpu_get_accel_reg
                0x00003054       0x4c ./src/sensorsDrivers/MPU6050/inv_mpu.o
                0x00003054                mpu_get_accel_reg
 .text.mpu_reset_fifo
                0x000030a0      0x110 ./src/sensorsDrivers/MPU6050/inv_mpu.o
                0x000030a0                mpu_reset_fifo
 .text.mpu_set_gyro_fsr
                0x000031b0       0x6c ./src/sensorsDrivers/MPU6050/inv_mpu.o
                0x000031b0                mpu_set_gyro_fsr
 .text.mpu_get_accel_fsr
                0x0000321c       0x40 ./src/sensorsDrivers/MPU6050/inv_mpu.o
                0x0000321c                mpu_get_accel_fsr
 .text.mpu_set_accel_fsr
                0x0000325c       0x60 ./src/sensorsDrivers/MPU6050/inv_mpu.o
                0x0000325c                mpu_set_accel_fsr
 .text.mpu_set_lpf
                0x000032bc       0x5c ./src/sensorsDrivers/MPU6050/inv_mpu.o
                0x000032bc                mpu_set_lpf
 .text.mpu_configure_fifo
                0x00003318       0x5c ./src/sensorsDrivers/MPU6050/inv_mpu.o
                0x00003318                mpu_configure_fifo
 .text.mpu_read_fifo_stream
                0x00003374       0xa0 ./src/sensorsDrivers/MPU6050/inv_mpu.o
                0x00003374                mpu_read_fifo_stream
 .text.mpu_set_bypass
                0x00003414       0xbc ./src/sensorsDrivers/MPU6050/inv_mpu.o
                0x00003414                mpu_set_bypass
 .text.mpu_set_int_latched
                0x000034d0       0x58 ./src/sensorsDrivers/MPU6050/inv_mpu.o
                0x000034d0                mpu_set_int_latched
 .text.mpu_set_sensors
                0x00003528       0x94 ./src/sensorsDrivers/MPU6050/inv_mpu.o
                0x00003528                mpu_set_sensors
 .text.mpu_lp_accel_mode
                0x000035bc       0xa0 ./src/sensorsDrivers/MPU6050/inv_mpu.o
                0x000035bc                mpu_lp_accel_mode
 .text.mpu_set_sample_rate
                0x0000365c       0x88 ./src/sensorsDrivers/MPU6050/inv_mpu.o
                0x0000365c                mpu_set_sample_rate
 .text.mpu_init
                0x000036e4       0xbc ./src/sensorsDrivers/MPU6050/inv_mpu.o
                0x000036e4                mpu_init
 .text.mpu_write_mem
                0x000037a0       0x58 ./src/sensorsDrivers/MPU6050/inv_mpu.o
                0x000037a0                mpu_write_mem
 .text.mpu_read_mem
                0x000037f8       0x58 ./src/sensorsDrivers/MPU6050/inv_mpu.o
                0x000037f8                mpu_read_mem
 .text.mpu_load_firmware
                0x00003850       0xa0 ./src/sensorsDrivers/MPU6050/inv_mpu.o
                0x00003850                mpu_load_firmware
 .text.mpu_set_dmp_state
                0x000038f0       0x74 ./src/sensorsDrivers/MPU6050/inv_mpu.o
                0x000038f0                mpu_set_dmp_state
 .text.dmp_enable_gyro_cal.part.0
                0x00003964       0x24 ./src/sensorsDrivers/MPU6050/inv_mpu_dmp_motion_driver.o
 .text.dmp_load_motion_driver_firmware
                0x00003988       0x1c ./src/sensorsDrivers/MPU6050/inv_mpu_dmp_motion_driver.o
                0x00003988                dmp_load_motion_driver_firmware
 .text.dmp_set_orientation
                0x000039a4      0x11c ./src/sensorsDrivers/MPU6050/inv_mpu_dmp_motion_driver.o
                0x000039a4                dmp_set_orientation
 .text.dmp_set_fifo_rate
                0x00003ac0       0x64 ./src/sensorsDrivers/MPU6050/inv_mpu_dmp_motion_driver.o
                0x00003ac0                dmp_set_fifo_rate
 .text.dmp_get_fifo_rate
                0x00003b24       0x10 ./src/sensorsDrivers/MPU6050/inv_mpu_dmp_motion_driver.o
                0x00003b24                dmp_get_fifo_rate
 .text.dmp_set_tap_thresh
                0x00003b34      0x144 ./src/sensorsDrivers/MPU6050/inv_mpu_dmp_motion_driver.o
                0x00003b34                dmp_set_tap_thresh
 .text.dmp_set_tap_axes
                0x00003c78       0x36 ./src/sensorsDrivers/MPU6050/inv_mpu_dmp_motion_driver.o
                0x00003c78                dmp_set_tap_axes
 *fill*         0x00003cae        0x2 00
 .text.dmp_set_tap_count
                0x00003cb0       0x28 ./src/sensorsDrivers/MPU6050/inv_mpu_dmp_motion_driver.o
                0x00003cb0                dmp_set_tap_count
 .text.dmp_set_tap_time
                0x00003cd8       0x1e ./src/sensorsDrivers/MPU6050/inv_mpu_dmp_motion_driver.o
                0x00003cd8                dmp_set_tap_time
 .text.dmp_set_tap_time_multi
                0x00003cf6       0x1e ./src/sensorsDrivers/MPU6050/inv_mpu_dmp_motion_driver.o
                0x00003cf6                dmp_set_tap_time_multi
 .text.dmp_set_shake_reject_thresh
                0x00003d14       0x2c ./src/sensorsDrivers/MPU6050/inv_mpu_dmp_motion_driver.o
                0x00003d14                dmp_set_shake_reject_thresh
 .text.dmp_set_shake_reject_time
                0x00003d40       0x1e ./src/sensorsDrivers/MPU6050/inv_mpu_dmp_motion_driver.o
                0x00003d40                dmp_set_shake_reject_time
 .text.dmp_set_shake_reject_timeout
                0x00003d5e       0x1e ./src/sensorsDrivers/MPU6050/inv_mpu_dmp_motion_driver.o
                0x00003d5e                dmp_set_shake_reject_timeout
 .text.dmp_get_pedometer_step_count
                0x00003d7c       0x36 ./src/sensorsDrivers/MPU6050/inv_mpu_dmp_motion_driver.o
                0x00003d7c                dmp_get_pedometer_step_count
 .text.dmp_set_pedometer_step_count
                0x00003db2       0x1e ./src/sensorsDrivers/MPU6050/inv_mpu_dmp_motion_driver.o
                0x00003db2                dmp_set_pedometer_step_count
 .text.dmp_get_pedometer_walk_time
                0x00003dd0       0x3a ./src/sensorsDrivers/MPU6050/inv_mpu_dmp_motion_driver.o
                0x00003dd0                dmp_get_pedometer_walk_time
 .text.dmp_set_pedometer_walk_time
                0x00003e0a       0x24 ./src/sensorsDrivers/MPU6050/inv_mpu_dmp_motion_driver.o
                0x00003e0a                dmp_set_pedometer_walk_time
 *fill*         0x00003e2e        0x2 00
 .text.dmp_enable_gyro_cal
                0x00003e30       0x2c ./src/sensorsDrivers/MPU6050/inv_mpu_dmp_motion_driver.o
                0x00003e30                dmp_enable_gyro_cal
 .text.dmp_enable_lp_quat
                0x00003e5c       0x38 ./src/sensorsDrivers/MPU6050/inv_mpu_dmp_motion_driver.o
                0x00003e5c                dmp_enable_lp_quat
 .text.dmp_enable_6x_lp_quat
                0x00003e94       0x38 ./src/sensorsDrivers/MPU6050/inv_mpu_dmp_motion_driver.o
                0x00003e94                dmp_enable_6x_lp_quat
 .text.dmp_enable_feature
                0x00003ecc      0x1b4 ./src/sensorsDrivers/MPU6050/inv_mpu_dmp_motion_driver.o
                0x00003ecc                dmp_enable_feature
 .text.dmp_set_interrupt_mode
                0x00004080       0x4c ./src/sensorsDrivers/MPU6050/inv_mpu_dmp_motion_driver.o
                0x00004080                dmp_set_interrupt_mode
 .text.dmp_read_fifo
                0x000040cc      0x194 ./src/sensorsDrivers/MPU6050/inv_mpu_dmp_motion_driver.o
                0x000040cc                dmp_read_fifo
 .text.dmp_register_tap_cb
                0x00004260        0xc ./src/sensorsDrivers/MPU6050/inv_mpu_dmp_motion_driver.o
                0x00004260                dmp_register_tap_cb
 .text.dmp_register_android_orient_cb
                0x0000426c        0xc ./src/sensorsDrivers/MPU6050/inv_mpu_dmp_motion_driver.o
                0x0000426c                dmp_register_android_orient_cb
 .text          0x00004278       0x14 d:/siliconlabs/simplicitystudio/v2/developer/toolchains/gnu_arm/4.7_2013q1/bin/../lib/gcc/arm-none-eabi/4.7.3/armv6-m\libgcc.a(_thumb1_case_uqi.o)
                0x00004278                __gnu_thumb1_case_uqi
 .text          0x0000428c       0x9c d:/siliconlabs/simplicitystudio/v2/developer/toolchains/gnu_arm/4.7_2013q1/bin/../lib/gcc/arm-none-eabi/4.7.3/armv6-m\libgcc.a(_udivsi3.o)
                0x0000428c                __aeabi_uidiv
                0x0000428c                __udivsi3
                0x00004314                __aeabi_uidivmod
 .text          0x00004328       0xc0 d:/siliconlabs/simplicitystudio/v2/developer/toolchains/gnu_arm/4.7_2013q1/bin/../lib/gcc/arm-none-eabi/4.7.3/armv6-m\libgcc.a(_divsi3.o)
                0x00004328                __divsi3
                0x00004328                __aeabi_idiv
                0x000043d4                __aeabi_idivmod
 .text          0x000043e8        0x4 d:/siliconlabs/simplicitystudio/v2/developer/toolchains/gnu_arm/4.7_2013q1/bin/../lib/gcc/arm-none-eabi/4.7.3/armv6-m\libgcc.a(_dvmd_tls.o)
                0x000043e8                __aeabi_idiv0
                0x000043e8                __aeabi_ldiv0
 .text          0x000043ec       0x74 d:/siliconlabs/simplicitystudio/v2/developer/toolchains/gnu_arm/4.7_2013q1/bin/../lib/gcc/arm-none-eabi/4.7.3/armv6-m\libgcc.a(_arm_cmpsf2.o)
                0x000043ec                __aeabi_cfrcmple
                0x000043f4                __aeabi_cfcmpeq
                0x000043f4                __aeabi_cfcmple
                0x00004404                __aeabi_fcmpeq
                0x00004410                __aeabi_fcmplt
                0x00004424                __aeabi_fcmple
                0x00004438                __aeabi_fcmpgt
                0x0000444c                __aeabi_fcmpge
 .text          0x00004460       0x30 d:/siliconlabs/simplicitystudio/v2/developer/toolchains/gnu_arm/4.7_2013q1/bin/../lib/gcc/arm-none-eabi/4.7.3/armv6-m\libgcc.a(_fixunssfsi.o)
                0x00004460                __fixunssfsi
                0x00004460                __aeabi_f2uiz
 .text          0x00004490      0x274 d:/siliconlabs/simplicitystudio/v2/developer/toolchains/gnu_arm/4.7_2013q1/bin/../lib/gcc/arm-none-eabi/4.7.3/armv6-m\libgcc.a(divsf3.o)
                0x00004490                __aeabi_fdiv
 .text          0x00004704       0x50 d:/siliconlabs/simplicitystudio/v2/developer/toolchains/gnu_arm/4.7_2013q1/bin/../lib/gcc/arm-none-eabi/4.7.3/armv6-m\libgcc.a(eqsf2.o)
                0x00004704                __eqsf2
                0x00004704                __nesf2
 .text          0x00004754       0x90 d:/siliconlabs/simplicitystudio/v2/developer/toolchains/gnu_arm/4.7_2013q1/bin/../lib/gcc/arm-none-eabi/4.7.3/armv6-m\libgcc.a(gesf2.o)
                0x00004754                __gesf2
                0x00004754                __gtsf2
 .text          0x000047e4       0x90 d:/siliconlabs/simplicitystudio/v2/developer/toolchains/gnu_arm/4.7_2013q1/bin/../lib/gcc/arm-none-eabi/4.7.3/armv6-m\libgcc.a(lesf2.o)
                0x000047e4                __ltsf2
                0x000047e4                __lesf2
 .text          0x00004874      0x260 d:/siliconlabs/simplicitystudio/v2/developer/toolchains/gnu_arm/4.7_2013q1/bin/../lib/gcc/arm-none-eabi/4.7.3/armv6-m\libgcc.a(mulsf3.o)
                0x00004874                __aeabi_fmul
 .text          0x00004ad4      0x3b4 d:/siliconlabs/simplicitystudio/v2/developer/toolchains/gnu_arm/4.7_2013q1/bin/../lib/gcc/arm-none-eabi/4.7.3/armv6-m\libgcc.a(subsf3.o)
                0x00004ad4                __aeabi_fsub
 .text          0x00004e88       0x40 d:/siliconlabs/simplicitystudio/v2/developer/toolchains/gnu_arm/4.7_2013q1/bin/../lib/gcc/arm-none-eabi/4.7.3/armv6-m\libgcc.a(fixsfsi.o)
                0x00004e88                __aeabi_f2iz
 .text          0x00004ec8       0xa8 d:/siliconlabs/simplicitystudio/v2/developer/toolchains/gnu_arm/4.7_2013q1/bin/../lib/gcc/arm-none-eabi/4.7.3/armv6-m\libgcc.a(floatunsisf.o)
                0x00004ec8                __aeabi_ui2f
 .text          0x00004f70       0x3c d:/siliconlabs/simplicitystudio/v2/developer/toolchains/gnu_arm/4.7_2013q1/bin/../lib/gcc/arm-none-eabi/4.7.3/armv6-m\libgcc.a(_clzsi2.o)
                0x00004f70                __clzsi2
 .text.__register_exitproc
                0x00004fac       0x18 d:/siliconlabs/simplicitystudio/v2/developer/toolchains/gnu_arm/4.7_2013q1/bin/../lib/gcc/arm-none-eabi/4.7.3/../../../../arm-none-eabi/lib/armv6-m\libc_s.a(lib_a-__atexit2.o)
                0x00004fac                __register_exitproc
 .text.exit     0x00004fc4       0x30 d:/siliconlabs/simplicitystudio/v2/developer/toolchains/gnu_arm/4.7_2013q1/bin/../lib/gcc/arm-none-eabi/4.7.3/../../../../arm-none-eabi/lib/armv6-m\libc_s.a(lib_a-exit.o)
                0x00004fc4                exit
 .text.__libc_fini_array
                0x00004ff4       0x2c d:/siliconlabs/simplicitystudio/v2/developer/toolchains/gnu_arm/4.7_2013q1/bin/../lib/gcc/arm-none-eabi/4.7.3/../../../../arm-none-eabi/lib/armv6-m\libc_s.a(lib_a-fini.o)
                0x00004ff4                __libc_fini_array
 .text.__libc_init_array
                0x00005020       0x4c d:/siliconlabs/simplicitystudio/v2/developer/toolchains/gnu_arm/4.7_2013q1/bin/../lib/gcc/arm-none-eabi/4.7.3/../../../../arm-none-eabi/lib/armv6-m\libc_s.a(lib_a-init.o)
                0x00005020                __libc_init_array
 .text.memcmp   0x0000506c       0x1e d:/siliconlabs/simplicitystudio/v2/developer/toolchains/gnu_arm/4.7_2013q1/bin/../lib/gcc/arm-none-eabi/4.7.3/../../../../arm-none-eabi/lib/armv6-m\libc_s.a(lib_a-memcmp.o)
                0x0000506c                memcmp
 .text.memcpy   0x0000508a       0x12 d:/siliconlabs/simplicitystudio/v2/developer/toolchains/gnu_arm/4.7_2013q1/bin/../lib/gcc/arm-none-eabi/4.7.3/../../../../arm-none-eabi/lib/armv6-m\libc_s.a(lib_a-memcpy.o)
                0x0000508a                memcpy
 .text.memset   0x0000509c       0x12 d:/siliconlabs/simplicitystudio/v2/developer/toolchains/gnu_arm/4.7_2013q1/bin/../lib/gcc/arm-none-eabi/4.7.3/../../../../arm-none-eabi/lib/armv6-m\libc_s.a(lib_a-memset.o)
                0x0000509c                memset
 *fill*         0x000050ae        0x2 00
 .text.sprintf  0x000050b0       0x44 d:/siliconlabs/simplicitystudio/v2/developer/toolchains/gnu_arm/4.7_2013q1/bin/../lib/gcc/arm-none-eabi/4.7.3/../../../../arm-none-eabi/lib/armv6-m\libc_s.a(lib_a-sprintf.o)
                0x000050b0                siprintf
                0x000050b0                sprintf
 .text.__ssputc_r
                0x000050f4       0xb0 d:/siliconlabs/simplicitystudio/v2/developer/toolchains/gnu_arm/4.7_2013q1/bin/../lib/gcc/arm-none-eabi/4.7.3/../../../../arm-none-eabi/lib/armv6-m\libc_s.a(lib_a-svfprintf.o)
                0x000050f4                __ssputc_r
 .text._svfprintf_r
                0x000051a4      0x1f8 d:/siliconlabs/simplicitystudio/v2/developer/toolchains/gnu_arm/4.7_2013q1/bin/../lib/gcc/arm-none-eabi/4.7.3/../../../../arm-none-eabi/lib/armv6-m\libc_s.a(lib_a-svfprintf.o)
                0x000051a4                _svfiprintf_r
                0x000051a4                _svfprintf_r
 .text._printf_common
                0x0000539c       0xe0 d:/siliconlabs/simplicitystudio/v2/developer/toolchains/gnu_arm/4.7_2013q1/bin/../lib/gcc/arm-none-eabi/4.7.3/../../../../arm-none-eabi/lib/armv6-m\libc_s.a(lib_a-vfprintf_i.o)
                0x0000539c                _printf_common
 .text._printf_i
                0x0000547c      0x234 d:/siliconlabs/simplicitystudio/v2/developer/toolchains/gnu_arm/4.7_2013q1/bin/../lib/gcc/arm-none-eabi/4.7.3/../../../../arm-none-eabi/lib/armv6-m\libc_s.a(lib_a-vfprintf_i.o)
                0x0000547c                _printf_i
 .text._free_r  0x000056b0       0x90 d:/siliconlabs/simplicitystudio/v2/developer/toolchains/gnu_arm/4.7_2013q1/bin/../lib/gcc/arm-none-eabi/4.7.3/../../../../arm-none-eabi/lib/armv6-m\libc_s.a(lib_a-freer.o)
                0x000056b0                _free_r
 .text._malloc_r
                0x00005740       0x94 d:/siliconlabs/simplicitystudio/v2/developer/toolchains/gnu_arm/4.7_2013q1/bin/../lib/gcc/arm-none-eabi/4.7.3/../../../../arm-none-eabi/lib/armv6-m\libc_s.a(lib_a-mallocr.o)
                0x00005740                _malloc_r
 .text.memchr   0x000057d4       0x18 d:/siliconlabs/simplicitystudio/v2/developer/toolchains/gnu_arm/4.7_2013q1/bin/../lib/gcc/arm-none-eabi/4.7.3/../../../../arm-none-eabi/lib/armv6-m\libc_s.a(lib_a-memchr.o)
                0x000057d4                memchr
 .text._realloc_r
                0x000057ec       0x4c d:/siliconlabs/simplicitystudio/v2/developer/toolchains/gnu_arm/4.7_2013q1/bin/../lib/gcc/arm-none-eabi/4.7.3/../../../../arm-none-eabi/lib/armv6-m\libc_s.a(lib_a-reallocr.o)
                0x000057ec                _realloc_r
 .text._sbrk_r  0x00005838       0x24 d:/siliconlabs/simplicitystudio/v2/developer/toolchains/gnu_arm/4.7_2013q1/bin/../lib/gcc/arm-none-eabi/4.7.3/../../../../arm-none-eabi/lib/armv6-m\libc_s.a(lib_a-sbrkr.o)
                0x00005838                _sbrk_r
 .text.strlen   0x0000585c        0xe d:/siliconlabs/simplicitystudio/v2/developer/toolchains/gnu_arm/4.7_2013q1/bin/../lib/gcc/arm-none-eabi/4.7.3/../../../../arm-none-eabi/lib/armv6-m\libc_s.a(lib_a-strlen.o)
                0x0000585c                strlen
 .text._malloc_usable_size_r
                0x0000586a       0x14 d:/siliconlabs/simplicitystudio/v2/developer/toolchains/gnu_arm/4.7_2013q1/bin/../lib/gcc/arm-none-eabi/4.7.3/../../../../arm-none-eabi/lib/armv6-m\libc_s.a(lib_a-msizer.o)
                0x0000586a                _malloc_usable_size_r
 *fill*         0x0000587e        0x2 00
 .text._sbrk    0x00005880       0x38 d:/siliconlabs/simplicitystudio/v2/developer/toolchains/gnu_arm/4.7_2013q1/bin/../lib/gcc/arm-none-eabi/4.7.3/../../../../arm-none-eabi/lib/armv6-m\libnosys.a(sbrk.o)
                0x00005880                _sbrk
 .text._exit    0x000058b8        0x4 d:/siliconlabs/simplicitystudio/v2/developer/toolchains/gnu_arm/4.7_2013q1/bin/../lib/gcc/arm-none-eabi/4.7.3/../../../../arm-none-eabi/lib/armv6-m\libnosys.a(_exit.o)
                0x000058b8                _exit
 *(.init)
 .init          0x000058bc        0x4 d:/siliconlabs/simplicitystudio/v2/developer/toolchains/gnu_arm/4.7_2013q1/bin/../lib/gcc/arm-none-eabi/4.7.3/armv6-m/crti.o
                0x000058bc                _init
 .init          0x000058c0        0x8 d:/siliconlabs/simplicitystudio/v2/developer/toolchains/gnu_arm/4.7_2013q1/bin/../lib/gcc/arm-none-eabi/4.7.3/armv6-m/crtn.o
 *(.fini)
 .fini          0x000058c8        0x4 d:/siliconlabs/simplicitystudio/v2/developer/toolchains/gnu_arm/4.7_2013q1/bin/../lib/gcc/arm-none-eabi/4.7.3/armv6-m/crti.o
                0x000058c8                _fini
 .fini          0x000058cc        0x8 d:/siliconlabs/simplicitystudio/v2/developer/toolchains/gnu_arm/4.7_2013q1/bin/../lib/gcc/arm-none-eabi/4.7.3/armv6-m/crtn.o
 *crtbegin.o(.ctors)
 *crtbegin?.o(.ctors)
 *(EXCLUDE_FILE(*crtend.o *crtend?.o) .ctors)
 *(SORT(.ctors.*))
 *(.ctors)
 *crtbegin.o(.dtors)
 *crtbegin?.o(.dtors)
 *(EXCLUDE_FILE(*crtend.o *crtend?.o) .dtors)
 *(SORT(.dtors.*))
 *(.dtors)
 *(.rodata*)
 .rodata.str1.1
                0x000058d4      0x24d ./src/main.o
 .rodata.i2cNSum
                0x00005b21        0x4 ./emlib/em_i2c.o
 .rodata        0x00005b25        0x3 ./src/ucPeripheralDrivers/RTC_.o
 .rodata        0x00005b28       0x10 ./src/ucPeripheralDrivers/i2c_connection.o
 .rodata.str1.1
                0x00005b38       0x20 ./src/ucPeripheralDrivers/i2c_connection.o
 .rodata        0x00005b58       0x10 ./src/ucPeripheralDrivers/leuart_connection.o
 .rodata.str1.1
                0x00005b68       0x48 ./src/sensorsDrivers/MPU6050.o
 .rodata.str1.1
                0x00005bb0       0x43 ./src/sensorsDrivers/Si114x.o
 .rodata.str1.1
                0x00005bf3       0x19 ./src/sensorsDrivers/Si7013.o
 .rodata.str1.1
                0x00005c0c      0x173 ./src/sensorsDrivers/Si114x/Si114x_reg.o
 *fill*         0x00005d7f        0x1 00
 .rodata.test   0x00005d80       0x28 ./src/sensorsDrivers/MPU6050/inv_mpu.o
                0x00005d80                test
 .rodata.hw     0x00005da8        0xc ./src/sensorsDrivers/MPU6050/inv_mpu.o
                0x00005da8                hw
 .rodata.reg    0x00005db4       0x1e ./src/sensorsDrivers/MPU6050/inv_mpu.o
                0x00005db4                reg
 .rodata        0x00005dd2       0x40 ./src/sensorsDrivers/MPU6050/inv_mpu_dmp_motion_driver.o
 .rodata.dmp_memory
                0x00005e12      0xbf6 ./src/sensorsDrivers/MPU6050/inv_mpu_dmp_motion_driver.o
 .rodata        0x00006a08       0x40 d:/siliconlabs/simplicitystudio/v2/developer/toolchains/gnu_arm/4.7_2013q1/bin/../lib/gcc/arm-none-eabi/4.7.3/armv6-m\libgcc.a(divsf3.o)
 .rodata        0x00006a48       0x40 d:/siliconlabs/simplicitystudio/v2/developer/toolchains/gnu_arm/4.7_2013q1/bin/../lib/gcc/arm-none-eabi/4.7.3/armv6-m\libgcc.a(mulsf3.o)
 .rodata.str1.1
                0x00006a88        0x2 d:/siliconlabs/simplicitystudio/v2/developer/toolchains/gnu_arm/4.7_2013q1/bin/../lib/gcc/arm-none-eabi/4.7.3/../../../../arm-none-eabi/lib/armv6-m\libc_s.a(lib_a-impure.o)
 *fill*         0x00006a8a        0x2 00
 .rodata._global_impure_ptr
                0x00006a8c        0x4 d:/siliconlabs/simplicitystudio/v2/developer/toolchains/gnu_arm/4.7_2013q1/bin/../lib/gcc/arm-none-eabi/4.7.3/../../../../arm-none-eabi/lib/armv6-m\libc_s.a(lib_a-impure.o)
                0x00006a8c                _global_impure_ptr
 .rodata.str1.1
                0x00006a90       0x11 d:/siliconlabs/simplicitystudio/v2/developer/toolchains/gnu_arm/4.7_2013q1/bin/../lib/gcc/arm-none-eabi/4.7.3/../../../../arm-none-eabi/lib/armv6-m\libc_s.a(lib_a-svfprintf.o)
 .rodata.str1.1
                0x00006aa1       0x22 d:/siliconlabs/simplicitystudio/v2/developer/toolchains/gnu_arm/4.7_2013q1/bin/../lib/gcc/arm-none-eabi/4.7.3/../../../../arm-none-eabi/lib/armv6-m\libc_s.a(lib_a-vfprintf_i.o)
 *(.eh_frame*)
 *fill*         0x00006ac3        0x1 00
 .eh_frame      0x00006ac4        0x0 d:/siliconlabs/simplicitystudio/v2/developer/toolchains/gnu_arm/4.7_2013q1/bin/../lib/gcc/arm-none-eabi/4.7.3/armv6-m/crtbegin.o
 .eh_frame      0x00006ac4        0x4 d:/siliconlabs/simplicitystudio/v2/developer/toolchains/gnu_arm/4.7_2013q1/bin/../lib/gcc/arm-none-eabi/4.7.3/armv6-m/crtend.o

.glue_7         0x00006ac8        0x0
 .glue_7        0x00000000        0x0 linker stubs

.glue_7t        0x00006ac8        0x0
 .glue_7t       0x00000000        0x0 linker stubs

.vfp11_veneer   0x00006ac8        0x0
 .vfp11_veneer  0x00000000        0x0 linker stubs

.v4_bx          0x00006ac8        0x0
 .v4_bx         0x00000000        0x0 linker stubs

.iplt           0x00006ac8        0x0
 .iplt          0x00000000        0x0 d:/siliconlabs/simplicitystudio/v2/developer/toolchains/gnu_arm/4.7_2013q1/bin/../lib/gcc/arm-none-eabi/4.7.3/armv6-m/crtbegin.o

.ARM.extab
 *(.ARM.extab* .gnu.linkonce.armextab.*)
                0x00006ac8                __exidx_start = .

.ARM.exidx      0x00006ac8        0x8
 *(.ARM.exidx* .gnu.linkonce.armexidx.*)
 .ARM.exidx     0x00006ac8        0x8 d:/siliconlabs/simplicitystudio/v2/developer/toolchains/gnu_arm/4.7_2013q1/bin/../lib/gcc/arm-none-eabi/4.7.3/../../../../arm-none-eabi/lib/armv6-m/crt0.o
                0x00006ad0                __exidx_end = .
                0x00006ad0                __etext = .

.rel.dyn        0x00006ad0        0x0
 .rel.iplt      0x00000000        0x0 d:/siliconlabs/simplicitystudio/v2/developer/toolchains/gnu_arm/4.7_2013q1/bin/../lib/gcc/arm-none-eabi/4.7.3/armv6-m/crtbegin.o

.data           0x20000000       0xc4 load address 0x00006ad0
                0x20000000                __data_start__ = .
 *(vtable)
 *(.data*)
 .data.SystemLFXOClock
                0x20000000        0x4 ./CMSIS/efm32zg/system_efm32zg.o
 .data.SystemHFXOClock
                0x20000004        0x4 ./CMSIS/efm32zg/system_efm32zg.o
 .data.AC1      0x20000008        0x2 ./src/sensorsDrivers/BMP180.o
                0x20000008                AC1
 .data.AC2      0x2000000a        0x2 ./src/sensorsDrivers/BMP180.o
                0x2000000a                AC2
 .data.AC3      0x2000000c        0x2 ./src/sensorsDrivers/BMP180.o
                0x2000000c                AC3
 .data.AC4      0x2000000e        0x2 ./src/sensorsDrivers/BMP180.o
                0x2000000e                AC4
 .data.AC5      0x20000010        0x2 ./src/sensorsDrivers/BMP180.o
                0x20000010                AC5
 .data.AC6      0x20000012        0x2 ./src/sensorsDrivers/BMP180.o
                0x20000012                AC6
 .data.B1       0x20000014        0x2 ./src/sensorsDrivers/BMP180.o
                0x20000014                B1
 .data.B2       0x20000016        0x2 ./src/sensorsDrivers/BMP180.o
                0x20000016                B2
 .data.MC       0x20000018        0x2 ./src/sensorsDrivers/BMP180.o
                0x20000018                MC
 .data.MD       0x2000001a        0x2 ./src/sensorsDrivers/BMP180.o
                0x2000001a                MD
 .data.outpRate
                0x2000001c        0x1 ./src/sensorsDrivers/HMC5883L.o
                0x2000001c                outpRate
 .data.gainConf
                0x2000001d        0x1 ./src/sensorsDrivers/HMC5883L.o
                0x2000001d                gainConf
 .data.gyro_orientation.8498
                0x2000001e        0x9 ./src/sensorsDrivers/MPU6050.o
 *fill*         0x20000027        0x1 00
 .data.st       0x20000028       0x2c ./src/sensorsDrivers/MPU6050/inv_mpu.o
 .data.impure_data
                0x20000054       0x64 d:/siliconlabs/simplicitystudio/v2/developer/toolchains/gnu_arm/4.7_2013q1/bin/../lib/gcc/arm-none-eabi/4.7.3/../../../../arm-none-eabi/lib/armv6-m\libc_s.a(lib_a-impure.o)
 .data._impure_ptr
                0x200000b8        0x4 d:/siliconlabs/simplicitystudio/v2/developer/toolchains/gnu_arm/4.7_2013q1/bin/../lib/gcc/arm-none-eabi/4.7.3/../../../../arm-none-eabi/lib/armv6-m\libc_s.a(lib_a-impure.o)
                0x200000b8                _impure_ptr
                0x200000bc                . = ALIGN (0x4)
 *(.ram)
                0x200000bc                . = ALIGN (0x4)
                0x200000bc                PROVIDE (__preinit_array_start, .)
 *(.preinit_array)
                0x200000bc                PROVIDE (__preinit_array_end, .)
                0x200000bc                . = ALIGN (0x4)
                0x200000bc                PROVIDE (__init_array_start, .)
 *(SORT(.init_array.*))
 *(.init_array)
 .init_array    0x200000bc        0x4 d:/siliconlabs/simplicitystudio/v2/developer/toolchains/gnu_arm/4.7_2013q1/bin/../lib/gcc/arm-none-eabi/4.7.3/armv6-m/crtbegin.o
                0x200000c0                PROVIDE (__init_array_end, .)
                0x200000c0                . = ALIGN (0x4)
                0x200000c0                PROVIDE (__fini_array_start, .)
 *(SORT(.fini_array.*))
 *(.fini_array)
 .fini_array    0x200000c0        0x4 d:/siliconlabs/simplicitystudio/v2/developer/toolchains/gnu_arm/4.7_2013q1/bin/../lib/gcc/arm-none-eabi/4.7.3/armv6-m/crtbegin.o
                0x200000c4                PROVIDE (__fini_array_end, .)
                0x200000c4                . = ALIGN (0x4)
                0x200000c4                __data_end__ = .

.jcr            0x200000c4        0x0 load address 0x00006b94
 .jcr           0x200000c4        0x0 d:/siliconlabs/simplicitystudio/v2/developer/toolchains/gnu_arm/4.7_2013q1/bin/../lib/gcc/arm-none-eabi/4.7.3/armv6-m/crtbegin.o

.igot.plt       0x200000c4        0x0 load address 0x00006b94
 .igot.plt      0x00000000        0x0 d:/siliconlabs/simplicitystudio/v2/developer/toolchains/gnu_arm/4.7_2013q1/bin/../lib/gcc/arm-none-eabi/4.7.3/armv6-m/crtbegin.o

.bss            0x200000c4      0x2e8 load address 0x00006b94
                0x200000c4                __bss_start__ = .
 *(.bss*)
 .bss           0x200000c4       0x1c d:/siliconlabs/simplicitystudio/v2/developer/toolchains/gnu_arm/4.7_2013q1/bin/../lib/gcc/arm-none-eabi/4.7.3/armv6-m/crtbegin.o
 .bss.g_TimeInterruptType
                0x200000e0        0x1 ./src/main.o
                0x200000e0                g_TimeInterruptType
 *fill*         0x200000e1        0x1 00
 .bss.cmuStatus
                0x200000e2        0x2 ./emlib/em_emu.o
 .bss.i2cTransfer
                0x200000e4        0xc ./emlib/em_i2c.o
 .bss.operatingMode
                0x200000f0        0x1 ./src/sensorsDrivers/HMC5883L.o
                0x200000f0                operatingMode
 .bss.i2cSetting
                0x200000f1        0x1 ./src/sensorsDrivers/HMC5883L.o
                0x200000f1                i2cSetting
 .bss.numbOfSamples
                0x200000f2        0x1 ./src/sensorsDrivers/HMC5883L.o
                0x200000f2                numbOfSamples
 .bss.measurementMode
                0x200000f3        0x1 ./src/sensorsDrivers/HMC5883L.o
                0x200000f3                measurementMode
 .bss.dmp       0x200000f4       0x10 ./src/sensorsDrivers/MPU6050/inv_mpu_dmp_motion_driver.o
 .bss.__malloc_free_list
                0x20000104        0x4 d:/siliconlabs/simplicitystudio/v2/developer/toolchains/gnu_arm/4.7_2013q1/bin/../lib/gcc/arm-none-eabi/4.7.3/../../../../arm-none-eabi/lib/armv6-m\libc_s.a(lib_a-mallocr.o)
                0x20000104                __malloc_free_list
 .bss.heap_end.4231
                0x20000108        0x4 d:/siliconlabs/simplicitystudio/v2/developer/toolchains/gnu_arm/4.7_2013q1/bin/../lib/gcc/arm-none-eabi/4.7.3/../../../../arm-none-eabi/lib/armv6-m\libnosys.a(sbrk.o)
 *(COMMON)
 COMMON         0x2000010c       0xd4 ./src/main.o
                0x2000010c                I2C_Status
                0x2000010d                devInternalRegisters
                0x20000171                i_tapData
                0x20000172                i2c_registers
                0x200001d6                tapData
 COMMON         0x200001e0        0x4 ./CMSIS/efm32zg/system_efm32zg.o
                0x200001e0                SystemCoreClock
 COMMON         0x200001e4       0x24 ./src/ucPeripheralDrivers/spi.o
                0x200001e4                slaveRxBufferIndex
                0x200001e8                masterRxBufferIndex
                0x200001ec                slaveRxBuffer
                0x200001f0                slaveRxBufferSize
                0x200001f4                masterRxBufferSize
                0x200001f8                slaveTxBufferSize
                0x200001fc                masterRxBuffer
                0x20000200                slaveTxBuffer
                0x20000204                slaveTxBufferIndex
 COMMON         0x20000208      0x19c ./src/ucPeripheralDrivers/uart_connection.o
                0x20000208                rxBuff
                0x200003a0                Uart_RxValidateFunction
 COMMON         0x200003a4        0x4 ./src/sensorsDrivers/BMP180.o
                0x200003a4                b5
 COMMON         0x200003a8        0x4 d:/siliconlabs/simplicitystudio/v2/developer/toolchains/gnu_arm/4.7_2013q1/bin/../lib/gcc/arm-none-eabi/4.7.3/../../../../arm-none-eabi/lib/armv6-m\libc_s.a(lib_a-reent.o)
                0x200003a8                errno
                0x200003ac                __bss_end__ = .

.heap           0x200003b0        0x0
                0x200003b0                __end__ = .
                0x200003b0                end = __end__
                0x200003b0                _end = __end__
 *(.heap*)
 .heap          0x200003b0        0x0 ./CMSIS/efm32zg/startup_gcc_efm32zg.o
                0x200003b0                __HeapLimit = .

.stack_dummy    0x200003b0      0x400
 *(.stack)
 .stack         0x200003b0      0x400 ./CMSIS/efm32zg/startup_gcc_efm32zg.o
                0x20001000                __StackTop = (ORIGIN (RAM) + 0x1000)
                0x20000c00                __StackLimit = (__StackTop - SIZEOF (.stack_dummy))
                0x20001000                PROVIDE (__stack, __StackTop)
                0x00000001                ASSERT ((__StackLimit >= __HeapLimit), region RAM overflowed with stack)
                0x00000001                ASSERT ((0x7800 >= (__etext + SIZEOF (.data))), FLASH memory overflowed !)
OUTPUT(EnvSensor.axf elf32-littlearm)

.ARM.attributes
                0x00000000       0x28
 .ARM.attributes
                0x00000000       0x1e d:/siliconlabs/simplicitystudio/v2/developer/toolchains/gnu_arm/4.7_2013q1/bin/../lib/gcc/arm-none-eabi/4.7.3/armv6-m/crti.o
 .ARM.attributes
                0x0000001e       0x2c d:/siliconlabs/simplicitystudio/v2/developer/toolchains/gnu_arm/4.7_2013q1/bin/../lib/gcc/arm-none-eabi/4.7.3/armv6-m/crtbegin.o
 .ARM.attributes
                0x0000004a       0x1c d:/siliconlabs/simplicitystudio/v2/developer/toolchains/gnu_arm/4.7_2013q1/bin/../lib/gcc/arm-none-eabi/4.7.3/../../../../arm-none-eabi/lib/armv6-m/crt0.o
 .ARM.attributes
                0x00000066       0x32 ./src/main.o
 .ARM.attributes
                0x00000098       0x32 ./emlib/em_cmu.o
 .ARM.attributes
                0x000000ca       0x32 ./emlib/em_dma.o
 .ARM.attributes
                0x000000fc       0x32 ./emlib/em_emu.o
 .ARM.attributes
                0x0000012e       0x32 ./emlib/em_gpio.o
 .ARM.attributes
                0x00000160       0x32 ./emlib/em_i2c.o
 .ARM.attributes
                0x00000192       0x32 ./emlib/em_leuart.o
 .ARM.attributes
                0x000001c4       0x32 ./emlib/em_rtc.o
 .ARM.attributes
                0x000001f6       0x32 ./emlib/em_usart.o
 .ARM.attributes
                0x00000228       0x1b ./CMSIS/efm32zg/startup_gcc_efm32zg.o
 .ARM.attributes
                0x00000243       0x32 ./CMSIS/efm32zg/system_efm32zg.o
 .ARM.attributes
                0x00000275       0x32 ./src/ucPeripheralDrivers/RTC_.o
 .ARM.attributes
                0x000002a7       0x32 ./src/ucPeripheralDrivers/i2c_connection.o
 .ARM.attributes
                0x000002d9       0x32 ./src/ucPeripheralDrivers/leuart_connection.o
 .ARM.attributes
                0x0000030b       0x32 ./src/ucPeripheralDrivers/spi.o
 .ARM.attributes
                0x0000033d       0x32 ./src/ucPeripheralDrivers/uart_connection.o
 .ARM.attributes
                0x0000036f       0x32 ./src/sensorsDrivers/BMP180.o
 .ARM.attributes
                0x000003a1       0x32 ./src/sensorsDrivers/HMC5883L.o
 .ARM.attributes
                0x000003d3       0x32 ./src/sensorsDrivers/MPU6050.o
 .ARM.attributes
                0x00000405       0x32 ./src/sensorsDrivers/Si114x.o
 .ARM.attributes
                0x00000437       0x32 ./src/sensorsDrivers/Si7013.o
 .ARM.attributes
                0x00000469       0x32 ./src/sensorsDrivers/Si114x/Si114x_reg.o
 .ARM.attributes
                0x0000049b       0x32 ./src/sensorsDrivers/MPU6050/inv_mpu.o
 .ARM.attributes
                0x000004cd       0x32 ./src/sensorsDrivers/MPU6050/inv_mpu_dmp_motion_driver.o
 .ARM.attributes
                0x000004ff       0x1e d:/siliconlabs/simplicitystudio/v2/developer/toolchains/gnu_arm/4.7_2013q1/bin/../lib/gcc/arm-none-eabi/4.7.3/armv6-m\libgcc.a(_thumb1_case_uqi.o)
 .ARM.attributes
                0x0000051d       0x1e d:/siliconlabs/simplicitystudio/v2/developer/toolchains/gnu_arm/4.7_2013q1/bin/../lib/gcc/arm-none-eabi/4.7.3/armv6-m\libgcc.a(_udivsi3.o)
 .ARM.attributes
                0x0000053b       0x1e d:/siliconlabs/simplicitystudio/v2/developer/toolchains/gnu_arm/4.7_2013q1/bin/../lib/gcc/arm-none-eabi/4.7.3/armv6-m\libgcc.a(_divsi3.o)
 .ARM.attributes
                0x00000559       0x1e d:/siliconlabs/simplicitystudio/v2/developer/toolchains/gnu_arm/4.7_2013q1/bin/../lib/gcc/arm-none-eabi/4.7.3/armv6-m\libgcc.a(_dvmd_tls.o)
 .ARM.attributes
                0x00000577       0x1e d:/siliconlabs/simplicitystudio/v2/developer/toolchains/gnu_arm/4.7_2013q1/bin/../lib/gcc/arm-none-eabi/4.7.3/armv6-m\libgcc.a(_arm_cmpsf2.o)
 .ARM.attributes
                0x00000595       0x2c d:/siliconlabs/simplicitystudio/v2/developer/toolchains/gnu_arm/4.7_2013q1/bin/../lib/gcc/arm-none-eabi/4.7.3/armv6-m\libgcc.a(_fixunssfsi.o)
 .ARM.attributes
                0x000005c1       0x2c d:/siliconlabs/simplicitystudio/v2/developer/toolchains/gnu_arm/4.7_2013q1/bin/../lib/gcc/arm-none-eabi/4.7.3/armv6-m\libgcc.a(divsf3.o)
 .ARM.attributes
                0x000005ed       0x2c d:/siliconlabs/simplicitystudio/v2/developer/toolchains/gnu_arm/4.7_2013q1/bin/../lib/gcc/arm-none-eabi/4.7.3/armv6-m\libgcc.a(eqsf2.o)
 .ARM.attributes
                0x00000619       0x2c d:/siliconlabs/simplicitystudio/v2/developer/toolchains/gnu_arm/4.7_2013q1/bin/../lib/gcc/arm-none-eabi/4.7.3/armv6-m\libgcc.a(gesf2.o)
 .ARM.attributes
                0x00000645       0x2c d:/siliconlabs/simplicitystudio/v2/developer/toolchains/gnu_arm/4.7_2013q1/bin/../lib/gcc/arm-none-eabi/4.7.3/armv6-m\libgcc.a(lesf2.o)
 .ARM.attributes
                0x00000671       0x2c d:/siliconlabs/simplicitystudio/v2/developer/toolchains/gnu_arm/4.7_2013q1/bin/../lib/gcc/arm-none-eabi/4.7.3/armv6-m\libgcc.a(mulsf3.o)
 .ARM.attributes
                0x0000069d       0x2c d:/siliconlabs/simplicitystudio/v2/developer/toolchains/gnu_arm/4.7_2013q1/bin/../lib/gcc/arm-none-eabi/4.7.3/armv6-m\libgcc.a(subsf3.o)
 .ARM.attributes
                0x000006c9       0x2c d:/siliconlabs/simplicitystudio/v2/developer/toolchains/gnu_arm/4.7_2013q1/bin/../lib/gcc/arm-none-eabi/4.7.3/armv6-m\libgcc.a(fixsfsi.o)
 .ARM.attributes
                0x000006f5       0x2c d:/siliconlabs/simplicitystudio/v2/developer/toolchains/gnu_arm/4.7_2013q1/bin/../lib/gcc/arm-none-eabi/4.7.3/armv6-m\libgcc.a(floatunsisf.o)
 .ARM.attributes
                0x00000721       0x1e d:/siliconlabs/simplicitystudio/v2/developer/toolchains/gnu_arm/4.7_2013q1/bin/../lib/gcc/arm-none-eabi/4.7.3/armv6-m\libgcc.a(_clzsi2.o)
 .ARM.attributes
                0x0000073f       0x2c d:/siliconlabs/simplicitystudio/v2/developer/toolchains/gnu_arm/4.7_2013q1/bin/../lib/gcc/arm-none-eabi/4.7.3/../../../../arm-none-eabi/lib/armv6-m\libc_s.a(lib_a-__atexit2.o)
 .ARM.attributes
                0x0000076b       0x2c d:/siliconlabs/simplicitystudio/v2/developer/toolchains/gnu_arm/4.7_2013q1/bin/../lib/gcc/arm-none-eabi/4.7.3/../../../../arm-none-eabi/lib/armv6-m\libc_s.a(lib_a-exit.o)
 .ARM.attributes
                0x00000797       0x2c d:/siliconlabs/simplicitystudio/v2/developer/toolchains/gnu_arm/4.7_2013q1/bin/../lib/gcc/arm-none-eabi/4.7.3/../../../../arm-none-eabi/lib/armv6-m\libc_s.a(lib_a-fini.o)
 .ARM.attributes
                0x000007c3       0x2c d:/siliconlabs/simplicitystudio/v2/developer/toolchains/gnu_arm/4.7_2013q1/bin/../lib/gcc/arm-none-eabi/4.7.3/../../../../arm-none-eabi/lib/armv6-m\libc_s.a(lib_a-impure.o)
 .ARM.attributes
                0x000007ef       0x2c d:/siliconlabs/simplicitystudio/v2/developer/toolchains/gnu_arm/4.7_2013q1/bin/../lib/gcc/arm-none-eabi/4.7.3/../../../../arm-none-eabi/lib/armv6-m\libc_s.a(lib_a-init.o)
 .ARM.attributes
                0x0000081b       0x2c d:/siliconlabs/simplicitystudio/v2/developer/toolchains/gnu_arm/4.7_2013q1/bin/../lib/gcc/arm-none-eabi/4.7.3/../../../../arm-none-eabi/lib/armv6-m\libc_s.a(lib_a-memcmp.o)
 .ARM.attributes
                0x00000847       0x2c d:/siliconlabs/simplicitystudio/v2/developer/toolchains/gnu_arm/4.7_2013q1/bin/../lib/gcc/arm-none-eabi/4.7.3/../../../../arm-none-eabi/lib/armv6-m\libc_s.a(lib_a-memcpy.o)
 .ARM.attributes
                0x00000873       0x2c d:/siliconlabs/simplicitystudio/v2/developer/toolchains/gnu_arm/4.7_2013q1/bin/../lib/gcc/arm-none-eabi/4.7.3/../../../../arm-none-eabi/lib/armv6-m\libc_s.a(lib_a-memset.o)
 .ARM.attributes
                0x0000089f       0x2c d:/siliconlabs/simplicitystudio/v2/developer/toolchains/gnu_arm/4.7_2013q1/bin/../lib/gcc/arm-none-eabi/4.7.3/../../../../arm-none-eabi/lib/armv6-m\libc_s.a(lib_a-sprintf.o)
 .ARM.attributes
                0x000008cb       0x2c d:/siliconlabs/simplicitystudio/v2/developer/toolchains/gnu_arm/4.7_2013q1/bin/../lib/gcc/arm-none-eabi/4.7.3/../../../../arm-none-eabi/lib/armv6-m\libc_s.a(lib_a-svfprintf.o)
 .ARM.attributes
                0x000008f7       0x2c d:/siliconlabs/simplicitystudio/v2/developer/toolchains/gnu_arm/4.7_2013q1/bin/../lib/gcc/arm-none-eabi/4.7.3/../../../../arm-none-eabi/lib/armv6-m\libc_s.a(lib_a-vfprintf_i.o)
 .ARM.attributes
                0x00000923       0x2c d:/siliconlabs/simplicitystudio/v2/developer/toolchains/gnu_arm/4.7_2013q1/bin/../lib/gcc/arm-none-eabi/4.7.3/../../../../arm-none-eabi/lib/armv6-m\libc_s.a(lib_a-freer.o)
 .ARM.attributes
                0x0000094f       0x2c d:/siliconlabs/simplicitystudio/v2/developer/toolchains/gnu_arm/4.7_2013q1/bin/../lib/gcc/arm-none-eabi/4.7.3/../../../../arm-none-eabi/lib/armv6-m\libc_s.a(lib_a-mallocr.o)
 .ARM.attributes
                0x0000097b       0x2c d:/siliconlabs/simplicitystudio/v2/developer/toolchains/gnu_arm/4.7_2013q1/bin/../lib/gcc/arm-none-eabi/4.7.3/../../../../arm-none-eabi/lib/armv6-m\libc_s.a(lib_a-memchr.o)
 .ARM.attributes
                0x000009a7       0x2c d:/siliconlabs/simplicitystudio/v2/developer/toolchains/gnu_arm/4.7_2013q1/bin/../lib/gcc/arm-none-eabi/4.7.3/../../../../arm-none-eabi/lib/armv6-m\libc_s.a(lib_a-reallocr.o)
 .ARM.attributes
                0x000009d3       0x2c d:/siliconlabs/simplicitystudio/v2/developer/toolchains/gnu_arm/4.7_2013q1/bin/../lib/gcc/arm-none-eabi/4.7.3/../../../../arm-none-eabi/lib/armv6-m\libc_s.a(lib_a-sbrkr.o)
 .ARM.attributes
                0x000009ff       0x2c d:/siliconlabs/simplicitystudio/v2/developer/toolchains/gnu_arm/4.7_2013q1/bin/../lib/gcc/arm-none-eabi/4.7.3/../../../../arm-none-eabi/lib/armv6-m\libc_s.a(lib_a-strlen.o)
 .ARM.attributes
                0x00000a2b       0x2c d:/siliconlabs/simplicitystudio/v2/developer/toolchains/gnu_arm/4.7_2013q1/bin/../lib/gcc/arm-none-eabi/4.7.3/../../../../arm-none-eabi/lib/armv6-m\libc_s.a(lib_a-msizer.o)
 .ARM.attributes
                0x00000a57       0x2c d:/siliconlabs/simplicitystudio/v2/developer/toolchains/gnu_arm/4.7_2013q1/bin/../lib/gcc/arm-none-eabi/4.7.3/../../../../arm-none-eabi/lib/armv6-m\libc_s.a(lib_a-reent.o)
 .ARM.attributes
                0x00000a83       0x2c d:/siliconlabs/simplicitystudio/v2/developer/toolchains/gnu_arm/4.7_2013q1/bin/../lib/gcc/arm-none-eabi/4.7.3/../../../../arm-none-eabi/lib/armv6-m\libnosys.a(sbrk.o)
 .ARM.attributes
                0x00000aaf       0x2c d:/siliconlabs/simplicitystudio/v2/developer/toolchains/gnu_arm/4.7_2013q1/bin/../lib/gcc/arm-none-eabi/4.7.3/../../../../arm-none-eabi/lib/armv6-m\libnosys.a(_exit.o)
 .ARM.attributes
                0x00000adb       0x2c d:/siliconlabs/simplicitystudio/v2/developer/toolchains/gnu_arm/4.7_2013q1/bin/../lib/gcc/arm-none-eabi/4.7.3/armv6-m/crtend.o
 .ARM.attributes
                0x00000b07       0x1e d:/siliconlabs/simplicitystudio/v2/developer/toolchains/gnu_arm/4.7_2013q1/bin/../lib/gcc/arm-none-eabi/4.7.3/armv6-m/crtn.o

.comment        0x00000000       0x70
 .comment       0x00000000       0x70 ./src/main.o
                                 0x71 (size before relaxing)
 .comment       0x00000000       0x71 ./emlib/em_cmu.o
 .comment       0x00000000       0x71 ./emlib/em_dma.o
 .comment       0x00000000       0x71 ./emlib/em_emu.o
 .comment       0x00000000       0x71 ./emlib/em_gpio.o
 .comment       0x00000000       0x71 ./emlib/em_i2c.o
 .comment       0x00000000       0x71 ./emlib/em_leuart.o
 .comment       0x00000000       0x71 ./emlib/em_rtc.o
 .comment       0x00000000       0x71 ./emlib/em_usart.o
 .comment       0x00000000       0x71 ./CMSIS/efm32zg/system_efm32zg.o
 .comment       0x00000000       0x71 ./src/ucPeripheralDrivers/RTC_.o
 .comment       0x00000000       0x71 ./src/ucPeripheralDrivers/i2c_connection.o
 .comment       0x00000000       0x71 ./src/ucPeripheralDrivers/leuart_connection.o
 .comment       0x00000000       0x71 ./src/ucPeripheralDrivers/spi.o
 .comment       0x00000000       0x71 ./src/ucPeripheralDrivers/uart_connection.o
 .comment       0x00000000       0x71 ./src/sensorsDrivers/BMP180.o
 .comment       0x00000000       0x71 ./src/sensorsDrivers/HMC5883L.o
 .comment       0x00000000       0x71 ./src/sensorsDrivers/MPU6050.o
 .comment       0x00000000       0x71 ./src/sensorsDrivers/Si114x.o
 .comment       0x00000000       0x71 ./src/sensorsDrivers/Si7013.o
 .comment       0x00000000       0x71 ./src/sensorsDrivers/Si114x/Si114x_reg.o
 .comment       0x00000000       0x71 ./src/sensorsDrivers/MPU6050/inv_mpu.o
 .comment       0x00000000       0x71 ./src/sensorsDrivers/MPU6050/inv_mpu_dmp_motion_driver.o

.debug_info     0x00000000    0x12fb5
 .debug_info    0x00000000     0x1855 ./src/main.o
 .debug_info    0x00001855     0x13b0 ./emlib/em_cmu.o
 .debug_info    0x00002c05     0x1183 ./emlib/em_dma.o
 .debug_info    0x00003d88      0x5b4 ./emlib/em_emu.o
 .debug_info    0x0000433c      0x570 ./emlib/em_gpio.o
 .debug_info    0x000048ac      0x867 ./emlib/em_i2c.o
 .debug_info    0x00005113      0x9a3 ./emlib/em_leuart.o
 .debug_info    0x00005ab6      0x36a ./emlib/em_rtc.o
 .debug_info    0x00005e20      0xe92 ./emlib/em_usart.o
 .debug_info    0x00006cb2       0x9f ./CMSIS/efm32zg/startup_gcc_efm32zg.o
 .debug_info    0x00006d51      0x427 ./CMSIS/efm32zg/system_efm32zg.o
 .debug_info    0x00007178      0x7cb ./src/ucPeripheralDrivers/RTC_.o
 .debug_info    0x00007943      0xe8d ./src/ucPeripheralDrivers/i2c_connection.o
 .debug_info    0x000087d0      0x6b9 ./src/ucPeripheralDrivers/leuart_connection.o
 .debug_info    0x00008e89      0x88d ./src/ucPeripheralDrivers/spi.o
 .debug_info    0x00009716      0xbb7 ./src/ucPeripheralDrivers/uart_connection.o
 .debug_info    0x0000a2cd      0x696 ./src/sensorsDrivers/BMP180.o
 .debug_info    0x0000a963      0x576 ./src/sensorsDrivers/HMC5883L.o
 .debug_info    0x0000aed9      0x97b ./src/sensorsDrivers/MPU6050.o
 .debug_info    0x0000b854      0xc9c ./src/sensorsDrivers/Si114x.o
 .debug_info    0x0000c4f0      0x65d ./src/sensorsDrivers/Si7013.o
 .debug_info    0x0000cb4d     0x2124 ./src/sensorsDrivers/Si114x/Si114x_reg.o
 .debug_info    0x0000ec71     0x2e92 ./src/sensorsDrivers/MPU6050/inv_mpu.o
 .debug_info    0x00011b03     0x14b2 ./src/sensorsDrivers/MPU6050/inv_mpu_dmp_motion_driver.o

.debug_abbrev   0x00000000     0x3a76
 .debug_abbrev  0x00000000      0x37b ./src/main.o
 .debug_abbrev  0x0000037b      0x39d ./emlib/em_cmu.o
 .debug_abbrev  0x00000718      0x337 ./emlib/em_dma.o
 .debug_abbrev  0x00000a4f      0x203 ./emlib/em_emu.o
 .debug_abbrev  0x00000c52      0x1ed ./emlib/em_gpio.o
 .debug_abbrev  0x00000e3f      0x2c5 ./emlib/em_i2c.o
 .debug_abbrev  0x00001104      0x28e ./emlib/em_leuart.o
 .debug_abbrev  0x00001392      0x205 ./emlib/em_rtc.o
 .debug_abbrev  0x00001597      0x22e ./emlib/em_usart.o
 .debug_abbrev  0x000017c5       0x14 ./CMSIS/efm32zg/startup_gcc_efm32zg.o
 .debug_abbrev  0x000017d9      0x187 ./CMSIS/efm32zg/system_efm32zg.o
 .debug_abbrev  0x00001960      0x264 ./src/ucPeripheralDrivers/RTC_.o
 .debug_abbrev  0x00001bc4      0x2f4 ./src/ucPeripheralDrivers/i2c_connection.o
 .debug_abbrev  0x00001eb8      0x1af ./src/ucPeripheralDrivers/leuart_connection.o
 .debug_abbrev  0x00002067      0x222 ./src/ucPeripheralDrivers/spi.o
 .debug_abbrev  0x00002289      0x2ba ./src/ucPeripheralDrivers/uart_connection.o
 .debug_abbrev  0x00002543      0x1c9 ./src/sensorsDrivers/BMP180.o
 .debug_abbrev  0x0000270c      0x193 ./src/sensorsDrivers/HMC5883L.o
 .debug_abbrev  0x0000289f      0x2d5 ./src/sensorsDrivers/MPU6050.o
 .debug_abbrev  0x00002b74      0x260 ./src/sensorsDrivers/Si114x.o
 .debug_abbrev  0x00002dd4      0x261 ./src/sensorsDrivers/Si7013.o
 .debug_abbrev  0x00003035      0x318 ./src/sensorsDrivers/Si114x/Si114x_reg.o
 .debug_abbrev  0x0000334d      0x457 ./src/sensorsDrivers/MPU6050/inv_mpu.o
 .debug_abbrev  0x000037a4      0x2d2 ./src/sensorsDrivers/MPU6050/inv_mpu_dmp_motion_driver.o

.debug_loc      0x00000000     0x9b51
 .debug_loc     0x00000000      0x6f8 ./src/main.o
 .debug_loc     0x000006f8     0x14cd ./emlib/em_cmu.o
 .debug_loc     0x00001bc5      0xa3e ./emlib/em_dma.o
 .debug_loc     0x00002603      0x142 ./emlib/em_emu.o
 .debug_loc     0x00002745      0x212 ./emlib/em_gpio.o
 .debug_loc     0x00002957      0x567 ./emlib/em_i2c.o
 .debug_loc     0x00002ebe      0x75b ./emlib/em_leuart.o
 .debug_loc     0x00003619      0x17b ./emlib/em_rtc.o
 .debug_loc     0x00003794      0x881 ./emlib/em_usart.o
 .debug_loc     0x00004015      0x11c ./CMSIS/efm32zg/system_efm32zg.o
 .debug_loc     0x00004131       0x81 ./src/ucPeripheralDrivers/RTC_.o
 .debug_loc     0x000041b2      0x53d ./src/ucPeripheralDrivers/i2c_connection.o
 .debug_loc     0x000046ef       0xe4 ./src/ucPeripheralDrivers/leuart_connection.o
 .debug_loc     0x000047d3      0x261 ./src/ucPeripheralDrivers/spi.o
 .debug_loc     0x00004a34       0xf6 ./src/ucPeripheralDrivers/uart_connection.o
 .debug_loc     0x00004b2a      0x7b0 ./src/sensorsDrivers/BMP180.o
 .debug_loc     0x000052da      0x1bf ./src/sensorsDrivers/HMC5883L.o
 .debug_loc     0x00005499      0x216 ./src/sensorsDrivers/MPU6050.o
 .debug_loc     0x000056af      0x36b ./src/sensorsDrivers/Si114x.o
 .debug_loc     0x00005a1a      0x19b ./src/sensorsDrivers/Si7013.o
 .debug_loc     0x00005bb5     0x10e4 ./src/sensorsDrivers/Si114x/Si114x_reg.o
 .debug_loc     0x00006c99     0x21f0 ./src/sensorsDrivers/MPU6050/inv_mpu.o
 .debug_loc     0x00008e89      0xcc8 ./src/sensorsDrivers/MPU6050/inv_mpu_dmp_motion_driver.o

.debug_aranges  0x00000000      0xba8
 .debug_aranges
                0x00000000       0x70 ./src/main.o
 .debug_aranges
                0x00000070       0xf0 ./emlib/em_cmu.o
 .debug_aranges
                0x00000160       0x88 ./emlib/em_dma.o
 .debug_aranges
                0x000001e8       0x48 ./emlib/em_emu.o
 .debug_aranges
                0x00000230       0x38 ./emlib/em_gpio.o
 .debug_aranges
                0x00000268       0x50 ./emlib/em_i2c.o
 .debug_aranges
                0x000002b8       0x88 ./emlib/em_leuart.o
 .debug_aranges
                0x00000340       0x50 ./emlib/em_rtc.o
 .debug_aranges
                0x00000390       0xb8 ./emlib/em_usart.o
 .debug_aranges
                0x00000448       0x20 ./CMSIS/efm32zg/startup_gcc_efm32zg.o
 .debug_aranges
                0x00000468       0x60 ./CMSIS/efm32zg/system_efm32zg.o
 .debug_aranges
                0x000004c8       0x48 ./src/ucPeripheralDrivers/RTC_.o
 .debug_aranges
                0x00000510       0x58 ./src/ucPeripheralDrivers/i2c_connection.o
 .debug_aranges
                0x00000568       0x30 ./src/ucPeripheralDrivers/leuart_connection.o
 .debug_aranges
                0x00000598       0x40 ./src/ucPeripheralDrivers/spi.o
 .debug_aranges
                0x000005d8       0x48 ./src/ucPeripheralDrivers/uart_connection.o
 .debug_aranges
                0x00000620       0x58 ./src/sensorsDrivers/BMP180.o
 .debug_aranges
                0x00000678       0x38 ./src/sensorsDrivers/HMC5883L.o
 .debug_aranges
                0x000006b0       0x48 ./src/sensorsDrivers/MPU6050.o
 .debug_aranges
                0x000006f8       0x58 ./src/sensorsDrivers/Si114x.o
 .debug_aranges
                0x00000750       0x38 ./src/sensorsDrivers/Si7013.o
 .debug_aranges
                0x00000788      0x170 ./src/sensorsDrivers/Si114x/Si114x_reg.o
 .debug_aranges
                0x000008f8      0x1b8 ./src/sensorsDrivers/MPU6050/inv_mpu.o
 .debug_aranges
                0x00000ab0       0xf8 ./src/sensorsDrivers/MPU6050/inv_mpu_dmp_motion_driver.o

.debug_ranges   0x00000000      0xf68
 .debug_ranges  0x00000000       0x98 ./src/main.o
 .debug_ranges  0x00000098      0x220 ./emlib/em_cmu.o
 .debug_ranges  0x000002b8       0x78 ./emlib/em_dma.o
 .debug_ranges  0x00000330       0x68 ./emlib/em_emu.o
 .debug_ranges  0x00000398       0x88 ./emlib/em_gpio.o
 .debug_ranges  0x00000420       0x80 ./emlib/em_i2c.o
 .debug_ranges  0x000004a0       0x78 ./emlib/em_leuart.o
 .debug_ranges  0x00000518       0x70 ./emlib/em_rtc.o
 .debug_ranges  0x00000588       0xa8 ./emlib/em_usart.o
 .debug_ranges  0x00000630       0x50 ./CMSIS/efm32zg/system_efm32zg.o
 .debug_ranges  0x00000680       0x98 ./src/ucPeripheralDrivers/RTC_.o
 .debug_ranges  0x00000718       0xa0 ./src/ucPeripheralDrivers/i2c_connection.o
 .debug_ranges  0x000007b8       0x20 ./src/ucPeripheralDrivers/leuart_connection.o
 .debug_ranges  0x000007d8       0x70 ./src/ucPeripheralDrivers/spi.o
 .debug_ranges  0x00000848       0x88 ./src/ucPeripheralDrivers/uart_connection.o
 .debug_ranges  0x000008d0       0x48 ./src/sensorsDrivers/BMP180.o
 .debug_ranges  0x00000918       0x28 ./src/sensorsDrivers/HMC5883L.o
 .debug_ranges  0x00000940       0x68 ./src/sensorsDrivers/MPU6050.o
 .debug_ranges  0x000009a8       0x48 ./src/sensorsDrivers/Si114x.o
 .debug_ranges  0x000009f0       0x60 ./src/sensorsDrivers/Si7013.o
 .debug_ranges  0x00000a50      0x160 ./src/sensorsDrivers/Si114x/Si114x_reg.o
 .debug_ranges  0x00000bb0      0x2b8 ./src/sensorsDrivers/MPU6050/inv_mpu.o
 .debug_ranges  0x00000e68      0x100 ./src/sensorsDrivers/MPU6050/inv_mpu_dmp_motion_driver.o

.debug_line     0x00000000     0x57d8
 .debug_line    0x00000000      0x541 ./src/main.o
 .debug_line    0x00000541      0x66c ./emlib/em_cmu.o
 .debug_line    0x00000bad      0x471 ./emlib/em_dma.o
 .debug_line    0x0000101e      0x2f2 ./emlib/em_emu.o
 .debug_line    0x00001310      0x206 ./emlib/em_gpio.o
 .debug_line    0x00001516      0x314 ./emlib/em_i2c.o
 .debug_line    0x0000182a      0x2f9 ./emlib/em_leuart.o
 .debug_line    0x00001b23      0x21c ./emlib/em_rtc.o
 .debug_line    0x00001d3f      0x3cc ./emlib/em_usart.o
 .debug_line    0x0000210b       0x85 ./CMSIS/efm32zg/startup_gcc_efm32zg.o
 .debug_line    0x00002190      0x21e ./CMSIS/efm32zg/system_efm32zg.o
 .debug_line    0x000023ae      0x2c6 ./src/ucPeripheralDrivers/RTC_.o
 .debug_line    0x00002674      0x3b3 ./src/ucPeripheralDrivers/i2c_connection.o
 .debug_line    0x00002a27      0x228 ./src/ucPeripheralDrivers/leuart_connection.o
 .debug_line    0x00002c4f      0x2f4 ./src/ucPeripheralDrivers/spi.o
 .debug_line    0x00002f43      0x344 ./src/ucPeripheralDrivers/uart_connection.o
 .debug_line    0x00003287      0x2aa ./src/sensorsDrivers/BMP180.o
 .debug_line    0x00003531      0x251 ./src/sensorsDrivers/HMC5883L.o
 .debug_line    0x00003782      0x2fb ./src/sensorsDrivers/MPU6050.o
 .debug_line    0x00003a7d      0x36d ./src/sensorsDrivers/Si114x.o
 .debug_line    0x00003dea      0x28d ./src/sensorsDrivers/Si7013.o
 .debug_line    0x00004077      0x6d8 ./src/sensorsDrivers/Si114x/Si114x_reg.o
 .debug_line    0x0000474f      0xaf6 ./src/sensorsDrivers/MPU6050/inv_mpu.o
 .debug_line    0x00005245      0x593 ./src/sensorsDrivers/MPU6050/inv_mpu_dmp_motion_driver.o

.debug_str      0x00000000     0x5321
 .debug_str     0x00000000      0xfd1 ./src/main.o
                               0x1064 (size before relaxing)
 .debug_str     0x00000fd1      0x683 ./emlib/em_cmu.o
                                0xa83 (size before relaxing)
 .debug_str     0x00001654      0x68f ./emlib/em_dma.o
                                0x9ef (size before relaxing)
 .debug_str     0x00001ce3       0xcb ./emlib/em_emu.o
                                0x377 (size before relaxing)
 .debug_str     0x00001dae      0x249 ./emlib/em_gpio.o
                                0x4ce (size before relaxing)
 .debug_str     0x00001ff7      0x228 ./emlib/em_i2c.o
                                0x63b (size before relaxing)
 .debug_str     0x0000221f      0x29b ./emlib/em_leuart.o
                                0x5e6 (size before relaxing)
 .debug_str     0x000024ba       0xbe ./emlib/em_rtc.o
                                0x24a (size before relaxing)
 .debug_str     0x00002578      0x7cb ./emlib/em_usart.o
                                0xb59 (size before relaxing)
 .debug_str     0x00002d43       0x96 ./CMSIS/efm32zg/system_efm32zg.o
                                0x35c (size before relaxing)
 .debug_str     0x00002dd9       0x82 ./src/ucPeripheralDrivers/RTC_.o
                                0x6ae (size before relaxing)
 .debug_str     0x00002e5b      0x101 ./src/ucPeripheralDrivers/i2c_connection.o
                                0x8c6 (size before relaxing)
 .debug_str     0x00002f5c       0x4e ./src/ucPeripheralDrivers/leuart_connection.o
                                0x771 (size before relaxing)
 .debug_str     0x00002faa      0x18c ./src/ucPeripheralDrivers/spi.o
                                0x6f9 (size before relaxing)
 .debug_str     0x00003136      0x121 ./src/ucPeripheralDrivers/uart_connection.o
                                0xb3d (size before relaxing)
 .debug_str     0x00003257       0x62 ./src/sensorsDrivers/BMP180.o
                                0x38e (size before relaxing)
 .debug_str     0x000032b9      0x364 ./src/sensorsDrivers/HMC5883L.o
                                0x665 (size before relaxing)
 .debug_str     0x0000361d      0x210 ./src/sensorsDrivers/MPU6050.o
                                0x523 (size before relaxing)
 .debug_str     0x0000382d      0x4d4 ./src/sensorsDrivers/Si114x.o
                                0xaa6 (size before relaxing)
 .debug_str     0x00003d01       0x3e ./src/sensorsDrivers/Si7013.o
                                0x3bd (size before relaxing)
 .debug_str     0x00003d3f      0x9f9 ./src/sensorsDrivers/Si114x/Si114x_reg.o
                               0x1156 (size before relaxing)
 .debug_str     0x00004738      0x94a ./src/sensorsDrivers/MPU6050/inv_mpu.o
                                0xe9f (size before relaxing)
 .debug_str     0x00005082      0x29f ./src/sensorsDrivers/MPU6050/inv_mpu_dmp_motion_driver.o
                                0x677 (size before relaxing)

.debug_frame    0x00000000     0x25e4
 .debug_frame   0x00000000      0x128 ./src/main.o
 .debug_frame   0x00000128      0x27c ./emlib/em_cmu.o
 .debug_frame   0x000003a4      0x198 ./emlib/em_dma.o
 .debug_frame   0x0000053c       0x90 ./emlib/em_emu.o
 .debug_frame   0x000005cc       0x7c ./emlib/em_gpio.o
 .debug_frame   0x00000648       0xb8 ./emlib/em_i2c.o
 .debug_frame   0x00000700      0x180 ./emlib/em_leuart.o
 .debug_frame   0x00000880       0xa8 ./emlib/em_rtc.o
 .debug_frame   0x00000928      0x210 ./emlib/em_usart.o
 .debug_frame   0x00000b38       0xc0 ./CMSIS/efm32zg/system_efm32zg.o
 .debug_frame   0x00000bf8       0x8c ./src/ucPeripheralDrivers/RTC_.o
 .debug_frame   0x00000c84       0xfc ./src/ucPeripheralDrivers/i2c_connection.o
 .debug_frame   0x00000d80       0x64 ./src/ucPeripheralDrivers/leuart_connection.o
 .debug_frame   0x00000de4       0x80 ./src/ucPeripheralDrivers/spi.o
 .debug_frame   0x00000e64       0xa8 ./src/ucPeripheralDrivers/uart_connection.o
 .debug_frame   0x00000f0c       0xe0 ./src/sensorsDrivers/BMP180.o
 .debug_frame   0x00000fec       0x7c ./src/sensorsDrivers/HMC5883L.o
 .debug_frame   0x00001068       0xac ./src/sensorsDrivers/MPU6050.o
 .debug_frame   0x00001114       0xe8 ./src/sensorsDrivers/Si114x.o
 .debug_frame   0x000011fc       0x74 ./src/sensorsDrivers/Si7013.o
 .debug_frame   0x00001270      0x498 ./src/sensorsDrivers/Si114x/Si114x_reg.o
 .debug_frame   0x00001708      0x5c4 ./src/sensorsDrivers/MPU6050/inv_mpu.o
 .debug_frame   0x00001ccc      0x318 ./src/sensorsDrivers/MPU6050/inv_mpu_dmp_motion_driver.o
 .debug_frame   0x00001fe4       0x20 d:/siliconlabs/simplicitystudio/v2/developer/toolchains/gnu_arm/4.7_2013q1/bin/../lib/gcc/arm-none-eabi/4.7.3/armv6-m\libgcc.a(_udivsi3.o)
 .debug_frame   0x00002004       0x20 d:/siliconlabs/simplicitystudio/v2/developer/toolchains/gnu_arm/4.7_2013q1/bin/../lib/gcc/arm-none-eabi/4.7.3/armv6-m\libgcc.a(_divsi3.o)
 .debug_frame   0x00002024       0x28 d:/siliconlabs/simplicitystudio/v2/developer/toolchains/gnu_arm/4.7_2013q1/bin/../lib/gcc/arm-none-eabi/4.7.3/armv6-m\libgcc.a(_fixunssfsi.o)
 .debug_frame   0x0000204c       0x3c d:/siliconlabs/simplicitystudio/v2/developer/toolchains/gnu_arm/4.7_2013q1/bin/../lib/gcc/arm-none-eabi/4.7.3/armv6-m\libgcc.a(divsf3.o)
 .debug_frame   0x00002088       0x2c d:/siliconlabs/simplicitystudio/v2/developer/toolchains/gnu_arm/4.7_2013q1/bin/../lib/gcc/arm-none-eabi/4.7.3/armv6-m\libgcc.a(eqsf2.o)
 .debug_frame   0x000020b4       0x30 d:/siliconlabs/simplicitystudio/v2/developer/toolchains/gnu_arm/4.7_2013q1/bin/../lib/gcc/arm-none-eabi/4.7.3/armv6-m\libgcc.a(gesf2.o)
 .debug_frame   0x000020e4       0x30 d:/siliconlabs/simplicitystudio/v2/developer/toolchains/gnu_arm/4.7_2013q1/bin/../lib/gcc/arm-none-eabi/4.7.3/armv6-m\libgcc.a(lesf2.o)
 .debug_frame   0x00002114       0x3c d:/siliconlabs/simplicitystudio/v2/developer/toolchains/gnu_arm/4.7_2013q1/bin/../lib/gcc/arm-none-eabi/4.7.3/armv6-m\libgcc.a(mulsf3.o)
 .debug_frame   0x00002150       0x30 d:/siliconlabs/simplicitystudio/v2/developer/toolchains/gnu_arm/4.7_2013q1/bin/../lib/gcc/arm-none-eabi/4.7.3/armv6-m\libgcc.a(subsf3.o)
 .debug_frame   0x00002180       0x28 d:/siliconlabs/simplicitystudio/v2/developer/toolchains/gnu_arm/4.7_2013q1/bin/../lib/gcc/arm-none-eabi/4.7.3/armv6-m\libgcc.a(fixsfsi.o)
 .debug_frame   0x000021a8       0x28 d:/siliconlabs/simplicitystudio/v2/developer/toolchains/gnu_arm/4.7_2013q1/bin/../lib/gcc/arm-none-eabi/4.7.3/armv6-m\libgcc.a(floatunsisf.o)
 .debug_frame   0x000021d0       0x28 d:/siliconlabs/simplicitystudio/v2/developer/toolchains/gnu_arm/4.7_2013q1/bin/../lib/gcc/arm-none-eabi/4.7.3/../../../../arm-none-eabi/lib/armv6-m\libc_s.a(lib_a-__atexit2.o)
 .debug_frame   0x000021f8       0x28 d:/siliconlabs/simplicitystudio/v2/developer/toolchains/gnu_arm/4.7_2013q1/bin/../lib/gcc/arm-none-eabi/4.7.3/../../../../arm-none-eabi/lib/armv6-m\libc_s.a(lib_a-exit.o)
 .debug_frame   0x00002220       0x2c d:/siliconlabs/simplicitystudio/v2/developer/toolchains/gnu_arm/4.7_2013q1/bin/../lib/gcc/arm-none-eabi/4.7.3/../../../../arm-none-eabi/lib/armv6-m\libc_s.a(lib_a-fini.o)
 .debug_frame   0x0000224c       0x2c d:/siliconlabs/simplicitystudio/v2/developer/toolchains/gnu_arm/4.7_2013q1/bin/../lib/gcc/arm-none-eabi/4.7.3/../../../../arm-none-eabi/lib/armv6-m\libc_s.a(lib_a-init.o)
 .debug_frame   0x00002278       0x2c d:/siliconlabs/simplicitystudio/v2/developer/toolchains/gnu_arm/4.7_2013q1/bin/../lib/gcc/arm-none-eabi/4.7.3/../../../../arm-none-eabi/lib/armv6-m\libc_s.a(lib_a-memcmp.o)
 .debug_frame   0x000022a4       0x28 d:/siliconlabs/simplicitystudio/v2/developer/toolchains/gnu_arm/4.7_2013q1/bin/../lib/gcc/arm-none-eabi/4.7.3/../../../../arm-none-eabi/lib/armv6-m\libc_s.a(lib_a-memcpy.o)
 .debug_frame   0x000022cc       0x28 d:/siliconlabs/simplicitystudio/v2/developer/toolchains/gnu_arm/4.7_2013q1/bin/../lib/gcc/arm-none-eabi/4.7.3/../../../../arm-none-eabi/lib/armv6-m\libc_s.a(lib_a-memset.o)
 .debug_frame   0x000022f4       0x4c d:/siliconlabs/simplicitystudio/v2/developer/toolchains/gnu_arm/4.7_2013q1/bin/../lib/gcc/arm-none-eabi/4.7.3/../../../../arm-none-eabi/lib/armv6-m\libc_s.a(lib_a-sprintf.o)
 .debug_frame   0x00002340       0x78 d:/siliconlabs/simplicitystudio/v2/developer/toolchains/gnu_arm/4.7_2013q1/bin/../lib/gcc/arm-none-eabi/4.7.3/../../../../arm-none-eabi/lib/armv6-m\libc_s.a(lib_a-svfprintf.o)
 .debug_frame   0x000023b8       0x54 d:/siliconlabs/simplicitystudio/v2/developer/toolchains/gnu_arm/4.7_2013q1/bin/../lib/gcc/arm-none-eabi/4.7.3/../../../../arm-none-eabi/lib/armv6-m\libc_s.a(lib_a-vfprintf_i.o)
 .debug_frame   0x0000240c       0x2c d:/siliconlabs/simplicitystudio/v2/developer/toolchains/gnu_arm/4.7_2013q1/bin/../lib/gcc/arm-none-eabi/4.7.3/../../../../arm-none-eabi/lib/armv6-m\libc_s.a(lib_a-freer.o)
 .debug_frame   0x00002438       0x2c d:/siliconlabs/simplicitystudio/v2/developer/toolchains/gnu_arm/4.7_2013q1/bin/../lib/gcc/arm-none-eabi/4.7.3/../../../../arm-none-eabi/lib/armv6-m\libc_s.a(lib_a-mallocr.o)
 .debug_frame   0x00002464       0x28 d:/siliconlabs/simplicitystudio/v2/developer/toolchains/gnu_arm/4.7_2013q1/bin/../lib/gcc/arm-none-eabi/4.7.3/../../../../arm-none-eabi/lib/armv6-m\libc_s.a(lib_a-memchr.o)
 .debug_frame   0x0000248c       0x30 d:/siliconlabs/simplicitystudio/v2/developer/toolchains/gnu_arm/4.7_2013q1/bin/../lib/gcc/arm-none-eabi/4.7.3/../../../../arm-none-eabi/lib/armv6-m\libc_s.a(lib_a-reallocr.o)
 .debug_frame   0x000024bc       0x2c d:/siliconlabs/simplicitystudio/v2/developer/toolchains/gnu_arm/4.7_2013q1/bin/../lib/gcc/arm-none-eabi/4.7.3/../../../../arm-none-eabi/lib/armv6-m\libc_s.a(lib_a-sbrkr.o)
 .debug_frame   0x000024e8       0x20 d:/siliconlabs/simplicitystudio/v2/developer/toolchains/gnu_arm/4.7_2013q1/bin/../lib/gcc/arm-none-eabi/4.7.3/../../../../arm-none-eabi/lib/armv6-m\libc_s.a(lib_a-strlen.o)
 .debug_frame   0x00002508       0x28 d:/siliconlabs/simplicitystudio/v2/developer/toolchains/gnu_arm/4.7_2013q1/bin/../lib/gcc/arm-none-eabi/4.7.3/../../../../arm-none-eabi/lib/armv6-m\libc_s.a(lib_a-msizer.o)
 .debug_frame   0x00002530       0x64 d:/siliconlabs/simplicitystudio/v2/developer/toolchains/gnu_arm/4.7_2013q1/bin/../lib/gcc/arm-none-eabi/4.7.3/../../../../arm-none-eabi/lib/armv6-m\libc_s.a(lib_a-reent.o)
 .debug_frame   0x00002594       0x28 d:/siliconlabs/simplicitystudio/v2/developer/toolchains/gnu_arm/4.7_2013q1/bin/../lib/gcc/arm-none-eabi/4.7.3/../../../../arm-none-eabi/lib/armv6-m\libnosys.a(sbrk.o)
 .debug_frame   0x000025bc       0x28 d:/siliconlabs/simplicitystudio/v2/developer/toolchains/gnu_arm/4.7_2013q1/bin/../lib/gcc/arm-none-eabi/4.7.3/../../../../arm-none-eabi/lib/armv6-m\libnosys.a(_exit.o)
