Archive member included because of file (symbol)

d:/siliconlabs/simplicitystudio/v2/developer/toolchains/gnu_arm/4.7_2013q1/bin/../lib/gcc/arm-none-eabi/4.7.3/armv6-m\libgcc.a(_thumb1_case_uqi.o)
                              ./emlib/em_adc.o (__gnu_thumb1_case_uqi)
d:/siliconlabs/simplicitystudio/v2/developer/toolchains/gnu_arm/4.7_2013q1/bin/../lib/gcc/arm-none-eabi/4.7.3/armv6-m\libgcc.a(_udivsi3.o)
                              ./src/main.o (__aeabi_uidiv)
d:/siliconlabs/simplicitystudio/v2/developer/toolchains/gnu_arm/4.7_2013q1/bin/../lib/gcc/arm-none-eabi/4.7.3/armv6-m\libgcc.a(_divsi3.o)
                              ./src/main.o (__aeabi_idiv)
d:/siliconlabs/simplicitystudio/v2/developer/toolchains/gnu_arm/4.7_2013q1/bin/../lib/gcc/arm-none-eabi/4.7.3/armv6-m\libgcc.a(_dvmd_tls.o)
                              d:/siliconlabs/simplicitystudio/v2/developer/toolchains/gnu_arm/4.7_2013q1/bin/../lib/gcc/arm-none-eabi/4.7.3/armv6-m\libgcc.a(_udivsi3.o) (__aeabi_idiv0)
d:/siliconlabs/simplicitystudio/v2/developer/toolchains/gnu_arm/4.7_2013q1/bin/../lib/gcc/arm-none-eabi/4.7.3/armv6-m\libgcc.a(_arm_cmpsf2.o)
                              ./src/sensorsDrivers/MPU6050/inv_mpu.o (__aeabi_fcmpeq)
d:/siliconlabs/simplicitystudio/v2/developer/toolchains/gnu_arm/4.7_2013q1/bin/../lib/gcc/arm-none-eabi/4.7.3/armv6-m\libgcc.a(_aeabi_ldivmod.o)
                              ./src/sensorsDrivers/MPU6050/inv_mpu.o (__aeabi_ldivmod)
d:/siliconlabs/simplicitystudio/v2/developer/toolchains/gnu_arm/4.7_2013q1/bin/../lib/gcc/arm-none-eabi/4.7.3/armv6-m\libgcc.a(_muldi3.o)
                              ./src/sensorsDrivers/MPU6050/inv_mpu_dmp_motion_driver.o (__aeabi_lmul)
d:/siliconlabs/simplicitystudio/v2/developer/toolchains/gnu_arm/4.7_2013q1/bin/../lib/gcc/arm-none-eabi/4.7.3/armv6-m\libgcc.a(_fixunssfsi.o)
                              ./src/sensorsDrivers/MPU6050/inv_mpu_dmp_motion_driver.o (__aeabi_f2uiz)
d:/siliconlabs/simplicitystudio/v2/developer/toolchains/gnu_arm/4.7_2013q1/bin/../lib/gcc/arm-none-eabi/4.7.3/armv6-m\libgcc.a(bpabi.o)
                              d:/siliconlabs/simplicitystudio/v2/developer/toolchains/gnu_arm/4.7_2013q1/bin/../lib/gcc/arm-none-eabi/4.7.3/armv6-m\libgcc.a(_aeabi_ldivmod.o) (__gnu_ldivmod_helper)
d:/siliconlabs/simplicitystudio/v2/developer/toolchains/gnu_arm/4.7_2013q1/bin/../lib/gcc/arm-none-eabi/4.7.3/armv6-m\libgcc.a(addsf3.o)
                              ./src/sensorsDrivers/MPU6050/inv_mpu.o (__aeabi_fadd)
d:/siliconlabs/simplicitystudio/v2/developer/toolchains/gnu_arm/4.7_2013q1/bin/../lib/gcc/arm-none-eabi/4.7.3/armv6-m\libgcc.a(divsf3.o)
                              ./src/sensorsDrivers/MPU6050/inv_mpu.o (__aeabi_fdiv)
d:/siliconlabs/simplicitystudio/v2/developer/toolchains/gnu_arm/4.7_2013q1/bin/../lib/gcc/arm-none-eabi/4.7.3/armv6-m\libgcc.a(eqsf2.o)
                              d:/siliconlabs/simplicitystudio/v2/developer/toolchains/gnu_arm/4.7_2013q1/bin/../lib/gcc/arm-none-eabi/4.7.3/armv6-m\libgcc.a(_arm_cmpsf2.o) (__eqsf2)
d:/siliconlabs/simplicitystudio/v2/developer/toolchains/gnu_arm/4.7_2013q1/bin/../lib/gcc/arm-none-eabi/4.7.3/armv6-m\libgcc.a(gesf2.o)
                              d:/siliconlabs/simplicitystudio/v2/developer/toolchains/gnu_arm/4.7_2013q1/bin/../lib/gcc/arm-none-eabi/4.7.3/armv6-m\libgcc.a(_arm_cmpsf2.o) (__gesf2)
d:/siliconlabs/simplicitystudio/v2/developer/toolchains/gnu_arm/4.7_2013q1/bin/../lib/gcc/arm-none-eabi/4.7.3/armv6-m\libgcc.a(lesf2.o)
                              d:/siliconlabs/simplicitystudio/v2/developer/toolchains/gnu_arm/4.7_2013q1/bin/../lib/gcc/arm-none-eabi/4.7.3/armv6-m\libgcc.a(_arm_cmpsf2.o) (__lesf2)
d:/siliconlabs/simplicitystudio/v2/developer/toolchains/gnu_arm/4.7_2013q1/bin/../lib/gcc/arm-none-eabi/4.7.3/armv6-m\libgcc.a(mulsf3.o)
                              ./src/sensorsDrivers/MPU6050/inv_mpu.o (__aeabi_fmul)
d:/siliconlabs/simplicitystudio/v2/developer/toolchains/gnu_arm/4.7_2013q1/bin/../lib/gcc/arm-none-eabi/4.7.3/armv6-m\libgcc.a(subsf3.o)
                              ./src/sensorsDrivers/MPU6050/inv_mpu.o (__aeabi_fsub)
d:/siliconlabs/simplicitystudio/v2/developer/toolchains/gnu_arm/4.7_2013q1/bin/../lib/gcc/arm-none-eabi/4.7.3/armv6-m\libgcc.a(fixsfsi.o)
                              ./src/sensorsDrivers/MPU6050/inv_mpu.o (__aeabi_f2iz)
d:/siliconlabs/simplicitystudio/v2/developer/toolchains/gnu_arm/4.7_2013q1/bin/../lib/gcc/arm-none-eabi/4.7.3/armv6-m\libgcc.a(floatsisf.o)
                              ./src/sensorsDrivers/MPU6050/inv_mpu.o (__aeabi_i2f)
d:/siliconlabs/simplicitystudio/v2/developer/toolchains/gnu_arm/4.7_2013q1/bin/../lib/gcc/arm-none-eabi/4.7.3/armv6-m\libgcc.a(floatunsisf.o)
                              ./src/sensorsDrivers/MPU6050/inv_mpu_dmp_motion_driver.o (__aeabi_ui2f)
d:/siliconlabs/simplicitystudio/v2/developer/toolchains/gnu_arm/4.7_2013q1/bin/../lib/gcc/arm-none-eabi/4.7.3/armv6-m\libgcc.a(_clzsi2.o)
[...]
Memory Configuration

Name             Origin             Length             Attributes
FLASH            0x00000800         0x00007800         xr
RAM              0x20000000         0x00001000         xrw
*default*        0x00000000         0xffffffff

Linker script and memory map

LOAD d:/siliconlabs/simplicitystudio/v2/developer/toolchains/gnu_arm/4.7_2013q1/bin/../lib/gcc/arm-none-eabi/4.7.3/armv6-m/crti.o
LOAD d:/siliconlabs/simplicitystudio/v2/developer/toolchains/gnu_arm/4.7_2013q1/bin/../lib/gcc/arm-none-eabi/4.7.3/armv6-m/crtbegin.o
LOAD d:/siliconlabs/simplicitystudio/v2/developer/toolchains/gnu_arm/4.7_2013q1/bin/../lib/gcc/arm-none-eabi/4.7.3/../../../../arm-none-eabi/lib/armv6-m/crt0.o
LOAD ./src/main.o
LOAD ./emlib/em_acmp.o
LOAD ./emlib/em_adc.o
LOAD ./emlib/em_aes.o
LOAD ./emlib/em_assert.o
LOAD ./emlib/em_burtc.o
LOAD ./emlib/em_cmu.o
LOAD ./emlib/em_dac.o
LOAD ./emlib/em_dbg.o
LOAD ./emlib/em_dma.o
LOAD ./emlib/em_ebi.o
LOAD ./emlib/em_emu.o
LOAD ./emlib/em_gpio.o
LOAD ./emlib/em_i2c.o
LOAD ./emlib/em_idac.o
LOAD ./emlib/em_int.o
LOAD ./emlib/em_lcd.o
LOAD ./emlib/em_lesense.o
LOAD ./emlib/em_letimer.o
LOAD ./emlib/em_leuart.o
LOAD ./emlib/em_mpu.o
LOAD ./emlib/em_msc.o
LOAD ./emlib/em_opamp.o
LOAD ./emlib/em_pcnt.o
LOAD ./emlib/em_prs.o
LOAD ./emlib/em_rmu.o
LOAD ./emlib/em_rtc.o
LOAD ./emlib/em_system.o
LOAD ./emlib/em_timer.o
LOAD ./emlib/em_usart.o
LOAD ./emlib/em_vcmp.o
LOAD ./emlib/em_wdog.o
LOAD ./CMSIS/efm32zg/startup_gcc_efm32zg.o
LOAD ./CMSIS/efm32zg/system_efm32zg.o
LOAD ./src/ucPeripheralDrivers/RTC_.o
LOAD ./src/ucPeripheralDrivers/i2c_connection.o
LOAD ./src/ucPeripheralDrivers/leuart_connection.o
LOAD ./src/ucPeripheralDrivers/spi.o
LOAD ./src/ucPeripheralDrivers/spi_connection.o
LOAD ./src/ucPeripheralDrivers/uart_connection.o
LOAD ./src/sensorsDrivers/AS3935.o
LOAD ./src/sensorsDrivers/BMP180.o
LOAD ./src/sensorsDrivers/HMC5883L.o
LOAD ./src/sensorsDrivers/MAX4400x.o
LOAD ./src/sensorsDrivers/MPU6050.o
LOAD ./src/sensorsDrivers/Si114x.o
LOAD ./src/sensorsDrivers/Si7013.o
LOAD ./src/sensorsDrivers/Si114x/Si114x_reg.o
LOAD ./src/sensorsDrivers/MPU6050/inv_mpu.o
LOAD ./src/sensorsDrivers/MPU6050/inv_mpu_dmp_motion_driver.o
LOAD ./src/sensorsDrivers/MAX4400x/MAX4400x_reg.o
START GROUP
LOAD d:/siliconlabs/simplicitystudio/v2/developer/toolchains/gnu_arm/4.7_2013q1/bin/../lib/gcc/arm-none-eabi/4.7.3/armv6-m\libgcc.a
LOAD d:/siliconlabs/simplicitystudio/v2/developer/toolchains/gnu_arm/4.7_2013q1/bin/../lib/gcc/arm-none-eabi/4.7.3/../../../../arm-none-eabi/lib/armv6-m\libc_s.a
LOAD d:/siliconlabs/simplicitystudio/v2/developer/toolchains/gnu_arm/4.7_2013q1/bin/../lib/gcc/arm-none-eabi/4.7.3/../../../../arm-none-eabi/lib/armv6-m\libnosys.a
END GROUP
START GROUP
LOAD d:/siliconlabs/simplicitystudio/v2/developer/toolchains/gnu_arm/4.7_2013q1/bin/../lib/gcc/arm-none-eabi/4.7.3/armv6-m\libgcc.a
LOAD d:/siliconlabs/simplicitystudio/v2/developer/toolchains/gnu_arm/4.7_2013q1/bin/../lib/gcc/arm-none-eabi/4.7.3/../../../../arm-none-eabi/lib/armv6-m\libc_s.a
END GROUP
LOAD d:/siliconlabs/simplicitystudio/v2/developer/toolchains/gnu_arm/4.7_2013q1/bin/../lib/gcc/arm-none-eabi/4.7.3/armv6-m/crtend.o
LOAD d:/siliconlabs/simplicitystudio/v2/developer/toolchains/gnu_arm/4.7_2013q1/bin/../lib/gcc/arm-none-eabi/4.7.3/armv6-m/crtn.o

.text           0x00000800     0x641c
 *(.isr_vector)
 .isr_vector    0x00000800      0x100 ./CMSIS/efm32zg/startup_gcc_efm32zg.o
                0x00000800                __isr_vector
 *(.text*)
 .text          0x00000900       0x60 d:/siliconlabs/simplicitystudio/v2/developer/toolchains/gnu_arm/4.7_2013q1/bin/../lib/gcc/arm-none-eabi/4.7.3/armv6-m/crtbegin.o
 .text          0x00000960       0x74 d:/siliconlabs/simplicitystudio/v2/developer/toolchains/gnu_arm/4.7_2013q1/bin/../lib/gcc/arm-none-eabi/4.7.3/../../../../arm-none-eabi/lib/armv6-m/crt0.o
                0x00000960                _start
                0x00000960                start
                0x00000960                _mainCRTStartup
 .text.initOscillators
                0x000009d4       0x34 ./src/main.o
                0x000009d4                initOscillators
 .text.clockTest_short
                0x00000a08       0x30 ./src/main.o
                0x00000a08                clockTest_short
 .text.printResults
                0x00000a38      0x1c4 ./src/main.o
                0x00000a38                printResults
 .text.RTC_IRQHandler
                0x00000bfc      0x324 ./src/main.o
                0x00000bfc                RTC_IRQHandler
 .text.IRQ_Interrupt
                0x00000f20       0x3c ./src/main.o
                0x00000f20                IRQ_Interrupt
 .text.GPIO_ODD_IRQHandler
                0x00000f5c        0x8 ./src/main.o
                0x00000f5c                GPIO_ODD_IRQHandler
 .text.GPIO_EVEN_IRQHandler
                0x00000f64        0x8 ./src/main.o
                0x00000f64                GPIO_EVEN_IRQHandler
 .text.detectSensors
                0x00000f6c       0xfc ./src/main.o
                0x00000f6c                detectSensors
 .text.initSensors
                0x00001068       0xa8 ./src/main.o
                0x00001068                initSensors
 .text.initInterfaces
                0x00001110       0x54 ./src/main.o
                0x00001110                initInterfaces
 .text.startup.main
                0x00001164       0x4c ./src/main.o
                0x00001164                main
 .text.CMU_FlashWaitStateMax
                0x000011b0       0x20 ./emlib/em_cmu.o
 .text.CMU_FlashWaitStateControl
                0x000011d0       0x38 ./emlib/em_cmu.o
 .text.CMU_AUXClkGet
                0x00001208       0x60 ./emlib/em_cmu.o
 .text.CMU_Sync
                0x00001268       0x18 ./emlib/em_cmu.o
 .text.CMU_LFClkGet
                0x00001280       0x48 ./emlib/em_cmu.o
 .text.CMU_ClockEnable
                0x000012c8       0x74 ./emlib/em_cmu.o
                0x000012c8                CMU_ClockEnable
 .text.CMU_ClockSelectGet
                0x0000133c       0x98 ./emlib/em_cmu.o
                0x0000133c                CMU_ClockSelectGet
 .text.CMU_ClockFreqGet
                0x000013d4       0xbc ./emlib/em_cmu.o
                0x000013d4                CMU_ClockFreqGet
 .text.CMU_OscillatorEnable
                0x00001490       0x50 ./emlib/em_cmu.o
                0x00001490                CMU_OscillatorEnable
 .text.CMU_ClockSelectSet
                0x000014e0       0xdc ./emlib/em_cmu.o
                0x000014e0                CMU_ClockSelectSet
 .text.DMA_IRQHandler
                0x000015bc       0x7c ./emlib/em_dma.o
                0x000015bc                DMA_IRQHandler
 .text.EMU_Restore
                0x00001638       0x80 ./emlib/em_emu.o
 .text.EMU_EnterEM2
                0x000016b8       0x38 ./emlib/em_emu.o
                0x000016b8                EMU_EnterEM2
 .text.EMU_UpdateOscConfig
                0x000016f0       0x14 ./emlib/em_emu.o
                0x000016f0                EMU_UpdateOscConfig
 .text.GPIO_IntConfig
                0x00001704       0x88 ./emlib/em_gpio.o
                0x00001704                GPIO_IntConfig
 .text.GPIO_PinModeSet
                0x0000178c       0x8c ./emlib/em_gpio.o
                0x0000178c                GPIO_PinModeSet
 .text.I2C_BusFreqSet
                0x00001818       0x54 ./emlib/em_i2c.o
                0x00001818                I2C_BusFreqSet
 .text.I2C_Init
                0x0000186c       0x3c ./emlib/em_i2c.o
                0x0000186c                I2C_Init
 .text.I2C_Transfer
                0x000018a8      0x230 ./emlib/em_i2c.o
                0x000018a8                I2C_Transfer
 .text.I2C_TransferInit
                0x00001ad8       0x6c ./emlib/em_i2c.o
                0x00001ad8                I2C_TransferInit
 .text.LEUART_Sync
                0x00001b44       0x10 ./emlib/em_leuart.o
 .text.LEUART_BaudrateSet
                0x00001b54       0x40 ./emlib/em_leuart.o
                0x00001b54                LEUART_BaudrateSet
 .text.LEUART_Init
                0x00001b94       0x40 ./emlib/em_leuart.o
                0x00001b94                LEUART_Init
 .text.LEUART_Tx
                0x00001bd4       0x18 ./emlib/em_leuart.o
                0x00001bd4                LEUART_Tx
 .text.RTC_CompareSet
                0x00001bec       0x1c ./emlib/em_rtc.o
                0x00001bec                RTC_CompareSet
 .text.RTC_Init
                0x00001c08       0x24 ./emlib/em_rtc.o
                0x00001c08                RTC_Init
 .text.USART_Rx
                0x00001c2c        0xe ./emlib/em_usart.o
                0x00001c2c                USART_Rx
 *fill*         0x00001c3a        0x2 00
 .text          0x00001c3c       0x60 ./CMSIS/efm32zg/startup_gcc_efm32zg.o
                0x00001c3c                Reset_Handler
                0x00001c6c                Default_Handler
                0x00001c6e                NMI_Handler
                0x00001c70                HardFault_Handler
                0x00001c72                SVC_Handler
                0x00001c74                PendSV_Handler
                0x00001c76                SysTick_Handler
                0x00001c7c                TIMER0_IRQHandler
                0x00001c7e                ACMP0_IRQHandler
                0x00001c80                ADC0_IRQHandler
                0x00001c86                TIMER1_IRQHandler
                0x00001c8c                LEUART0_IRQHandler
                0x00001c8e                PCNT0_IRQHandler
                0x00001c92                CMU_IRQHandler
                0x00001c94                VCMP_IRQHandler
                0x00001c96                MSC_IRQHandler
                0x00001c98                AES_IRQHandler
 .text.SystemHFClockGet
                0x00001c9c       0x9c ./CMSIS/efm32zg/system_efm32zg.o
                0x00001c9c                SystemHFClockGet
 .text.SystemCoreClockGet
                0x00001d38       0x20 ./CMSIS/efm32zg/system_efm32zg.o
                0x00001d38                SystemCoreClockGet
 .text.SystemInit
                0x00001d58        0x2 ./CMSIS/efm32zg/system_efm32zg.o
                0x00001d58                SystemInit
 .text.SystemLFRCOClockGet
                0x00001d5a        0x6 ./CMSIS/efm32zg/system_efm32zg.o
                0x00001d5a                SystemLFRCOClockGet
 .text.SystemULFRCOClockGet
                0x00001d60        0x6 ./CMSIS/efm32zg/system_efm32zg.o
                0x00001d60                SystemULFRCOClockGet
 *fill*         0x00001d66        0x2 00
 .text.SystemLFXOClockGet
                0x00001d68        0xc ./CMSIS/efm32zg/system_efm32zg.o
                0x00001d68                SystemLFXOClockGet
 .text.startLfxoForRtc
                0x00001d74       0x34 ./src/ucPeripheralDrivers/RTC_.o
                0x00001d74                startLfxoForRtc
 .text.RTC_init
                0x00001da8       0x28 ./src/ucPeripheralDrivers/RTC_.o
                0x00001da8                RTC_init
 .text.RTC_setTime
                0x00001dd0       0x16 ./src/ucPeripheralDrivers/RTC_.o
                0x00001dd0                RTC_setTime
 *fill*         0x00001de6        0x2 00
 .text.RTC_enableInt
                0x00001de8       0x1c ./src/ucPeripheralDrivers/RTC_.o
                0x00001de8                RTC_enableInt
 .text.RTC_clearInt
                0x00001e04        0xc ./src/ucPeripheralDrivers/RTC_.o
                0x00001e04                RTC_clearInt
 .text.i2c_InitMaster
                0x00001e10       0xbc ./src/ucPeripheralDrivers/i2c_connection.o
                0x00001e10                i2c_InitMaster
 .text.I2C0_IRQHandler
                0x00001ecc       0x1c ./src/ucPeripheralDrivers/i2c_connection.o
                0x00001ecc                I2C0_IRQHandler
 .text.i2c_RegisterGet
                0x00001ee8       0x5c ./src/ucPeripheralDrivers/i2c_connection.o
                0x00001ee8                i2c_RegisterGet
 .text.i2c_RegisterSet
                0x00001f44       0x50 ./src/ucPeripheralDrivers/i2c_connection.o
                0x00001f44                i2c_RegisterSet
 .text.i2c_Register_Write_Block
                0x00001f94       0x54 ./src/ucPeripheralDrivers/i2c_connection.o
                0x00001f94                i2c_Register_Write_Block
 .text.i2c_Register_Read_Block
                0x00001fe8       0x60 ./src/ucPeripheralDrivers/i2c_connection.o
                0x00001fe8                i2c_Register_Read_Block
 .text.i2c_Detect
                0x00002048       0x58 ./src/ucPeripheralDrivers/i2c_connection.o
                0x00002048                i2c_Detect
 .text.i2c_Scan
                0x000020a0       0x38 ./src/ucPeripheralDrivers/i2c_connection.o
                0x000020a0                i2c_Scan
 .text.LeUart_Init
                0x000020d8       0x6c ./src/ucPeripheralDrivers/leuart_connection.o
                0x000020d8                LeUart_Init
 .text.LeUart_SendChar
                0x00002144       0x10 ./src/ucPeripheralDrivers/leuart_connection.o
                0x00002144                LeUart_SendChar
 .text.LeUart_SendText
                0x00002154       0x24 ./src/ucPeripheralDrivers/leuart_connection.o
                0x00002154                LeUart_SendText
 .text.USART1_TX_IRQHandler
                0x00002178       0x44 ./src/ucPeripheralDrivers/spi.o
                0x00002178                USART1_TX_IRQHandler
 .text.uart_sendText
                0x000021bc       0x28 ./src/ucPeripheralDrivers/uart_connection.o
                0x000021bc                uart_sendText
 .text.USART1_RX_IRQHandler
                0x000021e4       0x68 ./src/ucPeripheralDrivers/uart_connection.o
                0x000021e4                USART1_RX_IRQHandler
 .text.BMP180_init
                0x0000224c        0x2 ./src/sensorsDrivers/BMP180.o
                0x0000224c                BMP180_init
 *fill*         0x0000224e        0x2 00
 .text.BMP180_detect
                0x00002250       0x10 ./src/sensorsDrivers/BMP180.o
                0x00002250                BMP180_detect
 .text.bmp180_GetTemperature
                0x00002260       0x48 ./src/sensorsDrivers/BMP180.o
                0x00002260                bmp180_GetTemperature
 .text.bmp180_GetPressure
                0x000022a8       0xc0 ./src/sensorsDrivers/BMP180.o
                0x000022a8                bmp180_GetPressure
 .text.BMP180_forceTemperatureMesurement
                0x00002368       0x14 ./src/sensorsDrivers/BMP180.o
                0x00002368                BMP180_forceTemperatureMesurement
 .text.BMP180_readTemperature
                0x0000237c       0x48 ./src/sensorsDrivers/BMP180.o
                0x0000237c                BMP180_readTemperature
 .text.BMP180_forcePressureMeasurment
                0x000023c4       0x14 ./src/sensorsDrivers/BMP180.o
                0x000023c4                BMP180_forcePressureMeasurment
 .text.BMP180_readPressure
                0x000023d8       0x44 ./src/sensorsDrivers/BMP180.o
                0x000023d8                BMP180_readPressure
 .text.HMC5883L_detect
                0x0000241c       0x10 ./src/sensorsDrivers/HMC5883L.o
                0x0000241c                HMC5883L_detect
 .text.HMC5883L_init
                0x0000242c       0x78 ./src/sensorsDrivers/HMC5883L.o
                0x0000242c                HMC5883L_init
 .text.HMC5883L_getCompassData
                0x000024a4       0x40 ./src/sensorsDrivers/HMC5883L.o
                0x000024a4                HMC5883L_getCompassData
 .text.MAX4400x_Detect
                0x000024e4        0x8 ./src/sensorsDrivers/MAX4400x.o
                0x000024e4                MAX4400x_Detect
 .text.MAX4400x_Init
                0x000024ec       0x38 ./src/sensorsDrivers/MAX4400x.o
                0x000024ec                MAX4400x_Init
 .text.android_orient_cb
                0x00002524       0x40 ./src/sensorsDrivers/MPU6050.o
 .text.inv_row_2_scale
                0x00002564       0x36 ./src/sensorsDrivers/MPU6050.o
 *fill*         0x0000259a        0x2 00
 .text.tap_cb   0x0000259c       0x4c ./src/sensorsDrivers/MPU6050.o
 .text.MPU6050_detect
                0x000025e8       0x10 ./src/sensorsDrivers/MPU6050.o
                0x000025e8                MPU6050_detect
 .text.MPU6050_init
                0x000025f8       0xac ./src/sensorsDrivers/MPU6050.o
                0x000025f8                MPU6050_init
 .text.Si114x_Detect
                0x000026a4        0x8 ./src/sensorsDrivers/Si114x.o
                0x000026a4                Si114x_Detect
 .text.Si114x_Init
                0x000026ac       0xc0 ./src/sensorsDrivers/Si114x.o
                0x000026ac                Si114x_Init
 .text.Si114x_Interrupt
                0x0000276c       0x14 ./src/sensorsDrivers/Si114x.o
                0x0000276c                Si114x_Interrupt
 .text.Si114x_ForceAmbientLightMeasurment
                0x00002780        0xc ./src/sensorsDrivers/Si114x.o
                0x00002780                Si114x_ForceAmbientLightMeasurment
 .text.Si114x_ReadAmbientLight
                0x0000278c       0x44 ./src/sensorsDrivers/Si114x.o
                0x0000278c                Si114x_ReadAmbientLight
 .text.Si114x_ForceUvIndexMeasurment
                0x000027d0       0x10 ./src/sensorsDrivers/Si114x.o
                0x000027d0                Si114x_ForceUvIndexMeasurment
 .text.Si114x_ReadUvIndex
                0x000027e0       0x48 ./src/sensorsDrivers/Si114x.o
                0x000027e0                Si114x_ReadUvIndex
 .text.Si114x_ReadPsMeasurments
                0x00002828       0x58 ./src/sensorsDrivers/Si114x.o
                0x00002828                Si114x_ReadPsMeasurments
 .text.Si7013_Detect
                0x00002880       0x10 ./src/sensorsDrivers/Si7013.o
                0x00002880                Si7013_Detect
 .text.Si7013_Init
                0x00002890        0x2 ./src/sensorsDrivers/Si7013.o
                0x00002890                Si7013_Init
 *fill*         0x00002892        0x2 00
 .text.Si7013_ForceRhMeasurment
                0x00002894       0x5c ./src/sensorsDrivers/Si7013.o
                0x00002894                Si7013_ForceRhMeasurment
 .text.Si7013_ReadHumidityAndTemperature
                0x000028f0      0x104 ./src/sensorsDrivers/Si7013.o
                0x000028f0                Si7013_ReadHumidityAndTemperature
 .text.Si114x_GetRegister
                0x000029f4       0x14 ./src/sensorsDrivers/Si114x/Si114x_reg.o
 .text.Si114x_SetRegister
                0x00002a08       0x14 ./src/sensorsDrivers/Si114x/Si114x_reg.o
 .text.Si114x_Detect_LowLevel
                0x00002a1c       0x10 ./src/sensorsDrivers/Si114x/Si114x_reg.o
                0x00002a1c                Si114x_Detect_LowLevel
 .text.Si114x_SetHwKey
                0x00002a2c        0xc ./src/sensorsDrivers/Si114x/Si114x_reg.o
                0x00002a2c                Si114x_SetHwKey
 .text.Si114x_SetMeasurmentRate
                0x00002a38       0x50 ./src/sensorsDrivers/Si114x/Si114x_reg.o
                0x00002a38                Si114x_SetMeasurmentRate
 .text.Si114x_SetLedCurrents
                0x00002a88       0x54 ./src/sensorsDrivers/Si114x/Si114x_reg.o
                0x00002a88                Si114x_SetLedCurrents
 .text.Si114x_EnableUvReading
                0x00002adc       0x24 ./src/sensorsDrivers/Si114x/Si114x_reg.o
                0x00002adc                Si114x_EnableUvReading
 .text.Si114x_DisableUvReading
                0x00002b00       0x24 ./src/sensorsDrivers/Si114x/Si114x_reg.o
                0x00002b00                Si114x_DisableUvReading
 .text.Si114x_SetParamWr
                0x00002b24        0xc ./src/sensorsDrivers/Si114x/Si114x_reg.o
                0x00002b24                Si114x_SetParamWr
 .text.Si114x_SetCommand
                0x00002b30       0x6e ./src/sensorsDrivers/Si114x/Si114x_reg.o
                0x00002b30                Si114x_SetCommand
 .text.Si114x_GetResponse
                0x00002b9e       0x16 ./src/sensorsDrivers/Si114x/Si114x_reg.o
                0x00002b9e                Si114x_GetResponse
 .text.Si114x_ClrIrqStatus
                0x00002bb4        0xc ./src/sensorsDrivers/Si114x/Si114x_reg.o
                0x00002bb4                Si114x_ClrIrqStatus
 .text.Si114x_GetAlsVisData
                0x00002bc0       0x26 ./src/sensorsDrivers/Si114x/Si114x_reg.o
                0x00002bc0                Si114x_GetAlsVisData
 .text.Si114x_GetPs1Data
                0x00002be6       0x26 ./src/sensorsDrivers/Si114x/Si114x_reg.o
                0x00002be6                Si114x_GetPs1Data
 .text.Si114x_GetPs2Data
                0x00002c0c       0x26 ./src/sensorsDrivers/Si114x/Si114x_reg.o
                0x00002c0c                Si114x_GetPs2Data
 .text.Si114x_GetPs3Data
                0x00002c32       0x26 ./src/sensorsDrivers/Si114x/Si114x_reg.o
                0x00002c32                Si114x_GetPs3Data
 .text.Si114x_GetAuxUvData
                0x00002c58       0x26 ./src/sensorsDrivers/Si114x/Si114x_reg.o
                0x00002c58                Si114x_GetAuxUvData
 *fill*         0x00002c7e        0x2 00
 .text.Si114x_EnableChannel
                0x00002c80       0x80 ./src/sensorsDrivers/Si114x/Si114x_reg.o
                0x00002c80                Si114x_EnableChannel
 .text.Si114x_SetPsLedSelect
                0x00002d00       0x84 ./src/sensorsDrivers/Si114x/Si114x_reg.o
                0x00002d00                Si114x_SetPsLedSelect
 .text.Si114x_SetPs1ADC
                0x00002d84       0x3c ./src/sensorsDrivers/Si114x/Si114x_reg.o
                0x00002d84                Si114x_SetPs1ADC
 .text.Si114x_SetPs2ADC
                0x00002dc0       0x3c ./src/sensorsDrivers/Si114x/Si114x_reg.o
                0x00002dc0                Si114x_SetPs2ADC
 .text.Si114x_SetPs3ADC
                0x00002dfc       0x3c ./src/sensorsDrivers/Si114x/Si114x_reg.o
                0x00002dfc                Si114x_SetPs3ADC
 .text.Si114x_SetPsAdcCounter
                0x00002e38       0x44 ./src/sensorsDrivers/Si114x/Si114x_reg.o
                0x00002e38                Si114x_SetPsAdcCounter
 .text.Si114x_SetAlsVisAdcCounter
                0x00002e7c       0x16 ./src/sensorsDrivers/Si114x/Si114x_reg.o
                0x00002e7c                Si114x_SetAlsVisAdcCounter
 .text.Si114x_SetAlsIrAdcCounter
                0x00002e92       0x16 ./src/sensorsDrivers/Si114x/Si114x_reg.o
                0x00002e92                Si114x_SetAlsIrAdcCounter
 .text.Si114x_SetPsAdcGain
                0x00002ea8       0x50 ./src/sensorsDrivers/Si114x/Si114x_reg.o
                0x00002ea8                Si114x_SetPsAdcGain
 .text.Si114x_SetAlsVisAdcGain
                0x00002ef8       0x14 ./src/sensorsDrivers/Si114x/Si114x_reg.o
                0x00002ef8                Si114x_SetAlsVisAdcGain
 .text.Si114x_SetAlsIrAdcGain
                0x00002f0c       0x14 ./src/sensorsDrivers/Si114x/Si114x_reg.o
                0x00002f0c                Si114x_SetAlsIrAdcGain
 .text.Si114x_SetPsAdcMisc
                0x00002f20       0x48 ./src/sensorsDrivers/Si114x/Si114x_reg.o
                0x00002f20                Si114x_SetPsAdcMisc
 .text.i2c_write.part.0
                0x00002f68       0x18 ./src/sensorsDrivers/MPU6050/inv_mpu.o
 .text.i2c_read.part.2
                0x00002f80       0x24 ./src/sensorsDrivers/MPU6050/inv_mpu.o
 .text.set_int_enable
                0x00002fa4       0x68 ./src/sensorsDrivers/MPU6050/inv_mpu.o
 .text.i2c_write
                0x0000300c       0x2c ./src/sensorsDrivers/MPU6050/inv_mpu.o
                0x0000300c                i2c_write
 .text.i2c_read
                0x00003038       0x2c ./src/sensorsDrivers/MPU6050/inv_mpu.o
                0x00003038                i2c_read
 .text.delay_ms
                0x00003064       0x3c ./src/sensorsDrivers/MPU6050/inv_mpu.o
                0x00003064                delay_ms
 .text.mpu_get_gyro_reg
                0x000030a0       0x50 ./src/sensorsDrivers/MPU6050/inv_mpu.o
                0x000030a0                mpu_get_gyro_reg
 .text.mpu_get_accel_reg
                0x000030f0       0x4c ./src/sensorsDrivers/MPU6050/inv_mpu.o
                0x000030f0                mpu_get_accel_reg
 .text.mpu_reset_fifo
                0x0000313c      0x110 ./src/sensorsDrivers/MPU6050/inv_mpu.o
                0x0000313c                mpu_reset_fifo
 .text.mpu_set_gyro_fsr
                0x0000324c       0x6c ./src/sensorsDrivers/MPU6050/inv_mpu.o
                0x0000324c                mpu_set_gyro_fsr
 .text.mpu_get_accel_fsr
                0x000032b8       0x40 ./src/sensorsDrivers/MPU6050/inv_mpu.o
                0x000032b8                mpu_get_accel_fsr
 .text.mpu_set_accel_fsr
                0x000032f8       0x60 ./src/sensorsDrivers/MPU6050/inv_mpu.o
                0x000032f8                mpu_set_accel_fsr
 .text.mpu_set_lpf
                0x00003358       0x5c ./src/sensorsDrivers/MPU6050/inv_mpu.o
                0x00003358                mpu_set_lpf
 .text.mpu_configure_fifo
                0x000033b4       0x5c ./src/sensorsDrivers/MPU6050/inv_mpu.o
                0x000033b4                mpu_configure_fifo
 .text.mpu_read_fifo_stream
                0x00003410       0xa0 ./src/sensorsDrivers/MPU6050/inv_mpu.o
                0x00003410                mpu_read_fifo_stream
 .text.mpu_set_bypass
                0x000034b0       0xbc ./src/sensorsDrivers/MPU6050/inv_mpu.o
                0x000034b0                mpu_set_bypass
 .text.mpu_set_int_latched
                0x0000356c       0x58 ./src/sensorsDrivers/MPU6050/inv_mpu.o
                0x0000356c                mpu_set_int_latched
 .text.mpu_set_sensors
                0x000035c4       0x94 ./src/sensorsDrivers/MPU6050/inv_mpu.o
                0x000035c4                mpu_set_sensors
 .text.mpu_lp_accel_mode
                0x00003658       0xa0 ./src/sensorsDrivers/MPU6050/inv_mpu.o
                0x00003658                mpu_lp_accel_mode
 .text.mpu_set_sample_rate
                0x000036f8       0x88 ./src/sensorsDrivers/MPU6050/inv_mpu.o
                0x000036f8                mpu_set_sample_rate
 .text.mpu_init
                0x00003780       0xbc ./src/sensorsDrivers/MPU6050/inv_mpu.o
                0x00003780                mpu_init
 .text.mpu_write_mem
                0x0000383c       0x58 ./src/sensorsDrivers/MPU6050/inv_mpu.o
                0x0000383c                mpu_write_mem
 .text.mpu_read_mem
                0x00003894       0x58 ./src/sensorsDrivers/MPU6050/inv_mpu.o
                0x00003894                mpu_read_mem
 .text.mpu_load_firmware
                0x000038ec       0xa0 ./src/sensorsDrivers/MPU6050/inv_mpu.o
                0x000038ec                mpu_load_firmware
 .text.mpu_set_dmp_state
                0x0000398c       0x74 ./src/sensorsDrivers/MPU6050/inv_mpu.o
                0x0000398c                mpu_set_dmp_state
 .text.dmp_enable_gyro_cal.part.0
                0x00003a00       0x24 ./src/sensorsDrivers/MPU6050/inv_mpu_dmp_motion_driver.o
 .text.dmp_load_motion_driver_firmware
                0x00003a24       0x1c ./src/sensorsDrivers/MPU6050/inv_mpu_dmp_motion_driver.o
                0x00003a24                dmp_load_motion_driver_firmware
 .text.dmp_set_orientation
                0x00003a40      0x11c ./src/sensorsDrivers/MPU6050/inv_mpu_dmp_motion_driver.o
                0x00003a40                dmp_set_orientation
 .text.dmp_set_fifo_rate
                0x00003b5c       0x64 ./src/sensorsDrivers/MPU6050/inv_mpu_dmp_motion_driver.o
                0x00003b5c                dmp_set_fifo_rate
 .text.dmp_get_fifo_rate
                0x00003bc0       0x10 ./src/sensorsDrivers/MPU6050/inv_mpu_dmp_motion_driver.o
                0x00003bc0                dmp_get_fifo_rate
 .text.dmp_set_tap_thresh
                0x00003bd0      0x144 ./src/sensorsDrivers/MPU6050/inv_mpu_dmp_motion_driver.o
                0x00003bd0                dmp_set_tap_thresh
 .text.dmp_set_tap_axes
                0x00003d14       0x36 ./src/sensorsDrivers/MPU6050/inv_mpu_dmp_motion_driver.o
                0x00003d14                dmp_set_tap_axes
 *fill*         0x00003d4a        0x2 00
 .text.dmp_set_tap_count
                0x00003d4c       0x28 ./src/sensorsDrivers/MPU6050/inv_mpu_dmp_motion_driver.o
                0x00003d4c                dmp_set_tap_count
 .text.dmp_set_tap_time
                0x00003d74       0x1e ./src/sensorsDrivers/MPU6050/inv_mpu_dmp_motion_driver.o
                0x00003d74                dmp_set_tap_time
 .text.dmp_set_tap_time_multi
                0x00003d92       0x1e ./src/sensorsDrivers/MPU6050/inv_mpu_dmp_motion_driver.o
                0x00003d92                dmp_set_tap_time_multi
 .text.dmp_set_shake_reject_thresh
                0x00003db0       0x2c ./src/sensorsDrivers/MPU6050/inv_mpu_dmp_motion_driver.o
                0x00003db0                dmp_set_shake_reject_thresh
 .text.dmp_set_shake_reject_time
                0x00003ddc       0x1e ./src/sensorsDrivers/MPU6050/inv_mpu_dmp_motion_driver.o
                0x00003ddc                dmp_set_shake_reject_time
 .text.dmp_set_shake_reject_timeout
                0x00003dfa       0x1e ./src/sensorsDrivers/MPU6050/inv_mpu_dmp_motion_driver.o
                0x00003dfa                dmp_set_shake_reject_timeout
 .text.dmp_get_pedometer_step_count
                0x00003e18       0x36 ./src/sensorsDrivers/MPU6050/inv_mpu_dmp_motion_driver.o
                0x00003e18                dmp_get_pedometer_step_count
 .text.dmp_set_pedometer_step_count
                0x00003e4e       0x1e ./src/sensorsDrivers/MPU6050/inv_mpu_dmp_motion_driver.o
                0x00003e4e                dmp_set_pedometer_step_count
 .text.dmp_get_pedometer_walk_time
                0x00003e6c       0x3a ./src/sensorsDrivers/MPU6050/inv_mpu_dmp_motion_driver.o
                0x00003e6c                dmp_get_pedometer_walk_time
 .text.dmp_set_pedometer_walk_time
                0x00003ea6       0x24 ./src/sensorsDrivers/MPU6050/inv_mpu_dmp_motion_driver.o
                0x00003ea6                dmp_set_pedometer_walk_time
 *fill*         0x00003eca        0x2 00
 .text.dmp_enable_gyro_cal
                0x00003ecc       0x2c ./src/sensorsDrivers/MPU6050/inv_mpu_dmp_motion_driver.o
                0x00003ecc                dmp_enable_gyro_cal
 .text.dmp_enable_lp_quat
                0x00003ef8       0x38 ./src/sensorsDrivers/MPU6050/inv_mpu_dmp_motion_driver.o
                0x00003ef8                dmp_enable_lp_quat
 .text.dmp_enable_6x_lp_quat
                0x00003f30       0x38 ./src/sensorsDrivers/MPU6050/inv_mpu_dmp_motion_driver.o
                0x00003f30                dmp_enable_6x_lp_quat
 .text.dmp_enable_feature
                0x00003f68      0x1b4 ./src/sensorsDrivers/MPU6050/inv_mpu_dmp_motion_driver.o
                0x00003f68                dmp_enable_feature
 .text.dmp_set_interrupt_mode
                0x0000411c       0x4c ./src/sensorsDrivers/MPU6050/inv_mpu_dmp_motion_driver.o
                0x0000411c                dmp_set_interrupt_mode
 .text.dmp_read_fifo
                0x00004168      0x194 ./src/sensorsDrivers/MPU6050/inv_mpu_dmp_motion_driver.o
                0x00004168                dmp_read_fifo
 .text.dmp_register_tap_cb
                0x000042fc        0xc ./src/sensorsDrivers/MPU6050/inv_mpu_dmp_motion_driver.o
                0x000042fc                dmp_register_tap_cb
 .text.dmp_register_android_orient_cb
                0x00004308        0xc ./src/sensorsDrivers/MPU6050/inv_mpu_dmp_motion_driver.o
                0x00004308                dmp_register_android_orient_cb
 .text.MAX4400x_Detect_LowLevel
                0x00004314       0x10 ./src/sensorsDrivers/MAX4400x/MAX4400x_reg.o
                0x00004314                MAX4400x_Detect_LowLevel
 .text          0x00004324       0x14 d:/siliconlabs/simplicitystudio/v2/developer/toolchains/gnu_arm/4.7_2013q1/bin/../lib/gcc/arm-none-eabi/4.7.3/armv6-m\libgcc.a(_thumb1_case_uqi.o)
                0x00004324                __gnu_thumb1_case_uqi
 .text          0x00004338       0x9c d:/siliconlabs/simplicitystudio/v2/developer/toolchains/gnu_arm/4.7_2013q1/bin/../lib/gcc/arm-none-eabi/4.7.3/armv6-m\libgcc.a(_udivsi3.o)
                0x00004338                __aeabi_uidiv
                0x00004338                __udivsi3
                0x000043c0                __aeabi_uidivmod
 .text          0x000043d4       0xc0 d:/siliconlabs/simplicitystudio/v2/developer/toolchains/gnu_arm/4.7_2013q1/bin/../lib/gcc/arm-none-eabi/4.7.3/armv6-m\libgcc.a(_divsi3.o)
                0x000043d4                __divsi3
                0x000043d4                __aeabi_idiv
                0x00004480                __aeabi_idivmod
 .text          0x00004494        0x4 d:/siliconlabs/simplicitystudio/v2/developer/toolchains/gnu_arm/4.7_2013q1/bin/../lib/gcc/arm-none-eabi/4.7.3/armv6-m\libgcc.a(_dvmd_tls.o)
                0x00004494                __aeabi_idiv0
                0x00004494                __aeabi_ldiv0
 .text          0x00004498       0x74 d:/siliconlabs/simplicitystudio/v2/developer/toolchains/gnu_arm/4.7_2013q1/bin/../lib/gcc/arm-none-eabi/4.7.3/armv6-m\libgcc.a(_arm_cmpsf2.o)
                0x00004498                __aeabi_cfrcmple
                0x000044a0                __aeabi_cfcmpeq
                0x000044a0                __aeabi_cfcmple
                0x000044b0                __aeabi_fcmpeq
                0x000044bc                __aeabi_fcmplt
                0x000044d0                __aeabi_fcmple
                0x000044e4                __aeabi_fcmpgt
                0x000044f8                __aeabi_fcmpge
 .text          0x0000450c       0x30 d:/siliconlabs/simplicitystudio/v2/developer/toolchains/gnu_arm/4.7_2013q1/bin/../lib/gcc/arm-none-eabi/4.7.3/armv6-m\libgcc.a(_fixunssfsi.o)
                0x0000450c                __fixunssfsi
                0x0000450c                __aeabi_f2uiz
 .text          0x0000453c      0x274 d:/siliconlabs/simplicitystudio/v2/developer/toolchains/gnu_arm/4.7_2013q1/bin/../lib/gcc/arm-none-eabi/4.7.3/armv6-m\libgcc.a(divsf3.o)
                0x0000453c                __aeabi_fdiv
 .text          0x000047b0       0x50 d:/siliconlabs/simplicitystudio/v2/developer/toolchains/gnu_arm/4.7_2013q1/bin/../lib/gcc/arm-none-eabi/4.7.3/armv6-m\libgcc.a(eqsf2.o)
                0x000047b0                __eqsf2
                0x000047b0                __nesf2
 .text          0x00004800       0x90 d:/siliconlabs/simplicitystudio/v2/developer/toolchains/gnu_arm/4.7_2013q1/bin/../lib/gcc/arm-none-eabi/4.7.3/armv6-m\libgcc.a(gesf2.o)
                0x00004800                __gesf2
                0x00004800                __gtsf2
 .text          0x00004890       0x90 d:/siliconlabs/simplicitystudio/v2/developer/toolchains/gnu_arm/4.7_2013q1/bin/../lib/gcc/arm-none-eabi/4.7.3/armv6-m\libgcc.a(lesf2.o)
                0x00004890                __ltsf2
                0x00004890                __lesf2
 .text          0x00004920      0x260 d:/siliconlabs/simplicitystudio/v2/developer/toolchains/gnu_arm/4.7_2013q1/bin/../lib/gcc/arm-none-eabi/4.7.3/armv6-m\libgcc.a(mulsf3.o)
                0x00004920                __aeabi_fmul
 .text          0x00004b80      0x3b4 d:/siliconlabs/simplicitystudio/v2/developer/toolchains/gnu_arm/4.7_2013q1/bin/../lib/gcc/arm-none-eabi/4.7.3/armv6-m\libgcc.a(subsf3.o)
                0x00004b80                __aeabi_fsub
 .text          0x00004f34       0x40 d:/siliconlabs/simplicitystudio/v2/developer/toolchains/gnu_arm/4.7_2013q1/bin/../lib/gcc/arm-none-eabi/4.7.3/armv6-m\libgcc.a(fixsfsi.o)
                0x00004f34                __aeabi_f2iz
 .text          0x00004f74       0xa8 d:/siliconlabs/simplicitystudio/v2/developer/toolchains/gnu_arm/4.7_2013q1/bin/../lib/gcc/arm-none-eabi/4.7.3/armv6-m\libgcc.a(floatunsisf.o)
                0x00004f74                __aeabi_ui2f
 .text          0x0000501c       0x3c d:/siliconlabs/simplicitystudio/v2/developer/toolchains/gnu_arm/4.7_2013q1/bin/../lib/gcc/arm-none-eabi/4.7.3/armv6-m\libgcc.a(_clzsi2.o)
                0x0000501c                __clzsi2
 .text.__register_exitproc
                0x00005058       0x18 d:/siliconlabs/simplicitystudio/v2/developer/toolchains/gnu_arm/4.7_2013q1/bin/../lib/gcc/arm-none-eabi/4.7.3/../../../../arm-none-eabi/lib/armv6-m\libc_s.a(lib_a-__atexit2.o)
                0x00005058                __register_exitproc
 .text.exit     0x00005070       0x30 d:/siliconlabs/simplicitystudio/v2/developer/toolchains/gnu_arm/4.7_2013q1/bin/../lib/gcc/arm-none-eabi/4.7.3/../../../../arm-none-eabi/lib/armv6-m\libc_s.a(lib_a-exit.o)
                0x00005070                exit
 .text.__libc_fini_array
                0x000050a0       0x2c d:/siliconlabs/simplicitystudio/v2/developer/toolchains/gnu_arm/4.7_2013q1/bin/../lib/gcc/arm-none-eabi/4.7.3/../../../../arm-none-eabi/lib/armv6-m\libc_s.a(lib_a-fini.o)
                0x000050a0                __libc_fini_array
 .text.__libc_init_array
                0x000050cc       0x4c d:/siliconlabs/simplicitystudio/v2/developer/toolchains/gnu_arm/4.7_2013q1/bin/../lib/gcc/arm-none-eabi/4.7.3/../../../../arm-none-eabi/lib/armv6-m\libc_s.a(lib_a-init.o)
                0x000050cc                __libc_init_array
 .text.memcmp   0x00005118       0x1e d:/siliconlabs/simplicitystudio/v2/developer/toolchains/gnu_arm/4.7_2013q1/bin/../lib/gcc/arm-none-eabi/4.7.3/../../../../arm-none-eabi/lib/armv6-m\libc_s.a(lib_a-memcmp.o)
                0x00005118                memcmp
 .text.memcpy   0x00005136       0x12 d:/siliconlabs/simplicitystudio/v2/developer/toolchains/gnu_arm/4.7_2013q1/bin/../lib/gcc/arm-none-eabi/4.7.3/../../../../arm-none-eabi/lib/armv6-m\libc_s.a(lib_a-memcpy.o)
                0x00005136                memcpy
 .text.memset   0x00005148       0x12 d:/siliconlabs/simplicitystudio/v2/developer/toolchains/gnu_arm/4.7_2013q1/bin/../lib/gcc/arm-none-eabi/4.7.3/../../../../arm-none-eabi/lib/armv6-m\libc_s.a(lib_a-memset.o)
                0x00005148                memset
 *fill*         0x0000515a        0x2 00
 .text.sprintf  0x0000515c       0x44 d:/siliconlabs/simplicitystudio/v2/developer/toolchains/gnu_arm/4.7_2013q1/bin/../lib/gcc/arm-none-eabi/4.7.3/../../../../arm-none-eabi/lib/armv6-m\libc_s.a(lib_a-sprintf.o)
                0x0000515c                siprintf
                0x0000515c                sprintf
 .text.__ssputc_r
                0x000051a0       0xb0 d:/siliconlabs/simplicitystudio/v2/developer/toolchains/gnu_arm/4.7_2013q1/bin/../lib/gcc/arm-none-eabi/4.7.3/../../../../arm-none-eabi/lib/armv6-m\libc_s.a(lib_a-svfprintf.o)
                0x000051a0                __ssputc_r
 .text._svfprintf_r
                0x00005250      0x1f8 d:/siliconlabs/simplicitystudio/v2/developer/toolchains/gnu_arm/4.7_2013q1/bin/../lib/gcc/arm-none-eabi/4.7.3/../../../../arm-none-eabi/lib/armv6-m\libc_s.a(lib_a-svfprintf.o)
                0x00005250                _svfiprintf_r
                0x00005250                _svfprintf_r
 .text._printf_common
                0x00005448       0xe0 d:/siliconlabs/simplicitystudio/v2/developer/toolchains/gnu_arm/4.7_2013q1/bin/../lib/gcc/arm-none-eabi/4.7.3/../../../../arm-none-eabi/lib/armv6-m\libc_s.a(lib_a-vfprintf_i.o)
                0x00005448                _printf_common
 .text._printf_i
                0x00005528      0x234 d:/siliconlabs/simplicitystudio/v2/developer/toolchains/gnu_arm/4.7_2013q1/bin/../lib/gcc/arm-none-eabi/4.7.3/../../../../arm-none-eabi/lib/armv6-m\libc_s.a(lib_a-vfprintf_i.o)
                0x00005528                _printf_i
 .text._free_r  0x0000575c       0x90 d:/siliconlabs/simplicitystudio/v2/developer/toolchains/gnu_arm/4.7_2013q1/bin/../lib/gcc/arm-none-eabi/4.7.3/../../../../arm-none-eabi/lib/armv6-m\libc_s.a(lib_a-freer.o)
                0x0000575c                _free_r
 .text._malloc_r
                0x000057ec       0x94 d:/siliconlabs/simplicitystudio/v2/developer/toolchains/gnu_arm/4.7_2013q1/bin/../lib/gcc/arm-none-eabi/4.7.3/../../../../arm-none-eabi/lib/armv6-m\libc_s.a(lib_a-mallocr.o)
                0x000057ec                _malloc_r
 .text.memchr   0x00005880       0x18 d:/siliconlabs/simplicitystudio/v2/developer/toolchains/gnu_arm/4.7_2013q1/bin/../lib/gcc/arm-none-eabi/4.7.3/../../../../arm-none-eabi/lib/armv6-m\libc_s.a(lib_a-memchr.o)
                0x00005880                memchr
 .text._realloc_r
                0x00005898       0x4c d:/siliconlabs/simplicitystudio/v2/developer/toolchains/gnu_arm/4.7_2013q1/bin/../lib/gcc/arm-none-eabi/4.7.3/../../../../arm-none-eabi/lib/armv6-m\libc_s.a(lib_a-reallocr.o)
                0x00005898                _realloc_r
 .text._sbrk_r  0x000058e4       0x24 d:/siliconlabs/simplicitystudio/v2/developer/toolchains/gnu_arm/4.7_2013q1/bin/../lib/gcc/arm-none-eabi/4.7.3/../../../../arm-none-eabi/lib/armv6-m\libc_s.a(lib_a-sbrkr.o)
                0x000058e4                _sbrk_r
 .text.strlen   0x00005908        0xe d:/siliconlabs/simplicitystudio/v2/developer/toolchains/gnu_arm/4.7_2013q1/bin/../lib/gcc/arm-none-eabi/4.7.3/../../../../arm-none-eabi/lib/armv6-m\libc_s.a(lib_a-strlen.o)
                0x00005908                strlen
 .text._malloc_usable_size_r
                0x00005916       0x14 d:/siliconlabs/simplicitystudio/v2/developer/toolchains/gnu_arm/4.7_2013q1/bin/../lib/gcc/arm-none-eabi/4.7.3/../../../../arm-none-eabi/lib/armv6-m\libc_s.a(lib_a-msizer.o)
                0x00005916                _malloc_usable_size_r
 *fill*         0x0000592a        0x2 00
 .text._sbrk    0x0000592c       0x38 d:/siliconlabs/simplicitystudio/v2/developer/toolchains/gnu_arm/4.7_2013q1/bin/../lib/gcc/arm-none-eabi/4.7.3/../../../../arm-none-eabi/lib/armv6-m\libnosys.a(sbrk.o)
                0x0000592c                _sbrk
 .text._exit    0x00005964        0x4 d:/siliconlabs/simplicitystudio/v2/developer/toolchains/gnu_arm/4.7_2013q1/bin/../lib/gcc/arm-none-eabi/4.7.3/../../../../arm-none-eabi/lib/armv6-m\libnosys.a(_exit.o)
                0x00005964                _exit
 *(.init)
 .init          0x00005968        0x4 d:/siliconlabs/simplicitystudio/v2/developer/toolchains/gnu_arm/4.7_2013q1/bin/../lib/gcc/arm-none-eabi/4.7.3/armv6-m/crti.o
                0x00005968                _init
 .init          0x0000596c        0x8 d:/siliconlabs/simplicitystudio/v2/developer/toolchains/gnu_arm/4.7_2013q1/bin/../lib/gcc/arm-none-eabi/4.7.3/armv6-m/crtn.o
 *(.fini)
 .fini          0x00005974        0x4 d:/siliconlabs/simplicitystudio/v2/developer/toolchains/gnu_arm/4.7_2013q1/bin/../lib/gcc/arm-none-eabi/4.7.3/armv6-m/crti.o
                0x00005974                _fini
 .fini          0x00005978        0x8 d:/siliconlabs/simplicitystudio/v2/developer/toolchains/gnu_arm/4.7_2013q1/bin/../lib/gcc/arm-none-eabi/4.7.3/armv6-m/crtn.o
 *crtbegin.o(.ctors)
 *crtbegin?.o(.ctors)
 *(EXCLUDE_FILE(*crtend.o *crtend?.o) .ctors)
 *(SORT(.ctors.*))
 *(.ctors)
 *crtbegin.o(.dtors)
 *crtbegin?.o(.dtors)
 *(EXCLUDE_FILE(*crtend.o *crtend?.o) .dtors)
 *(SORT(.dtors.*))
 *(.dtors)
 *(.rodata*)
 .rodata.str1.1
                0x00005980      0x2e7 ./src/main.o
 .rodata.i2cNSum
                0x00005c67        0x4 ./emlib/em_i2c.o
 .rodata        0x00005c6b        0x3 ./src/ucPeripheralDrivers/RTC_.o
 *fill*         0x00005c6e        0x2 00
 .rodata        0x00005c70       0x10 ./src/ucPeripheralDrivers/i2c_connection.o
 .rodata.str1.1
                0x00005c80       0x20 ./src/ucPeripheralDrivers/i2c_connection.o
 .rodata        0x00005ca0       0x10 ./src/ucPeripheralDrivers/leuart_connection.o
 .rodata.str1.1
                0x00005cb0       0x48 ./src/sensorsDrivers/MPU6050.o
 .rodata.str1.1
                0x00005cf8       0x43 ./src/sensorsDrivers/Si114x.o
 .rodata.str1.1
                0x00005d3b       0x19 ./src/sensorsDrivers/Si7013.o
 .rodata.str1.1
                0x00005d54      0x17f ./src/sensorsDrivers/Si114x/Si114x_reg.o
 *fill*         0x00005ed3        0x1 00
 .rodata.test   0x00005ed4       0x28 ./src/sensorsDrivers/MPU6050/inv_mpu.o
                0x00005ed4                test
 .rodata.hw     0x00005efc        0xc ./src/sensorsDrivers/MPU6050/inv_mpu.o
                0x00005efc                hw
 .rodata.reg    0x00005f08       0x1e ./src/sensorsDrivers/MPU6050/inv_mpu.o
                0x00005f08                reg
 .rodata        0x00005f26       0x40 ./src/sensorsDrivers/MPU6050/inv_mpu_dmp_motion_driver.o
 .rodata.dmp_memory
                0x00005f66      0xbf6 ./src/sensorsDrivers/MPU6050/inv_mpu_dmp_motion_driver.o
 .rodata        0x00006b5c       0x40 d:/siliconlabs/simplicitystudio/v2/developer/toolchains/gnu_arm/4.7_2013q1/bin/../lib/gcc/arm-none-eabi/4.7.3/armv6-m\libgcc.a(divsf3.o)
 .rodata        0x00006b9c       0x40 d:/siliconlabs/simplicitystudio/v2/developer/toolchains/gnu_arm/4.7_2013q1/bin/../lib/gcc/arm-none-eabi/4.7.3/armv6-m\libgcc.a(mulsf3.o)
 .rodata.str1.1
                0x00006bdc        0x2 d:/siliconlabs/simplicitystudio/v2/developer/toolchains/gnu_arm/4.7_2013q1/bin/../lib/gcc/arm-none-eabi/4.7.3/../../../../arm-none-eabi/lib/armv6-m\libc_s.a(lib_a-impure.o)
 *fill*         0x00006bde        0x2 00
 .rodata._global_impure_ptr
                0x00006be0        0x4 d:/siliconlabs/simplicitystudio/v2/developer/toolchains/gnu_arm/4.7_2013q1/bin/../lib/gcc/arm-none-eabi/4.7.3/../../../../arm-none-eabi/lib/armv6-m\libc_s.a(lib_a-impure.o)
                0x00006be0                _global_impure_ptr
 .rodata.str1.1
                0x00006be4       0x11 d:/siliconlabs/simplicitystudio/v2/developer/toolchains/gnu_arm/4.7_2013q1/bin/../lib/gcc/arm-none-eabi/4.7.3/../../../../arm-none-eabi/lib/armv6-m\libc_s.a(lib_a-svfprintf.o)
 .rodata.str1.1
                0x00006bf5       0x22 d:/siliconlabs/simplicitystudio/v2/developer/toolchains/gnu_arm/4.7_2013q1/bin/../lib/gcc/arm-none-eabi/4.7.3/../../../../arm-none-eabi/lib/armv6-m\libc_s.a(lib_a-vfprintf_i.o)
 *(.eh_frame*)
 *fill*         0x00006c17        0x1 00
 .eh_frame      0x00006c18        0x0 d:/siliconlabs/simplicitystudio/v2/developer/toolchains/gnu_arm/4.7_2013q1/bin/../lib/gcc/arm-none-eabi/4.7.3/armv6-m/crtbegin.o
 .eh_frame      0x00006c18        0x4 d:/siliconlabs/simplicitystudio/v2/developer/toolchains/gnu_arm/4.7_2013q1/bin/../lib/gcc/arm-none-eabi/4.7.3/armv6-m/crtend.o

.glue_7         0x00006c1c        0x0
 .glue_7        0x00000000        0x0 linker stubs

.glue_7t        0x00006c1c        0x0
 .glue_7t       0x00000000        0x0 linker stubs

.vfp11_veneer   0x00006c1c        0x0
 .vfp11_veneer  0x00000000        0x0 linker stubs

.v4_bx          0x00006c1c        0x0
 .v4_bx         0x00000000        0x0 linker stubs

.iplt           0x00006c1c        0x0
 .iplt          0x00000000        0x0 d:/siliconlabs/simplicitystudio/v2/developer/toolchains/gnu_arm/4.7_2013q1/bin/../lib/gcc/arm-none-eabi/4.7.3/armv6-m/crtbegin.o

.ARM.extab
 *(.ARM.extab* .gnu.linkonce.armextab.*)
                0x00006c1c                __exidx_start = .

.ARM.exidx      0x00006c1c        0x8
 *(.ARM.exidx* .gnu.linkonce.armexidx.*)
 .ARM.exidx     0x00006c1c        0x8 d:/siliconlabs/simplicitystudio/v2/developer/toolchains/gnu_arm/4.7_2013q1/bin/../lib/gcc/arm-none-eabi/4.7.3/../../../../arm-none-eabi/lib/armv6-m/crt0.o
                0x00006c24                __exidx_end = .
                0x00006c24                __etext = .

.rel.dyn        0x00006c24        0x0
 .rel.iplt      0x00000000        0x0 d:/siliconlabs/simplicitystudio/v2/developer/toolchains/gnu_arm/4.7_2013q1/bin/../lib/gcc/arm-none-eabi/4.7.3/armv6-m/crtbegin.o

.data           0x20000000       0xc4 load address 0x00006c24
                0x20000000                __data_start__ = .
 *(vtable)
 *(.data*)
 .data.SystemLFXOClock
                0x20000000        0x4 ./CMSIS/efm32zg/system_efm32zg.o
 .data.SystemHFXOClock
                0x20000004        0x4 ./CMSIS/efm32zg/system_efm32zg.o
 .data.AC1      0x20000008        0x2 ./src/sensorsDrivers/BMP180.o
                0x20000008                AC1
 .data.AC2      0x2000000a        0x2 ./src/sensorsDrivers/BMP180.o
                0x2000000a                AC2
 .data.AC3      0x2000000c        0x2 ./src/sensorsDrivers/BMP180.o
                0x2000000c                AC3
 .data.AC4      0x2000000e        0x2 ./src/sensorsDrivers/BMP180.o
                0x2000000e                AC4
 .data.AC5      0x20000010        0x2 ./src/sensorsDrivers/BMP180.o
                0x20000010                AC5
 .data.AC6      0x20000012        0x2 ./src/sensorsDrivers/BMP180.o
                0x20000012                AC6
 .data.B1       0x20000014        0x2 ./src/sensorsDrivers/BMP180.o
                0x20000014                B1
 .data.B2       0x20000016        0x2 ./src/sensorsDrivers/BMP180.o
                0x20000016                B2
 .data.MC       0x20000018        0x2 ./src/sensorsDrivers/BMP180.o
                0x20000018                MC
 .data.MD       0x2000001a        0x2 ./src/sensorsDrivers/BMP180.o
                0x2000001a                MD
 .data.outpRate
                0x2000001c        0x1 ./src/sensorsDrivers/HMC5883L.o
                0x2000001c                outpRate
 .data.gainConf
                0x2000001d        0x1 ./src/sensorsDrivers/HMC5883L.o
                0x2000001d                gainConf
 .data.gyro_orientation.8498
                0x2000001e        0x9 ./src/sensorsDrivers/MPU6050.o
 *fill*         0x20000027        0x1 00
 .data.st       0x20000028       0x2c ./src/sensorsDrivers/MPU6050/inv_mpu.o
 .data.impure_data
                0x20000054       0x64 d:/siliconlabs/simplicitystudio/v2/developer/toolchains/gnu_arm/4.7_2013q1/bin/../lib/gcc/arm-none-eabi/4.7.3/../../../../arm-none-eabi/lib/armv6-m\libc_s.a(lib_a-impure.o)
 .data._impure_ptr
                0x200000b8        0x4 d:/siliconlabs/simplicitystudio/v2/developer/toolchains/gnu_arm/4.7_2013q1/bin/../lib/gcc/arm-none-eabi/4.7.3/../../../../arm-none-eabi/lib/armv6-m\libc_s.a(lib_a-impure.o)
                0x200000b8                _impure_ptr
                0x200000bc                . = ALIGN (0x4)
 *(.ram)
                0x200000bc                . = ALIGN (0x4)
                0x200000bc                PROVIDE (__preinit_array_start, .)
 *(.preinit_array)
                0x200000bc                PROVIDE (__preinit_array_end, .)
                0x200000bc                . = ALIGN (0x4)
                0x200000bc                PROVIDE (__init_array_start, .)
 *(SORT(.init_array.*))
 *(.init_array)
 .init_array    0x200000bc        0x4 d:/siliconlabs/simplicitystudio/v2/developer/toolchains/gnu_arm/4.7_2013q1/bin/../lib/gcc/arm-none-eabi/4.7.3/armv6-m/crtbegin.o
                0x200000c0                PROVIDE (__init_array_end, .)
                0x200000c0                . = ALIGN (0x4)
                0x200000c0                PROVIDE (__fini_array_start, .)
 *(SORT(.fini_array.*))
 *(.fini_array)
 .fini_array    0x200000c0        0x4 d:/siliconlabs/simplicitystudio/v2/developer/toolchains/gnu_arm/4.7_2013q1/bin/../lib/gcc/arm-none-eabi/4.7.3/armv6-m/crtbegin.o
                0x200000c4                PROVIDE (__fini_array_end, .)
                0x200000c4                . = ALIGN (0x4)
                0x200000c4                __data_end__ = .

.jcr            0x200000c4        0x0 load address 0x00006ce8
 .jcr           0x200000c4        0x0 d:/siliconlabs/simplicitystudio/v2/developer/toolchains/gnu_arm/4.7_2013q1/bin/../lib/gcc/arm-none-eabi/4.7.3/armv6-m/crtbegin.o

.igot.plt       0x200000c4        0x0 load address 0x00006ce8
 .igot.plt      0x00000000        0x0 d:/siliconlabs/simplicitystudio/v2/developer/toolchains/gnu_arm/4.7_2013q1/bin/../lib/gcc/arm-none-eabi/4.7.3/armv6-m/crtbegin.o

.bss            0x200000c4      0x2e8 load address 0x00006ce8
                0x200000c4                __bss_start__ = .
 *(.bss*)
 .bss           0x200000c4       0x1c d:/siliconlabs/simplicitystudio/v2/developer/toolchains/gnu_arm/4.7_2013q1/bin/../lib/gcc/arm-none-eabi/4.7.3/armv6-m/crtbegin.o
 .bss.g_TimeInterruptType
                0x200000e0        0x1 ./src/main.o
                0x200000e0                g_TimeInterruptType
 *fill*         0x200000e1        0x1 00
 .bss.cmuStatus
                0x200000e2        0x2 ./emlib/em_emu.o
 .bss.i2cTransfer
                0x200000e4        0xc ./emlib/em_i2c.o
 .bss.operatingMode
                0x200000f0        0x1 ./src/sensorsDrivers/HMC5883L.o
                0x200000f0                operatingMode
 .bss.i2cSetting
                0x200000f1        0x1 ./src/sensorsDrivers/HMC5883L.o
                0x200000f1                i2cSetting
 .bss.numbOfSamples
                0x200000f2        0x1 ./src/sensorsDrivers/HMC5883L.o
                0x200000f2                numbOfSamples
 .bss.measurementMode
                0x200000f3        0x1 ./src/sensorsDrivers/HMC5883L.o
                0x200000f3                measurementMode
 .bss.dmp       0x200000f4       0x10 ./src/sensorsDrivers/MPU6050/inv_mpu_dmp_motion_driver.o
 .bss.__malloc_free_list
                0x20000104        0x4 d:/siliconlabs/simplicitystudio/v2/developer/toolchains/gnu_arm/4.7_2013q1/bin/../lib/gcc/arm-none-eabi/4.7.3/../../../../arm-none-eabi/lib/armv6-m\libc_s.a(lib_a-mallocr.o)
                0x20000104                __malloc_free_list
 .bss.heap_end.4231
                0x20000108        0x4 d:/siliconlabs/simplicitystudio/v2/developer/toolchains/gnu_arm/4.7_2013q1/bin/../lib/gcc/arm-none-eabi/4.7.3/../../../../arm-none-eabi/lib/armv6-m\libnosys.a(sbrk.o)
 *(COMMON)
 COMMON         0x2000010c       0xd4 ./src/main.o
                0x2000010c                I2C_Status
                0x2000010d                devInternalRegisters
                0x20000171                i_tapData
                0x20000172                i2c_registers
                0x200001d6                tapData
 COMMON         0x200001e0        0x4 ./CMSIS/efm32zg/system_efm32zg.o
                0x200001e0                SystemCoreClock
 COMMON         0x200001e4       0x24 ./src/ucPeripheralDrivers/spi.o
                0x200001e4                slaveRxBufferIndex
                0x200001e8                masterRxBufferIndex
                0x200001ec                slaveRxBuffer
                0x200001f0                slaveRxBufferSize
                0x200001f4                masterRxBufferSize
                0x200001f8                slaveTxBufferSize
                0x200001fc                masterRxBuffer
                0x20000200                slaveTxBuffer
                0x20000204                slaveTxBufferIndex
 COMMON         0x20000208      0x19c ./src/ucPeripheralDrivers/uart_connection.o
                0x20000208                rxBuff
                0x200003a0                Uart_RxValidateFunction
 COMMON         0x200003a4        0x4 ./src/sensorsDrivers/BMP180.o
                0x200003a4                b5
 COMMON         0x200003a8        0x4 d:/siliconlabs/simplicitystudio/v2/developer/toolchains/gnu_arm/4.7_2013q1/bin/../lib/gcc/arm-none-eabi/4.7.3/../../../../arm-none-eabi/lib/armv6-m\libc_s.a(lib_a-reent.o)
                0x200003a8                errno
                0x200003ac                __bss_end__ = .

.heap           0x200003b0        0x0
                0x200003b0                __end__ = .
                0x200003b0                end = __end__
                0x200003b0                _end = __end__
 *(.heap*)
 .heap          0x200003b0        0x0 ./CMSIS/efm32zg/startup_gcc_efm32zg.o
                0x200003b0                __HeapLimit = .

.stack_dummy    0x200003b0      0x400
 *(.stack)
 .stack         0x200003b0      0x400 ./CMSIS/efm32zg/startup_gcc_efm32zg.o
                0x20001000                __StackTop = (ORIGIN (RAM) + 0x1000)
                0x20000c00                __StackLimit = (__StackTop - SIZEOF (.stack_dummy))
                0x20001000                PROVIDE (__stack, __StackTop)
                0x00000001                ASSERT ((__StackLimit >= __HeapLimit), region RAM overflowed with stack)
                0x00000001                ASSERT ((0x7800 >= (__etext + SIZEOF (.data))), FLASH memory overflowed !)
OUTPUT(EnvSensor.axf elf32-littlearm)

.ARM.attributes
                0x00000000       0x28
 .ARM.attributes
                0x00000000       0x1e d:/siliconlabs/simplicitystudio/v2/developer/toolchains/gnu_arm/4.7_2013q1/bin/../lib/gcc/arm-none-eabi/4.7.3/armv6-m/crti.o
 .ARM.attributes
                0x0000001e       0x2c d:/siliconlabs/simplicitystudio/v2/developer/toolchains/gnu_arm/4.7_2013q1/bin/../lib/gcc/arm-none-eabi/4.7.3/armv6-m/crtbegin.o
 .ARM.attributes
                0x0000004a       0x1c d:/siliconlabs/simplicitystudio/v2/developer/toolchains/gnu_arm/4.7_2013q1/bin/../lib/gcc/arm-none-eabi/4.7.3/../../../../arm-none-eabi/lib/armv6-m/crt0.o
 .ARM.attributes
                0x00000066       0x32 ./src/main.o
 .ARM.attributes
                0x00000098       0x32 ./emlib/em_cmu.o
 .ARM.attributes
                0x000000ca       0x32 ./emlib/em_dma.o
 .ARM.attributes
                0x000000fc       0x32 ./emlib/em_emu.o
 .ARM.attributes
                0x0000012e       0x32 ./emlib/em_gpio.o
 .ARM.attributes
                0x00000160       0x32 ./emlib/em_i2c.o
 .ARM.attributes
                0x00000192       0x32 ./emlib/em_leuart.o
 .ARM.attributes
                0x000001c4       0x32 ./emlib/em_rtc.o
 .ARM.attributes
                0x000001f6       0x32 ./emlib/em_usart.o
 .ARM.attributes
                0x00000228       0x1b ./CMSIS/efm32zg/startup_gcc_efm32zg.o
 .ARM.attributes
                0x00000243       0x32 ./CMSIS/efm32zg/system_efm32zg.o
 .ARM.attributes
                0x00000275       0x32 ./src/ucPeripheralDrivers/RTC_.o
 .ARM.attributes
                0x000002a7       0x32 ./src/ucPeripheralDrivers/i2c_connection.o
 .ARM.attributes
                0x000002d9       0x32 ./src/ucPeripheralDrivers/leuart_connection.o
 .ARM.attributes
                0x0000030b       0x32 ./src/ucPeripheralDrivers/spi.o
 .ARM.attributes
                0x0000033d       0x32 ./src/ucPeripheralDrivers/uart_connection.o
 .ARM.attributes
                0x0000036f       0x32 ./src/sensorsDrivers/BMP180.o
 .ARM.attributes
                0x000003a1       0x32 ./src/sensorsDrivers/HMC5883L.o
 .ARM.attributes
                0x000003d3       0x32 ./src/sensorsDrivers/MAX4400x.o
 .ARM.attributes
                0x00000405       0x32 ./src/sensorsDrivers/MPU6050.o
 .ARM.attributes
                0x00000437       0x32 ./src/sensorsDrivers/Si114x.o
 .ARM.attributes
                0x00000469       0x32 ./src/sensorsDrivers/Si7013.o
 .ARM.attributes
                0x0000049b       0x32 ./src/sensorsDrivers/Si114x/Si114x_reg.o
 .ARM.attributes
                0x000004cd       0x32 ./src/sensorsDrivers/MPU6050/inv_mpu.o
 .ARM.attributes
                0x000004ff       0x32 ./src/sensorsDrivers/MPU6050/inv_mpu_dmp_motion_driver.o
 .ARM.attributes
                0x00000531       0x32 ./src/sensorsDrivers/MAX4400x/MAX4400x_reg.o
 .ARM.attributes
                0x00000563       0x1e d:/siliconlabs/simplicitystudio/v2/developer/toolchains/gnu_arm/4.7_2013q1/bin/../lib/gcc/arm-none-eabi/4.7.3/armv6-m\libgcc.a(_thumb1_case_uqi.o)
 .ARM.attributes
                0x00000581       0x1e d:/siliconlabs/simplicitystudio/v2/developer/toolchains/gnu_arm/4.7_2013q1/bin/../lib/gcc/arm-none-eabi/4.7.3/armv6-m\libgcc.a(_udivsi3.o)
 .ARM.attributes
                0x0000059f       0x1e d:/siliconlabs/simplicitystudio/v2/developer/toolchains/gnu_arm/4.7_2013q1/bin/../lib/gcc/arm-none-eabi/4.7.3/armv6-m\libgcc.a(_divsi3.o)
 .ARM.attributes
                0x000005bd       0x1e d:/siliconlabs/simplicitystudio/v2/developer/toolchains/gnu_arm/4.7_2013q1/bin/../lib/gcc/arm-none-eabi/4.7.3/armv6-m\libgcc.a(_dvmd_tls.o)
 .ARM.attributes
                0x000005db       0x1e d:/siliconlabs/simplicitystudio/v2/developer/toolchains/gnu_arm/4.7_2013q1/bin/../lib/gcc/arm-none-eabi/4.7.3/armv6-m\libgcc.a(_arm_cmpsf2.o)
 .ARM.attributes
                0x000005f9       0x2c d:/siliconlabs/simplicitystudio/v2/developer/toolchains/gnu_arm/4.7_2013q1/bin/../lib/gcc/arm-none-eabi/4.7.3/armv6-m\libgcc.a(_fixunssfsi.o)
 .ARM.attributes
                0x00000625       0x2c d:/siliconlabs/simplicitystudio/v2/developer/toolchains/gnu_arm/4.7_2013q1/bin/../lib/gcc/arm-none-eabi/4.7.3/armv6-m\libgcc.a(divsf3.o)
 .ARM.attributes
                0x00000651       0x2c d:/siliconlabs/simplicitystudio/v2/developer/toolchains/gnu_arm/4.7_2013q1/bin/../lib/gcc/arm-none-eabi/4.7.3/armv6-m\libgcc.a(eqsf2.o)
 .ARM.attributes
                0x0000067d       0x2c d:/siliconlabs/simplicitystudio/v2/developer/toolchains/gnu_arm/4.7_2013q1/bin/../lib/gcc/arm-none-eabi/4.7.3/armv6-m\libgcc.a(gesf2.o)
 .ARM.attributes
                0x000006a9       0x2c d:/siliconlabs/simplicitystudio/v2/developer/toolchains/gnu_arm/4.7_2013q1/bin/../lib/gcc/arm-none-eabi/4.7.3/armv6-m\libgcc.a(lesf2.o)
 .ARM.attributes
                0x000006d5       0x2c d:/siliconlabs/simplicitystudio/v2/developer/toolchains/gnu_arm/4.7_2013q1/bin/../lib/gcc/arm-none-eabi/4.7.3/armv6-m\libgcc.a(mulsf3.o)
 .ARM.attributes
                0x00000701       0x2c d:/siliconlabs/simplicitystudio/v2/developer/toolchains/gnu_arm/4.7_2013q1/bin/../lib/gcc/arm-none-eabi/4.7.3/armv6-m\libgcc.a(subsf3.o)
 .ARM.attributes
                0x0000072d       0x2c d:/siliconlabs/simplicitystudio/v2/developer/toolchains/gnu_arm/4.7_2013q1/bin/../lib/gcc/arm-none-eabi/4.7.3/armv6-m\libgcc.a(fixsfsi.o)
 .ARM.attributes
                0x00000759       0x2c d:/siliconlabs/simplicitystudio/v2/developer/toolchains/gnu_arm/4.7_2013q1/bin/../lib/gcc/arm-none-eabi/4.7.3/armv6-m\libgcc.a(floatunsisf.o)
 .ARM.attributes
                0x00000785       0x1e d:/siliconlabs/simplicitystudio/v2/developer/toolchains/gnu_arm/4.7_2013q1/bin/../lib/gcc/arm-none-eabi/4.7.3/armv6-m\libgcc.a(_clzsi2.o)
 .ARM.attributes
                0x000007a3       0x2c d:/siliconlabs/simplicitystudio/v2/developer/toolchains/gnu_arm/4.7_2013q1/bin/../lib/gcc/arm-none-eabi/4.7.3/../../../../arm-none-eabi/lib/armv6-m\libc_s.a(lib_a-__atexit2.o)
 .ARM.attributes
                0x000007cf       0x2c d:/siliconlabs/simplicitystudio/v2/developer/toolchains/gnu_arm/4.7_2013q1/bin/../lib/gcc/arm-none-eabi/4.7.3/../../../../arm-none-eabi/lib/armv6-m\libc_s.a(lib_a-exit.o)
 .ARM.attributes
                0x000007fb       0x2c d:/siliconlabs/simplicitystudio/v2/developer/toolchains/gnu_arm/4.7_2013q1/bin/../lib/gcc/arm-none-eabi/4.7.3/../../../../arm-none-eabi/lib/armv6-m\libc_s.a(lib_a-fini.o)
 .ARM.attributes
                0x00000827       0x2c d:/siliconlabs/simplicitystudio/v2/developer/toolchains/gnu_arm/4.7_2013q1/bin/../lib/gcc/arm-none-eabi/4.7.3/../../../../arm-none-eabi/lib/armv6-m\libc_s.a(lib_a-impure.o)
 .ARM.attributes
                0x00000853       0x2c d:/siliconlabs/simplicitystudio/v2/developer/toolchains/gnu_arm/4.7_2013q1/bin/../lib/gcc/arm-none-eabi/4.7.3/../../../../arm-none-eabi/lib/armv6-m\libc_s.a(lib_a-init.o)
 .ARM.attributes
                0x0000087f       0x2c d:/siliconlabs/simplicitystudio/v2/developer/toolchains/gnu_arm/4.7_2013q1/bin/../lib/gcc/arm-none-eabi/4.7.3/../../../../arm-none-eabi/lib/armv6-m\libc_s.a(lib_a-memcmp.o)
 .ARM.attributes
                0x000008ab       0x2c d:/siliconlabs/simplicitystudio/v2/developer/toolchains/gnu_arm/4.7_2013q1/bin/../lib/gcc/arm-none-eabi/4.7.3/../../../../arm-none-eabi/lib/armv6-m\libc_s.a(lib_a-memcpy.o)
 .ARM.attributes
                0x000008d7       0x2c d:/siliconlabs/simplicitystudio/v2/developer/toolchains/gnu_arm/4.7_2013q1/bin/../lib/gcc/arm-none-eabi/4.7.3/../../../../arm-none-eabi/lib/armv6-m\libc_s.a(lib_a-memset.o)
 .ARM.attributes
                0x00000903       0x2c d:/siliconlabs/simplicitystudio/v2/developer/toolchains/gnu_arm/4.7_2013q1/bin/../lib/gcc/arm-none-eabi/4.7.3/../../../../arm-none-eabi/lib/armv6-m\libc_s.a(lib_a-sprintf.o)
 .ARM.attributes
                0x0000092f       0x2c d:/siliconlabs/simplicitystudio/v2/developer/toolchains/gnu_arm/4.7_2013q1/bin/../lib/gcc/arm-none-eabi/4.7.3/../../../../arm-none-eabi/lib/armv6-m\libc_s.a(lib_a-svfprintf.o)
 .ARM.attributes
                0x0000095b       0x2c d:/siliconlabs/simplicitystudio/v2/developer/toolchains/gnu_arm/4.7_2013q1/bin/../lib/gcc/arm-none-eabi/4.7.3/../../../../arm-none-eabi/lib/armv6-m\libc_s.a(lib_a-vfprintf_i.o)
 .ARM.attributes
                0x00000987       0x2c d:/siliconlabs/simplicitystudio/v2/developer/toolchains/gnu_arm/4.7_2013q1/bin/../lib/gcc/arm-none-eabi/4.7.3/../../../../arm-none-eabi/lib/armv6-m\libc_s.a(lib_a-freer.o)
 .ARM.attributes
                0x000009b3       0x2c d:/siliconlabs/simplicitystudio/v2/developer/toolchains/gnu_arm/4.7_2013q1/bin/../lib/gcc/arm-none-eabi/4.7.3/../../../../arm-none-eabi/lib/armv6-m\libc_s.a(lib_a-mallocr.o)
 .ARM.attributes
                0x000009df       0x2c d:/siliconlabs/simplicitystudio/v2/developer/toolchains/gnu_arm/4.7_2013q1/bin/../lib/gcc/arm-none-eabi/4.7.3/../../../../arm-none-eabi/lib/armv6-m\libc_s.a(lib_a-memchr.o)
 .ARM.attributes
                0x00000a0b       0x2c d:/siliconlabs/simplicitystudio/v2/developer/toolchains/gnu_arm/4.7_2013q1/bin/../lib/gcc/arm-none-eabi/4.7.3/../../../../arm-none-eabi/lib/armv6-m\libc_s.a(lib_a-reallocr.o)
 .ARM.attributes
                0x00000a37       0x2c d:/siliconlabs/simplicitystudio/v2/developer/toolchains/gnu_arm/4.7_2013q1/bin/../lib/gcc/arm-none-eabi/4.7.3/../../../../arm-none-eabi/lib/armv6-m\libc_s.a(lib_a-sbrkr.o)
 .ARM.attributes
                0x00000a63       0x2c d:/siliconlabs/simplicitystudio/v2/developer/toolchains/gnu_arm/4.7_2013q1/bin/../lib/gcc/arm-none-eabi/4.7.3/../../../../arm-none-eabi/lib/armv6-m\libc_s.a(lib_a-strlen.o)
 .ARM.attributes
                0x00000a8f       0x2c d:/siliconlabs/simplicitystudio/v2/developer/toolchains/gnu_arm/4.7_2013q1/bin/../lib/gcc/arm-none-eabi/4.7.3/../../../../arm-none-eabi/lib/armv6-m\libc_s.a(lib_a-msizer.o)
 .ARM.attributes
                0x00000abb       0x2c d:/siliconlabs/simplicitystudio/v2/developer/toolchains/gnu_arm/4.7_2013q1/bin/../lib/gcc/arm-none-eabi/4.7.3/../../../../arm-none-eabi/lib/armv6-m\libc_s.a(lib_a-reent.o)
 .ARM.attributes
                0x00000ae7       0x2c d:/siliconlabs/simplicitystudio/v2/developer/toolchains/gnu_arm/4.7_2013q1/bin/../lib/gcc/arm-none-eabi/4.7.3/../../../../arm-none-eabi/lib/armv6-m\libnosys.a(sbrk.o)
 .ARM.attributes
                0x00000b13       0x2c d:/siliconlabs/simplicitystudio/v2/developer/toolchains/gnu_arm/4.7_2013q1/bin/../lib/gcc/arm-none-eabi/4.7.3/../../../../arm-none-eabi/lib/armv6-m\libnosys.a(_exit.o)
 .ARM.attributes
                0x00000b3f       0x2c d:/siliconlabs/simplicitystudio/v2/developer/toolchains/gnu_arm/4.7_2013q1/bin/../lib/gcc/arm-none-eabi/4.7.3/armv6-m/crtend.o
 .ARM.attributes
                0x00000b6b       0x1e d:/siliconlabs/simplicitystudio/v2/developer/toolchains/gnu_arm/4.7_2013q1/bin/../lib/gcc/arm-none-eabi/4.7.3/armv6-m/crtn.o

.comment        0x00000000       0x70
 .comment       0x00000000       0x70 ./src/main.o
                                 0x71 (size before relaxing)
 .comment       0x00000000       0x71 ./emlib/em_cmu.o
 .comment       0x00000000       0x71 ./emlib/em_dma.o
 .comment       0x00000000       0x71 ./emlib/em_emu.o
 .comment       0x00000000       0x71 ./emlib/em_gpio.o
 .comment       0x00000000       0x71 ./emlib/em_i2c.o
 .comment       0x00000000       0x71 ./emlib/em_leuart.o
 .comment       0x00000000       0x71 ./emlib/em_rtc.o
 .comment       0x00000000       0x71 ./emlib/em_usart.o
 .comment       0x00000000       0x71 ./CMSIS/efm32zg/system_efm32zg.o
 .comment       0x00000000       0x71 ./src/ucPeripheralDrivers/RTC_.o
 .comment       0x00000000       0x71 ./src/ucPeripheralDrivers/i2c_connection.o
 .comment       0x00000000       0x71 ./src/ucPeripheralDrivers/leuart_connection.o
 .comment       0x00000000       0x71 ./src/ucPeripheralDrivers/spi.o
 .comment       0x00000000       0x71 ./src/ucPeripheralDrivers/uart_connection.o
 .comment       0x00000000       0x71 ./src/sensorsDrivers/BMP180.o
 .comment       0x00000000       0x71 ./src/sensorsDrivers/HMC5883L.o
 .comment       0x00000000       0x71 ./src/sensorsDrivers/MAX4400x.o
 .comment       0x00000000       0x71 ./src/sensorsDrivers/MPU6050.o
 .comment       0x00000000       0x71 ./src/sensorsDrivers/Si114x.o
 .comment       0x00000000       0x71 ./src/sensorsDrivers/Si7013.o
 .comment       0x00000000       0x71 ./src/sensorsDrivers/Si114x/Si114x_reg.o
 .comment       0x00000000       0x71 ./src/sensorsDrivers/MPU6050/inv_mpu.o
 .comment       0x00000000       0x71 ./src/sensorsDrivers/MPU6050/inv_mpu_dmp_motion_driver.o
 .comment       0x00000000       0x71 ./src/sensorsDrivers/MAX4400x/MAX4400x_reg.o

.debug_info     0x00000000    0x146fe
 .debug_info    0x00000000     0x19bc ./src/main.o
 .debug_info    0x000019bc     0x13b0 ./emlib/em_cmu.o
 .debug_info    0x00002d6c     0x1183 ./emlib/em_dma.o
 .debug_info    0x00003eef      0x5b4 ./emlib/em_emu.o
 .debug_info    0x000044a3      0x570 ./emlib/em_gpio.o
 .debug_info    0x00004a13      0x867 ./emlib/em_i2c.o
 .debug_info    0x0000527a      0x9a3 ./emlib/em_leuart.o
 .debug_info    0x00005c1d      0x36a ./emlib/em_rtc.o
 .debug_info    0x00005f87      0xe92 ./emlib/em_usart.o
 .debug_info    0x00006e19       0x9f ./CMSIS/efm32zg/startup_gcc_efm32zg.o
 .debug_info    0x00006eb8      0x427 ./CMSIS/efm32zg/system_efm32zg.o
 .debug_info    0x000072df      0x7cb ./src/ucPeripheralDrivers/RTC_.o
 .debug_info    0x00007aaa      0xe8d ./src/ucPeripheralDrivers/i2c_connection.o
 .debug_info    0x00008937      0x6b9 ./src/ucPeripheralDrivers/leuart_connection.o
 .debug_info    0x00008ff0      0x88d ./src/ucPeripheralDrivers/spi.o
 .debug_info    0x0000987d      0xbb7 ./src/ucPeripheralDrivers/uart_connection.o
 .debug_info    0x0000a434      0x696 ./src/sensorsDrivers/BMP180.o
 .debug_info    0x0000aaca      0x576 ./src/sensorsDrivers/HMC5883L.o
 .debug_info    0x0000b040      0x47f ./src/sensorsDrivers/MAX4400x.o
 .debug_info    0x0000b4bf      0x97b ./src/sensorsDrivers/MPU6050.o
 .debug_info    0x0000be3a      0xc9c ./src/sensorsDrivers/Si114x.o
 .debug_info    0x0000cad6      0x65d ./src/sensorsDrivers/Si7013.o
 .debug_info    0x0000d133     0x2124 ./src/sensorsDrivers/Si114x/Si114x_reg.o
 .debug_info    0x0000f257     0x2e92 ./src/sensorsDrivers/MPU6050/inv_mpu.o
 .debug_info    0x000120e9     0x14b2 ./src/sensorsDrivers/MPU6050/inv_mpu_dmp_motion_driver.o
 .debug_info    0x0001359b     0x1163 ./src/sensorsDrivers/MAX4400x/MAX4400x_reg.o

.debug_abbrev   0x00000000     0x3e4a
 .debug_abbrev  0x00000000      0x38e ./src/main.o
 .debug_abbrev  0x0000038e      0x39d ./emlib/em_cmu.o
 .debug_abbrev  0x0000072b      0x337 ./emlib/em_dma.o
 .debug_abbrev  0x00000a62      0x203 ./emlib/em_emu.o
 .debug_abbrev  0x00000c65      0x1ed ./emlib/em_gpio.o
 .debug_abbrev  0x00000e52      0x2c5 ./emlib/em_i2c.o
 .debug_abbrev  0x00001117      0x28e ./emlib/em_leuart.o
 .debug_abbrev  0x000013a5      0x205 ./emlib/em_rtc.o
 .debug_abbrev  0x000015aa      0x22e ./emlib/em_usart.o
 .debug_abbrev  0x000017d8       0x14 ./CMSIS/efm32zg/startup_gcc_efm32zg.o
 .debug_abbrev  0x000017ec      0x187 ./CMSIS/efm32zg/system_efm32zg.o
 .debug_abbrev  0x00001973      0x264 ./src/ucPeripheralDrivers/RTC_.o
 .debug_abbrev  0x00001bd7      0x2f4 ./src/ucPeripheralDrivers/i2c_connection.o
 .debug_abbrev  0x00001ecb      0x1af ./src/ucPeripheralDrivers/leuart_connection.o
 .debug_abbrev  0x0000207a      0x222 ./src/ucPeripheralDrivers/spi.o
 .debug_abbrev  0x0000229c      0x2ba ./src/ucPeripheralDrivers/uart_connection.o
 .debug_abbrev  0x00002556      0x1c9 ./src/sensorsDrivers/BMP180.o
 .debug_abbrev  0x0000271f      0x193 ./src/sensorsDrivers/HMC5883L.o
 .debug_abbrev  0x000028b2      0x191 ./src/sensorsDrivers/MAX4400x.o
 .debug_abbrev  0x00002a43      0x2d5 ./src/sensorsDrivers/MPU6050.o
 .debug_abbrev  0x00002d18      0x260 ./src/sensorsDrivers/Si114x.o
 .debug_abbrev  0x00002f78      0x261 ./src/sensorsDrivers/Si7013.o
 .debug_abbrev  0x000031d9      0x318 ./src/sensorsDrivers/Si114x/Si114x_reg.o
 .debug_abbrev  0x000034f1      0x457 ./src/sensorsDrivers/MPU6050/inv_mpu.o
 .debug_abbrev  0x00003948      0x2d2 ./src/sensorsDrivers/MPU6050/inv_mpu_dmp_motion_driver.o
 .debug_abbrev  0x00003c1a      0x230 ./src/sensorsDrivers/MAX4400x/MAX4400x_reg.o

.debug_loc      0x00000000     0xa5ef
 .debug_loc     0x00000000      0x760 ./src/main.o
 .debug_loc     0x00000760     0x14cd ./emlib/em_cmu.o
 .debug_loc     0x00001c2d      0xa3e ./emlib/em_dma.o
 .debug_loc     0x0000266b      0x142 ./emlib/em_emu.o
 .debug_loc     0x000027ad      0x212 ./emlib/em_gpio.o
 .debug_loc     0x000029bf      0x567 ./emlib/em_i2c.o
 .debug_loc     0x00002f26      0x75b ./emlib/em_leuart.o
 .debug_loc     0x00003681      0x17b ./emlib/em_rtc.o
 .debug_loc     0x000037fc      0x881 ./emlib/em_usart.o
 .debug_loc     0x0000407d      0x11c ./CMSIS/efm32zg/system_efm32zg.o
 .debug_loc     0x00004199       0x81 ./src/ucPeripheralDrivers/RTC_.o
 .debug_loc     0x0000421a      0x53d ./src/ucPeripheralDrivers/i2c_connection.o
 .debug_loc     0x00004757       0xe4 ./src/ucPeripheralDrivers/leuart_connection.o
 .debug_loc     0x0000483b      0x261 ./src/ucPeripheralDrivers/spi.o
 .debug_loc     0x00004a9c       0xf6 ./src/ucPeripheralDrivers/uart_connection.o
 .debug_loc     0x00004b92      0x7b0 ./src/sensorsDrivers/BMP180.o
 .debug_loc     0x00005342      0x1bf ./src/sensorsDrivers/HMC5883L.o
 .debug_loc     0x00005501       0x86 ./src/sensorsDrivers/MAX4400x.o
 .debug_loc     0x00005587      0x216 ./src/sensorsDrivers/MPU6050.o
 .debug_loc     0x0000579d      0x36b ./src/sensorsDrivers/Si114x.o
 .debug_loc     0x00005b08      0x19b ./src/sensorsDrivers/Si7013.o
 .debug_loc     0x00005ca3     0x10e4 ./src/sensorsDrivers/Si114x/Si114x_reg.o
 .debug_loc     0x00006d87     0x21f0 ./src/sensorsDrivers/MPU6050/inv_mpu.o
 .debug_loc     0x00008f77      0xcc8 ./src/sensorsDrivers/MPU6050/inv_mpu_dmp_motion_driver.o
 .debug_loc     0x00009c3f      0x9b0 ./src/sensorsDrivers/MAX4400x/MAX4400x_reg.o

.debug_aranges  0x00000000      0xd08
 .debug_aranges
                0x00000000       0x80 ./src/main.o
 .debug_aranges
                0x00000080       0xf0 ./emlib/em_cmu.o
 .debug_aranges
                0x00000170       0x88 ./emlib/em_dma.o
 .debug_aranges
                0x000001f8       0x48 ./emlib/em_emu.o
 .debug_aranges
                0x00000240       0x38 ./emlib/em_gpio.o
 .debug_aranges
                0x00000278       0x50 ./emlib/em_i2c.o
 .debug_aranges
                0x000002c8       0x88 ./emlib/em_leuart.o
 .debug_aranges
                0x00000350       0x50 ./emlib/em_rtc.o
 .debug_aranges
                0x000003a0       0xb8 ./emlib/em_usart.o
 .debug_aranges
                0x00000458       0x20 ./CMSIS/efm32zg/startup_gcc_efm32zg.o
 .debug_aranges
                0x00000478       0x60 ./CMSIS/efm32zg/system_efm32zg.o
 .debug_aranges
                0x000004d8       0x48 ./src/ucPeripheralDrivers/RTC_.o
 .debug_aranges
                0x00000520       0x58 ./src/ucPeripheralDrivers/i2c_connection.o
 .debug_aranges
                0x00000578       0x30 ./src/ucPeripheralDrivers/leuart_connection.o
 .debug_aranges
                0x000005a8       0x40 ./src/ucPeripheralDrivers/spi.o
 .debug_aranges
                0x000005e8       0x48 ./src/ucPeripheralDrivers/uart_connection.o
 .debug_aranges
                0x00000630       0x58 ./src/sensorsDrivers/BMP180.o
 .debug_aranges
                0x00000688       0x38 ./src/sensorsDrivers/HMC5883L.o
 .debug_aranges
                0x000006c0       0x28 ./src/sensorsDrivers/MAX4400x.o
 .debug_aranges
                0x000006e8       0x48 ./src/sensorsDrivers/MPU6050.o
 .debug_aranges
                0x00000730       0x58 ./src/sensorsDrivers/Si114x.o
 .debug_aranges
                0x00000788       0x38 ./src/sensorsDrivers/Si7013.o
 .debug_aranges
                0x000007c0      0x170 ./src/sensorsDrivers/Si114x/Si114x_reg.o
 .debug_aranges
                0x00000930      0x1b8 ./src/sensorsDrivers/MPU6050/inv_mpu.o
 .debug_aranges
                0x00000ae8       0xf8 ./src/sensorsDrivers/MPU6050/inv_mpu_dmp_motion_driver.o
 .debug_aranges
                0x00000be0      0x128 ./src/sensorsDrivers/MAX4400x/MAX4400x_reg.o

.debug_ranges   0x00000000     0x10a8
 .debug_ranges  0x00000000       0xa8 ./src/main.o
 .debug_ranges  0x000000a8      0x220 ./emlib/em_cmu.o
 .debug_ranges  0x000002c8       0x78 ./emlib/em_dma.o
 .debug_ranges  0x00000340       0x68 ./emlib/em_emu.o
 .debug_ranges  0x000003a8       0x88 ./emlib/em_gpio.o
 .debug_ranges  0x00000430       0x80 ./emlib/em_i2c.o
 .debug_ranges  0x000004b0       0x78 ./emlib/em_leuart.o
 .debug_ranges  0x00000528       0x70 ./emlib/em_rtc.o
 .debug_ranges  0x00000598       0xa8 ./emlib/em_usart.o
 .debug_ranges  0x00000640       0x50 ./CMSIS/efm32zg/system_efm32zg.o
 .debug_ranges  0x00000690       0x98 ./src/ucPeripheralDrivers/RTC_.o
 .debug_ranges  0x00000728       0xa0 ./src/ucPeripheralDrivers/i2c_connection.o
 .debug_ranges  0x000007c8       0x20 ./src/ucPeripheralDrivers/leuart_connection.o
 .debug_ranges  0x000007e8       0x70 ./src/ucPeripheralDrivers/spi.o
 .debug_ranges  0x00000858       0x88 ./src/ucPeripheralDrivers/uart_connection.o
 .debug_ranges  0x000008e0       0x48 ./src/sensorsDrivers/BMP180.o
 .debug_ranges  0x00000928       0x28 ./src/sensorsDrivers/HMC5883L.o
 .debug_ranges  0x00000950       0x18 ./src/sensorsDrivers/MAX4400x.o
 .debug_ranges  0x00000968       0x68 ./src/sensorsDrivers/MPU6050.o
 .debug_ranges  0x000009d0       0x48 ./src/sensorsDrivers/Si114x.o
 .debug_ranges  0x00000a18       0x60 ./src/sensorsDrivers/Si7013.o
 .debug_ranges  0x00000a78      0x160 ./src/sensorsDrivers/Si114x/Si114x_reg.o
 .debug_ranges  0x00000bd8      0x2b8 ./src/sensorsDrivers/MPU6050/inv_mpu.o
 .debug_ranges  0x00000e90      0x100 ./src/sensorsDrivers/MPU6050/inv_mpu_dmp_motion_driver.o
 .debug_ranges  0x00000f90      0x118 ./src/sensorsDrivers/MAX4400x/MAX4400x_reg.o

.debug_line     0x00000000     0x5f89
 .debug_line    0x00000000      0x582 ./src/main.o
 .debug_line    0x00000582      0x66c ./emlib/em_cmu.o
 .debug_line    0x00000bee      0x471 ./emlib/em_dma.o
 .debug_line    0x0000105f      0x2f2 ./emlib/em_emu.o
 .debug_line    0x00001351      0x206 ./emlib/em_gpio.o
 .debug_line    0x00001557      0x314 ./emlib/em_i2c.o
 .debug_line    0x0000186b      0x2f9 ./emlib/em_leuart.o
 .debug_line    0x00001b64      0x21c ./emlib/em_rtc.o
 .debug_line    0x00001d80      0x3cc ./emlib/em_usart.o
 .debug_line    0x0000214c       0x85 ./CMSIS/efm32zg/startup_gcc_efm32zg.o
 .debug_line    0x000021d1      0x21e ./CMSIS/efm32zg/system_efm32zg.o
 .debug_line    0x000023ef      0x2c6 ./src/ucPeripheralDrivers/RTC_.o
 .debug_line    0x000026b5      0x3b3 ./src/ucPeripheralDrivers/i2c_connection.o
 .debug_line    0x00002a68      0x228 ./src/ucPeripheralDrivers/leuart_connection.o
 .debug_line    0x00002c90      0x2f4 ./src/ucPeripheralDrivers/spi.o
 .debug_line    0x00002f84      0x344 ./src/ucPeripheralDrivers/uart_connection.o
 .debug_line    0x000032c8      0x2aa ./src/sensorsDrivers/BMP180.o
 .debug_line    0x00003572      0x251 ./src/sensorsDrivers/HMC5883L.o
 .debug_line    0x000037c3      0x272 ./src/sensorsDrivers/MAX4400x.o
 .debug_line    0x00003a35      0x2fb ./src/sensorsDrivers/MPU6050.o
 .debug_line    0x00003d30      0x36d ./src/sensorsDrivers/Si114x.o
 .debug_line    0x0000409d      0x28d ./src/sensorsDrivers/Si7013.o
 .debug_line    0x0000432a      0x6d8 ./src/sensorsDrivers/Si114x/Si114x_reg.o
 .debug_line    0x00004a02      0xaf6 ./src/sensorsDrivers/MPU6050/inv_mpu.o
 .debug_line    0x000054f8      0x593 ./src/sensorsDrivers/MPU6050/inv_mpu_dmp_motion_driver.o
 .debug_line    0x00005a8b      0x4fe ./src/sensorsDrivers/MAX4400x/MAX4400x_reg.o

.debug_str      0x00000000     0x5dee
 .debug_str     0x00000000     0x1036 ./src/main.o
                               0x10c9 (size before relaxing)
 .debug_str     0x00001036      0x683 ./emlib/em_cmu.o
                                0xa83 (size before relaxing)
 .debug_str     0x000016b9      0x68f ./emlib/em_dma.o
                                0x9ef (size before relaxing)
 .debug_str     0x00001d48       0xcb ./emlib/em_emu.o
                                0x377 (size before relaxing)
 .debug_str     0x00001e13      0x249 ./emlib/em_gpio.o
                                0x4ce (size before relaxing)
 .debug_str     0x0000205c      0x228 ./emlib/em_i2c.o
                                0x63b (size before relaxing)
 .debug_str     0x00002284      0x29b ./emlib/em_leuart.o
                                0x5e6 (size before relaxing)
 .debug_str     0x0000251f       0xbe ./emlib/em_rtc.o
                                0x24a (size before relaxing)
 .debug_str     0x000025dd      0x7cb ./emlib/em_usart.o
                                0xb59 (size before relaxing)
 .debug_str     0x00002da8       0x96 ./CMSIS/efm32zg/system_efm32zg.o
                                0x35c (size before relaxing)
 .debug_str     0x00002e3e       0x82 ./src/ucPeripheralDrivers/RTC_.o
                                0x6ae (size before relaxing)
 .debug_str     0x00002ec0      0x101 ./src/ucPeripheralDrivers/i2c_connection.o
                                0x8c6 (size before relaxing)
 .debug_str     0x00002fc1       0x4e ./src/ucPeripheralDrivers/leuart_connection.o
                                0x771 (size before relaxing)
 .debug_str     0x0000300f      0x18c ./src/ucPeripheralDrivers/spi.o
                                0x6f9 (size before relaxing)
 .debug_str     0x0000319b      0x121 ./src/ucPeripheralDrivers/uart_connection.o
                                0xb3d (size before relaxing)
 .debug_str     0x000032bc       0x62 ./src/sensorsDrivers/BMP180.o
                                0x38e (size before relaxing)
 .debug_str     0x0000331e      0x364 ./src/sensorsDrivers/HMC5883L.o
                                0x665 (size before relaxing)
 .debug_str     0x00003682       0x4c ./src/sensorsDrivers/MAX4400x.o
                                0x543 (size before relaxing)
 .debug_str     0x000036ce      0x210 ./src/sensorsDrivers/MPU6050.o
                                0x523 (size before relaxing)
 .debug_str     0x000038de      0x4d4 ./src/sensorsDrivers/Si114x.o
                                0xaa6 (size before relaxing)
 .debug_str     0x00003db2       0x3e ./src/sensorsDrivers/Si7013.o
                                0x3bd (size before relaxing)
 .debug_str     0x00003df0      0x9f9 ./src/sensorsDrivers/Si114x/Si114x_reg.o
                               0x1156 (size before relaxing)
 .debug_str     0x000047e9      0x94a ./src/sensorsDrivers/MPU6050/inv_mpu.o
                                0xe9f (size before relaxing)
 .debug_str     0x00005133      0x29f ./src/sensorsDrivers/MPU6050/inv_mpu_dmp_motion_driver.o
                                0x677 (size before relaxing)
 .debug_str     0x000053d2      0xa1c ./src/sensorsDrivers/MAX4400x/MAX4400x_reg.o
                                0xd4a (size before relaxing)

.debug_frame    0x00000000     0x2a30
 .debug_frame   0x00000000      0x15c ./src/main.o
 .debug_frame   0x0000015c      0x27c ./emlib/em_cmu.o
 .debug_frame   0x000003d8      0x198 ./emlib/em_dma.o
 .debug_frame   0x00000570       0x90 ./emlib/em_emu.o
 .debug_frame   0x00000600       0x7c ./emlib/em_gpio.o
 .debug_frame   0x0000067c       0xb8 ./emlib/em_i2c.o
 .debug_frame   0x00000734      0x180 ./emlib/em_leuart.o
 .debug_frame   0x000008b4       0xa8 ./emlib/em_rtc.o
 .debug_frame   0x0000095c      0x210 ./emlib/em_usart.o
 .debug_frame   0x00000b6c       0xc0 ./CMSIS/efm32zg/system_efm32zg.o
 .debug_frame   0x00000c2c       0x8c ./src/ucPeripheralDrivers/RTC_.o
 .debug_frame   0x00000cb8       0xfc ./src/ucPeripheralDrivers/i2c_connection.o
 .debug_frame   0x00000db4       0x64 ./src/ucPeripheralDrivers/leuart_connection.o
 .debug_frame   0x00000e18       0x80 ./src/ucPeripheralDrivers/spi.o
 .debug_frame   0x00000e98       0xa8 ./src/ucPeripheralDrivers/uart_connection.o
 .debug_frame   0x00000f40       0xe0 ./src/sensorsDrivers/BMP180.o
 .debug_frame   0x00001020       0x7c ./src/sensorsDrivers/HMC5883L.o
 .debug_frame   0x0000109c       0x44 ./src/sensorsDrivers/MAX4400x.o
 .debug_frame   0x000010e0       0xac ./src/sensorsDrivers/MPU6050.o
 .debug_frame   0x0000118c       0xe8 ./src/sensorsDrivers/Si114x.o
 .debug_frame   0x00001274       0x74 ./src/sensorsDrivers/Si7013.o
 .debug_frame   0x000012e8      0x498 ./src/sensorsDrivers/Si114x/Si114x_reg.o
 .debug_frame   0x00001780      0x5c4 ./src/sensorsDrivers/MPU6050/inv_mpu.o
 .debug_frame   0x00001d44      0x318 ./src/sensorsDrivers/MPU6050/inv_mpu_dmp_motion_driver.o
 .debug_frame   0x0000205c      0x3d4 ./src/sensorsDrivers/MAX4400x/MAX4400x_reg.o
 .debug_frame   0x00002430       0x20 d:/siliconlabs/simplicitystudio/v2/developer/toolchains/gnu_arm/4.7_2013q1/bin/../lib/gcc/arm-none-eabi/4.7.3/armv6-m\libgcc.a(_udivsi3.o)
 .debug_frame   0x00002450       0x20 d:/siliconlabs/simplicitystudio/v2/developer/toolchains/gnu_arm/4.7_2013q1/bin/../lib/gcc/arm-none-eabi/4.7.3/armv6-m\libgcc.a(_divsi3.o)
 .debug_frame   0x00002470       0x28 d:/siliconlabs/simplicitystudio/v2/developer/toolchains/gnu_arm/4.7_2013q1/bin/../lib/gcc/arm-none-eabi/4.7.3/armv6-m\libgcc.a(_fixunssfsi.o)
 .debug_frame   0x00002498       0x3c d:/siliconlabs/simplicitystudio/v2/developer/toolchains/gnu_arm/4.7_2013q1/bin/../lib/gcc/arm-none-eabi/4.7.3/armv6-m\libgcc.a(divsf3.o)
 .debug_frame   0x000024d4       0x2c d:/siliconlabs/simplicitystudio/v2/developer/toolchains/gnu_arm/4.7_2013q1/bin/../lib/gcc/arm-none-eabi/4.7.3/armv6-m\libgcc.a(eqsf2.o)
 .debug_frame   0x00002500       0x30 d:/siliconlabs/simplicitystudio/v2/developer/toolchains/gnu_arm/4.7_2013q1/bin/../lib/gcc/arm-none-eabi/4.7.3/armv6-m\libgcc.a(gesf2.o)
 .debug_frame   0x00002530       0x30 d:/siliconlabs/simplicitystudio/v2/developer/toolchains/gnu_arm/4.7_2013q1/bin/../lib/gcc/arm-none-eabi/4.7.3/armv6-m\libgcc.a(lesf2.o)
 .debug_frame   0x00002560       0x3c d:/siliconlabs/simplicitystudio/v2/developer/toolchains/gnu_arm/4.7_2013q1/bin/../lib/gcc/arm-none-eabi/4.7.3/armv6-m\libgcc.a(mulsf3.o)
 .debug_frame   0x0000259c       0x30 d:/siliconlabs/simplicitystudio/v2/developer/toolchains/gnu_arm/4.7_2013q1/bin/../lib/gcc/arm-none-eabi/4.7.3/armv6-m\libgcc.a(subsf3.o)
 .debug_frame   0x000025cc       0x28 d:/siliconlabs/simplicitystudio/v2/developer/toolchains/gnu_arm/4.7_2013q1/bin/../lib/gcc/arm-none-eabi/4.7.3/armv6-m\libgcc.a(fixsfsi.o)
 .debug_frame   0x000025f4       0x28 d:/siliconlabs/simplicitystudio/v2/developer/toolchains/gnu_arm/4.7_2013q1/bin/../lib/gcc/arm-none-eabi/4.7.3/armv6-m\libgcc.a(floatunsisf.o)
 .debug_frame   0x0000261c       0x28 d:/siliconlabs/simplicitystudio/v2/developer/toolchains/gnu_arm/4.7_2013q1/bin/../lib/gcc/arm-none-eabi/4.7.3/../../../../arm-none-eabi/lib/armv6-m\libc_s.a(lib_a-__atexit2.o)
 .debug_frame   0x00002644       0x28 d:/siliconlabs/simplicitystudio/v2/developer/toolchains/gnu_arm/4.7_2013q1/bin/../lib/gcc/arm-none-eabi/4.7.3/../../../../arm-none-eabi/lib/armv6-m\libc_s.a(lib_a-exit.o)
 .debug_frame   0x0000266c       0x2c d:/siliconlabs/simplicitystudio/v2/developer/toolchains/gnu_arm/4.7_2013q1/bin/../lib/gcc/arm-none-eabi/4.7.3/../../../../arm-none-eabi/lib/armv6-m\libc_s.a(lib_a-fini.o)
 .debug_frame   0x00002698       0x2c d:/siliconlabs/simplicitystudio/v2/developer/toolchains/gnu_arm/4.7_2013q1/bin/../lib/gcc/arm-none-eabi/4.7.3/../../../../arm-none-eabi/lib/armv6-m\libc_s.a(lib_a-init.o)
 .debug_frame   0x000026c4       0x2c d:/siliconlabs/simplicitystudio/v2/developer/toolchains/gnu_arm/4.7_2013q1/bin/../lib/gcc/arm-none-eabi/4.7.3/../../../../arm-none-eabi/lib/armv6-m\libc_s.a(lib_a-memcmp.o)
 .debug_frame   0x000026f0       0x28 d:/siliconlabs/simplicitystudio/v2/developer/toolchains/gnu_arm/4.7_2013q1/bin/../lib/gcc/arm-none-eabi/4.7.3/../../../../arm-none-eabi/lib/armv6-m\libc_s.a(lib_a-memcpy.o)
 .debug_frame   0x00002718       0x28 d:/siliconlabs/simplicitystudio/v2/developer/toolchains/gnu_arm/4.7_2013q1/bin/../lib/gcc/arm-none-eabi/4.7.3/../../../../arm-none-eabi/lib/armv6-m\libc_s.a(lib_a-memset.o)
 .debug_frame   0x00002740       0x4c d:/siliconlabs/simplicitystudio/v2/developer/toolchains/gnu_arm/4.7_2013q1/bin/../lib/gcc/arm-none-eabi/4.7.3/../../../../arm-none-eabi/lib/armv6-m\libc_s.a(lib_a-sprintf.o)
 .debug_frame   0x0000278c       0x78 d:/siliconlabs/simplicitystudio/v2/developer/toolchains/gnu_arm/4.7_2013q1/bin/../lib/gcc/arm-none-eabi/4.7.3/../../../../arm-none-eabi/lib/armv6-m\libc_s.a(lib_a-svfprintf.o)
 .debug_frame   0x00002804       0x54 d:/siliconlabs/simplicitystudio/v2/developer/toolchains/gnu_arm/4.7_2013q1/bin/../lib/gcc/arm-none-eabi/4.7.3/../../../../arm-none-eabi/lib/armv6-m\libc_s.a(lib_a-vfprintf_i.o)
 .debug_frame   0x00002858       0x2c d:/siliconlabs/simplicitystudio/v2/developer/toolchains/gnu_arm/4.7_2013q1/bin/../lib/gcc/arm-none-eabi/4.7.3/../../../../arm-none-eabi/lib/armv6-m\libc_s.a(lib_a-freer.o)
 .debug_frame   0x00002884       0x2c d:/siliconlabs/simplicitystudio/v2/developer/toolchains/gnu_arm/4.7_2013q1/bin/../lib/gcc/arm-none-eabi/4.7.3/../../../../arm-none-eabi/lib/armv6-m\libc_s.a(lib_a-mallocr.o)
 .debug_frame   0x000028b0       0x28 d:/siliconlabs/simplicitystudio/v2/developer/toolchains/gnu_arm/4.7_2013q1/bin/../lib/gcc/arm-none-eabi/4.7.3/../../../../arm-none-eabi/lib/armv6-m\libc_s.a(lib_a-memchr.o)
 .debug_frame   0x000028d8       0x30 d:/siliconlabs/simplicitystudio/v2/developer/toolchains/gnu_arm/4.7_2013q1/bin/../lib/gcc/arm-none-eabi/4.7.3/../../../../arm-none-eabi/lib/armv6-m\libc_s.a(lib_a-reallocr.o)
 .debug_frame   0x00002908       0x2c d:/siliconlabs/simplicitystudio/v2/developer/toolchains/gnu_arm/4.7_2013q1/bin/../lib/gcc/arm-none-eabi/4.7.3/../../../../arm-none-eabi/lib/armv6-m\libc_s.a(lib_a-sbrkr.o)
 .debug_frame   0x00002934       0x20 d:/siliconlabs/simplicitystudio/v2/developer/toolchains/gnu_arm/4.7_2013q1/bin/../lib/gcc/arm-none-eabi/4.7.3/../../../../arm-none-eabi/lib/armv6-m\libc_s.a(lib_a-strlen.o)
 .debug_frame   0x00002954       0x28 d:/siliconlabs/simplicitystudio/v2/developer/toolchains/gnu_arm/4.7_2013q1/bin/../lib/gcc/arm-none-eabi/4.7.3/../../../../arm-none-eabi/lib/armv6-m\libc_s.a(lib_a-msizer.o)
 .debug_frame   0x0000297c       0x64 d:/siliconlabs/simplicitystudio/v2/developer/toolchains/gnu_arm/4.7_2013q1/bin/../lib/gcc/arm-none-eabi/4.7.3/../../../../arm-none-eabi/lib/armv6-m\libc_s.a(lib_a-reent.o)
 .debug_frame   0x000029e0       0x28 d:/siliconlabs/simplicitystudio/v2/developer/toolchains/gnu_arm/4.7_2013q1/bin/../lib/gcc/arm-none-eabi/4.7.3/../../../../arm-none-eabi/lib/armv6-m\libnosys.a(sbrk.o)
 .debug_frame   0x00002a08       0x28 d:/siliconlabs/simplicitystudio/v2/developer/toolchains/gnu_arm/4.7_2013q1/bin/../lib/gcc/arm-none-eabi/4.7.3/../../../../arm-none-eabi/lib/armv6-m\libnosys.a(_exit.o)
