Archive member included because of file (symbol)

d:/siliconlabs/simplicitystudio/v2/developer/toolchains/gnu_arm/4.7_2013q1/bin/../lib/gcc/arm-none-eabi/4.7.3/armv6-m\libgcc.a(_thumb1_case_uqi.o)
                              ./src/inv_mpu.o (__gnu_thumb1_case_uqi)
d:/siliconlabs/simplicitystudio/v2/developer/toolchains/gnu_arm/4.7_2013q1/bin/../lib/gcc/arm-none-eabi/4.7.3/armv6-m\libgcc.a(_udivsi3.o)
                              ./src/inv_mpu.o (__aeabi_uidiv)
d:/siliconlabs/simplicitystudio/v2/developer/toolchains/gnu_arm/4.7_2013q1/bin/../lib/gcc/arm-none-eabi/4.7.3/armv6-m\libgcc.a(_divsi3.o)
                              ./src/inv_mpu.o (__aeabi_idiv)
d:/siliconlabs/simplicitystudio/v2/developer/toolchains/gnu_arm/4.7_2013q1/bin/../lib/gcc/arm-none-eabi/4.7.3/armv6-m\libgcc.a(_dvmd_tls.o)
                              d:/siliconlabs/simplicitystudio/v2/developer/toolchains/gnu_arm/4.7_2013q1/bin/../lib/gcc/arm-none-eabi/4.7.3/armv6-m\libgcc.a(_udivsi3.o) (__aeabi_idiv0)
d:/siliconlabs/simplicitystudio/v2/developer/toolchains/gnu_arm/4.7_2013q1/bin/../lib/gcc/arm-none-eabi/4.7.3/armv6-m\libgcc.a(_arm_cmpsf2.o)
                              ./src/inv_mpu.o (__aeabi_fcmpeq)
d:/siliconlabs/simplicitystudio/v2/developer/toolchains/gnu_arm/4.7_2013q1/bin/../lib/gcc/arm-none-eabi/4.7.3/armv6-m\libgcc.a(_aeabi_ldivmod.o)
                              ./src/inv_mpu.o (__aeabi_ldivmod)
d:/siliconlabs/simplicitystudio/v2/developer/toolchains/gnu_arm/4.7_2013q1/bin/../lib/gcc/arm-none-eabi/4.7.3/armv6-m\libgcc.a(_muldi3.o)
                              ./src/inv_mpu_dmp_motion_driver.o (__aeabi_lmul)
d:/siliconlabs/simplicitystudio/v2/developer/toolchains/gnu_arm/4.7_2013q1/bin/../lib/gcc/arm-none-eabi/4.7.3/armv6-m\libgcc.a(_fixunssfsi.o)
                              ./src/inv_mpu_dmp_motion_driver.o (__aeabi_f2uiz)
d:/siliconlabs/simplicitystudio/v2/developer/toolchains/gnu_arm/4.7_2013q1/bin/../lib/gcc/arm-none-eabi/4.7.3/armv6-m\libgcc.a(bpabi.o)
                              d:/siliconlabs/simplicitystudio/v2/developer/toolchains/gnu_arm/4.7_2013q1/bin/../lib/gcc/arm-none-eabi/4.7.3/armv6-m\libgcc.a(_aeabi_ldivmod.o) (__gnu_ldivmod_helper)
d:/siliconlabs/simplicitystudio/v2/developer/toolchains/gnu_arm/4.7_2013q1/bin/../lib/gcc/arm-none-eabi/4.7.3/armv6-m\libgcc.a(addsf3.o)
                              ./src/inv_mpu.o (__aeabi_fadd)
d:/siliconlabs/simplicitystudio/v2/developer/toolchains/gnu_arm/4.7_2013q1/bin/../lib/gcc/arm-none-eabi/4.7.3/armv6-m\libgcc.a(divsf3.o)
                              ./src/inv_mpu.o (__aeabi_fdiv)
d:/siliconlabs/simplicitystudio/v2/developer/toolchains/gnu_arm/4.7_2013q1/bin/../lib/gcc/arm-none-eabi/4.7.3/armv6-m\libgcc.a(eqsf2.o)
                              d:/siliconlabs/simplicitystudio/v2/developer/toolchains/gnu_arm/4.7_2013q1/bin/../lib/gcc/arm-none-eabi/4.7.3/armv6-m\libgcc.a(_arm_cmpsf2.o) (__eqsf2)
d:/siliconlabs/simplicitystudio/v2/developer/toolchains/gnu_arm/4.7_2013q1/bin/../lib/gcc/arm-none-eabi/4.7.3/armv6-m\libgcc.a(gesf2.o)
                              d:/siliconlabs/simplicitystudio/v2/developer/toolchains/gnu_arm/4.7_2013q1/bin/../lib/gcc/arm-none-eabi/4.7.3/armv6-m\libgcc.a(_arm_cmpsf2.o) (__gesf2)
d:/siliconlabs/simplicitystudio/v2/developer/toolchains/gnu_arm/4.7_2013q1/bin/../lib/gcc/arm-none-eabi/4.7.3/armv6-m\libgcc.a(lesf2.o)
                              d:/siliconlabs/simplicitystudio/v2/developer/toolchains/gnu_arm/4.7_2013q1/bin/../lib/gcc/arm-none-eabi/4.7.3/armv6-m\libgcc.a(_arm_cmpsf2.o) (__lesf2)
d:/siliconlabs/simplicitystudio/v2/developer/toolchains/gnu_arm/4.7_2013q1/bin/../lib/gcc/arm-none-eabi/4.7.3/armv6-m\libgcc.a(mulsf3.o)
                              ./src/inv_mpu.o (__aeabi_fmul)
d:/siliconlabs/simplicitystudio/v2/developer/toolchains/gnu_arm/4.7_2013q1/bin/../lib/gcc/arm-none-eabi/4.7.3/armv6-m\libgcc.a(subsf3.o)
                              ./src/inv_mpu.o (__aeabi_fsub)
d:/siliconlabs/simplicitystudio/v2/developer/toolchains/gnu_arm/4.7_2013q1/bin/../lib/gcc/arm-none-eabi/4.7.3/armv6-m\libgcc.a(fixsfsi.o)
                              ./src/inv_mpu.o (__aeabi_f2iz)
d:/siliconlabs/simplicitystudio/v2/developer/toolchains/gnu_arm/4.7_2013q1/bin/../lib/gcc/arm-none-eabi/4.7.3/armv6-m\libgcc.a(floatsisf.o)
                              ./src/inv_mpu.o (__aeabi_i2f)
d:/siliconlabs/simplicitystudio/v2/developer/toolchains/gnu_arm/4.7_2013q1/bin/../lib/gcc/arm-none-eabi/4.7.3/armv6-m\libgcc.a(floatunsisf.o)
                              ./src/inv_mpu_dmp_motion_driver.o (__aeabi_ui2f)
d:/siliconlabs/simplicitystudio/v2/developer/toolchains/gnu_arm/4.7_2013q1/bin/../lib/gcc/arm-none-eabi/4.7.3/armv6-m\libgcc.a(_clzsi2.o)
                              d:/siliconlabs/simplicitystudio/v2/developer/toolchains/gnu_arm/4.7_2013q1/bin/../lib/gcc/arm-none-eabi/4.7.3/armv6-m\libgcc.a(addsf3.o) (__clzsi2)
d:/siliconlabs/simplicitystudio/v2/developer/toolchains/gnu_arm/4.7_2013q1/bin/../lib/gcc/arm-none-eabi/4.7.3/armv6-m\libgcc.a(_divdi3.o)
[...]
Memory Configuration

Name             Origin             Length             Attributes
FLASH            0x00000800         0x00007800         xr
RAM              0x20000000         0x00001000         xrw
*default*        0x00000000         0xffffffff

Linker script and memory map

LOAD d:/siliconlabs/simplicitystudio/v2/developer/toolchains/gnu_arm/4.7_2013q1/bin/../lib/gcc/arm-none-eabi/4.7.3/armv6-m/crti.o
LOAD d:/siliconlabs/simplicitystudio/v2/developer/toolchains/gnu_arm/4.7_2013q1/bin/../lib/gcc/arm-none-eabi/4.7.3/armv6-m/crtbegin.o
LOAD d:/siliconlabs/simplicitystudio/v2/developer/toolchains/gnu_arm/4.7_2013q1/bin/../lib/gcc/arm-none-eabi/4.7.3/../../../../arm-none-eabi/lib/armv6-m/crt0.o
LOAD ./src/HMC5883L.o
LOAD ./src/MPU6050.o
LOAD ./src/RTC_.o
LOAD ./src/i2c_connection.o
LOAD ./src/inv_mpu.o
LOAD ./src/inv_mpu_dmp_motion_driver.o
LOAD ./src/main.o
LOAD ./src/uart_connection.o
LOAD ./emlib/em_acmp.o
LOAD ./emlib/em_adc.o
LOAD ./emlib/em_aes.o
LOAD ./emlib/em_assert.o
LOAD ./emlib/em_burtc.o
LOAD ./emlib/em_cmu.o
LOAD ./emlib/em_dac.o
LOAD ./emlib/em_dbg.o
LOAD ./emlib/em_dma.o
LOAD ./emlib/em_ebi.o
LOAD ./emlib/em_emu.o
LOAD ./emlib/em_gpio.o
LOAD ./emlib/em_i2c.o
LOAD ./emlib/em_idac.o
LOAD ./emlib/em_int.o
LOAD ./emlib/em_lcd.o
LOAD ./emlib/em_lesense.o
LOAD ./emlib/em_letimer.o
LOAD ./emlib/em_leuart.o
LOAD ./emlib/em_mpu.o
LOAD ./emlib/em_msc.o
LOAD ./emlib/em_opamp.o
LOAD ./emlib/em_pcnt.o
LOAD ./emlib/em_prs.o
LOAD ./emlib/em_rmu.o
LOAD ./emlib/em_rtc.o
LOAD ./emlib/em_system.o
LOAD ./emlib/em_timer.o
LOAD ./emlib/em_usart.o
LOAD ./emlib/em_vcmp.o
LOAD ./emlib/em_wdog.o
LOAD ./CMSIS/efm32zg/startup_gcc_efm32zg.o
LOAD ./CMSIS/efm32zg/system_efm32zg.o
START GROUP
LOAD d:/siliconlabs/simplicitystudio/v2/developer/toolchains/gnu_arm/4.7_2013q1/bin/../lib/gcc/arm-none-eabi/4.7.3/armv6-m\libgcc.a
LOAD d:/siliconlabs/simplicitystudio/v2/developer/toolchains/gnu_arm/4.7_2013q1/bin/../lib/gcc/arm-none-eabi/4.7.3/../../../../arm-none-eabi/lib/armv6-m\libc_s.a
LOAD d:/siliconlabs/simplicitystudio/v2/developer/toolchains/gnu_arm/4.7_2013q1/bin/../lib/gcc/arm-none-eabi/4.7.3/../../../../arm-none-eabi/lib/armv6-m\libnosys.a
END GROUP
START GROUP
LOAD d:/siliconlabs/simplicitystudio/v2/developer/toolchains/gnu_arm/4.7_2013q1/bin/../lib/gcc/arm-none-eabi/4.7.3/armv6-m\libgcc.a
LOAD d:/siliconlabs/simplicitystudio/v2/developer/toolchains/gnu_arm/4.7_2013q1/bin/../lib/gcc/arm-none-eabi/4.7.3/../../../../arm-none-eabi/lib/armv6-m\libc_s.a
END GROUP
LOAD d:/siliconlabs/simplicitystudio/v2/developer/toolchains/gnu_arm/4.7_2013q1/bin/../lib/gcc/arm-none-eabi/4.7.3/armv6-m/crtend.o
LOAD d:/siliconlabs/simplicitystudio/v2/developer/toolchains/gnu_arm/4.7_2013q1/bin/../lib/gcc/arm-none-eabi/4.7.3/armv6-m/crtn.o

.text           0x00000800     0x59b8
 *(.isr_vector)
 .isr_vector    0x00000800      0x100 ./CMSIS/efm32zg/startup_gcc_efm32zg.o
                0x00000800                __isr_vector
 *(.text*)
 .text          0x00000900       0x60 d:/siliconlabs/simplicitystudio/v2/developer/toolchains/gnu_arm/4.7_2013q1/bin/../lib/gcc/arm-none-eabi/4.7.3/armv6-m/crtbegin.o
 .text          0x00000960       0x74 d:/siliconlabs/simplicitystudio/v2/developer/toolchains/gnu_arm/4.7_2013q1/bin/../lib/gcc/arm-none-eabi/4.7.3/../../../../arm-none-eabi/lib/armv6-m/crt0.o
                0x00000960                _start
                0x00000960                start
                0x00000960                _mainCRTStartup
 .text.HMC5883L_init
                0x000009d4       0x78 ./src/HMC5883L.o
                0x000009d4                HMC5883L_init
 .text.HMC5883L_getCompassData
                0x00000a4c       0x40 ./src/HMC5883L.o
                0x00000a4c                HMC5883L_getCompassData
 .text.android_orient_cb
                0x00000a8c       0x1c ./src/MPU6050.o
 .text.tap_cb   0x00000aa8       0x20 ./src/MPU6050.o
 .text.inv_row_2_scale
                0x00000ac8       0x36 ./src/MPU6050.o
 *fill*         0x00000afe        0x2 00
 .text.MPU6050_init
                0x00000b00       0xac ./src/MPU6050.o
                0x00000b00                MPU6050_init
 .text.MPU6050_config_register
                0x00000bac       0x2c ./src/MPU6050.o
                0x00000bac                MPU6050_config_register
 .text.startLfxoForRtc
                0x00000bd8       0x34 ./src/RTC_.o
                0x00000bd8                startLfxoForRtc
 .text.setupRtc
                0x00000c0c       0x4c ./src/RTC_.o
                0x00000c0c                setupRtc
 .text.disableRtcInterrupts
                0x00000c58       0x1c ./src/RTC_.o
                0x00000c58                disableRtcInterrupts
 .text.enableRtcInterrupts
                0x00000c74       0x1c ./src/RTC_.o
                0x00000c74                enableRtcInterrupts
 .text.initI2C_Master
                0x00000c90       0x84 ./src/i2c_connection.o
                0x00000c90                initI2C_Master
 .text.enableI2cSlaveInterrupts
                0x00000d14       0x20 ./src/i2c_connection.o
                0x00000d14                enableI2cSlaveInterrupts
 .text.initI2C_Slave
                0x00000d34       0x80 ./src/i2c_connection.o
                0x00000d34                initI2C_Slave
 .text.disableI2cSlaveInterrupts
                0x00000db4       0x28 ./src/i2c_connection.o
                0x00000db4                disableI2cSlaveInterrupts
 .text.I2C0_IRQHandler
                0x00000ddc      0x118 ./src/i2c_connection.o
                0x00000ddc                I2C0_IRQHandler
 .text.i2c_RegisterGet
                0x00000ef4       0x68 ./src/i2c_connection.o
                0x00000ef4                i2c_RegisterGet
 .text.i2c_RegisterSet
                0x00000f5c       0x60 ./src/i2c_connection.o
                0x00000f5c                i2c_RegisterSet
 .text.i2c_Register_Write_Block
                0x00000fbc       0x64 ./src/i2c_connection.o
                0x00000fbc                i2c_Register_Write_Block
 .text.i2c_Detect
                0x00001020       0x58 ./src/i2c_connection.o
                0x00001020                i2c_Detect
 .text.i2c_Scan
                0x00001078       0x38 ./src/i2c_connection.o
                0x00001078                i2c_Scan
 .text.i2c_Register_Read_Block
                0x000010b0       0x64 ./src/i2c_connection.o
                0x000010b0                i2c_Register_Read_Block
 .text.i2c_write.part.0
                0x00001114       0x18 ./src/inv_mpu.o
 .text.i2c_read.part.2
                0x0000112c       0x24 ./src/inv_mpu.o
 .text.set_int_enable
                0x00001150       0x68 ./src/inv_mpu.o
 .text.i2c_write
                0x000011b8       0x2c ./src/inv_mpu.o
                0x000011b8                i2c_write
 .text.i2c_read
                0x000011e4       0x2c ./src/inv_mpu.o
                0x000011e4                i2c_read
 .text.delay_ms
                0x00001210       0x3c ./src/inv_mpu.o
                0x00001210                delay_ms
 .text.mpu_get_gyro_reg
                0x0000124c       0x50 ./src/inv_mpu.o
                0x0000124c                mpu_get_gyro_reg
 .text.mpu_get_accel_reg
                0x0000129c       0x4c ./src/inv_mpu.o
                0x0000129c                mpu_get_accel_reg
 .text.mpu_reset_fifo
                0x000012e8      0x110 ./src/inv_mpu.o
                0x000012e8                mpu_reset_fifo
 .text.mpu_set_gyro_fsr
                0x000013f8       0x6c ./src/inv_mpu.o
                0x000013f8                mpu_set_gyro_fsr
 .text.mpu_get_accel_fsr
                0x00001464       0x40 ./src/inv_mpu.o
                0x00001464                mpu_get_accel_fsr
 .text.mpu_set_accel_fsr
                0x000014a4       0x60 ./src/inv_mpu.o
                0x000014a4                mpu_set_accel_fsr
 .text.mpu_set_lpf
                0x00001504       0x5c ./src/inv_mpu.o
                0x00001504                mpu_set_lpf
 .text.mpu_configure_fifo
                0x00001560       0x5c ./src/inv_mpu.o
                0x00001560                mpu_configure_fifo
 .text.mpu_read_fifo_stream
                0x000015bc       0xa0 ./src/inv_mpu.o
                0x000015bc                mpu_read_fifo_stream
 .text.mpu_set_bypass
                0x0000165c       0xbc ./src/inv_mpu.o
                0x0000165c                mpu_set_bypass
 .text.mpu_set_int_latched
                0x00001718       0x58 ./src/inv_mpu.o
                0x00001718                mpu_set_int_latched
 .text.mpu_set_sensors
                0x00001770       0x94 ./src/inv_mpu.o
                0x00001770                mpu_set_sensors
 .text.mpu_lp_accel_mode
                0x00001804       0xa0 ./src/inv_mpu.o
                0x00001804                mpu_lp_accel_mode
 .text.mpu_set_sample_rate
                0x000018a4       0x88 ./src/inv_mpu.o
                0x000018a4                mpu_set_sample_rate
 .text.mpu_init
                0x0000192c       0xbc ./src/inv_mpu.o
                0x0000192c                mpu_init
 .text.mpu_write_mem
                0x000019e8       0x58 ./src/inv_mpu.o
                0x000019e8                mpu_write_mem
 .text.mpu_read_mem
                0x00001a40       0x58 ./src/inv_mpu.o
                0x00001a40                mpu_read_mem
 .text.mpu_load_firmware
                0x00001a98       0xa0 ./src/inv_mpu.o
                0x00001a98                mpu_load_firmware
 .text.mpu_set_dmp_state
                0x00001b38       0x74 ./src/inv_mpu.o
                0x00001b38                mpu_set_dmp_state
 .text.dmp_enable_gyro_cal.part.0
                0x00001bac       0x24 ./src/inv_mpu_dmp_motion_driver.o
 .text.dmp_load_motion_driver_firmware
                0x00001bd0       0x1c ./src/inv_mpu_dmp_motion_driver.o
                0x00001bd0                dmp_load_motion_driver_firmware
 .text.dmp_set_orientation
                0x00001bec      0x11c ./src/inv_mpu_dmp_motion_driver.o
                0x00001bec                dmp_set_orientation
 .text.dmp_set_fifo_rate
                0x00001d08       0x64 ./src/inv_mpu_dmp_motion_driver.o
                0x00001d08                dmp_set_fifo_rate
 .text.dmp_get_fifo_rate
                0x00001d6c       0x10 ./src/inv_mpu_dmp_motion_driver.o
                0x00001d6c                dmp_get_fifo_rate
 .text.dmp_set_tap_thresh
                0x00001d7c      0x144 ./src/inv_mpu_dmp_motion_driver.o
                0x00001d7c                dmp_set_tap_thresh
 .text.dmp_set_tap_axes
                0x00001ec0       0x36 ./src/inv_mpu_dmp_motion_driver.o
                0x00001ec0                dmp_set_tap_axes
 *fill*         0x00001ef6        0x2 00
 .text.dmp_set_tap_count
                0x00001ef8       0x28 ./src/inv_mpu_dmp_motion_driver.o
                0x00001ef8                dmp_set_tap_count
 .text.dmp_set_tap_time
                0x00001f20       0x1e ./src/inv_mpu_dmp_motion_driver.o
                0x00001f20                dmp_set_tap_time
 .text.dmp_set_tap_time_multi
                0x00001f3e       0x1e ./src/inv_mpu_dmp_motion_driver.o
                0x00001f3e                dmp_set_tap_time_multi
 .text.dmp_set_shake_reject_thresh
                0x00001f5c       0x2c ./src/inv_mpu_dmp_motion_driver.o
                0x00001f5c                dmp_set_shake_reject_thresh
 .text.dmp_set_shake_reject_time
                0x00001f88       0x1e ./src/inv_mpu_dmp_motion_driver.o
                0x00001f88                dmp_set_shake_reject_time
 .text.dmp_set_shake_reject_timeout
                0x00001fa6       0x1e ./src/inv_mpu_dmp_motion_driver.o
                0x00001fa6                dmp_set_shake_reject_timeout
 .text.dmp_get_pedometer_step_count
                0x00001fc4       0x36 ./src/inv_mpu_dmp_motion_driver.o
                0x00001fc4                dmp_get_pedometer_step_count
 .text.dmp_set_pedometer_step_count
                0x00001ffa       0x1e ./src/inv_mpu_dmp_motion_driver.o
                0x00001ffa                dmp_set_pedometer_step_count
 .text.dmp_get_pedometer_walk_time
                0x00002018       0x3a ./src/inv_mpu_dmp_motion_driver.o
                0x00002018                dmp_get_pedometer_walk_time
 .text.dmp_set_pedometer_walk_time
                0x00002052       0x24 ./src/inv_mpu_dmp_motion_driver.o
                0x00002052                dmp_set_pedometer_walk_time
 *fill*         0x00002076        0x2 00
 .text.dmp_enable_gyro_cal
                0x00002078       0x2c ./src/inv_mpu_dmp_motion_driver.o
                0x00002078                dmp_enable_gyro_cal
 .text.dmp_enable_lp_quat
                0x000020a4       0x38 ./src/inv_mpu_dmp_motion_driver.o
                0x000020a4                dmp_enable_lp_quat
 .text.dmp_enable_6x_lp_quat
                0x000020dc       0x38 ./src/inv_mpu_dmp_motion_driver.o
                0x000020dc                dmp_enable_6x_lp_quat
 .text.dmp_enable_feature
                0x00002114      0x1b4 ./src/inv_mpu_dmp_motion_driver.o
                0x00002114                dmp_enable_feature
 .text.dmp_set_interrupt_mode
                0x000022c8       0x4c ./src/inv_mpu_dmp_motion_driver.o
                0x000022c8                dmp_set_interrupt_mode
 .text.dmp_read_fifo
                0x00002314      0x194 ./src/inv_mpu_dmp_motion_driver.o
                0x00002314                dmp_read_fifo
 .text.dmp_register_tap_cb
                0x000024a8        0xc ./src/inv_mpu_dmp_motion_driver.o
                0x000024a8                dmp_register_tap_cb
 .text.dmp_register_android_orient_cb
                0x000024b4        0xc ./src/inv_mpu_dmp_motion_driver.o
                0x000024b4                dmp_register_android_orient_cb
 .text.initOscillators
                0x000024c0       0x28 ./src/main.o
                0x000024c0                initOscillators
 .text.clockTest_short
                0x000024e8       0x30 ./src/main.o
                0x000024e8                clockTest_short
 .text.detectSensors
                0x00002518      0x118 ./src/main.o
                0x00002518                detectSensors
 .text.initSensors
                0x00002630       0xa0 ./src/main.o
                0x00002630                initSensors
 .text.forceRhMeasurment
                0x000026d0       0x5c ./src/main.o
                0x000026d0                forceRhMeasurment
 .text.readHumidityAndTemperature
                0x0000272c      0x104 ./src/main.o
                0x0000272c                readHumidityAndTemperature
 .text.forceAmbientLightMeasurment
                0x00002830       0x14 ./src/main.o
                0x00002830                forceAmbientLightMeasurment
 .text.readAmbientLight
                0x00002844       0x84 ./src/main.o
                0x00002844                readAmbientLight
 .text.bmp085GetTemperature
                0x000028c8       0x48 ./src/main.o
                0x000028c8                bmp085GetTemperature
 .text.bmp085GetPressure
                0x00002910       0xc0 ./src/main.o
                0x00002910                bmp085GetPressure
 .text.forceTemperatureMesurementBMP085
                0x000029d0       0x14 ./src/main.o
                0x000029d0                forceTemperatureMesurementBMP085
 .text.readTemperatureBMP085
                0x000029e4       0x48 ./src/main.o
                0x000029e4                readTemperatureBMP085
 .text.forcePressureMeasurmentBMP085
                0x00002a2c       0x14 ./src/main.o
                0x00002a2c                forcePressureMeasurmentBMP085
 .text.readPressureBMP085
                0x00002a40       0x44 ./src/main.o
                0x00002a40                readPressureBMP085
 .text.parse_received_message
                0x00002a84       0x4c ./src/main.o
                0x00002a84                parse_received_message
 .text.RTC_IRQHandler
                0x00002ad0      0x368 ./src/main.o
                0x00002ad0                RTC_IRQHandler
 .text.startup.main
                0x00002e38       0x6c ./src/main.o
                0x00002e38                main
 .text.initUART
                0x00002ea4       0x74 ./src/uart_connection.o
                0x00002ea4                initUART
 .text.uart_sendChar
                0x00002f18       0x14 ./src/uart_connection.o
                0x00002f18                uart_sendChar
 .text.uart_sendText
                0x00002f2c       0x20 ./src/uart_connection.o
                0x00002f2c                uart_sendText
 .text.CMU_FlashWaitStateMax
                0x00002f4c       0x20 ./emlib/em_cmu.o
 .text.CMU_FlashWaitStateControl
                0x00002f6c       0x38 ./emlib/em_cmu.o
 .text.CMU_AUXClkGet
                0x00002fa4       0x60 ./emlib/em_cmu.o
 .text.CMU_Sync
                0x00003004       0x18 ./emlib/em_cmu.o
 .text.CMU_LFClkGet
                0x0000301c       0x48 ./emlib/em_cmu.o
 .text.CMU_ClockEnable
                0x00003064       0x74 ./emlib/em_cmu.o
                0x00003064                CMU_ClockEnable
 .text.CMU_ClockSelectGet
                0x000030d8       0x98 ./emlib/em_cmu.o
                0x000030d8                CMU_ClockSelectGet
 .text.CMU_ClockFreqGet
                0x00003170       0xbc ./emlib/em_cmu.o
                0x00003170                CMU_ClockFreqGet
 .text.CMU_OscillatorEnable
                0x0000322c       0x50 ./emlib/em_cmu.o
                0x0000322c                CMU_OscillatorEnable
 .text.CMU_ClockSelectSet
                0x0000327c       0xdc ./emlib/em_cmu.o
                0x0000327c                CMU_ClockSelectSet
 .text.DMA_IRQHandler
                0x00003358       0x7c ./emlib/em_dma.o
                0x00003358                DMA_IRQHandler
 .text.EMU_Restore
                0x000033d4       0x80 ./emlib/em_emu.o
 .text.EMU_EnterEM2
                0x00003454       0x38 ./emlib/em_emu.o
                0x00003454                EMU_EnterEM2
 .text.EMU_UpdateOscConfig
                0x0000348c       0x14 ./emlib/em_emu.o
                0x0000348c                EMU_UpdateOscConfig
 .text.GPIO_PinModeSet
                0x000034a0       0x8c ./emlib/em_gpio.o
                0x000034a0                GPIO_PinModeSet
 .text.I2C_BusFreqSet
                0x0000352c       0x54 ./emlib/em_i2c.o
                0x0000352c                I2C_BusFreqSet
 .text.I2C_Init
                0x00003580       0x3c ./emlib/em_i2c.o
                0x00003580                I2C_Init
 .text.I2C_Transfer
                0x000035bc      0x230 ./emlib/em_i2c.o
                0x000035bc                I2C_Transfer
 .text.I2C_TransferInit
                0x000037ec       0x6c ./emlib/em_i2c.o
                0x000037ec                I2C_TransferInit
 .text.RTC_CompareSet
                0x00003858       0x1c ./emlib/em_rtc.o
                0x00003858                RTC_CompareSet
 .text.RTC_Init
                0x00003874       0x24 ./emlib/em_rtc.o
                0x00003874                RTC_Init
 .text.USART_BaudrateAsyncSet
                0x00003898       0x64 ./emlib/em_usart.o
                0x00003898                USART_BaudrateAsyncSet
 .text.USART_Enable
                0x000038fc        0xc ./emlib/em_usart.o
                0x000038fc                USART_Enable
 .text.USART_Reset
                0x00003908       0x40 ./emlib/em_usart.o
                0x00003908                USART_Reset
 .text.USART_InitAsync
                0x00003948       0x46 ./emlib/em_usart.o
                0x00003948                USART_InitAsync
 *fill*         0x0000398e        0x2 00
 .text          0x00003990       0x60 ./CMSIS/efm32zg/startup_gcc_efm32zg.o
                0x00003990                Reset_Handler
                0x000039c0                Default_Handler
                0x000039c2                NMI_Handler
                0x000039c4                HardFault_Handler
                0x000039c6                SVC_Handler
                0x000039c8                PendSV_Handler
                0x000039ca                SysTick_Handler
                0x000039ce                GPIO_EVEN_IRQHandler
                0x000039d0                TIMER0_IRQHandler
                0x000039d2                ACMP0_IRQHandler
                0x000039d4                ADC0_IRQHandler
                0x000039d8                GPIO_ODD_IRQHandler
                0x000039da                TIMER1_IRQHandler
                0x000039dc                USART1_RX_IRQHandler
                0x000039de                USART1_TX_IRQHandler
                0x000039e0                LEUART0_IRQHandler
                0x000039e2                PCNT0_IRQHandler
                0x000039e6                CMU_IRQHandler
                0x000039e8                VCMP_IRQHandler
                0x000039ea                MSC_IRQHandler
                0x000039ec                AES_IRQHandler
 .text.SystemHFClockGet
                0x000039f0       0x9c ./CMSIS/efm32zg/system_efm32zg.o
                0x000039f0                SystemHFClockGet
 .text.SystemCoreClockGet
                0x00003a8c       0x20 ./CMSIS/efm32zg/system_efm32zg.o
                0x00003a8c                SystemCoreClockGet
 .text.SystemInit
                0x00003aac        0x2 ./CMSIS/efm32zg/system_efm32zg.o
                0x00003aac                SystemInit
 .text.SystemLFRCOClockGet
                0x00003aae        0x6 ./CMSIS/efm32zg/system_efm32zg.o
                0x00003aae                SystemLFRCOClockGet
 .text.SystemULFRCOClockGet
                0x00003ab4        0x6 ./CMSIS/efm32zg/system_efm32zg.o
                0x00003ab4                SystemULFRCOClockGet
 *fill*         0x00003aba        0x2 00
 .text.SystemLFXOClockGet
                0x00003abc        0xc ./CMSIS/efm32zg/system_efm32zg.o
                0x00003abc                SystemLFXOClockGet
 .text          0x00003ac8       0x14 d:/siliconlabs/simplicitystudio/v2/developer/toolchains/gnu_arm/4.7_2013q1/bin/../lib/gcc/arm-none-eabi/4.7.3/armv6-m\libgcc.a(_thumb1_case_uqi.o)
                0x00003ac8                __gnu_thumb1_case_uqi
 .text          0x00003adc       0x9c d:/siliconlabs/simplicitystudio/v2/developer/toolchains/gnu_arm/4.7_2013q1/bin/../lib/gcc/arm-none-eabi/4.7.3/armv6-m\libgcc.a(_udivsi3.o)
                0x00003adc                __aeabi_uidiv
                0x00003adc                __udivsi3
                0x00003b64                __aeabi_uidivmod
 .text          0x00003b78       0xc0 d:/siliconlabs/simplicitystudio/v2/developer/toolchains/gnu_arm/4.7_2013q1/bin/../lib/gcc/arm-none-eabi/4.7.3/armv6-m\libgcc.a(_divsi3.o)
                0x00003b78                __divsi3
                0x00003b78                __aeabi_idiv
                0x00003c24                __aeabi_idivmod
 .text          0x00003c38        0x4 d:/siliconlabs/simplicitystudio/v2/developer/toolchains/gnu_arm/4.7_2013q1/bin/../lib/gcc/arm-none-eabi/4.7.3/armv6-m\libgcc.a(_dvmd_tls.o)
                0x00003c38                __aeabi_idiv0
                0x00003c38                __aeabi_ldiv0
 .text          0x00003c3c       0x74 d:/siliconlabs/simplicitystudio/v2/developer/toolchains/gnu_arm/4.7_2013q1/bin/../lib/gcc/arm-none-eabi/4.7.3/armv6-m\libgcc.a(_arm_cmpsf2.o)
                0x00003c3c                __aeabi_cfrcmple
                0x00003c44                __aeabi_cfcmpeq
                0x00003c44                __aeabi_cfcmple
                0x00003c54                __aeabi_fcmpeq
                0x00003c60                __aeabi_fcmplt
                0x00003c74                __aeabi_fcmple
                0x00003c88                __aeabi_fcmpgt
                0x00003c9c                __aeabi_fcmpge
 .text          0x00003cb0       0x30 d:/siliconlabs/simplicitystudio/v2/developer/toolchains/gnu_arm/4.7_2013q1/bin/../lib/gcc/arm-none-eabi/4.7.3/armv6-m\libgcc.a(_fixunssfsi.o)
                0x00003cb0                __fixunssfsi
                0x00003cb0                __aeabi_f2uiz
 .text          0x00003ce0      0x274 d:/siliconlabs/simplicitystudio/v2/developer/toolchains/gnu_arm/4.7_2013q1/bin/../lib/gcc/arm-none-eabi/4.7.3/armv6-m\libgcc.a(divsf3.o)
                0x00003ce0                __aeabi_fdiv
 .text          0x00003f54       0x50 d:/siliconlabs/simplicitystudio/v2/developer/toolchains/gnu_arm/4.7_2013q1/bin/../lib/gcc/arm-none-eabi/4.7.3/armv6-m\libgcc.a(eqsf2.o)
                0x00003f54                __eqsf2
                0x00003f54                __nesf2
 .text          0x00003fa4       0x90 d:/siliconlabs/simplicitystudio/v2/developer/toolchains/gnu_arm/4.7_2013q1/bin/../lib/gcc/arm-none-eabi/4.7.3/armv6-m\libgcc.a(gesf2.o)
                0x00003fa4                __gesf2
                0x00003fa4                __gtsf2
 .text          0x00004034       0x90 d:/siliconlabs/simplicitystudio/v2/developer/toolchains/gnu_arm/4.7_2013q1/bin/../lib/gcc/arm-none-eabi/4.7.3/armv6-m\libgcc.a(lesf2.o)
                0x00004034                __ltsf2
                0x00004034                __lesf2
 .text          0x000040c4      0x260 d:/siliconlabs/simplicitystudio/v2/developer/toolchains/gnu_arm/4.7_2013q1/bin/../lib/gcc/arm-none-eabi/4.7.3/armv6-m\libgcc.a(mulsf3.o)
                0x000040c4                __aeabi_fmul
 .text          0x00004324      0x3b4 d:/siliconlabs/simplicitystudio/v2/developer/toolchains/gnu_arm/4.7_2013q1/bin/../lib/gcc/arm-none-eabi/4.7.3/armv6-m\libgcc.a(subsf3.o)
                0x00004324                __aeabi_fsub
 .text          0x000046d8       0x40 d:/siliconlabs/simplicitystudio/v2/developer/toolchains/gnu_arm/4.7_2013q1/bin/../lib/gcc/arm-none-eabi/4.7.3/armv6-m\libgcc.a(fixsfsi.o)
                0x000046d8                __aeabi_f2iz
 .text          0x00004718       0xa8 d:/siliconlabs/simplicitystudio/v2/developer/toolchains/gnu_arm/4.7_2013q1/bin/../lib/gcc/arm-none-eabi/4.7.3/armv6-m\libgcc.a(floatunsisf.o)
                0x00004718                __aeabi_ui2f
 .text          0x000047c0       0x3c d:/siliconlabs/simplicitystudio/v2/developer/toolchains/gnu_arm/4.7_2013q1/bin/../lib/gcc/arm-none-eabi/4.7.3/armv6-m\libgcc.a(_clzsi2.o)
                0x000047c0                __clzsi2
 .text.__register_exitproc
                0x000047fc       0x18 d:/siliconlabs/simplicitystudio/v2/developer/toolchains/gnu_arm/4.7_2013q1/bin/../lib/gcc/arm-none-eabi/4.7.3/../../../../arm-none-eabi/lib/armv6-m\libc_s.a(lib_a-__atexit2.o)
                0x000047fc                __register_exitproc
 .text.exit     0x00004814       0x30 d:/siliconlabs/simplicitystudio/v2/developer/toolchains/gnu_arm/4.7_2013q1/bin/../lib/gcc/arm-none-eabi/4.7.3/../../../../arm-none-eabi/lib/armv6-m\libc_s.a(lib_a-exit.o)
                0x00004814                exit
 .text.__libc_fini_array
                0x00004844       0x2c d:/siliconlabs/simplicitystudio/v2/developer/toolchains/gnu_arm/4.7_2013q1/bin/../lib/gcc/arm-none-eabi/4.7.3/../../../../arm-none-eabi/lib/armv6-m\libc_s.a(lib_a-fini.o)
                0x00004844                __libc_fini_array
 .text.__libc_init_array
                0x00004870       0x4c d:/siliconlabs/simplicitystudio/v2/developer/toolchains/gnu_arm/4.7_2013q1/bin/../lib/gcc/arm-none-eabi/4.7.3/../../../../arm-none-eabi/lib/armv6-m\libc_s.a(lib_a-init.o)
                0x00004870                __libc_init_array
 .text.memcmp   0x000048bc       0x1e d:/siliconlabs/simplicitystudio/v2/developer/toolchains/gnu_arm/4.7_2013q1/bin/../lib/gcc/arm-none-eabi/4.7.3/../../../../arm-none-eabi/lib/armv6-m\libc_s.a(lib_a-memcmp.o)
                0x000048bc                memcmp
 .text.memcpy   0x000048da       0x12 d:/siliconlabs/simplicitystudio/v2/developer/toolchains/gnu_arm/4.7_2013q1/bin/../lib/gcc/arm-none-eabi/4.7.3/../../../../arm-none-eabi/lib/armv6-m\libc_s.a(lib_a-memcpy.o)
                0x000048da                memcpy
 .text.memset   0x000048ec       0x12 d:/siliconlabs/simplicitystudio/v2/developer/toolchains/gnu_arm/4.7_2013q1/bin/../lib/gcc/arm-none-eabi/4.7.3/../../../../arm-none-eabi/lib/armv6-m\libc_s.a(lib_a-memset.o)
                0x000048ec                memset
 *fill*         0x000048fe        0x2 00
 .text.sprintf  0x00004900       0x44 d:/siliconlabs/simplicitystudio/v2/developer/toolchains/gnu_arm/4.7_2013q1/bin/../lib/gcc/arm-none-eabi/4.7.3/../../../../arm-none-eabi/lib/armv6-m\libc_s.a(lib_a-sprintf.o)
                0x00004900                siprintf
                0x00004900                sprintf
 .text.__ssputc_r
                0x00004944       0xb0 d:/siliconlabs/simplicitystudio/v2/developer/toolchains/gnu_arm/4.7_2013q1/bin/../lib/gcc/arm-none-eabi/4.7.3/../../../../arm-none-eabi/lib/armv6-m\libc_s.a(lib_a-svfprintf.o)
                0x00004944                __ssputc_r
 .text._svfprintf_r
                0x000049f4      0x1f8 d:/siliconlabs/simplicitystudio/v2/developer/toolchains/gnu_arm/4.7_2013q1/bin/../lib/gcc/arm-none-eabi/4.7.3/../../../../arm-none-eabi/lib/armv6-m\libc_s.a(lib_a-svfprintf.o)
                0x000049f4                _svfiprintf_r
                0x000049f4                _svfprintf_r
 .text._printf_common
                0x00004bec       0xe0 d:/siliconlabs/simplicitystudio/v2/developer/toolchains/gnu_arm/4.7_2013q1/bin/../lib/gcc/arm-none-eabi/4.7.3/../../../../arm-none-eabi/lib/armv6-m\libc_s.a(lib_a-vfprintf_i.o)
                0x00004bec                _printf_common
 .text._printf_i
                0x00004ccc      0x234 d:/siliconlabs/simplicitystudio/v2/developer/toolchains/gnu_arm/4.7_2013q1/bin/../lib/gcc/arm-none-eabi/4.7.3/../../../../arm-none-eabi/lib/armv6-m\libc_s.a(lib_a-vfprintf_i.o)
                0x00004ccc                _printf_i
 .text._free_r  0x00004f00       0x90 d:/siliconlabs/simplicitystudio/v2/developer/toolchains/gnu_arm/4.7_2013q1/bin/../lib/gcc/arm-none-eabi/4.7.3/../../../../arm-none-eabi/lib/armv6-m\libc_s.a(lib_a-freer.o)
                0x00004f00                _free_r
 .text._malloc_r
                0x00004f90       0x94 d:/siliconlabs/simplicitystudio/v2/developer/toolchains/gnu_arm/4.7_2013q1/bin/../lib/gcc/arm-none-eabi/4.7.3/../../../../arm-none-eabi/lib/armv6-m\libc_s.a(lib_a-mallocr.o)
                0x00004f90                _malloc_r
 .text.memchr   0x00005024       0x18 d:/siliconlabs/simplicitystudio/v2/developer/toolchains/gnu_arm/4.7_2013q1/bin/../lib/gcc/arm-none-eabi/4.7.3/../../../../arm-none-eabi/lib/armv6-m\libc_s.a(lib_a-memchr.o)
                0x00005024                memchr
 .text._realloc_r
                0x0000503c       0x4c d:/siliconlabs/simplicitystudio/v2/developer/toolchains/gnu_arm/4.7_2013q1/bin/../lib/gcc/arm-none-eabi/4.7.3/../../../../arm-none-eabi/lib/armv6-m\libc_s.a(lib_a-reallocr.o)
                0x0000503c                _realloc_r
 .text._sbrk_r  0x00005088       0x24 d:/siliconlabs/simplicitystudio/v2/developer/toolchains/gnu_arm/4.7_2013q1/bin/../lib/gcc/arm-none-eabi/4.7.3/../../../../arm-none-eabi/lib/armv6-m\libc_s.a(lib_a-sbrkr.o)
                0x00005088                _sbrk_r
 .text.strlen   0x000050ac        0xe d:/siliconlabs/simplicitystudio/v2/developer/toolchains/gnu_arm/4.7_2013q1/bin/../lib/gcc/arm-none-eabi/4.7.3/../../../../arm-none-eabi/lib/armv6-m\libc_s.a(lib_a-strlen.o)
                0x000050ac                strlen
 .text._malloc_usable_size_r
                0x000050ba       0x14 d:/siliconlabs/simplicitystudio/v2/developer/toolchains/gnu_arm/4.7_2013q1/bin/../lib/gcc/arm-none-eabi/4.7.3/../../../../arm-none-eabi/lib/armv6-m\libc_s.a(lib_a-msizer.o)
                0x000050ba                _malloc_usable_size_r
 *fill*         0x000050ce        0x2 00
 .text._sbrk    0x000050d0       0x38 d:/siliconlabs/simplicitystudio/v2/developer/toolchains/gnu_arm/4.7_2013q1/bin/../lib/gcc/arm-none-eabi/4.7.3/../../../../arm-none-eabi/lib/armv6-m\libnosys.a(sbrk.o)
                0x000050d0                _sbrk
 .text._exit    0x00005108        0x4 d:/siliconlabs/simplicitystudio/v2/developer/toolchains/gnu_arm/4.7_2013q1/bin/../lib/gcc/arm-none-eabi/4.7.3/../../../../arm-none-eabi/lib/armv6-m\libnosys.a(_exit.o)
                0x00005108                _exit
 *(.init)
 .init          0x0000510c        0x4 d:/siliconlabs/simplicitystudio/v2/developer/toolchains/gnu_arm/4.7_2013q1/bin/../lib/gcc/arm-none-eabi/4.7.3/armv6-m/crti.o
                0x0000510c                _init
 .init          0x00005110        0x8 d:/siliconlabs/simplicitystudio/v2/developer/toolchains/gnu_arm/4.7_2013q1/bin/../lib/gcc/arm-none-eabi/4.7.3/armv6-m/crtn.o
 *(.fini)
 .fini          0x00005118        0x4 d:/siliconlabs/simplicitystudio/v2/developer/toolchains/gnu_arm/4.7_2013q1/bin/../lib/gcc/arm-none-eabi/4.7.3/armv6-m/crti.o
                0x00005118                _fini
 .fini          0x0000511c        0x8 d:/siliconlabs/simplicitystudio/v2/developer/toolchains/gnu_arm/4.7_2013q1/bin/../lib/gcc/arm-none-eabi/4.7.3/armv6-m/crtn.o
 *crtbegin.o(.ctors)
 *crtbegin?.o(.ctors)
 *(EXCLUDE_FILE(*crtend.o *crtend?.o) .ctors)
 *(SORT(.ctors.*))
 *(.ctors)
 *crtbegin.o(.dtors)
 *crtbegin?.o(.dtors)
 *(EXCLUDE_FILE(*crtend.o *crtend?.o) .dtors)
 *(SORT(.dtors.*))
 *(.dtors)
 *(.rodata*)
 .rodata.str1.1
                0x00005124       0x48 ./src/MPU6050.o
 .rodata        0x0000516c        0x3 ./src/RTC_.o
 *fill*         0x0000516f        0x1 00
 .rodata        0x00005170       0x10 ./src/i2c_connection.o
 .rodata.str1.1
                0x00005180       0x48 ./src/i2c_connection.o
 .rodata.test   0x000051c8       0x28 ./src/inv_mpu.o
                0x000051c8                test
 .rodata.hw     0x000051f0        0xc ./src/inv_mpu.o
                0x000051f0                hw
 .rodata.reg    0x000051fc       0x1e ./src/inv_mpu.o
                0x000051fc                reg
 .rodata        0x0000521a       0x40 ./src/inv_mpu_dmp_motion_driver.o
 .rodata.dmp_memory
                0x0000525a      0xbf6 ./src/inv_mpu_dmp_motion_driver.o
 .rodata.str1.1
                0x00005e50      0x28a ./src/main.o
                                0x2a3 (size before relaxing)
 *fill*         0x000060da        0x2 00
 .rodata        0x000060dc       0x18 ./src/uart_connection.o
 .rodata.i2cNSum
                0x000060f4        0x4 ./emlib/em_i2c.o
 .rodata        0x000060f8       0x40 d:/siliconlabs/simplicitystudio/v2/developer/toolchains/gnu_arm/4.7_2013q1/bin/../lib/gcc/arm-none-eabi/4.7.3/armv6-m\libgcc.a(divsf3.o)
 .rodata        0x00006138       0x40 d:/siliconlabs/simplicitystudio/v2/developer/toolchains/gnu_arm/4.7_2013q1/bin/../lib/gcc/arm-none-eabi/4.7.3/armv6-m\libgcc.a(mulsf3.o)
 .rodata.str1.1
                0x00006178        0x2 d:/siliconlabs/simplicitystudio/v2/developer/toolchains/gnu_arm/4.7_2013q1/bin/../lib/gcc/arm-none-eabi/4.7.3/../../../../arm-none-eabi/lib/armv6-m\libc_s.a(lib_a-impure.o)
 *fill*         0x0000617a        0x2 00
 .rodata._global_impure_ptr
                0x0000617c        0x4 d:/siliconlabs/simplicitystudio/v2/developer/toolchains/gnu_arm/4.7_2013q1/bin/../lib/gcc/arm-none-eabi/4.7.3/../../../../arm-none-eabi/lib/armv6-m\libc_s.a(lib_a-impure.o)
                0x0000617c                _global_impure_ptr
 .rodata.str1.1
                0x00006180       0x11 d:/siliconlabs/simplicitystudio/v2/developer/toolchains/gnu_arm/4.7_2013q1/bin/../lib/gcc/arm-none-eabi/4.7.3/../../../../arm-none-eabi/lib/armv6-m\libc_s.a(lib_a-svfprintf.o)
 .rodata.str1.1
                0x00006191       0x22 d:/siliconlabs/simplicitystudio/v2/developer/toolchains/gnu_arm/4.7_2013q1/bin/../lib/gcc/arm-none-eabi/4.7.3/../../../../arm-none-eabi/lib/armv6-m\libc_s.a(lib_a-vfprintf_i.o)
 *(.eh_frame*)
 *fill*         0x000061b3        0x1 00
 .eh_frame      0x000061b4        0x0 d:/siliconlabs/simplicitystudio/v2/developer/toolchains/gnu_arm/4.7_2013q1/bin/../lib/gcc/arm-none-eabi/4.7.3/armv6-m/crtbegin.o
 .eh_frame      0x000061b4        0x4 d:/siliconlabs/simplicitystudio/v2/developer/toolchains/gnu_arm/4.7_2013q1/bin/../lib/gcc/arm-none-eabi/4.7.3/armv6-m/crtend.o

.glue_7         0x000061b8        0x0
 .glue_7        0x00000000        0x0 linker stubs

.glue_7t        0x000061b8        0x0
 .glue_7t       0x00000000        0x0 linker stubs

.vfp11_veneer   0x000061b8        0x0
 .vfp11_veneer  0x00000000        0x0 linker stubs

.v4_bx          0x000061b8        0x0
 .v4_bx         0x00000000        0x0 linker stubs

.iplt           0x000061b8        0x0
 .iplt          0x00000000        0x0 d:/siliconlabs/simplicitystudio/v2/developer/toolchains/gnu_arm/4.7_2013q1/bin/../lib/gcc/arm-none-eabi/4.7.3/armv6-m/crtbegin.o

.ARM.extab
 *(.ARM.extab* .gnu.linkonce.armextab.*)
                0x000061b8                __exidx_start = .

.ARM.exidx      0x000061b8        0x8
 *(.ARM.exidx* .gnu.linkonce.armexidx.*)
 .ARM.exidx     0x000061b8        0x8 d:/siliconlabs/simplicitystudio/v2/developer/toolchains/gnu_arm/4.7_2013q1/bin/../lib/gcc/arm-none-eabi/4.7.3/../../../../arm-none-eabi/lib/armv6-m/crt0.o
                0x000061c0                __exidx_end = .
                0x000061c0                __etext = .

.rel.dyn        0x000061c0        0x0
 .rel.iplt      0x00000000        0x0 d:/siliconlabs/simplicitystudio/v2/developer/toolchains/gnu_arm/4.7_2013q1/bin/../lib/gcc/arm-none-eabi/4.7.3/armv6-m/crtbegin.o

.data           0x20000000       0xc4 load address 0x000061c0
                0x20000000                __data_start__ = .
 *(vtable)
 *(.data*)
 .data.outpRate
                0x20000000        0x1 ./src/HMC5883L.o
                0x20000000                outpRate
 .data.gainConf
                0x20000001        0x1 ./src/HMC5883L.o
                0x20000001                gainConf
 .data.gyro_orientation.8326
                0x20000002        0x9 ./src/MPU6050.o
 *fill*         0x2000000b        0x1 00
 .data.st       0x2000000c       0x2c ./src/inv_mpu.o
 .data.AC1      0x20000038        0x2 ./src/main.o
                0x20000038                AC1
 .data.AC2      0x2000003a        0x2 ./src/main.o
                0x2000003a                AC2
 .data.AC3      0x2000003c        0x2 ./src/main.o
                0x2000003c                AC3
 .data.AC4      0x2000003e        0x2 ./src/main.o
                0x2000003e                AC4
 .data.AC5      0x20000040        0x2 ./src/main.o
                0x20000040                AC5
 .data.AC6      0x20000042        0x2 ./src/main.o
                0x20000042                AC6
 .data.B1       0x20000044        0x2 ./src/main.o
                0x20000044                B1
 .data.B2       0x20000046        0x2 ./src/main.o
                0x20000046                B2
 .data.MC       0x20000048        0x2 ./src/main.o
                0x20000048                MC
 .data.MD       0x2000004a        0x2 ./src/main.o
                0x2000004a                MD
 .data.SystemLFXOClock
                0x2000004c        0x4 ./CMSIS/efm32zg/system_efm32zg.o
 .data.SystemHFXOClock
                0x20000050        0x4 ./CMSIS/efm32zg/system_efm32zg.o
 .data.impure_data
                0x20000054       0x64 d:/siliconlabs/simplicitystudio/v2/developer/toolchains/gnu_arm/4.7_2013q1/bin/../lib/gcc/arm-none-eabi/4.7.3/../../../../arm-none-eabi/lib/armv6-m\libc_s.a(lib_a-impure.o)
 .data._impure_ptr
                0x200000b8        0x4 d:/siliconlabs/simplicitystudio/v2/developer/toolchains/gnu_arm/4.7_2013q1/bin/../lib/gcc/arm-none-eabi/4.7.3/../../../../arm-none-eabi/lib/armv6-m\libc_s.a(lib_a-impure.o)
                0x200000b8                _impure_ptr
                0x200000bc                . = ALIGN (0x4)
 *(.ram)
                0x200000bc                . = ALIGN (0x4)
                0x200000bc                PROVIDE (__preinit_array_start, .)
 *(.preinit_array)
                0x200000bc                PROVIDE (__preinit_array_end, .)
                0x200000bc                . = ALIGN (0x4)
                0x200000bc                PROVIDE (__init_array_start, .)
 *(SORT(.init_array.*))
 *(.init_array)
 .init_array    0x200000bc        0x4 d:/siliconlabs/simplicitystudio/v2/developer/toolchains/gnu_arm/4.7_2013q1/bin/../lib/gcc/arm-none-eabi/4.7.3/armv6-m/crtbegin.o
                0x200000c0                PROVIDE (__init_array_end, .)
                0x200000c0                . = ALIGN (0x4)
                0x200000c0                PROVIDE (__fini_array_start, .)
 *(SORT(.fini_array.*))
 *(.fini_array)
 .fini_array    0x200000c0        0x4 d:/siliconlabs/simplicitystudio/v2/developer/toolchains/gnu_arm/4.7_2013q1/bin/../lib/gcc/arm-none-eabi/4.7.3/armv6-m/crtbegin.o
                0x200000c4                PROVIDE (__fini_array_end, .)
                0x200000c4                . = ALIGN (0x4)
                0x200000c4                __data_end__ = .

.jcr            0x200000c4        0x0 load address 0x00006284
 .jcr           0x200000c4        0x0 d:/siliconlabs/simplicitystudio/v2/developer/toolchains/gnu_arm/4.7_2013q1/bin/../lib/gcc/arm-none-eabi/4.7.3/armv6-m/crtbegin.o

.igot.plt       0x200000c4        0x0 load address 0x00006284
 .igot.plt      0x00000000        0x0 d:/siliconlabs/simplicitystudio/v2/developer/toolchains/gnu_arm/4.7_2013q1/bin/../lib/gcc/arm-none-eabi/4.7.3/armv6-m/crtbegin.o

.bss            0x200000c4       0xd4 load address 0x00006284
                0x200000c4                __bss_start__ = .
 *(.bss*)
 .bss           0x200000c4       0x1c d:/siliconlabs/simplicitystudio/v2/developer/toolchains/gnu_arm/4.7_2013q1/bin/../lib/gcc/arm-none-eabi/4.7.3/armv6-m/crtbegin.o
 .bss.operatingMode
                0x200000e0        0x1 ./src/HMC5883L.o
                0x200000e0                operatingMode
 .bss.i2cSetting
                0x200000e1        0x1 ./src/HMC5883L.o
                0x200000e1                i2cSetting
 .bss.numbOfSamples
                0x200000e2        0x1 ./src/HMC5883L.o
                0x200000e2                numbOfSamples
 .bss.measurementMode
                0x200000e3        0x1 ./src/HMC5883L.o
                0x200000e3                measurementMode
 .bss.read_data_command.8513
                0x200000e4        0x1 ./src/i2c_connection.o
 *fill*         0x200000e5        0x3 00
 .bss.register_to_send.8514
                0x200000e8        0x4 ./src/i2c_connection.o
 .bss.slave_address_ok.8512
                0x200000ec        0x1 ./src/i2c_connection.o
 *fill*         0x200000ed        0x3 00
 .bss.dmp       0x200000f0       0x10 ./src/inv_mpu_dmp_motion_driver.o
 .bss.RTC_interrupt_type
                0x20000100        0x1 ./src/main.o
                0x20000100                RTC_interrupt_type
 *fill*         0x20000101        0x1 00
 .bss.cmuStatus
                0x20000102        0x2 ./emlib/em_emu.o
 .bss.i2cTransfer
                0x20000104        0xc ./emlib/em_i2c.o
 .bss.__malloc_free_list
                0x20000110        0x4 d:/siliconlabs/simplicitystudio/v2/developer/toolchains/gnu_arm/4.7_2013q1/bin/../lib/gcc/arm-none-eabi/4.7.3/../../../../arm-none-eabi/lib/armv6-m\libc_s.a(lib_a-mallocr.o)
                0x20000110                __malloc_free_list
 .bss.heap_end.4231
                0x20000114        0x4 d:/siliconlabs/simplicitystudio/v2/developer/toolchains/gnu_arm/4.7_2013q1/bin/../lib/gcc/arm-none-eabi/4.7.3/../../../../arm-none-eabi/lib/armv6-m\libnosys.a(sbrk.o)
 *(COMMON)
 COMMON         0x20000118       0x72 ./src/HMC5883L.o
                0x20000118                i2c_rxBufferIndex
                0x20000119                I2C_Status
                0x2000011a                i2c_rxInProgress
                0x2000011b                i2c_startTx
                0x2000011c                i2c_registers
                0x20000180                i2c_rxBuffer
 *fill*         0x2000018a        0x2 00
 COMMON         0x2000018c        0x4 ./src/main.o
                0x2000018c                b5
 COMMON         0x20000190        0x4 ./CMSIS/efm32zg/system_efm32zg.o
                0x20000190                SystemCoreClock
 COMMON         0x20000194        0x4 d:/siliconlabs/simplicitystudio/v2/developer/toolchains/gnu_arm/4.7_2013q1/bin/../lib/gcc/arm-none-eabi/4.7.3/../../../../arm-none-eabi/lib/armv6-m\libc_s.a(lib_a-reent.o)
                0x20000194                errno
                0x20000198                __bss_end__ = .

.heap           0x20000198        0x0
                0x20000198                __end__ = .
                0x20000198                end = __end__
                0x20000198                _end = __end__
 *(.heap*)
 .heap          0x20000198        0x0 ./CMSIS/efm32zg/startup_gcc_efm32zg.o
                0x20000198                __HeapLimit = .

.stack_dummy    0x20000198      0x400
 *(.stack)
 .stack         0x20000198      0x400 ./CMSIS/efm32zg/startup_gcc_efm32zg.o
                0x20001000                __StackTop = (ORIGIN (RAM) + 0x1000)
                0x20000c00                __StackLimit = (__StackTop - SIZEOF (.stack_dummy))
                0x20001000                PROVIDE (__stack, __StackTop)
                0x00000001                ASSERT ((__StackLimit >= __HeapLimit), region RAM overflowed with stack)
                0x00000001                ASSERT ((0x7800 >= (__etext + SIZEOF (.data))), FLASH memory overflowed !)
OUTPUT(EnvSensor.axf elf32-littlearm)

.ARM.attributes
                0x00000000       0x28
 .ARM.attributes
                0x00000000       0x1e d:/siliconlabs/simplicitystudio/v2/developer/toolchains/gnu_arm/4.7_2013q1/bin/../lib/gcc/arm-none-eabi/4.7.3/armv6-m/crti.o
 .ARM.attributes
                0x0000001e       0x2c d:/siliconlabs/simplicitystudio/v2/developer/toolchains/gnu_arm/4.7_2013q1/bin/../lib/gcc/arm-none-eabi/4.7.3/armv6-m/crtbegin.o
 .ARM.attributes
                0x0000004a       0x1c d:/siliconlabs/simplicitystudio/v2/developer/toolchains/gnu_arm/4.7_2013q1/bin/../lib/gcc/arm-none-eabi/4.7.3/../../../../arm-none-eabi/lib/armv6-m/crt0.o
 .ARM.attributes
                0x00000066       0x32 ./src/HMC5883L.o
 .ARM.attributes
                0x00000098       0x32 ./src/MPU6050.o
 .ARM.attributes
                0x000000ca       0x32 ./src/RTC_.o
 .ARM.attributes
                0x000000fc       0x32 ./src/i2c_connection.o
 .ARM.attributes
                0x0000012e       0x32 ./src/inv_mpu.o
 .ARM.attributes
                0x00000160       0x32 ./src/inv_mpu_dmp_motion_driver.o
 .ARM.attributes
                0x00000192       0x32 ./src/main.o
 .ARM.attributes
                0x000001c4       0x32 ./src/uart_connection.o
 .ARM.attributes
                0x000001f6       0x32 ./emlib/em_cmu.o
 .ARM.attributes
                0x00000228       0x32 ./emlib/em_dma.o
 .ARM.attributes
                0x0000025a       0x32 ./emlib/em_emu.o
 .ARM.attributes
                0x0000028c       0x32 ./emlib/em_gpio.o
 .ARM.attributes
                0x000002be       0x32 ./emlib/em_i2c.o
 .ARM.attributes
                0x000002f0       0x32 ./emlib/em_rtc.o
 .ARM.attributes
                0x00000322       0x32 ./emlib/em_usart.o
 .ARM.attributes
                0x00000354       0x1b ./CMSIS/efm32zg/startup_gcc_efm32zg.o
 .ARM.attributes
                0x0000036f       0x32 ./CMSIS/efm32zg/system_efm32zg.o
 .ARM.attributes
                0x000003a1       0x1e d:/siliconlabs/simplicitystudio/v2/developer/toolchains/gnu_arm/4.7_2013q1/bin/../lib/gcc/arm-none-eabi/4.7.3/armv6-m\libgcc.a(_thumb1_case_uqi.o)
 .ARM.attributes
                0x000003bf       0x1e d:/siliconlabs/simplicitystudio/v2/developer/toolchains/gnu_arm/4.7_2013q1/bin/../lib/gcc/arm-none-eabi/4.7.3/armv6-m\libgcc.a(_udivsi3.o)
 .ARM.attributes
                0x000003dd       0x1e d:/siliconlabs/simplicitystudio/v2/developer/toolchains/gnu_arm/4.7_2013q1/bin/../lib/gcc/arm-none-eabi/4.7.3/armv6-m\libgcc.a(_divsi3.o)
 .ARM.attributes
                0x000003fb       0x1e d:/siliconlabs/simplicitystudio/v2/developer/toolchains/gnu_arm/4.7_2013q1/bin/../lib/gcc/arm-none-eabi/4.7.3/armv6-m\libgcc.a(_dvmd_tls.o)
 .ARM.attributes
                0x00000419       0x1e d:/siliconlabs/simplicitystudio/v2/developer/toolchains/gnu_arm/4.7_2013q1/bin/../lib/gcc/arm-none-eabi/4.7.3/armv6-m\libgcc.a(_arm_cmpsf2.o)
 .ARM.attributes
                0x00000437       0x2c d:/siliconlabs/simplicitystudio/v2/developer/toolchains/gnu_arm/4.7_2013q1/bin/../lib/gcc/arm-none-eabi/4.7.3/armv6-m\libgcc.a(_fixunssfsi.o)
 .ARM.attributes
                0x00000463       0x2c d:/siliconlabs/simplicitystudio/v2/developer/toolchains/gnu_arm/4.7_2013q1/bin/../lib/gcc/arm-none-eabi/4.7.3/armv6-m\libgcc.a(divsf3.o)
 .ARM.attributes
                0x0000048f       0x2c d:/siliconlabs/simplicitystudio/v2/developer/toolchains/gnu_arm/4.7_2013q1/bin/../lib/gcc/arm-none-eabi/4.7.3/armv6-m\libgcc.a(eqsf2.o)
 .ARM.attributes
                0x000004bb       0x2c d:/siliconlabs/simplicitystudio/v2/developer/toolchains/gnu_arm/4.7_2013q1/bin/../lib/gcc/arm-none-eabi/4.7.3/armv6-m\libgcc.a(gesf2.o)
 .ARM.attributes
                0x000004e7       0x2c d:/siliconlabs/simplicitystudio/v2/developer/toolchains/gnu_arm/4.7_2013q1/bin/../lib/gcc/arm-none-eabi/4.7.3/armv6-m\libgcc.a(lesf2.o)
 .ARM.attributes
                0x00000513       0x2c d:/siliconlabs/simplicitystudio/v2/developer/toolchains/gnu_arm/4.7_2013q1/bin/../lib/gcc/arm-none-eabi/4.7.3/armv6-m\libgcc.a(mulsf3.o)
 .ARM.attributes
                0x0000053f       0x2c d:/siliconlabs/simplicitystudio/v2/developer/toolchains/gnu_arm/4.7_2013q1/bin/../lib/gcc/arm-none-eabi/4.7.3/armv6-m\libgcc.a(subsf3.o)
 .ARM.attributes
                0x0000056b       0x2c d:/siliconlabs/simplicitystudio/v2/developer/toolchains/gnu_arm/4.7_2013q1/bin/../lib/gcc/arm-none-eabi/4.7.3/armv6-m\libgcc.a(fixsfsi.o)
 .ARM.attributes
                0x00000597       0x2c d:/siliconlabs/simplicitystudio/v2/developer/toolchains/gnu_arm/4.7_2013q1/bin/../lib/gcc/arm-none-eabi/4.7.3/armv6-m\libgcc.a(floatunsisf.o)
 .ARM.attributes
                0x000005c3       0x1e d:/siliconlabs/simplicitystudio/v2/developer/toolchains/gnu_arm/4.7_2013q1/bin/../lib/gcc/arm-none-eabi/4.7.3/armv6-m\libgcc.a(_clzsi2.o)
 .ARM.attributes
                0x000005e1       0x2c d:/siliconlabs/simplicitystudio/v2/developer/toolchains/gnu_arm/4.7_2013q1/bin/../lib/gcc/arm-none-eabi/4.7.3/../../../../arm-none-eabi/lib/armv6-m\libc_s.a(lib_a-__atexit2.o)
 .ARM.attributes
                0x0000060d       0x2c d:/siliconlabs/simplicitystudio/v2/developer/toolchains/gnu_arm/4.7_2013q1/bin/../lib/gcc/arm-none-eabi/4.7.3/../../../../arm-none-eabi/lib/armv6-m\libc_s.a(lib_a-exit.o)
 .ARM.attributes
                0x00000639       0x2c d:/siliconlabs/simplicitystudio/v2/developer/toolchains/gnu_arm/4.7_2013q1/bin/../lib/gcc/arm-none-eabi/4.7.3/../../../../arm-none-eabi/lib/armv6-m\libc_s.a(lib_a-fini.o)
 .ARM.attributes
                0x00000665       0x2c d:/siliconlabs/simplicitystudio/v2/developer/toolchains/gnu_arm/4.7_2013q1/bin/../lib/gcc/arm-none-eabi/4.7.3/../../../../arm-none-eabi/lib/armv6-m\libc_s.a(lib_a-impure.o)
 .ARM.attributes
                0x00000691       0x2c d:/siliconlabs/simplicitystudio/v2/developer/toolchains/gnu_arm/4.7_2013q1/bin/../lib/gcc/arm-none-eabi/4.7.3/../../../../arm-none-eabi/lib/armv6-m\libc_s.a(lib_a-init.o)
 .ARM.attributes
                0x000006bd       0x2c d:/siliconlabs/simplicitystudio/v2/developer/toolchains/gnu_arm/4.7_2013q1/bin/../lib/gcc/arm-none-eabi/4.7.3/../../../../arm-none-eabi/lib/armv6-m\libc_s.a(lib_a-memcmp.o)
 .ARM.attributes
                0x000006e9       0x2c d:/siliconlabs/simplicitystudio/v2/developer/toolchains/gnu_arm/4.7_2013q1/bin/../lib/gcc/arm-none-eabi/4.7.3/../../../../arm-none-eabi/lib/armv6-m\libc_s.a(lib_a-memcpy.o)
 .ARM.attributes
                0x00000715       0x2c d:/siliconlabs/simplicitystudio/v2/developer/toolchains/gnu_arm/4.7_2013q1/bin/../lib/gcc/arm-none-eabi/4.7.3/../../../../arm-none-eabi/lib/armv6-m\libc_s.a(lib_a-memset.o)
 .ARM.attributes
                0x00000741       0x2c d:/siliconlabs/simplicitystudio/v2/developer/toolchains/gnu_arm/4.7_2013q1/bin/../lib/gcc/arm-none-eabi/4.7.3/../../../../arm-none-eabi/lib/armv6-m\libc_s.a(lib_a-sprintf.o)
 .ARM.attributes
                0x0000076d       0x2c d:/siliconlabs/simplicitystudio/v2/developer/toolchains/gnu_arm/4.7_2013q1/bin/../lib/gcc/arm-none-eabi/4.7.3/../../../../arm-none-eabi/lib/armv6-m\libc_s.a(lib_a-svfprintf.o)
 .ARM.attributes
                0x00000799       0x2c d:/siliconlabs/simplicitystudio/v2/developer/toolchains/gnu_arm/4.7_2013q1/bin/../lib/gcc/arm-none-eabi/4.7.3/../../../../arm-none-eabi/lib/armv6-m\libc_s.a(lib_a-vfprintf_i.o)
 .ARM.attributes
                0x000007c5       0x2c d:/siliconlabs/simplicitystudio/v2/developer/toolchains/gnu_arm/4.7_2013q1/bin/../lib/gcc/arm-none-eabi/4.7.3/../../../../arm-none-eabi/lib/armv6-m\libc_s.a(lib_a-freer.o)
 .ARM.attributes
                0x000007f1       0x2c d:/siliconlabs/simplicitystudio/v2/developer/toolchains/gnu_arm/4.7_2013q1/bin/../lib/gcc/arm-none-eabi/4.7.3/../../../../arm-none-eabi/lib/armv6-m\libc_s.a(lib_a-mallocr.o)
 .ARM.attributes
                0x0000081d       0x2c d:/siliconlabs/simplicitystudio/v2/developer/toolchains/gnu_arm/4.7_2013q1/bin/../lib/gcc/arm-none-eabi/4.7.3/../../../../arm-none-eabi/lib/armv6-m\libc_s.a(lib_a-memchr.o)
 .ARM.attributes
                0x00000849       0x2c d:/siliconlabs/simplicitystudio/v2/developer/toolchains/gnu_arm/4.7_2013q1/bin/../lib/gcc/arm-none-eabi/4.7.3/../../../../arm-none-eabi/lib/armv6-m\libc_s.a(lib_a-reallocr.o)
 .ARM.attributes
                0x00000875       0x2c d:/siliconlabs/simplicitystudio/v2/developer/toolchains/gnu_arm/4.7_2013q1/bin/../lib/gcc/arm-none-eabi/4.7.3/../../../../arm-none-eabi/lib/armv6-m\libc_s.a(lib_a-sbrkr.o)
 .ARM.attributes
                0x000008a1       0x2c d:/siliconlabs/simplicitystudio/v2/developer/toolchains/gnu_arm/4.7_2013q1/bin/../lib/gcc/arm-none-eabi/4.7.3/../../../../arm-none-eabi/lib/armv6-m\libc_s.a(lib_a-strlen.o)
 .ARM.attributes
                0x000008cd       0x2c d:/siliconlabs/simplicitystudio/v2/developer/toolchains/gnu_arm/4.7_2013q1/bin/../lib/gcc/arm-none-eabi/4.7.3/../../../../arm-none-eabi/lib/armv6-m\libc_s.a(lib_a-msizer.o)
 .ARM.attributes
                0x000008f9       0x2c d:/siliconlabs/simplicitystudio/v2/developer/toolchains/gnu_arm/4.7_2013q1/bin/../lib/gcc/arm-none-eabi/4.7.3/../../../../arm-none-eabi/lib/armv6-m\libc_s.a(lib_a-reent.o)
 .ARM.attributes
                0x00000925       0x2c d:/siliconlabs/simplicitystudio/v2/developer/toolchains/gnu_arm/4.7_2013q1/bin/../lib/gcc/arm-none-eabi/4.7.3/../../../../arm-none-eabi/lib/armv6-m\libnosys.a(sbrk.o)
 .ARM.attributes
                0x00000951       0x2c d:/siliconlabs/simplicitystudio/v2/developer/toolchains/gnu_arm/4.7_2013q1/bin/../lib/gcc/arm-none-eabi/4.7.3/../../../../arm-none-eabi/lib/armv6-m\libnosys.a(_exit.o)
 .ARM.attributes
                0x0000097d       0x2c d:/siliconlabs/simplicitystudio/v2/developer/toolchains/gnu_arm/4.7_2013q1/bin/../lib/gcc/arm-none-eabi/4.7.3/armv6-m/crtend.o
 .ARM.attributes
                0x000009a9       0x1e d:/siliconlabs/simplicitystudio/v2/developer/toolchains/gnu_arm/4.7_2013q1/bin/../lib/gcc/arm-none-eabi/4.7.3/armv6-m/crtn.o

.comment        0x00000000       0x70
 .comment       0x00000000       0x70 ./src/HMC5883L.o
                                 0x71 (size before relaxing)
 .comment       0x00000000       0x71 ./src/MPU6050.o
 .comment       0x00000000       0x71 ./src/RTC_.o
 .comment       0x00000000       0x71 ./src/i2c_connection.o
 .comment       0x00000000       0x71 ./src/inv_mpu.o
 .comment       0x00000000       0x71 ./src/inv_mpu_dmp_motion_driver.o
 .comment       0x00000000       0x71 ./src/main.o
 .comment       0x00000000       0x71 ./src/uart_connection.o
 .comment       0x00000000       0x71 ./emlib/em_cmu.o
 .comment       0x00000000       0x71 ./emlib/em_dma.o
 .comment       0x00000000       0x71 ./emlib/em_emu.o
 .comment       0x00000000       0x71 ./emlib/em_gpio.o
 .comment       0x00000000       0x71 ./emlib/em_i2c.o
 .comment       0x00000000       0x71 ./emlib/em_rtc.o
 .comment       0x00000000       0x71 ./emlib/em_usart.o
 .comment       0x00000000       0x71 ./CMSIS/efm32zg/system_efm32zg.o

.debug_info     0x00000000     0xe4ac
 .debug_info    0x00000000      0x583 ./src/HMC5883L.o
 .debug_info    0x00000583      0x7d0 ./src/MPU6050.o
 .debug_info    0x00000d53      0x7ab ./src/RTC_.o
 .debug_info    0x000014fe     0x1358 ./src/i2c_connection.o
 .debug_info    0x00002856     0x2ef6 ./src/inv_mpu.o
 .debug_info    0x0000574c     0x14b2 ./src/inv_mpu_dmp_motion_driver.o
 .debug_info    0x00006bfe     0x1fc5 ./src/main.o
 .debug_info    0x00008bc3      0x969 ./src/uart_connection.o
 .debug_info    0x0000952c     0x13b0 ./emlib/em_cmu.o
 .debug_info    0x0000a8dc     0x1183 ./emlib/em_dma.o
 .debug_info    0x0000ba5f      0x5b4 ./emlib/em_emu.o
 .debug_info    0x0000c013      0x570 ./emlib/em_gpio.o
 .debug_info    0x0000c583      0x867 ./emlib/em_i2c.o
 .debug_info    0x0000cdea      0x36a ./emlib/em_rtc.o
 .debug_info    0x0000d154      0xe92 ./emlib/em_usart.o
 .debug_info    0x0000dfe6       0x9f ./CMSIS/efm32zg/startup_gcc_efm32zg.o
 .debug_info    0x0000e085      0x427 ./CMSIS/efm32zg/system_efm32zg.o

.debug_abbrev   0x00000000     0x2a80
 .debug_abbrev  0x00000000      0x177 ./src/HMC5883L.o
 .debug_abbrev  0x00000177      0x255 ./src/MPU6050.o
 .debug_abbrev  0x000003cc      0x23b ./src/RTC_.o
 .debug_abbrev  0x00000607      0x39f ./src/i2c_connection.o
 .debug_abbrev  0x000009a6      0x457 ./src/inv_mpu.o
 .debug_abbrev  0x00000dfd      0x2d2 ./src/inv_mpu_dmp_motion_driver.o
 .debug_abbrev  0x000010cf      0x44e ./src/main.o
 .debug_abbrev  0x0000151d      0x20c ./src/uart_connection.o
 .debug_abbrev  0x00001729      0x39d ./emlib/em_cmu.o
 .debug_abbrev  0x00001ac6      0x337 ./emlib/em_dma.o
 .debug_abbrev  0x00001dfd      0x203 ./emlib/em_emu.o
 .debug_abbrev  0x00002000      0x1ed ./emlib/em_gpio.o
 .debug_abbrev  0x000021ed      0x2c5 ./emlib/em_i2c.o
 .debug_abbrev  0x000024b2      0x205 ./emlib/em_rtc.o
 .debug_abbrev  0x000026b7      0x22e ./emlib/em_usart.o
 .debug_abbrev  0x000028e5       0x14 ./CMSIS/efm32zg/startup_gcc_efm32zg.o
 .debug_abbrev  0x000028f9      0x187 ./CMSIS/efm32zg/system_efm32zg.o

.debug_loc      0x00000000     0x797d
 .debug_loc     0x00000000      0x19f ./src/HMC5883L.o
 .debug_loc     0x0000019f      0x1f7 ./src/MPU6050.o
 .debug_loc     0x00000396       0x40 ./src/RTC_.o
 .debug_loc     0x000003d6      0x62b ./src/i2c_connection.o
 .debug_loc     0x00000a01     0x21f0 ./src/inv_mpu.o
 .debug_loc     0x00002bf1      0xcc8 ./src/inv_mpu_dmp_motion_driver.o
 .debug_loc     0x000038b9      0xd5b ./src/main.o
 .debug_loc     0x00004614       0x8b ./src/uart_connection.o
 .debug_loc     0x0000469f     0x14cd ./emlib/em_cmu.o
 .debug_loc     0x00005b6c      0xa3e ./emlib/em_dma.o
 .debug_loc     0x000065aa      0x142 ./emlib/em_emu.o
 .debug_loc     0x000066ec      0x212 ./emlib/em_gpio.o
 .debug_loc     0x000068fe      0x567 ./emlib/em_i2c.o
 .debug_loc     0x00006e65      0x17b ./emlib/em_rtc.o
 .debug_loc     0x00006fe0      0x881 ./emlib/em_usart.o
 .debug_loc     0x00007861      0x11c ./CMSIS/efm32zg/system_efm32zg.o

.debug_aranges  0x00000000      0x878
 .debug_aranges
                0x00000000       0x30 ./src/HMC5883L.o
 .debug_aranges
                0x00000030       0x40 ./src/MPU6050.o
 .debug_aranges
                0x00000070       0x38 ./src/RTC_.o
 .debug_aranges
                0x000000a8       0x70 ./src/i2c_connection.o
 .debug_aranges
                0x00000118      0x1b8 ./src/inv_mpu.o
 .debug_aranges
                0x000002d0       0xf8 ./src/inv_mpu_dmp_motion_driver.o
 .debug_aranges
                0x000003c8       0xb0 ./src/main.o
 .debug_aranges
                0x00000478       0x30 ./src/uart_connection.o
 .debug_aranges
                0x000004a8       0xf0 ./emlib/em_cmu.o
 .debug_aranges
                0x00000598       0x88 ./emlib/em_dma.o
 .debug_aranges
                0x00000620       0x48 ./emlib/em_emu.o
 .debug_aranges
                0x00000668       0x38 ./emlib/em_gpio.o
 .debug_aranges
                0x000006a0       0x50 ./emlib/em_i2c.o
 .debug_aranges
                0x000006f0       0x50 ./emlib/em_rtc.o
 .debug_aranges
                0x00000740       0xb8 ./emlib/em_usart.o
 .debug_aranges
                0x000007f8       0x20 ./CMSIS/efm32zg/startup_gcc_efm32zg.o
 .debug_aranges
                0x00000818       0x60 ./CMSIS/efm32zg/system_efm32zg.o

.debug_ranges   0x00000000      0xc48
 .debug_ranges  0x00000000       0x20 ./src/HMC5883L.o
 .debug_ranges  0x00000020       0x60 ./src/MPU6050.o
 .debug_ranges  0x00000080       0xb8 ./src/RTC_.o
 .debug_ranges  0x00000138       0xc0 ./src/i2c_connection.o
 .debug_ranges  0x000001f8      0x2b8 ./src/inv_mpu.o
 .debug_ranges  0x000004b0      0x100 ./src/inv_mpu_dmp_motion_driver.o
 .debug_ranges  0x000005b0       0xd8 ./src/main.o
 .debug_ranges  0x00000688       0x50 ./src/uart_connection.o
 .debug_ranges  0x000006d8      0x220 ./emlib/em_cmu.o
 .debug_ranges  0x000008f8       0x78 ./emlib/em_dma.o
 .debug_ranges  0x00000970       0x68 ./emlib/em_emu.o
 .debug_ranges  0x000009d8       0x88 ./emlib/em_gpio.o
 .debug_ranges  0x00000a60       0x80 ./emlib/em_i2c.o
 .debug_ranges  0x00000ae0       0x70 ./emlib/em_rtc.o
 .debug_ranges  0x00000b50       0xa8 ./emlib/em_usart.o
 .debug_ranges  0x00000bf8       0x50 ./CMSIS/efm32zg/system_efm32zg.o

.debug_line     0x00000000     0x3fde
 .debug_line    0x00000000      0x204 ./src/HMC5883L.o
 .debug_line    0x00000204      0x20b ./src/MPU6050.o
 .debug_line    0x0000040f      0x2a8 ./src/RTC_.o
 .debug_line    0x000006b7      0x4c6 ./src/i2c_connection.o
 .debug_line    0x00000b7d      0xaab ./src/inv_mpu.o
 .debug_line    0x00001628      0x57c ./src/inv_mpu_dmp_motion_driver.o
 .debug_line    0x00001ba4      0x640 ./src/main.o
 .debug_line    0x000021e4      0x286 ./src/uart_connection.o
 .debug_line    0x0000246a      0x66c ./emlib/em_cmu.o
 .debug_line    0x00002ad6      0x471 ./emlib/em_dma.o
 .debug_line    0x00002f47      0x2f2 ./emlib/em_emu.o
 .debug_line    0x00003239      0x206 ./emlib/em_gpio.o
 .debug_line    0x0000343f      0x314 ./emlib/em_i2c.o
 .debug_line    0x00003753      0x21c ./emlib/em_rtc.o
 .debug_line    0x0000396f      0x3cc ./emlib/em_usart.o
 .debug_line    0x00003d3b       0x85 ./CMSIS/efm32zg/startup_gcc_efm32zg.o
 .debug_line    0x00003dc0      0x21e ./CMSIS/efm32zg/system_efm32zg.o

.debug_str      0x00000000     0x3e88
 .debug_str     0x00000000      0x5f9 ./src/HMC5883L.o
                                0x677 (size before relaxing)
 .debug_str     0x000005f9      0x23b ./src/MPU6050.o
                                0x4b8 (size before relaxing)
 .debug_str     0x00000834      0x514 ./src/RTC_.o
                                0x678 (size before relaxing)
 .debug_str     0x00000d48      0x47b ./src/i2c_connection.o
                                0xab6 (size before relaxing)
 .debug_str     0x000011c3      0x975 ./src/inv_mpu.o
                                0xec4 (size before relaxing)
 .debug_str     0x00001b38      0x2cf ./src/inv_mpu_dmp_motion_driver.o
                                0x660 (size before relaxing)
 .debug_str     0x00001e07      0x91e ./src/main.o
                               0x1082 (size before relaxing)
 .debug_str     0x00002725      0x398 ./src/uart_connection.o
                                0x9f8 (size before relaxing)
 .debug_str     0x00002abd      0x5d6 ./emlib/em_cmu.o
                                0xa83 (size before relaxing)
 .debug_str     0x00003093      0x52b ./emlib/em_dma.o
                                0x9ef (size before relaxing)
 .debug_str     0x000035be       0xa0 ./emlib/em_emu.o
                                0x377 (size before relaxing)
 .debug_str     0x0000365e       0xcc ./emlib/em_gpio.o
                                0x4ce (size before relaxing)
 .debug_str     0x0000372a      0x176 ./emlib/em_i2c.o
                                0x63b (size before relaxing)
 .debug_str     0x000038a0       0x6b ./emlib/em_rtc.o
                                0x24a (size before relaxing)
 .debug_str     0x0000390b      0x4e7 ./emlib/em_usart.o
                                0xb59 (size before relaxing)
 .debug_str     0x00003df2       0x96 ./CMSIS/efm32zg/system_efm32zg.o
                                0x35c (size before relaxing)

.debug_frame    0x00000000     0x1d30
 .debug_frame   0x00000000       0x64 ./src/HMC5883L.o
 .debug_frame   0x00000064       0x90 ./src/MPU6050.o
 .debug_frame   0x000000f4       0x64 ./src/RTC_.o
 .debug_frame   0x00000158      0x144 ./src/i2c_connection.o
 .debug_frame   0x0000029c      0x5c4 ./src/inv_mpu.o
 .debug_frame   0x00000860      0x318 ./src/inv_mpu_dmp_motion_driver.o
 .debug_frame   0x00000b78      0x208 ./src/main.o
 .debug_frame   0x00000d80       0x60 ./src/uart_connection.o
 .debug_frame   0x00000de0      0x27c ./emlib/em_cmu.o
 .debug_frame   0x0000105c      0x198 ./emlib/em_dma.o
 .debug_frame   0x000011f4       0x90 ./emlib/em_emu.o
 .debug_frame   0x00001284       0x7c ./emlib/em_gpio.o
 .debug_frame   0x00001300       0xb8 ./emlib/em_i2c.o
 .debug_frame   0x000013b8       0xa8 ./emlib/em_rtc.o
 .debug_frame   0x00001460      0x210 ./emlib/em_usart.o
 .debug_frame   0x00001670       0xc0 ./CMSIS/efm32zg/system_efm32zg.o
 .debug_frame   0x00001730       0x20 d:/siliconlabs/simplicitystudio/v2/developer/toolchains/gnu_arm/4.7_2013q1/bin/../lib/gcc/arm-none-eabi/4.7.3/armv6-m\libgcc.a(_udivsi3.o)
 .debug_frame   0x00001750       0x20 d:/siliconlabs/simplicitystudio/v2/developer/toolchains/gnu_arm/4.7_2013q1/bin/../lib/gcc/arm-none-eabi/4.7.3/armv6-m\libgcc.a(_divsi3.o)
 .debug_frame   0x00001770       0x28 d:/siliconlabs/simplicitystudio/v2/developer/toolchains/gnu_arm/4.7_2013q1/bin/../lib/gcc/arm-none-eabi/4.7.3/armv6-m\libgcc.a(_fixunssfsi.o)
 .debug_frame   0x00001798       0x3c d:/siliconlabs/simplicitystudio/v2/developer/toolchains/gnu_arm/4.7_2013q1/bin/../lib/gcc/arm-none-eabi/4.7.3/armv6-m\libgcc.a(divsf3.o)
 .debug_frame   0x000017d4       0x2c d:/siliconlabs/simplicitystudio/v2/developer/toolchains/gnu_arm/4.7_2013q1/bin/../lib/gcc/arm-none-eabi/4.7.3/armv6-m\libgcc.a(eqsf2.o)
 .debug_frame   0x00001800       0x30 d:/siliconlabs/simplicitystudio/v2/developer/toolchains/gnu_arm/4.7_2013q1/bin/../lib/gcc/arm-none-eabi/4.7.3/armv6-m\libgcc.a(gesf2.o)
 .debug_frame   0x00001830       0x30 d:/siliconlabs/simplicitystudio/v2/developer/toolchains/gnu_arm/4.7_2013q1/bin/../lib/gcc/arm-none-eabi/4.7.3/armv6-m\libgcc.a(lesf2.o)
 .debug_frame   0x00001860       0x3c d:/siliconlabs/simplicitystudio/v2/developer/toolchains/gnu_arm/4.7_2013q1/bin/../lib/gcc/arm-none-eabi/4.7.3/armv6-m\libgcc.a(mulsf3.o)
 .debug_frame   0x0000189c       0x30 d:/siliconlabs/simplicitystudio/v2/developer/toolchains/gnu_arm/4.7_2013q1/bin/../lib/gcc/arm-none-eabi/4.7.3/armv6-m\libgcc.a(subsf3.o)
 .debug_frame   0x000018cc       0x28 d:/siliconlabs/simplicitystudio/v2/developer/toolchains/gnu_arm/4.7_2013q1/bin/../lib/gcc/arm-none-eabi/4.7.3/armv6-m\libgcc.a(fixsfsi.o)
 .debug_frame   0x000018f4       0x28 d:/siliconlabs/simplicitystudio/v2/developer/toolchains/gnu_arm/4.7_2013q1/bin/../lib/gcc/arm-none-eabi/4.7.3/armv6-m\libgcc.a(floatunsisf.o)
 .debug_frame   0x0000191c       0x28 d:/siliconlabs/simplicitystudio/v2/developer/toolchains/gnu_arm/4.7_2013q1/bin/../lib/gcc/arm-none-eabi/4.7.3/../../../../arm-none-eabi/lib/armv6-m\libc_s.a(lib_a-__atexit2.o)
 .debug_frame   0x00001944       0x28 d:/siliconlabs/simplicitystudio/v2/developer/toolchains/gnu_arm/4.7_2013q1/bin/../lib/gcc/arm-none-eabi/4.7.3/../../../../arm-none-eabi/lib/armv6-m\libc_s.a(lib_a-exit.o)
 .debug_frame   0x0000196c       0x2c d:/siliconlabs/simplicitystudio/v2/developer/toolchains/gnu_arm/4.7_2013q1/bin/../lib/gcc/arm-none-eabi/4.7.3/../../../../arm-none-eabi/lib/armv6-m\libc_s.a(lib_a-fini.o)
 .debug_frame   0x00001998       0x2c d:/siliconlabs/simplicitystudio/v2/developer/toolchains/gnu_arm/4.7_2013q1/bin/../lib/gcc/arm-none-eabi/4.7.3/../../../../arm-none-eabi/lib/armv6-m\libc_s.a(lib_a-init.o)
 .debug_frame   0x000019c4       0x2c d:/siliconlabs/simplicitystudio/v2/developer/toolchains/gnu_arm/4.7_2013q1/bin/../lib/gcc/arm-none-eabi/4.7.3/../../../../arm-none-eabi/lib/armv6-m\libc_s.a(lib_a-memcmp.o)
 .debug_frame   0x000019f0       0x28 d:/siliconlabs/simplicitystudio/v2/developer/toolchains/gnu_arm/4.7_2013q1/bin/../lib/gcc/arm-none-eabi/4.7.3/../../../../arm-none-eabi/lib/armv6-m\libc_s.a(lib_a-memcpy.o)
 .debug_frame   0x00001a18       0x28 d:/siliconlabs/simplicitystudio/v2/developer/toolchains/gnu_arm/4.7_2013q1/bin/../lib/gcc/arm-none-eabi/4.7.3/../../../../arm-none-eabi/lib/armv6-m\libc_s.a(lib_a-memset.o)
 .debug_frame   0x00001a40       0x4c d:/siliconlabs/simplicitystudio/v2/developer/toolchains/gnu_arm/4.7_2013q1/bin/../lib/gcc/arm-none-eabi/4.7.3/../../../../arm-none-eabi/lib/armv6-m\libc_s.a(lib_a-sprintf.o)
 .debug_frame   0x00001a8c       0x78 d:/siliconlabs/simplicitystudio/v2/developer/toolchains/gnu_arm/4.7_2013q1/bin/../lib/gcc/arm-none-eabi/4.7.3/../../../../arm-none-eabi/lib/armv6-m\libc_s.a(lib_a-svfprintf.o)
 .debug_frame   0x00001b04       0x54 d:/siliconlabs/simplicitystudio/v2/developer/toolchains/gnu_arm/4.7_2013q1/bin/../lib/gcc/arm-none-eabi/4.7.3/../../../../arm-none-eabi/lib/armv6-m\libc_s.a(lib_a-vfprintf_i.o)
 .debug_frame   0x00001b58       0x2c d:/siliconlabs/simplicitystudio/v2/developer/toolchains/gnu_arm/4.7_2013q1/bin/../lib/gcc/arm-none-eabi/4.7.3/../../../../arm-none-eabi/lib/armv6-m\libc_s.a(lib_a-freer.o)
 .debug_frame   0x00001b84       0x2c d:/siliconlabs/simplicitystudio/v2/developer/toolchains/gnu_arm/4.7_2013q1/bin/../lib/gcc/arm-none-eabi/4.7.3/../../../../arm-none-eabi/lib/armv6-m\libc_s.a(lib_a-mallocr.o)
 .debug_frame   0x00001bb0       0x28 d:/siliconlabs/simplicitystudio/v2/developer/toolchains/gnu_arm/4.7_2013q1/bin/../lib/gcc/arm-none-eabi/4.7.3/../../../../arm-none-eabi/lib/armv6-m\libc_s.a(lib_a-memchr.o)
 .debug_frame   0x00001bd8       0x30 d:/siliconlabs/simplicitystudio/v2/developer/toolchains/gnu_arm/4.7_2013q1/bin/../lib/gcc/arm-none-eabi/4.7.3/../../../../arm-none-eabi/lib/armv6-m\libc_s.a(lib_a-reallocr.o)
 .debug_frame   0x00001c08       0x2c d:/siliconlabs/simplicitystudio/v2/developer/toolchains/gnu_arm/4.7_2013q1/bin/../lib/gcc/arm-none-eabi/4.7.3/../../../../arm-none-eabi/lib/armv6-m\libc_s.a(lib_a-sbrkr.o)
 .debug_frame   0x00001c34       0x20 d:/siliconlabs/simplicitystudio/v2/developer/toolchains/gnu_arm/4.7_2013q1/bin/../lib/gcc/arm-none-eabi/4.7.3/../../../../arm-none-eabi/lib/armv6-m\libc_s.a(lib_a-strlen.o)
 .debug_frame   0x00001c54       0x28 d:/siliconlabs/simplicitystudio/v2/developer/toolchains/gnu_arm/4.7_2013q1/bin/../lib/gcc/arm-none-eabi/4.7.3/../../../../arm-none-eabi/lib/armv6-m\libc_s.a(lib_a-msizer.o)
 .debug_frame   0x00001c7c       0x64 d:/siliconlabs/simplicitystudio/v2/developer/toolchains/gnu_arm/4.7_2013q1/bin/../lib/gcc/arm-none-eabi/4.7.3/../../../../arm-none-eabi/lib/armv6-m\libc_s.a(lib_a-reent.o)
 .debug_frame   0x00001ce0       0x28 d:/siliconlabs/simplicitystudio/v2/developer/toolchains/gnu_arm/4.7_2013q1/bin/../lib/gcc/arm-none-eabi/4.7.3/../../../../arm-none-eabi/lib/armv6-m\libnosys.a(sbrk.o)
 .debug_frame   0x00001d08       0x28 d:/siliconlabs/simplicitystudio/v2/developer/toolchains/gnu_arm/4.7_2013q1/bin/../lib/gcc/arm-none-eabi/4.7.3/../../../../arm-none-eabi/lib/armv6-m\libnosys.a(_exit.o)
