Archive member included because of file (symbol)

d:/siliconlabs/simplicitystudio/v2/developer/toolchains/gnu_arm/4.7_2013q1/bin/../lib/gcc/arm-none-eabi/4.7.3/armv6-m\libgcc.a(_thumb1_case_uqi.o)
                              ./src/inv_mpu.o (__gnu_thumb1_case_uqi)
d:/siliconlabs/simplicitystudio/v2/developer/toolchains/gnu_arm/4.7_2013q1/bin/../lib/gcc/arm-none-eabi/4.7.3/armv6-m\libgcc.a(_udivsi3.o)
                              ./src/inv_mpu.o (__aeabi_uidiv)
d:/siliconlabs/simplicitystudio/v2/developer/toolchains/gnu_arm/4.7_2013q1/bin/../lib/gcc/arm-none-eabi/4.7.3/armv6-m\libgcc.a(_divsi3.o)
                              ./src/inv_mpu.o (__aeabi_idiv)
d:/siliconlabs/simplicitystudio/v2/developer/toolchains/gnu_arm/4.7_2013q1/bin/../lib/gcc/arm-none-eabi/4.7.3/armv6-m\libgcc.a(_dvmd_tls.o)
                              d:/siliconlabs/simplicitystudio/v2/developer/toolchains/gnu_arm/4.7_2013q1/bin/../lib/gcc/arm-none-eabi/4.7.3/armv6-m\libgcc.a(_udivsi3.o) (__aeabi_idiv0)
d:/siliconlabs/simplicitystudio/v2/developer/toolchains/gnu_arm/4.7_2013q1/bin/../lib/gcc/arm-none-eabi/4.7.3/armv6-m\libgcc.a(_arm_cmpsf2.o)
                              ./src/inv_mpu.o (__aeabi_fcmpeq)
d:/siliconlabs/simplicitystudio/v2/developer/toolchains/gnu_arm/4.7_2013q1/bin/../lib/gcc/arm-none-eabi/4.7.3/armv6-m\libgcc.a(_aeabi_ldivmod.o)
                              ./src/inv_mpu.o (__aeabi_ldivmod)
d:/siliconlabs/simplicitystudio/v2/developer/toolchains/gnu_arm/4.7_2013q1/bin/../lib/gcc/arm-none-eabi/4.7.3/armv6-m\libgcc.a(_muldi3.o)
                              ./src/inv_mpu_dmp_motion_driver.o (__aeabi_lmul)
d:/siliconlabs/simplicitystudio/v2/developer/toolchains/gnu_arm/4.7_2013q1/bin/../lib/gcc/arm-none-eabi/4.7.3/armv6-m\libgcc.a(_fixunssfsi.o)
                              ./src/inv_mpu_dmp_motion_driver.o (__aeabi_f2uiz)
d:/siliconlabs/simplicitystudio/v2/developer/toolchains/gnu_arm/4.7_2013q1/bin/../lib/gcc/arm-none-eabi/4.7.3/armv6-m\libgcc.a(bpabi.o)
                              d:/siliconlabs/simplicitystudio/v2/developer/toolchains/gnu_arm/4.7_2013q1/bin/../lib/gcc/arm-none-eabi/4.7.3/armv6-m\libgcc.a(_aeabi_ldivmod.o) (__gnu_ldivmod_helper)
d:/siliconlabs/simplicitystudio/v2/developer/toolchains/gnu_arm/4.7_2013q1/bin/../lib/gcc/arm-none-eabi/4.7.3/armv6-m\libgcc.a(addsf3.o)
                              ./src/inv_mpu.o (__aeabi_fadd)
d:/siliconlabs/simplicitystudio/v2/developer/toolchains/gnu_arm/4.7_2013q1/bin/../lib/gcc/arm-none-eabi/4.7.3/armv6-m\libgcc.a(divsf3.o)
                              ./src/inv_mpu.o (__aeabi_fdiv)
d:/siliconlabs/simplicitystudio/v2/developer/toolchains/gnu_arm/4.7_2013q1/bin/../lib/gcc/arm-none-eabi/4.7.3/armv6-m\libgcc.a(eqsf2.o)
                              d:/siliconlabs/simplicitystudio/v2/developer/toolchains/gnu_arm/4.7_2013q1/bin/../lib/gcc/arm-none-eabi/4.7.3/armv6-m\libgcc.a(_arm_cmpsf2.o) (__eqsf2)
d:/siliconlabs/simplicitystudio/v2/developer/toolchains/gnu_arm/4.7_2013q1/bin/../lib/gcc/arm-none-eabi/4.7.3/armv6-m\libgcc.a(gesf2.o)
                              d:/siliconlabs/simplicitystudio/v2/developer/toolchains/gnu_arm/4.7_2013q1/bin/../lib/gcc/arm-none-eabi/4.7.3/armv6-m\libgcc.a(_arm_cmpsf2.o) (__gesf2)
d:/siliconlabs/simplicitystudio/v2/developer/toolchains/gnu_arm/4.7_2013q1/bin/../lib/gcc/arm-none-eabi/4.7.3/armv6-m\libgcc.a(lesf2.o)
                              d:/siliconlabs/simplicitystudio/v2/developer/toolchains/gnu_arm/4.7_2013q1/bin/../lib/gcc/arm-none-eabi/4.7.3/armv6-m\libgcc.a(_arm_cmpsf2.o) (__lesf2)
d:/siliconlabs/simplicitystudio/v2/developer/toolchains/gnu_arm/4.7_2013q1/bin/../lib/gcc/arm-none-eabi/4.7.3/armv6-m\libgcc.a(mulsf3.o)
                              ./src/inv_mpu.o (__aeabi_fmul)
d:/siliconlabs/simplicitystudio/v2/developer/toolchains/gnu_arm/4.7_2013q1/bin/../lib/gcc/arm-none-eabi/4.7.3/armv6-m\libgcc.a(subsf3.o)
                              ./src/inv_mpu.o (__aeabi_fsub)
d:/siliconlabs/simplicitystudio/v2/developer/toolchains/gnu_arm/4.7_2013q1/bin/../lib/gcc/arm-none-eabi/4.7.3/armv6-m\libgcc.a(fixsfsi.o)
                              ./src/inv_mpu.o (__aeabi_f2iz)
d:/siliconlabs/simplicitystudio/v2/developer/toolchains/gnu_arm/4.7_2013q1/bin/../lib/gcc/arm-none-eabi/4.7.3/armv6-m\libgcc.a(floatsisf.o)
                              ./src/inv_mpu.o (__aeabi_i2f)
d:/siliconlabs/simplicitystudio/v2/developer/toolchains/gnu_arm/4.7_2013q1/bin/../lib/gcc/arm-none-eabi/4.7.3/armv6-m\libgcc.a(floatunsisf.o)
                              ./src/inv_mpu_dmp_motion_driver.o (__aeabi_ui2f)
d:/siliconlabs/simplicitystudio/v2/developer/toolchains/gnu_arm/4.7_2013q1/bin/../lib/gcc/arm-none-eabi/4.7.3/armv6-m\libgcc.a(_clzsi2.o)
                              d:/siliconlabs/simplicitystudio/v2/developer/toolchains/gnu_arm/4.7_2013q1/bin/../lib/gcc/arm-none-eabi/4.7.3/armv6-m\libgcc.a(addsf3.o) (__clzsi2)
d:/siliconlabs/simplicitystudio/v2/developer/toolchains/gnu_arm/4.7_2013q1/bin/../lib/gcc/arm-none-eabi/4.7.3/armv6-m\libgcc.a(_divdi3.o)
[...]
Memory Configuration

Name             Origin             Length             Attributes
FLASH            0x00000800         0x00007800         xr
RAM              0x20000000         0x00001000         xrw
*default*        0x00000000         0xffffffff

Linker script and memory map

LOAD d:/siliconlabs/simplicitystudio/v2/developer/toolchains/gnu_arm/4.7_2013q1/bin/../lib/gcc/arm-none-eabi/4.7.3/armv6-m/crti.o
LOAD d:/siliconlabs/simplicitystudio/v2/developer/toolchains/gnu_arm/4.7_2013q1/bin/../lib/gcc/arm-none-eabi/4.7.3/armv6-m/crtbegin.o
LOAD d:/siliconlabs/simplicitystudio/v2/developer/toolchains/gnu_arm/4.7_2013q1/bin/../lib/gcc/arm-none-eabi/4.7.3/../../../../arm-none-eabi/lib/armv6-m/crt0.o
LOAD ./src/HMC5883L.o
LOAD ./src/MPU6050.o
LOAD ./src/RTC_.o
LOAD ./src/i2c_connection.o
LOAD ./src/inv_mpu.o
LOAD ./src/inv_mpu_dmp_motion_driver.o
LOAD ./src/main.o
LOAD ./src/uart_connection.o
LOAD ./emlib/em_acmp.o
LOAD ./emlib/em_adc.o
LOAD ./emlib/em_aes.o
LOAD ./emlib/em_assert.o
LOAD ./emlib/em_burtc.o
LOAD ./emlib/em_cmu.o
LOAD ./emlib/em_dac.o
LOAD ./emlib/em_dbg.o
LOAD ./emlib/em_dma.o
LOAD ./emlib/em_ebi.o
LOAD ./emlib/em_emu.o
LOAD ./emlib/em_gpio.o
LOAD ./emlib/em_i2c.o
LOAD ./emlib/em_idac.o
LOAD ./emlib/em_int.o
LOAD ./emlib/em_lcd.o
LOAD ./emlib/em_lesense.o
LOAD ./emlib/em_letimer.o
LOAD ./emlib/em_leuart.o
LOAD ./emlib/em_mpu.o
LOAD ./emlib/em_msc.o
LOAD ./emlib/em_opamp.o
LOAD ./emlib/em_pcnt.o
LOAD ./emlib/em_prs.o
LOAD ./emlib/em_rmu.o
LOAD ./emlib/em_rtc.o
LOAD ./emlib/em_system.o
LOAD ./emlib/em_timer.o
LOAD ./emlib/em_usart.o
LOAD ./emlib/em_vcmp.o
LOAD ./emlib/em_wdog.o
LOAD ./CMSIS/efm32zg/startup_gcc_efm32zg.o
LOAD ./CMSIS/efm32zg/system_efm32zg.o
START GROUP
LOAD d:/siliconlabs/simplicitystudio/v2/developer/toolchains/gnu_arm/4.7_2013q1/bin/../lib/gcc/arm-none-eabi/4.7.3/armv6-m\libgcc.a
LOAD d:/siliconlabs/simplicitystudio/v2/developer/toolchains/gnu_arm/4.7_2013q1/bin/../lib/gcc/arm-none-eabi/4.7.3/../../../../arm-none-eabi/lib/armv6-m\libc_s.a
LOAD d:/siliconlabs/simplicitystudio/v2/developer/toolchains/gnu_arm/4.7_2013q1/bin/../lib/gcc/arm-none-eabi/4.7.3/../../../../arm-none-eabi/lib/armv6-m\libnosys.a
END GROUP
START GROUP
LOAD d:/siliconlabs/simplicitystudio/v2/developer/toolchains/gnu_arm/4.7_2013q1/bin/../lib/gcc/arm-none-eabi/4.7.3/armv6-m\libgcc.a
LOAD d:/siliconlabs/simplicitystudio/v2/developer/toolchains/gnu_arm/4.7_2013q1/bin/../lib/gcc/arm-none-eabi/4.7.3/../../../../arm-none-eabi/lib/armv6-m\libc_s.a
END GROUP
LOAD d:/siliconlabs/simplicitystudio/v2/developer/toolchains/gnu_arm/4.7_2013q1/bin/../lib/gcc/arm-none-eabi/4.7.3/armv6-m/crtend.o
LOAD d:/siliconlabs/simplicitystudio/v2/developer/toolchains/gnu_arm/4.7_2013q1/bin/../lib/gcc/arm-none-eabi/4.7.3/armv6-m/crtn.o

.text           0x00000800     0x5b0c
 *(.isr_vector)
 .isr_vector    0x00000800      0x100 ./CMSIS/efm32zg/startup_gcc_efm32zg.o
                0x00000800                __isr_vector
 *(.text*)
 .text          0x00000900       0x60 d:/siliconlabs/simplicitystudio/v2/developer/toolchains/gnu_arm/4.7_2013q1/bin/../lib/gcc/arm-none-eabi/4.7.3/armv6-m/crtbegin.o
 .text          0x00000960       0x74 d:/siliconlabs/simplicitystudio/v2/developer/toolchains/gnu_arm/4.7_2013q1/bin/../lib/gcc/arm-none-eabi/4.7.3/../../../../arm-none-eabi/lib/armv6-m/crt0.o
                0x00000960                _start
                0x00000960                start
                0x00000960                _mainCRTStartup
 .text.HMC5883L_init
                0x000009d4       0x78 ./src/HMC5883L.o
                0x000009d4                HMC5883L_init
 .text.HMC5883L_getCompassData
                0x00000a4c       0x40 ./src/HMC5883L.o
                0x00000a4c                HMC5883L_getCompassData
 .text.android_orient_cb
                0x00000a8c       0x40 ./src/MPU6050.o
 .text.inv_row_2_scale
                0x00000acc       0x36 ./src/MPU6050.o
 *fill*         0x00000b02        0x2 00
 .text.tap_cb   0x00000b04       0x4c ./src/MPU6050.o
 .text.MPU6050_init
                0x00000b50       0xac ./src/MPU6050.o
                0x00000b50                MPU6050_init
 .text.MPU6050_config_register
                0x00000bfc       0x2c ./src/MPU6050.o
                0x00000bfc                MPU6050_config_register
 .text.startLfxoForRtc
                0x00000c28       0x34 ./src/RTC_.o
                0x00000c28                startLfxoForRtc
 .text.setupRtc
                0x00000c5c       0x4c ./src/RTC_.o
                0x00000c5c                setupRtc
 .text.disableRtcInterrupts
                0x00000ca8       0x1c ./src/RTC_.o
                0x00000ca8                disableRtcInterrupts
 .text.enableRtcInterrupts
                0x00000cc4       0x1c ./src/RTC_.o
                0x00000cc4                enableRtcInterrupts
 .text.initI2C_Master
                0x00000ce0       0x84 ./src/i2c_connection.o
                0x00000ce0                initI2C_Master
 .text.enableI2cSlaveInterrupts
                0x00000d64       0x20 ./src/i2c_connection.o
                0x00000d64                enableI2cSlaveInterrupts
 .text.initI2C_Slave
                0x00000d84       0x7c ./src/i2c_connection.o
                0x00000d84                initI2C_Slave
 .text.disableI2cSlaveInterrupts
                0x00000e00       0x28 ./src/i2c_connection.o
                0x00000e00                disableI2cSlaveInterrupts
 .text.I2C0_IRQHandler
                0x00000e28      0x138 ./src/i2c_connection.o
                0x00000e28                I2C0_IRQHandler
 .text.i2c_RegisterGet
                0x00000f60       0x68 ./src/i2c_connection.o
                0x00000f60                i2c_RegisterGet
 .text.i2c_RegisterSet
                0x00000fc8       0x60 ./src/i2c_connection.o
                0x00000fc8                i2c_RegisterSet
 .text.i2c_Register_Write_Block
                0x00001028       0x64 ./src/i2c_connection.o
                0x00001028                i2c_Register_Write_Block
 .text.i2c_Detect
                0x0000108c       0x58 ./src/i2c_connection.o
                0x0000108c                i2c_Detect
 .text.i2c_Scan
                0x000010e4       0x38 ./src/i2c_connection.o
                0x000010e4                i2c_Scan
 .text.i2c_Register_Read_Block
                0x0000111c       0x64 ./src/i2c_connection.o
                0x0000111c                i2c_Register_Read_Block
 .text.i2c_write.part.0
                0x00001180       0x18 ./src/inv_mpu.o
 .text.i2c_read.part.2
                0x00001198       0x24 ./src/inv_mpu.o
 .text.set_int_enable
                0x000011bc       0x68 ./src/inv_mpu.o
 .text.i2c_write
                0x00001224       0x2c ./src/inv_mpu.o
                0x00001224                i2c_write
 .text.i2c_read
                0x00001250       0x2c ./src/inv_mpu.o
                0x00001250                i2c_read
 .text.delay_ms
                0x0000127c       0x3c ./src/inv_mpu.o
                0x0000127c                delay_ms
 .text.mpu_get_gyro_reg
                0x000012b8       0x50 ./src/inv_mpu.o
                0x000012b8                mpu_get_gyro_reg
 .text.mpu_get_accel_reg
                0x00001308       0x4c ./src/inv_mpu.o
                0x00001308                mpu_get_accel_reg
 .text.mpu_reset_fifo
                0x00001354      0x110 ./src/inv_mpu.o
                0x00001354                mpu_reset_fifo
 .text.mpu_set_gyro_fsr
                0x00001464       0x6c ./src/inv_mpu.o
                0x00001464                mpu_set_gyro_fsr
 .text.mpu_get_accel_fsr
                0x000014d0       0x40 ./src/inv_mpu.o
                0x000014d0                mpu_get_accel_fsr
 .text.mpu_set_accel_fsr
                0x00001510       0x60 ./src/inv_mpu.o
                0x00001510                mpu_set_accel_fsr
 .text.mpu_set_lpf
                0x00001570       0x5c ./src/inv_mpu.o
                0x00001570                mpu_set_lpf
 .text.mpu_configure_fifo
                0x000015cc       0x5c ./src/inv_mpu.o
                0x000015cc                mpu_configure_fifo
 .text.mpu_read_fifo_stream
                0x00001628       0xa0 ./src/inv_mpu.o
                0x00001628                mpu_read_fifo_stream
 .text.mpu_set_bypass
                0x000016c8       0xbc ./src/inv_mpu.o
                0x000016c8                mpu_set_bypass
 .text.mpu_set_int_latched
                0x00001784       0x58 ./src/inv_mpu.o
                0x00001784                mpu_set_int_latched
 .text.mpu_set_sensors
                0x000017dc       0x94 ./src/inv_mpu.o
                0x000017dc                mpu_set_sensors
 .text.mpu_lp_accel_mode
                0x00001870       0xa0 ./src/inv_mpu.o
                0x00001870                mpu_lp_accel_mode
 .text.mpu_set_sample_rate
                0x00001910       0x88 ./src/inv_mpu.o
                0x00001910                mpu_set_sample_rate
 .text.mpu_init
                0x00001998       0xbc ./src/inv_mpu.o
                0x00001998                mpu_init
 .text.mpu_write_mem
                0x00001a54       0x58 ./src/inv_mpu.o
                0x00001a54                mpu_write_mem
 .text.mpu_read_mem
                0x00001aac       0x58 ./src/inv_mpu.o
                0x00001aac                mpu_read_mem
 .text.mpu_load_firmware
                0x00001b04       0xa0 ./src/inv_mpu.o
                0x00001b04                mpu_load_firmware
 .text.mpu_set_dmp_state
                0x00001ba4       0x74 ./src/inv_mpu.o
                0x00001ba4                mpu_set_dmp_state
 .text.dmp_enable_gyro_cal.part.0
                0x00001c18       0x24 ./src/inv_mpu_dmp_motion_driver.o
 .text.dmp_load_motion_driver_firmware
                0x00001c3c       0x1c ./src/inv_mpu_dmp_motion_driver.o
                0x00001c3c                dmp_load_motion_driver_firmware
 .text.dmp_set_orientation
                0x00001c58      0x11c ./src/inv_mpu_dmp_motion_driver.o
                0x00001c58                dmp_set_orientation
 .text.dmp_set_fifo_rate
                0x00001d74       0x64 ./src/inv_mpu_dmp_motion_driver.o
                0x00001d74                dmp_set_fifo_rate
 .text.dmp_get_fifo_rate
                0x00001dd8       0x10 ./src/inv_mpu_dmp_motion_driver.o
                0x00001dd8                dmp_get_fifo_rate
 .text.dmp_set_tap_thresh
                0x00001de8      0x144 ./src/inv_mpu_dmp_motion_driver.o
                0x00001de8                dmp_set_tap_thresh
 .text.dmp_set_tap_axes
                0x00001f2c       0x36 ./src/inv_mpu_dmp_motion_driver.o
                0x00001f2c                dmp_set_tap_axes
 *fill*         0x00001f62        0x2 00
 .text.dmp_set_tap_count
                0x00001f64       0x28 ./src/inv_mpu_dmp_motion_driver.o
                0x00001f64                dmp_set_tap_count
 .text.dmp_set_tap_time
                0x00001f8c       0x1e ./src/inv_mpu_dmp_motion_driver.o
                0x00001f8c                dmp_set_tap_time
 .text.dmp_set_tap_time_multi
                0x00001faa       0x1e ./src/inv_mpu_dmp_motion_driver.o
                0x00001faa                dmp_set_tap_time_multi
 .text.dmp_set_shake_reject_thresh
                0x00001fc8       0x2c ./src/inv_mpu_dmp_motion_driver.o
                0x00001fc8                dmp_set_shake_reject_thresh
 .text.dmp_set_shake_reject_time
                0x00001ff4       0x1e ./src/inv_mpu_dmp_motion_driver.o
                0x00001ff4                dmp_set_shake_reject_time
 .text.dmp_set_shake_reject_timeout
                0x00002012       0x1e ./src/inv_mpu_dmp_motion_driver.o
                0x00002012                dmp_set_shake_reject_timeout
 .text.dmp_get_pedometer_step_count
                0x00002030       0x36 ./src/inv_mpu_dmp_motion_driver.o
                0x00002030                dmp_get_pedometer_step_count
 .text.dmp_set_pedometer_step_count
                0x00002066       0x1e ./src/inv_mpu_dmp_motion_driver.o
                0x00002066                dmp_set_pedometer_step_count
 .text.dmp_get_pedometer_walk_time
                0x00002084       0x3a ./src/inv_mpu_dmp_motion_driver.o
                0x00002084                dmp_get_pedometer_walk_time
 .text.dmp_set_pedometer_walk_time
                0x000020be       0x24 ./src/inv_mpu_dmp_motion_driver.o
                0x000020be                dmp_set_pedometer_walk_time
 *fill*         0x000020e2        0x2 00
 .text.dmp_enable_gyro_cal
                0x000020e4       0x2c ./src/inv_mpu_dmp_motion_driver.o
                0x000020e4                dmp_enable_gyro_cal
 .text.dmp_enable_lp_quat
                0x00002110       0x38 ./src/inv_mpu_dmp_motion_driver.o
                0x00002110                dmp_enable_lp_quat
 .text.dmp_enable_6x_lp_quat
                0x00002148       0x38 ./src/inv_mpu_dmp_motion_driver.o
                0x00002148                dmp_enable_6x_lp_quat
 .text.dmp_enable_feature
                0x00002180      0x1b4 ./src/inv_mpu_dmp_motion_driver.o
                0x00002180                dmp_enable_feature
 .text.dmp_set_interrupt_mode
                0x00002334       0x4c ./src/inv_mpu_dmp_motion_driver.o
                0x00002334                dmp_set_interrupt_mode
 .text.dmp_read_fifo
                0x00002380      0x194 ./src/inv_mpu_dmp_motion_driver.o
                0x00002380                dmp_read_fifo
 .text.dmp_register_tap_cb
                0x00002514        0xc ./src/inv_mpu_dmp_motion_driver.o
                0x00002514                dmp_register_tap_cb
 .text.dmp_register_android_orient_cb
                0x00002520        0xc ./src/inv_mpu_dmp_motion_driver.o
                0x00002520                dmp_register_android_orient_cb
 .text.initOscillators
                0x0000252c       0x28 ./src/main.o
                0x0000252c                initOscillators
 .text.clockTest_short
                0x00002554       0x30 ./src/main.o
                0x00002554                clockTest_short
 .text.detectSensors
                0x00002584      0x118 ./src/main.o
                0x00002584                detectSensors
 .text.initSensors
                0x0000269c       0xa0 ./src/main.o
                0x0000269c                initSensors
 .text.forceRhMeasurment
                0x0000273c       0x5c ./src/main.o
                0x0000273c                forceRhMeasurment
 .text.readHumidityAndTemperature
                0x00002798      0x104 ./src/main.o
                0x00002798                readHumidityAndTemperature
 .text.forceAmbientLightMeasurment
                0x0000289c       0x14 ./src/main.o
                0x0000289c                forceAmbientLightMeasurment
 .text.readAmbientLight
                0x000028b0       0x84 ./src/main.o
                0x000028b0                readAmbientLight
 .text.bmp085GetTemperature
                0x00002934       0x48 ./src/main.o
                0x00002934                bmp085GetTemperature
 .text.bmp085GetPressure
                0x0000297c       0xc0 ./src/main.o
                0x0000297c                bmp085GetPressure
 .text.forceTemperatureMesurementBMP085
                0x00002a3c       0x14 ./src/main.o
                0x00002a3c                forceTemperatureMesurementBMP085
 .text.readTemperatureBMP085
                0x00002a50       0x48 ./src/main.o
                0x00002a50                readTemperatureBMP085
 .text.forcePressureMeasurmentBMP085
                0x00002a98       0x14 ./src/main.o
                0x00002a98                forcePressureMeasurmentBMP085
 .text.readPressureBMP085
                0x00002aac       0x44 ./src/main.o
                0x00002aac                readPressureBMP085
 .text.parse_received_message
                0x00002af0       0x4c ./src/main.o
                0x00002af0                parse_received_message
 .text.RTC_IRQHandler
                0x00002b3c      0x464 ./src/main.o
                0x00002b3c                RTC_IRQHandler
 .text.startup.main
                0x00002fa0       0x88 ./src/main.o
                0x00002fa0                main
 .text.initUART
                0x00003028       0x74 ./src/uart_connection.o
                0x00003028                initUART
 .text.uart_sendChar
                0x0000309c        0x2 ./src/uart_connection.o
                0x0000309c                uart_sendChar
 .text.uart_sendText
                0x0000309e        0x2 ./src/uart_connection.o
                0x0000309e                uart_sendText
 .text.CMU_FlashWaitStateMax
                0x000030a0       0x20 ./emlib/em_cmu.o
 .text.CMU_FlashWaitStateControl
                0x000030c0       0x38 ./emlib/em_cmu.o
 .text.CMU_AUXClkGet
                0x000030f8       0x60 ./emlib/em_cmu.o
 .text.CMU_Sync
                0x00003158       0x18 ./emlib/em_cmu.o
 .text.CMU_LFClkGet
                0x00003170       0x48 ./emlib/em_cmu.o
 .text.CMU_ClockEnable
                0x000031b8       0x74 ./emlib/em_cmu.o
                0x000031b8                CMU_ClockEnable
 .text.CMU_ClockSelectGet
                0x0000322c       0x98 ./emlib/em_cmu.o
                0x0000322c                CMU_ClockSelectGet
 .text.CMU_ClockFreqGet
                0x000032c4       0xbc ./emlib/em_cmu.o
                0x000032c4                CMU_ClockFreqGet
 .text.CMU_OscillatorEnable
                0x00003380       0x50 ./emlib/em_cmu.o
                0x00003380                CMU_OscillatorEnable
 .text.CMU_ClockSelectSet
                0x000033d0       0xdc ./emlib/em_cmu.o
                0x000033d0                CMU_ClockSelectSet
 .text.DMA_IRQHandler
                0x000034ac       0x7c ./emlib/em_dma.o
                0x000034ac                DMA_IRQHandler
 .text.EMU_Restore
                0x00003528       0x80 ./emlib/em_emu.o
 .text.EMU_EnterEM2
                0x000035a8       0x38 ./emlib/em_emu.o
                0x000035a8                EMU_EnterEM2
 .text.EMU_UpdateOscConfig
                0x000035e0       0x14 ./emlib/em_emu.o
                0x000035e0                EMU_UpdateOscConfig
 .text.GPIO_PinModeSet
                0x000035f4       0x8c ./emlib/em_gpio.o
                0x000035f4                GPIO_PinModeSet
 .text.I2C_BusFreqSet
                0x00003680       0x54 ./emlib/em_i2c.o
                0x00003680                I2C_BusFreqSet
 .text.I2C_Init
                0x000036d4       0x3c ./emlib/em_i2c.o
                0x000036d4                I2C_Init
 .text.I2C_Transfer
                0x00003710      0x230 ./emlib/em_i2c.o
                0x00003710                I2C_Transfer
 .text.I2C_TransferInit
                0x00003940       0x6c ./emlib/em_i2c.o
                0x00003940                I2C_TransferInit
 .text.RTC_CompareSet
                0x000039ac       0x1c ./emlib/em_rtc.o
                0x000039ac                RTC_CompareSet
 .text.RTC_Init
                0x000039c8       0x24 ./emlib/em_rtc.o
                0x000039c8                RTC_Init
 .text.USART_BaudrateAsyncSet
                0x000039ec       0x64 ./emlib/em_usart.o
                0x000039ec                USART_BaudrateAsyncSet
 .text.USART_Enable
                0x00003a50        0xc ./emlib/em_usart.o
                0x00003a50                USART_Enable
 .text.USART_Reset
                0x00003a5c       0x40 ./emlib/em_usart.o
                0x00003a5c                USART_Reset
 .text.USART_InitAsync
                0x00003a9c       0x46 ./emlib/em_usart.o
                0x00003a9c                USART_InitAsync
 *fill*         0x00003ae2        0x2 00
 .text          0x00003ae4       0x60 ./CMSIS/efm32zg/startup_gcc_efm32zg.o
                0x00003ae4                Reset_Handler
                0x00003b14                Default_Handler
                0x00003b16                NMI_Handler
                0x00003b18                HardFault_Handler
                0x00003b1a                SVC_Handler
                0x00003b1c                PendSV_Handler
                0x00003b1e                SysTick_Handler
                0x00003b22                GPIO_EVEN_IRQHandler
                0x00003b24                TIMER0_IRQHandler
                0x00003b26                ACMP0_IRQHandler
                0x00003b28                ADC0_IRQHandler
                0x00003b2c                GPIO_ODD_IRQHandler
                0x00003b2e                TIMER1_IRQHandler
                0x00003b30                USART1_RX_IRQHandler
                0x00003b32                USART1_TX_IRQHandler
                0x00003b34                LEUART0_IRQHandler
                0x00003b36                PCNT0_IRQHandler
                0x00003b3a                CMU_IRQHandler
                0x00003b3c                VCMP_IRQHandler
                0x00003b3e                MSC_IRQHandler
                0x00003b40                AES_IRQHandler
 .text.SystemHFClockGet
                0x00003b44       0x9c ./CMSIS/efm32zg/system_efm32zg.o
                0x00003b44                SystemHFClockGet
 .text.SystemCoreClockGet
                0x00003be0       0x20 ./CMSIS/efm32zg/system_efm32zg.o
                0x00003be0                SystemCoreClockGet
 .text.SystemInit
                0x00003c00        0x2 ./CMSIS/efm32zg/system_efm32zg.o
                0x00003c00                SystemInit
 .text.SystemLFRCOClockGet
                0x00003c02        0x6 ./CMSIS/efm32zg/system_efm32zg.o
                0x00003c02                SystemLFRCOClockGet
 .text.SystemULFRCOClockGet
                0x00003c08        0x6 ./CMSIS/efm32zg/system_efm32zg.o
                0x00003c08                SystemULFRCOClockGet
 *fill*         0x00003c0e        0x2 00
 .text.SystemLFXOClockGet
                0x00003c10        0xc ./CMSIS/efm32zg/system_efm32zg.o
                0x00003c10                SystemLFXOClockGet
 .text          0x00003c1c       0x14 d:/siliconlabs/simplicitystudio/v2/developer/toolchains/gnu_arm/4.7_2013q1/bin/../lib/gcc/arm-none-eabi/4.7.3/armv6-m\libgcc.a(_thumb1_case_uqi.o)
                0x00003c1c                __gnu_thumb1_case_uqi
 .text          0x00003c30       0x9c d:/siliconlabs/simplicitystudio/v2/developer/toolchains/gnu_arm/4.7_2013q1/bin/../lib/gcc/arm-none-eabi/4.7.3/armv6-m\libgcc.a(_udivsi3.o)
                0x00003c30                __aeabi_uidiv
                0x00003c30                __udivsi3
                0x00003cb8                __aeabi_uidivmod
 .text          0x00003ccc       0xc0 d:/siliconlabs/simplicitystudio/v2/developer/toolchains/gnu_arm/4.7_2013q1/bin/../lib/gcc/arm-none-eabi/4.7.3/armv6-m\libgcc.a(_divsi3.o)
                0x00003ccc                __divsi3
                0x00003ccc                __aeabi_idiv
                0x00003d78                __aeabi_idivmod
 .text          0x00003d8c        0x4 d:/siliconlabs/simplicitystudio/v2/developer/toolchains/gnu_arm/4.7_2013q1/bin/../lib/gcc/arm-none-eabi/4.7.3/armv6-m\libgcc.a(_dvmd_tls.o)
                0x00003d8c                __aeabi_idiv0
                0x00003d8c                __aeabi_ldiv0
 .text          0x00003d90       0x74 d:/siliconlabs/simplicitystudio/v2/developer/toolchains/gnu_arm/4.7_2013q1/bin/../lib/gcc/arm-none-eabi/4.7.3/armv6-m\libgcc.a(_arm_cmpsf2.o)
                0x00003d90                __aeabi_cfrcmple
                0x00003d98                __aeabi_cfcmpeq
                0x00003d98                __aeabi_cfcmple
                0x00003da8                __aeabi_fcmpeq
                0x00003db4                __aeabi_fcmplt
                0x00003dc8                __aeabi_fcmple
                0x00003ddc                __aeabi_fcmpgt
                0x00003df0                __aeabi_fcmpge
 .text          0x00003e04       0x30 d:/siliconlabs/simplicitystudio/v2/developer/toolchains/gnu_arm/4.7_2013q1/bin/../lib/gcc/arm-none-eabi/4.7.3/armv6-m\libgcc.a(_fixunssfsi.o)
                0x00003e04                __fixunssfsi
                0x00003e04                __aeabi_f2uiz
 .text          0x00003e34      0x274 d:/siliconlabs/simplicitystudio/v2/developer/toolchains/gnu_arm/4.7_2013q1/bin/../lib/gcc/arm-none-eabi/4.7.3/armv6-m\libgcc.a(divsf3.o)
                0x00003e34                __aeabi_fdiv
 .text          0x000040a8       0x50 d:/siliconlabs/simplicitystudio/v2/developer/toolchains/gnu_arm/4.7_2013q1/bin/../lib/gcc/arm-none-eabi/4.7.3/armv6-m\libgcc.a(eqsf2.o)
                0x000040a8                __eqsf2
                0x000040a8                __nesf2
 .text          0x000040f8       0x90 d:/siliconlabs/simplicitystudio/v2/developer/toolchains/gnu_arm/4.7_2013q1/bin/../lib/gcc/arm-none-eabi/4.7.3/armv6-m\libgcc.a(gesf2.o)
                0x000040f8                __gesf2
                0x000040f8                __gtsf2
 .text          0x00004188       0x90 d:/siliconlabs/simplicitystudio/v2/developer/toolchains/gnu_arm/4.7_2013q1/bin/../lib/gcc/arm-none-eabi/4.7.3/armv6-m\libgcc.a(lesf2.o)
                0x00004188                __ltsf2
                0x00004188                __lesf2
 .text          0x00004218      0x260 d:/siliconlabs/simplicitystudio/v2/developer/toolchains/gnu_arm/4.7_2013q1/bin/../lib/gcc/arm-none-eabi/4.7.3/armv6-m\libgcc.a(mulsf3.o)
                0x00004218                __aeabi_fmul
 .text          0x00004478      0x3b4 d:/siliconlabs/simplicitystudio/v2/developer/toolchains/gnu_arm/4.7_2013q1/bin/../lib/gcc/arm-none-eabi/4.7.3/armv6-m\libgcc.a(subsf3.o)
                0x00004478                __aeabi_fsub
 .text          0x0000482c       0x40 d:/siliconlabs/simplicitystudio/v2/developer/toolchains/gnu_arm/4.7_2013q1/bin/../lib/gcc/arm-none-eabi/4.7.3/armv6-m\libgcc.a(fixsfsi.o)
                0x0000482c                __aeabi_f2iz
 .text          0x0000486c       0xa8 d:/siliconlabs/simplicitystudio/v2/developer/toolchains/gnu_arm/4.7_2013q1/bin/../lib/gcc/arm-none-eabi/4.7.3/armv6-m\libgcc.a(floatunsisf.o)
                0x0000486c                __aeabi_ui2f
 .text          0x00004914       0x3c d:/siliconlabs/simplicitystudio/v2/developer/toolchains/gnu_arm/4.7_2013q1/bin/../lib/gcc/arm-none-eabi/4.7.3/armv6-m\libgcc.a(_clzsi2.o)
                0x00004914                __clzsi2
 .text.__register_exitproc
                0x00004950       0x18 d:/siliconlabs/simplicitystudio/v2/developer/toolchains/gnu_arm/4.7_2013q1/bin/../lib/gcc/arm-none-eabi/4.7.3/../../../../arm-none-eabi/lib/armv6-m\libc_s.a(lib_a-__atexit2.o)
                0x00004950                __register_exitproc
 .text.exit     0x00004968       0x30 d:/siliconlabs/simplicitystudio/v2/developer/toolchains/gnu_arm/4.7_2013q1/bin/../lib/gcc/arm-none-eabi/4.7.3/../../../../arm-none-eabi/lib/armv6-m\libc_s.a(lib_a-exit.o)
                0x00004968                exit
 .text.__libc_fini_array
                0x00004998       0x2c d:/siliconlabs/simplicitystudio/v2/developer/toolchains/gnu_arm/4.7_2013q1/bin/../lib/gcc/arm-none-eabi/4.7.3/../../../../arm-none-eabi/lib/armv6-m\libc_s.a(lib_a-fini.o)
                0x00004998                __libc_fini_array
 .text.__libc_init_array
                0x000049c4       0x4c d:/siliconlabs/simplicitystudio/v2/developer/toolchains/gnu_arm/4.7_2013q1/bin/../lib/gcc/arm-none-eabi/4.7.3/../../../../arm-none-eabi/lib/armv6-m\libc_s.a(lib_a-init.o)
                0x000049c4                __libc_init_array
 .text.memcmp   0x00004a10       0x1e d:/siliconlabs/simplicitystudio/v2/developer/toolchains/gnu_arm/4.7_2013q1/bin/../lib/gcc/arm-none-eabi/4.7.3/../../../../arm-none-eabi/lib/armv6-m\libc_s.a(lib_a-memcmp.o)
                0x00004a10                memcmp
 .text.memcpy   0x00004a2e       0x12 d:/siliconlabs/simplicitystudio/v2/developer/toolchains/gnu_arm/4.7_2013q1/bin/../lib/gcc/arm-none-eabi/4.7.3/../../../../arm-none-eabi/lib/armv6-m\libc_s.a(lib_a-memcpy.o)
                0x00004a2e                memcpy
 .text.memset   0x00004a40       0x12 d:/siliconlabs/simplicitystudio/v2/developer/toolchains/gnu_arm/4.7_2013q1/bin/../lib/gcc/arm-none-eabi/4.7.3/../../../../arm-none-eabi/lib/armv6-m\libc_s.a(lib_a-memset.o)
                0x00004a40                memset
 *fill*         0x00004a52        0x2 00
 .text.sprintf  0x00004a54       0x44 d:/siliconlabs/simplicitystudio/v2/developer/toolchains/gnu_arm/4.7_2013q1/bin/../lib/gcc/arm-none-eabi/4.7.3/../../../../arm-none-eabi/lib/armv6-m\libc_s.a(lib_a-sprintf.o)
                0x00004a54                siprintf
                0x00004a54                sprintf
 .text.__ssputc_r
                0x00004a98       0xb0 d:/siliconlabs/simplicitystudio/v2/developer/toolchains/gnu_arm/4.7_2013q1/bin/../lib/gcc/arm-none-eabi/4.7.3/../../../../arm-none-eabi/lib/armv6-m\libc_s.a(lib_a-svfprintf.o)
                0x00004a98                __ssputc_r
 .text._svfprintf_r
                0x00004b48      0x1f8 d:/siliconlabs/simplicitystudio/v2/developer/toolchains/gnu_arm/4.7_2013q1/bin/../lib/gcc/arm-none-eabi/4.7.3/../../../../arm-none-eabi/lib/armv6-m\libc_s.a(lib_a-svfprintf.o)
                0x00004b48                _svfiprintf_r
                0x00004b48                _svfprintf_r
 .text._printf_common
                0x00004d40       0xe0 d:/siliconlabs/simplicitystudio/v2/developer/toolchains/gnu_arm/4.7_2013q1/bin/../lib/gcc/arm-none-eabi/4.7.3/../../../../arm-none-eabi/lib/armv6-m\libc_s.a(lib_a-vfprintf_i.o)
                0x00004d40                _printf_common
 .text._printf_i
                0x00004e20      0x234 d:/siliconlabs/simplicitystudio/v2/developer/toolchains/gnu_arm/4.7_2013q1/bin/../lib/gcc/arm-none-eabi/4.7.3/../../../../arm-none-eabi/lib/armv6-m\libc_s.a(lib_a-vfprintf_i.o)
                0x00004e20                _printf_i
 .text._free_r  0x00005054       0x90 d:/siliconlabs/simplicitystudio/v2/developer/toolchains/gnu_arm/4.7_2013q1/bin/../lib/gcc/arm-none-eabi/4.7.3/../../../../arm-none-eabi/lib/armv6-m\libc_s.a(lib_a-freer.o)
                0x00005054                _free_r
 .text._malloc_r
                0x000050e4       0x94 d:/siliconlabs/simplicitystudio/v2/developer/toolchains/gnu_arm/4.7_2013q1/bin/../lib/gcc/arm-none-eabi/4.7.3/../../../../arm-none-eabi/lib/armv6-m\libc_s.a(lib_a-mallocr.o)
                0x000050e4                _malloc_r
 .text.memchr   0x00005178       0x18 d:/siliconlabs/simplicitystudio/v2/developer/toolchains/gnu_arm/4.7_2013q1/bin/../lib/gcc/arm-none-eabi/4.7.3/../../../../arm-none-eabi/lib/armv6-m\libc_s.a(lib_a-memchr.o)
                0x00005178                memchr
 .text._realloc_r
                0x00005190       0x4c d:/siliconlabs/simplicitystudio/v2/developer/toolchains/gnu_arm/4.7_2013q1/bin/../lib/gcc/arm-none-eabi/4.7.3/../../../../arm-none-eabi/lib/armv6-m\libc_s.a(lib_a-reallocr.o)
                0x00005190                _realloc_r
 .text._sbrk_r  0x000051dc       0x24 d:/siliconlabs/simplicitystudio/v2/developer/toolchains/gnu_arm/4.7_2013q1/bin/../lib/gcc/arm-none-eabi/4.7.3/../../../../arm-none-eabi/lib/armv6-m\libc_s.a(lib_a-sbrkr.o)
                0x000051dc                _sbrk_r
 .text.strlen   0x00005200        0xe d:/siliconlabs/simplicitystudio/v2/developer/toolchains/gnu_arm/4.7_2013q1/bin/../lib/gcc/arm-none-eabi/4.7.3/../../../../arm-none-eabi/lib/armv6-m\libc_s.a(lib_a-strlen.o)
                0x00005200                strlen
 .text._malloc_usable_size_r
                0x0000520e       0x14 d:/siliconlabs/simplicitystudio/v2/developer/toolchains/gnu_arm/4.7_2013q1/bin/../lib/gcc/arm-none-eabi/4.7.3/../../../../arm-none-eabi/lib/armv6-m\libc_s.a(lib_a-msizer.o)
                0x0000520e                _malloc_usable_size_r
 *fill*         0x00005222        0x2 00
 .text._sbrk    0x00005224       0x38 d:/siliconlabs/simplicitystudio/v2/developer/toolchains/gnu_arm/4.7_2013q1/bin/../lib/gcc/arm-none-eabi/4.7.3/../../../../arm-none-eabi/lib/armv6-m\libnosys.a(sbrk.o)
                0x00005224                _sbrk
 .text._exit    0x0000525c        0x4 d:/siliconlabs/simplicitystudio/v2/developer/toolchains/gnu_arm/4.7_2013q1/bin/../lib/gcc/arm-none-eabi/4.7.3/../../../../arm-none-eabi/lib/armv6-m\libnosys.a(_exit.o)
                0x0000525c                _exit
 *(.init)
 .init          0x00005260        0x4 d:/siliconlabs/simplicitystudio/v2/developer/toolchains/gnu_arm/4.7_2013q1/bin/../lib/gcc/arm-none-eabi/4.7.3/armv6-m/crti.o
                0x00005260                _init
 .init          0x00005264        0x8 d:/siliconlabs/simplicitystudio/v2/developer/toolchains/gnu_arm/4.7_2013q1/bin/../lib/gcc/arm-none-eabi/4.7.3/armv6-m/crtn.o
 *(.fini)
 .fini          0x0000526c        0x4 d:/siliconlabs/simplicitystudio/v2/developer/toolchains/gnu_arm/4.7_2013q1/bin/../lib/gcc/arm-none-eabi/4.7.3/armv6-m/crti.o
                0x0000526c                _fini
 .fini          0x00005270        0x8 d:/siliconlabs/simplicitystudio/v2/developer/toolchains/gnu_arm/4.7_2013q1/bin/../lib/gcc/arm-none-eabi/4.7.3/armv6-m/crtn.o
 *crtbegin.o(.ctors)
 *crtbegin?.o(.ctors)
 *(EXCLUDE_FILE(*crtend.o *crtend?.o) .ctors)
 *(SORT(.ctors.*))
 *(.ctors)
 *crtbegin.o(.dtors)
 *crtbegin?.o(.dtors)
 *(EXCLUDE_FILE(*crtend.o *crtend?.o) .dtors)
 *(SORT(.dtors.*))
 *(.dtors)
 *(.rodata*)
 .rodata.str1.1
                0x00005278       0x48 ./src/MPU6050.o
 .rodata        0x000052c0        0x3 ./src/RTC_.o
 *fill*         0x000052c3        0x1 00
 .rodata        0x000052c4       0x10 ./src/i2c_connection.o
 .rodata.str1.1
                0x000052d4       0x48 ./src/i2c_connection.o
 .rodata.test   0x0000531c       0x28 ./src/inv_mpu.o
                0x0000531c                test
 .rodata.hw     0x00005344        0xc ./src/inv_mpu.o
                0x00005344                hw
 .rodata.reg    0x00005350       0x1e ./src/inv_mpu.o
                0x00005350                reg
 .rodata        0x0000536e       0x40 ./src/inv_mpu_dmp_motion_driver.o
 .rodata.dmp_memory
                0x000053ae      0xbf6 ./src/inv_mpu_dmp_motion_driver.o
 .rodata.str1.1
                0x00005fa4      0x28a ./src/main.o
                                0x2a3 (size before relaxing)
 *fill*         0x0000622e        0x2 00
 .rodata        0x00006230       0x18 ./src/uart_connection.o
 .rodata.i2cNSum
                0x00006248        0x4 ./emlib/em_i2c.o
 .rodata        0x0000624c       0x40 d:/siliconlabs/simplicitystudio/v2/developer/toolchains/gnu_arm/4.7_2013q1/bin/../lib/gcc/arm-none-eabi/4.7.3/armv6-m\libgcc.a(divsf3.o)
 .rodata        0x0000628c       0x40 d:/siliconlabs/simplicitystudio/v2/developer/toolchains/gnu_arm/4.7_2013q1/bin/../lib/gcc/arm-none-eabi/4.7.3/armv6-m\libgcc.a(mulsf3.o)
 .rodata.str1.1
                0x000062cc        0x2 d:/siliconlabs/simplicitystudio/v2/developer/toolchains/gnu_arm/4.7_2013q1/bin/../lib/gcc/arm-none-eabi/4.7.3/../../../../arm-none-eabi/lib/armv6-m\libc_s.a(lib_a-impure.o)
 *fill*         0x000062ce        0x2 00
 .rodata._global_impure_ptr
                0x000062d0        0x4 d:/siliconlabs/simplicitystudio/v2/developer/toolchains/gnu_arm/4.7_2013q1/bin/../lib/gcc/arm-none-eabi/4.7.3/../../../../arm-none-eabi/lib/armv6-m\libc_s.a(lib_a-impure.o)
                0x000062d0                _global_impure_ptr
 .rodata.str1.1
                0x000062d4       0x11 d:/siliconlabs/simplicitystudio/v2/developer/toolchains/gnu_arm/4.7_2013q1/bin/../lib/gcc/arm-none-eabi/4.7.3/../../../../arm-none-eabi/lib/armv6-m\libc_s.a(lib_a-svfprintf.o)
 .rodata.str1.1
                0x000062e5       0x22 d:/siliconlabs/simplicitystudio/v2/developer/toolchains/gnu_arm/4.7_2013q1/bin/../lib/gcc/arm-none-eabi/4.7.3/../../../../arm-none-eabi/lib/armv6-m\libc_s.a(lib_a-vfprintf_i.o)
 *(.eh_frame*)
 *fill*         0x00006307        0x1 00
 .eh_frame      0x00006308        0x0 d:/siliconlabs/simplicitystudio/v2/developer/toolchains/gnu_arm/4.7_2013q1/bin/../lib/gcc/arm-none-eabi/4.7.3/armv6-m/crtbegin.o
 .eh_frame      0x00006308        0x4 d:/siliconlabs/simplicitystudio/v2/developer/toolchains/gnu_arm/4.7_2013q1/bin/../lib/gcc/arm-none-eabi/4.7.3/armv6-m/crtend.o

.glue_7         0x0000630c        0x0
 .glue_7        0x00000000        0x0 linker stubs

.glue_7t        0x0000630c        0x0
 .glue_7t       0x00000000        0x0 linker stubs

.vfp11_veneer   0x0000630c        0x0
 .vfp11_veneer  0x00000000        0x0 linker stubs

.v4_bx          0x0000630c        0x0
 .v4_bx         0x00000000        0x0 linker stubs

.iplt           0x0000630c        0x0
 .iplt          0x00000000        0x0 d:/siliconlabs/simplicitystudio/v2/developer/toolchains/gnu_arm/4.7_2013q1/bin/../lib/gcc/arm-none-eabi/4.7.3/armv6-m/crtbegin.o

.ARM.extab
 *(.ARM.extab* .gnu.linkonce.armextab.*)
                0x0000630c                __exidx_start = .

.ARM.exidx      0x0000630c        0x8
 *(.ARM.exidx* .gnu.linkonce.armexidx.*)
 .ARM.exidx     0x0000630c        0x8 d:/siliconlabs/simplicitystudio/v2/developer/toolchains/gnu_arm/4.7_2013q1/bin/../lib/gcc/arm-none-eabi/4.7.3/../../../../arm-none-eabi/lib/armv6-m/crt0.o
                0x00006314                __exidx_end = .
                0x00006314                __etext = .

.rel.dyn        0x00006314        0x0
 .rel.iplt      0x00000000        0x0 d:/siliconlabs/simplicitystudio/v2/developer/toolchains/gnu_arm/4.7_2013q1/bin/../lib/gcc/arm-none-eabi/4.7.3/armv6-m/crtbegin.o

.data           0x20000000       0xc4 load address 0x00006314
                0x20000000                __data_start__ = .
 *(vtable)
 *(.data*)
 .data.outpRate
                0x20000000        0x1 ./src/HMC5883L.o
                0x20000000                outpRate
 .data.gainConf
                0x20000001        0x1 ./src/HMC5883L.o
                0x20000001                gainConf
 .data.gyro_orientation.8330
                0x20000002        0x9 ./src/MPU6050.o
 *fill*         0x2000000b        0x1 00
 .data.st       0x2000000c       0x2c ./src/inv_mpu.o
 .data.AC1      0x20000038        0x2 ./src/main.o
                0x20000038                AC1
 .data.AC2      0x2000003a        0x2 ./src/main.o
                0x2000003a                AC2
 .data.AC3      0x2000003c        0x2 ./src/main.o
                0x2000003c                AC3
 .data.AC4      0x2000003e        0x2 ./src/main.o
                0x2000003e                AC4
 .data.AC5      0x20000040        0x2 ./src/main.o
                0x20000040                AC5
 .data.AC6      0x20000042        0x2 ./src/main.o
                0x20000042                AC6
 .data.B1       0x20000044        0x2 ./src/main.o
                0x20000044                B1
 .data.B2       0x20000046        0x2 ./src/main.o
                0x20000046                B2
 .data.MC       0x20000048        0x2 ./src/main.o
                0x20000048                MC
 .data.MD       0x2000004a        0x2 ./src/main.o
                0x2000004a                MD
 .data.SystemLFXOClock
                0x2000004c        0x4 ./CMSIS/efm32zg/system_efm32zg.o
 .data.SystemHFXOClock
                0x20000050        0x4 ./CMSIS/efm32zg/system_efm32zg.o
 .data.impure_data
                0x20000054       0x64 d:/siliconlabs/simplicitystudio/v2/developer/toolchains/gnu_arm/4.7_2013q1/bin/../lib/gcc/arm-none-eabi/4.7.3/../../../../arm-none-eabi/lib/armv6-m\libc_s.a(lib_a-impure.o)
 .data._impure_ptr
                0x200000b8        0x4 d:/siliconlabs/simplicitystudio/v2/developer/toolchains/gnu_arm/4.7_2013q1/bin/../lib/gcc/arm-none-eabi/4.7.3/../../../../arm-none-eabi/lib/armv6-m\libc_s.a(lib_a-impure.o)
                0x200000b8                _impure_ptr
                0x200000bc                . = ALIGN (0x4)
 *(.ram)
                0x200000bc                . = ALIGN (0x4)
                0x200000bc                PROVIDE (__preinit_array_start, .)
 *(.preinit_array)
                0x200000bc                PROVIDE (__preinit_array_end, .)
                0x200000bc                . = ALIGN (0x4)
                0x200000bc                PROVIDE (__init_array_start, .)
 *(SORT(.init_array.*))
 *(.init_array)
 .init_array    0x200000bc        0x4 d:/siliconlabs/simplicitystudio/v2/developer/toolchains/gnu_arm/4.7_2013q1/bin/../lib/gcc/arm-none-eabi/4.7.3/armv6-m/crtbegin.o
                0x200000c0                PROVIDE (__init_array_end, .)
                0x200000c0                . = ALIGN (0x4)
                0x200000c0                PROVIDE (__fini_array_start, .)
 *(SORT(.fini_array.*))
 *(.fini_array)
 .fini_array    0x200000c0        0x4 d:/siliconlabs/simplicitystudio/v2/developer/toolchains/gnu_arm/4.7_2013q1/bin/../lib/gcc/arm-none-eabi/4.7.3/armv6-m/crtbegin.o
                0x200000c4                PROVIDE (__fini_array_end, .)
                0x200000c4                . = ALIGN (0x4)
                0x200000c4                __data_end__ = .

.jcr            0x200000c4        0x0 load address 0x000063d8
 .jcr           0x200000c4        0x0 d:/siliconlabs/simplicitystudio/v2/developer/toolchains/gnu_arm/4.7_2013q1/bin/../lib/gcc/arm-none-eabi/4.7.3/armv6-m/crtbegin.o

.igot.plt       0x200000c4        0x0 load address 0x000063d8
 .igot.plt      0x00000000        0x0 d:/siliconlabs/simplicitystudio/v2/developer/toolchains/gnu_arm/4.7_2013q1/bin/../lib/gcc/arm-none-eabi/4.7.3/armv6-m/crtbegin.o

.bss            0x200000c4       0xe4 load address 0x000063d8
                0x200000c4                __bss_start__ = .
 *(.bss*)
 .bss           0x200000c4       0x1c d:/siliconlabs/simplicitystudio/v2/developer/toolchains/gnu_arm/4.7_2013q1/bin/../lib/gcc/arm-none-eabi/4.7.3/armv6-m/crtbegin.o
 .bss.operatingMode
                0x200000e0        0x1 ./src/HMC5883L.o
                0x200000e0                operatingMode
 .bss.i2cSetting
                0x200000e1        0x1 ./src/HMC5883L.o
                0x200000e1                i2cSetting
 .bss.numbOfSamples
                0x200000e2        0x1 ./src/HMC5883L.o
                0x200000e2                numbOfSamples
 .bss.measurementMode
                0x200000e3        0x1 ./src/HMC5883L.o
                0x200000e3                measurementMode
 .bss.slave_address_ok.8515
                0x200000e4        0x1 ./src/i2c_connection.o
 .bss.read_data_command.8516
                0x200000e5        0x1 ./src/i2c_connection.o
 *fill*         0x200000e6        0x2 00
 .bss.register_to_send.8517
                0x200000e8        0x4 ./src/i2c_connection.o
 .bss.i2cAddr   0x200000ec        0x1 ./src/i2c_connection.o
                0x200000ec                i2cAddr
 *fill*         0x200000ed        0x3 00
 .bss.dmp       0x200000f0       0x10 ./src/inv_mpu_dmp_motion_driver.o
 .bss.RTC_interrupt_type
                0x20000100        0x1 ./src/main.o
                0x20000100                RTC_interrupt_type
 *fill*         0x20000101        0x1 00
 .bss.cmuStatus
                0x20000102        0x2 ./emlib/em_emu.o
 .bss.i2cTransfer
                0x20000104        0xc ./emlib/em_i2c.o
 .bss.__malloc_free_list
                0x20000110        0x4 d:/siliconlabs/simplicitystudio/v2/developer/toolchains/gnu_arm/4.7_2013q1/bin/../lib/gcc/arm-none-eabi/4.7.3/../../../../arm-none-eabi/lib/armv6-m\libc_s.a(lib_a-mallocr.o)
                0x20000110                __malloc_free_list
 .bss.heap_end.4231
                0x20000114        0x4 d:/siliconlabs/simplicitystudio/v2/developer/toolchains/gnu_arm/4.7_2013q1/bin/../lib/gcc/arm-none-eabi/4.7.3/../../../../arm-none-eabi/lib/armv6-m\libnosys.a(sbrk.o)
 *(COMMON)
 COMMON         0x20000118       0x76 ./src/HMC5883L.o
                0x20000118                i2c_rxBufferIndex
                0x20000119                slavesList
                0x2000011d                I2C_Status
                0x2000011e                i2c_rxInProgress
                0x2000011f                i2c_startTx
                0x20000120                i2c_registers
                0x20000184                i2c_rxBuffer
 COMMON         0x2000018e        0xb ./src/MPU6050.o
                0x2000018e                i_tapData
                0x2000018f                tapData
 *fill*         0x20000199        0x3 00
 COMMON         0x2000019c        0x4 ./src/main.o
                0x2000019c                b5
 COMMON         0x200001a0        0x4 ./CMSIS/efm32zg/system_efm32zg.o
                0x200001a0                SystemCoreClock
 COMMON         0x200001a4        0x4 d:/siliconlabs/simplicitystudio/v2/developer/toolchains/gnu_arm/4.7_2013q1/bin/../lib/gcc/arm-none-eabi/4.7.3/../../../../arm-none-eabi/lib/armv6-m\libc_s.a(lib_a-reent.o)
                0x200001a4                errno
                0x200001a8                __bss_end__ = .

.heap           0x200001a8        0x0
                0x200001a8                __end__ = .
                0x200001a8                end = __end__
                0x200001a8                _end = __end__
 *(.heap*)
 .heap          0x200001a8        0x0 ./CMSIS/efm32zg/startup_gcc_efm32zg.o
                0x200001a8                __HeapLimit = .

.stack_dummy    0x200001a8      0x400
 *(.stack)
 .stack         0x200001a8      0x400 ./CMSIS/efm32zg/startup_gcc_efm32zg.o
                0x20001000                __StackTop = (ORIGIN (RAM) + 0x1000)
                0x20000c00                __StackLimit = (__StackTop - SIZEOF (.stack_dummy))
                0x20001000                PROVIDE (__stack, __StackTop)
                0x00000001                ASSERT ((__StackLimit >= __HeapLimit), region RAM overflowed with stack)
                0x00000001                ASSERT ((0x7800 >= (__etext + SIZEOF (.data))), FLASH memory overflowed !)
OUTPUT(EnvSensor.axf elf32-littlearm)

.ARM.attributes
                0x00000000       0x28
 .ARM.attributes
                0x00000000       0x1e d:/siliconlabs/simplicitystudio/v2/developer/toolchains/gnu_arm/4.7_2013q1/bin/../lib/gcc/arm-none-eabi/4.7.3/armv6-m/crti.o
 .ARM.attributes
                0x0000001e       0x2c d:/siliconlabs/simplicitystudio/v2/developer/toolchains/gnu_arm/4.7_2013q1/bin/../lib/gcc/arm-none-eabi/4.7.3/armv6-m/crtbegin.o
 .ARM.attributes
                0x0000004a       0x1c d:/siliconlabs/simplicitystudio/v2/developer/toolchains/gnu_arm/4.7_2013q1/bin/../lib/gcc/arm-none-eabi/4.7.3/../../../../arm-none-eabi/lib/armv6-m/crt0.o
 .ARM.attributes
                0x00000066       0x32 ./src/HMC5883L.o
 .ARM.attributes
                0x00000098       0x32 ./src/MPU6050.o
 .ARM.attributes
                0x000000ca       0x32 ./src/RTC_.o
 .ARM.attributes
                0x000000fc       0x32 ./src/i2c_connection.o
 .ARM.attributes
                0x0000012e       0x32 ./src/inv_mpu.o
 .ARM.attributes
                0x00000160       0x32 ./src/inv_mpu_dmp_motion_driver.o
 .ARM.attributes
                0x00000192       0x32 ./src/main.o
 .ARM.attributes
                0x000001c4       0x32 ./src/uart_connection.o
 .ARM.attributes
                0x000001f6       0x32 ./emlib/em_cmu.o
 .ARM.attributes
                0x00000228       0x32 ./emlib/em_dma.o
 .ARM.attributes
                0x0000025a       0x32 ./emlib/em_emu.o
 .ARM.attributes
                0x0000028c       0x32 ./emlib/em_gpio.o
 .ARM.attributes
                0x000002be       0x32 ./emlib/em_i2c.o
 .ARM.attributes
                0x000002f0       0x32 ./emlib/em_rtc.o
 .ARM.attributes
                0x00000322       0x32 ./emlib/em_usart.o
 .ARM.attributes
                0x00000354       0x1b ./CMSIS/efm32zg/startup_gcc_efm32zg.o
 .ARM.attributes
                0x0000036f       0x32 ./CMSIS/efm32zg/system_efm32zg.o
 .ARM.attributes
                0x000003a1       0x1e d:/siliconlabs/simplicitystudio/v2/developer/toolchains/gnu_arm/4.7_2013q1/bin/../lib/gcc/arm-none-eabi/4.7.3/armv6-m\libgcc.a(_thumb1_case_uqi.o)
 .ARM.attributes
                0x000003bf       0x1e d:/siliconlabs/simplicitystudio/v2/developer/toolchains/gnu_arm/4.7_2013q1/bin/../lib/gcc/arm-none-eabi/4.7.3/armv6-m\libgcc.a(_udivsi3.o)
 .ARM.attributes
                0x000003dd       0x1e d:/siliconlabs/simplicitystudio/v2/developer/toolchains/gnu_arm/4.7_2013q1/bin/../lib/gcc/arm-none-eabi/4.7.3/armv6-m\libgcc.a(_divsi3.o)
 .ARM.attributes
                0x000003fb       0x1e d:/siliconlabs/simplicitystudio/v2/developer/toolchains/gnu_arm/4.7_2013q1/bin/../lib/gcc/arm-none-eabi/4.7.3/armv6-m\libgcc.a(_dvmd_tls.o)
 .ARM.attributes
                0x00000419       0x1e d:/siliconlabs/simplicitystudio/v2/developer/toolchains/gnu_arm/4.7_2013q1/bin/../lib/gcc/arm-none-eabi/4.7.3/armv6-m\libgcc.a(_arm_cmpsf2.o)
 .ARM.attributes
                0x00000437       0x2c d:/siliconlabs/simplicitystudio/v2/developer/toolchains/gnu_arm/4.7_2013q1/bin/../lib/gcc/arm-none-eabi/4.7.3/armv6-m\libgcc.a(_fixunssfsi.o)
 .ARM.attributes
                0x00000463       0x2c d:/siliconlabs/simplicitystudio/v2/developer/toolchains/gnu_arm/4.7_2013q1/bin/../lib/gcc/arm-none-eabi/4.7.3/armv6-m\libgcc.a(divsf3.o)
 .ARM.attributes
                0x0000048f       0x2c d:/siliconlabs/simplicitystudio/v2/developer/toolchains/gnu_arm/4.7_2013q1/bin/../lib/gcc/arm-none-eabi/4.7.3/armv6-m\libgcc.a(eqsf2.o)
 .ARM.attributes
                0x000004bb       0x2c d:/siliconlabs/simplicitystudio/v2/developer/toolchains/gnu_arm/4.7_2013q1/bin/../lib/gcc/arm-none-eabi/4.7.3/armv6-m\libgcc.a(gesf2.o)
 .ARM.attributes
                0x000004e7       0x2c d:/siliconlabs/simplicitystudio/v2/developer/toolchains/gnu_arm/4.7_2013q1/bin/../lib/gcc/arm-none-eabi/4.7.3/armv6-m\libgcc.a(lesf2.o)
 .ARM.attributes
                0x00000513       0x2c d:/siliconlabs/simplicitystudio/v2/developer/toolchains/gnu_arm/4.7_2013q1/bin/../lib/gcc/arm-none-eabi/4.7.3/armv6-m\libgcc.a(mulsf3.o)
 .ARM.attributes
                0x0000053f       0x2c d:/siliconlabs/simplicitystudio/v2/developer/toolchains/gnu_arm/4.7_2013q1/bin/../lib/gcc/arm-none-eabi/4.7.3/armv6-m\libgcc.a(subsf3.o)
 .ARM.attributes
                0x0000056b       0x2c d:/siliconlabs/simplicitystudio/v2/developer/toolchains/gnu_arm/4.7_2013q1/bin/../lib/gcc/arm-none-eabi/4.7.3/armv6-m\libgcc.a(fixsfsi.o)
 .ARM.attributes
                0x00000597       0x2c d:/siliconlabs/simplicitystudio/v2/developer/toolchains/gnu_arm/4.7_2013q1/bin/../lib/gcc/arm-none-eabi/4.7.3/armv6-m\libgcc.a(floatunsisf.o)
 .ARM.attributes
                0x000005c3       0x1e d:/siliconlabs/simplicitystudio/v2/developer/toolchains/gnu_arm/4.7_2013q1/bin/../lib/gcc/arm-none-eabi/4.7.3/armv6-m\libgcc.a(_clzsi2.o)
 .ARM.attributes
                0x000005e1       0x2c d:/siliconlabs/simplicitystudio/v2/developer/toolchains/gnu_arm/4.7_2013q1/bin/../lib/gcc/arm-none-eabi/4.7.3/../../../../arm-none-eabi/lib/armv6-m\libc_s.a(lib_a-__atexit2.o)
 .ARM.attributes
                0x0000060d       0x2c d:/siliconlabs/simplicitystudio/v2/developer/toolchains/gnu_arm/4.7_2013q1/bin/../lib/gcc/arm-none-eabi/4.7.3/../../../../arm-none-eabi/lib/armv6-m\libc_s.a(lib_a-exit.o)
 .ARM.attributes
                0x00000639       0x2c d:/siliconlabs/simplicitystudio/v2/developer/toolchains/gnu_arm/4.7_2013q1/bin/../lib/gcc/arm-none-eabi/4.7.3/../../../../arm-none-eabi/lib/armv6-m\libc_s.a(lib_a-fini.o)
 .ARM.attributes
                0x00000665       0x2c d:/siliconlabs/simplicitystudio/v2/developer/toolchains/gnu_arm/4.7_2013q1/bin/../lib/gcc/arm-none-eabi/4.7.3/../../../../arm-none-eabi/lib/armv6-m\libc_s.a(lib_a-impure.o)
 .ARM.attributes
                0x00000691       0x2c d:/siliconlabs/simplicitystudio/v2/developer/toolchains/gnu_arm/4.7_2013q1/bin/../lib/gcc/arm-none-eabi/4.7.3/../../../../arm-none-eabi/lib/armv6-m\libc_s.a(lib_a-init.o)
 .ARM.attributes
                0x000006bd       0x2c d:/siliconlabs/simplicitystudio/v2/developer/toolchains/gnu_arm/4.7_2013q1/bin/../lib/gcc/arm-none-eabi/4.7.3/../../../../arm-none-eabi/lib/armv6-m\libc_s.a(lib_a-memcmp.o)
 .ARM.attributes
                0x000006e9       0x2c d:/siliconlabs/simplicitystudio/v2/developer/toolchains/gnu_arm/4.7_2013q1/bin/../lib/gcc/arm-none-eabi/4.7.3/../../../../arm-none-eabi/lib/armv6-m\libc_s.a(lib_a-memcpy.o)
 .ARM.attributes
                0x00000715       0x2c d:/siliconlabs/simplicitystudio/v2/developer/toolchains/gnu_arm/4.7_2013q1/bin/../lib/gcc/arm-none-eabi/4.7.3/../../../../arm-none-eabi/lib/armv6-m\libc_s.a(lib_a-memset.o)
 .ARM.attributes
                0x00000741       0x2c d:/siliconlabs/simplicitystudio/v2/developer/toolchains/gnu_arm/4.7_2013q1/bin/../lib/gcc/arm-none-eabi/4.7.3/../../../../arm-none-eabi/lib/armv6-m\libc_s.a(lib_a-sprintf.o)
 .ARM.attributes
                0x0000076d       0x2c d:/siliconlabs/simplicitystudio/v2/developer/toolchains/gnu_arm/4.7_2013q1/bin/../lib/gcc/arm-none-eabi/4.7.3/../../../../arm-none-eabi/lib/armv6-m\libc_s.a(lib_a-svfprintf.o)
 .ARM.attributes
                0x00000799       0x2c d:/siliconlabs/simplicitystudio/v2/developer/toolchains/gnu_arm/4.7_2013q1/bin/../lib/gcc/arm-none-eabi/4.7.3/../../../../arm-none-eabi/lib/armv6-m\libc_s.a(lib_a-vfprintf_i.o)
 .ARM.attributes
                0x000007c5       0x2c d:/siliconlabs/simplicitystudio/v2/developer/toolchains/gnu_arm/4.7_2013q1/bin/../lib/gcc/arm-none-eabi/4.7.3/../../../../arm-none-eabi/lib/armv6-m\libc_s.a(lib_a-freer.o)
 .ARM.attributes
                0x000007f1       0x2c d:/siliconlabs/simplicitystudio/v2/developer/toolchains/gnu_arm/4.7_2013q1/bin/../lib/gcc/arm-none-eabi/4.7.3/../../../../arm-none-eabi/lib/armv6-m\libc_s.a(lib_a-mallocr.o)
 .ARM.attributes
                0x0000081d       0x2c d:/siliconlabs/simplicitystudio/v2/developer/toolchains/gnu_arm/4.7_2013q1/bin/../lib/gcc/arm-none-eabi/4.7.3/../../../../arm-none-eabi/lib/armv6-m\libc_s.a(lib_a-memchr.o)
 .ARM.attributes
                0x00000849       0x2c d:/siliconlabs/simplicitystudio/v2/developer/toolchains/gnu_arm/4.7_2013q1/bin/../lib/gcc/arm-none-eabi/4.7.3/../../../../arm-none-eabi/lib/armv6-m\libc_s.a(lib_a-reallocr.o)
 .ARM.attributes
                0x00000875       0x2c d:/siliconlabs/simplicitystudio/v2/developer/toolchains/gnu_arm/4.7_2013q1/bin/../lib/gcc/arm-none-eabi/4.7.3/../../../../arm-none-eabi/lib/armv6-m\libc_s.a(lib_a-sbrkr.o)
 .ARM.attributes
                0x000008a1       0x2c d:/siliconlabs/simplicitystudio/v2/developer/toolchains/gnu_arm/4.7_2013q1/bin/../lib/gcc/arm-none-eabi/4.7.3/../../../../arm-none-eabi/lib/armv6-m\libc_s.a(lib_a-strlen.o)
 .ARM.attributes
                0x000008cd       0x2c d:/siliconlabs/simplicitystudio/v2/developer/toolchains/gnu_arm/4.7_2013q1/bin/../lib/gcc/arm-none-eabi/4.7.3/../../../../arm-none-eabi/lib/armv6-m\libc_s.a(lib_a-msizer.o)
 .ARM.attributes
                0x000008f9       0x2c d:/siliconlabs/simplicitystudio/v2/developer/toolchains/gnu_arm/4.7_2013q1/bin/../lib/gcc/arm-none-eabi/4.7.3/../../../../arm-none-eabi/lib/armv6-m\libc_s.a(lib_a-reent.o)
 .ARM.attributes
                0x00000925       0x2c d:/siliconlabs/simplicitystudio/v2/developer/toolchains/gnu_arm/4.7_2013q1/bin/../lib/gcc/arm-none-eabi/4.7.3/../../../../arm-none-eabi/lib/armv6-m\libnosys.a(sbrk.o)
 .ARM.attributes
                0x00000951       0x2c d:/siliconlabs/simplicitystudio/v2/developer/toolchains/gnu_arm/4.7_2013q1/bin/../lib/gcc/arm-none-eabi/4.7.3/../../../../arm-none-eabi/lib/armv6-m\libnosys.a(_exit.o)
 .ARM.attributes
                0x0000097d       0x2c d:/siliconlabs/simplicitystudio/v2/developer/toolchains/gnu_arm/4.7_2013q1/bin/../lib/gcc/arm-none-eabi/4.7.3/armv6-m/crtend.o
 .ARM.attributes
                0x000009a9       0x1e d:/siliconlabs/simplicitystudio/v2/developer/toolchains/gnu_arm/4.7_2013q1/bin/../lib/gcc/arm-none-eabi/4.7.3/armv6-m/crtn.o

.comment        0x00000000       0x70
 .comment       0x00000000       0x70 ./src/HMC5883L.o
                                 0x71 (size before relaxing)
 .comment       0x00000000       0x71 ./src/MPU6050.o
 .comment       0x00000000       0x71 ./src/RTC_.o
 .comment       0x00000000       0x71 ./src/i2c_connection.o
 .comment       0x00000000       0x71 ./src/inv_mpu.o
 .comment       0x00000000       0x71 ./src/inv_mpu_dmp_motion_driver.o
 .comment       0x00000000       0x71 ./src/main.o
 .comment       0x00000000       0x71 ./src/uart_connection.o
 .comment       0x00000000       0x71 ./emlib/em_cmu.o
 .comment       0x00000000       0x71 ./emlib/em_dma.o
 .comment       0x00000000       0x71 ./emlib/em_emu.o
 .comment       0x00000000       0x71 ./emlib/em_gpio.o
 .comment       0x00000000       0x71 ./emlib/em_i2c.o
 .comment       0x00000000       0x71 ./emlib/em_rtc.o
 .comment       0x00000000       0x71 ./emlib/em_usart.o
 .comment       0x00000000       0x71 ./CMSIS/efm32zg/system_efm32zg.o

.debug_info     0x00000000     0xe5fe
 .debug_info    0x00000000      0x5aa ./src/HMC5883L.o
 .debug_info    0x000005aa      0x883 ./src/MPU6050.o
 .debug_info    0x00000e2d      0x7ab ./src/RTC_.o
 .debug_info    0x000015d8     0x13a3 ./src/i2c_connection.o
 .debug_info    0x0000297b     0x2f1d ./src/inv_mpu.o
 .debug_info    0x00005898     0x14b2 ./src/inv_mpu_dmp_motion_driver.o
 .debug_info    0x00006d4a     0x1ff2 ./src/main.o
 .debug_info    0x00008d3c      0x942 ./src/uart_connection.o
 .debug_info    0x0000967e     0x13b0 ./emlib/em_cmu.o
 .debug_info    0x0000aa2e     0x1183 ./emlib/em_dma.o
 .debug_info    0x0000bbb1      0x5b4 ./emlib/em_emu.o
 .debug_info    0x0000c165      0x570 ./emlib/em_gpio.o
 .debug_info    0x0000c6d5      0x867 ./emlib/em_i2c.o
 .debug_info    0x0000cf3c      0x36a ./emlib/em_rtc.o
 .debug_info    0x0000d2a6      0xe92 ./emlib/em_usart.o
 .debug_info    0x0000e138       0x9f ./CMSIS/efm32zg/startup_gcc_efm32zg.o
 .debug_info    0x0000e1d7      0x427 ./CMSIS/efm32zg/system_efm32zg.o

.debug_abbrev   0x00000000     0x2ab9
 .debug_abbrev  0x00000000      0x177 ./src/HMC5883L.o
 .debug_abbrev  0x00000177      0x28b ./src/MPU6050.o
 .debug_abbrev  0x00000402      0x23b ./src/RTC_.o
 .debug_abbrev  0x0000063d      0x39f ./src/i2c_connection.o
 .debug_abbrev  0x000009dc      0x457 ./src/inv_mpu.o
 .debug_abbrev  0x00000e33      0x2d2 ./src/inv_mpu_dmp_motion_driver.o
 .debug_abbrev  0x00001105      0x455 ./src/main.o
 .debug_abbrev  0x0000155a      0x208 ./src/uart_connection.o
 .debug_abbrev  0x00001762      0x39d ./emlib/em_cmu.o
 .debug_abbrev  0x00001aff      0x337 ./emlib/em_dma.o
 .debug_abbrev  0x00001e36      0x203 ./emlib/em_emu.o
 .debug_abbrev  0x00002039      0x1ed ./emlib/em_gpio.o
 .debug_abbrev  0x00002226      0x2c5 ./emlib/em_i2c.o
 .debug_abbrev  0x000024eb      0x205 ./emlib/em_rtc.o
 .debug_abbrev  0x000026f0      0x22e ./emlib/em_usart.o
 .debug_abbrev  0x0000291e       0x14 ./CMSIS/efm32zg/startup_gcc_efm32zg.o
 .debug_abbrev  0x00002932      0x187 ./CMSIS/efm32zg/system_efm32zg.o

.debug_loc      0x00000000     0x7995
 .debug_loc     0x00000000      0x19f ./src/HMC5883L.o
 .debug_loc     0x0000019f      0x216 ./src/MPU6050.o
 .debug_loc     0x000003b5       0x40 ./src/RTC_.o
 .debug_loc     0x000003f5      0x62b ./src/i2c_connection.o
 .debug_loc     0x00000a20     0x21f0 ./src/inv_mpu.o
 .debug_loc     0x00002c10      0xcc8 ./src/inv_mpu_dmp_motion_driver.o
 .debug_loc     0x000038d8      0xdb3 ./src/main.o
 .debug_loc     0x0000468b       0x2c ./src/uart_connection.o
 .debug_loc     0x000046b7     0x14cd ./emlib/em_cmu.o
 .debug_loc     0x00005b84      0xa3e ./emlib/em_dma.o
 .debug_loc     0x000065c2      0x142 ./emlib/em_emu.o
 .debug_loc     0x00006704      0x212 ./emlib/em_gpio.o
 .debug_loc     0x00006916      0x567 ./emlib/em_i2c.o
 .debug_loc     0x00006e7d      0x17b ./emlib/em_rtc.o
 .debug_loc     0x00006ff8      0x881 ./emlib/em_usart.o
 .debug_loc     0x00007879      0x11c ./CMSIS/efm32zg/system_efm32zg.o

.debug_aranges  0x00000000      0x878
 .debug_aranges
                0x00000000       0x30 ./src/HMC5883L.o
 .debug_aranges
                0x00000030       0x40 ./src/MPU6050.o
 .debug_aranges
                0x00000070       0x38 ./src/RTC_.o
 .debug_aranges
                0x000000a8       0x70 ./src/i2c_connection.o
 .debug_aranges
                0x00000118      0x1b8 ./src/inv_mpu.o
 .debug_aranges
                0x000002d0       0xf8 ./src/inv_mpu_dmp_motion_driver.o
 .debug_aranges
                0x000003c8       0xb0 ./src/main.o
 .debug_aranges
                0x00000478       0x30 ./src/uart_connection.o
 .debug_aranges
                0x000004a8       0xf0 ./emlib/em_cmu.o
 .debug_aranges
                0x00000598       0x88 ./emlib/em_dma.o
 .debug_aranges
                0x00000620       0x48 ./emlib/em_emu.o
 .debug_aranges
                0x00000668       0x38 ./emlib/em_gpio.o
 .debug_aranges
                0x000006a0       0x50 ./emlib/em_i2c.o
 .debug_aranges
                0x000006f0       0x50 ./emlib/em_rtc.o
 .debug_aranges
                0x00000740       0xb8 ./emlib/em_usart.o
 .debug_aranges
                0x000007f8       0x20 ./CMSIS/efm32zg/startup_gcc_efm32zg.o
 .debug_aranges
                0x00000818       0x60 ./CMSIS/efm32zg/system_efm32zg.o

.debug_ranges   0x00000000      0xc68
 .debug_ranges  0x00000000       0x20 ./src/HMC5883L.o
 .debug_ranges  0x00000020       0x60 ./src/MPU6050.o
 .debug_ranges  0x00000080       0xb8 ./src/RTC_.o
 .debug_ranges  0x00000138       0xc0 ./src/i2c_connection.o
 .debug_ranges  0x000001f8      0x2b8 ./src/inv_mpu.o
 .debug_ranges  0x000004b0      0x100 ./src/inv_mpu_dmp_motion_driver.o
 .debug_ranges  0x000005b0       0xf8 ./src/main.o
 .debug_ranges  0x000006a8       0x50 ./src/uart_connection.o
 .debug_ranges  0x000006f8      0x220 ./emlib/em_cmu.o
 .debug_ranges  0x00000918       0x78 ./emlib/em_dma.o
 .debug_ranges  0x00000990       0x68 ./emlib/em_emu.o
 .debug_ranges  0x000009f8       0x88 ./emlib/em_gpio.o
 .debug_ranges  0x00000a80       0x80 ./emlib/em_i2c.o
 .debug_ranges  0x00000b00       0x70 ./emlib/em_rtc.o
 .debug_ranges  0x00000b70       0xa8 ./emlib/em_usart.o
 .debug_ranges  0x00000c18       0x50 ./CMSIS/efm32zg/system_efm32zg.o

.debug_line     0x00000000     0x404e
 .debug_line    0x00000000      0x204 ./src/HMC5883L.o
 .debug_line    0x00000204      0x223 ./src/MPU6050.o
 .debug_line    0x00000427      0x2a8 ./src/RTC_.o
 .debug_line    0x000006cf      0x4c7 ./src/i2c_connection.o
 .debug_line    0x00000b96      0xaab ./src/inv_mpu.o
 .debug_line    0x00001641      0x57c ./src/inv_mpu_dmp_motion_driver.o
 .debug_line    0x00001bbd      0x6a3 ./src/main.o
 .debug_line    0x00002260      0x27a ./src/uart_connection.o
 .debug_line    0x000024da      0x66c ./emlib/em_cmu.o
 .debug_line    0x00002b46      0x471 ./emlib/em_dma.o
 .debug_line    0x00002fb7      0x2f2 ./emlib/em_emu.o
 .debug_line    0x000032a9      0x206 ./emlib/em_gpio.o
 .debug_line    0x000034af      0x314 ./emlib/em_i2c.o
 .debug_line    0x000037c3      0x21c ./emlib/em_rtc.o
 .debug_line    0x000039df      0x3cc ./emlib/em_usart.o
 .debug_line    0x00003dab       0x85 ./CMSIS/efm32zg/startup_gcc_efm32zg.o
 .debug_line    0x00003e30      0x21e ./CMSIS/efm32zg/system_efm32zg.o

.debug_str      0x00000000     0x3e20
 .debug_str     0x00000000      0x604 ./src/HMC5883L.o
                                0x682 (size before relaxing)
 .debug_str     0x00000604      0x245 ./src/MPU6050.o
                                0x4d5 (size before relaxing)
 .debug_str     0x00000849      0x514 ./src/RTC_.o
                                0x678 (size before relaxing)
 .debug_str     0x00000d5d      0x48f ./src/i2c_connection.o
                                0xad5 (size before relaxing)
 .debug_str     0x000011ec      0x975 ./src/inv_mpu.o
                                0xecf (size before relaxing)
 .debug_str     0x00001b61      0x2cf ./src/inv_mpu_dmp_motion_driver.o
                                0x660 (size before relaxing)
 .debug_str     0x00001e30      0x88d ./src/main.o
                               0x100e (size before relaxing)
 .debug_str     0x000026bd      0x398 ./src/uart_connection.o
                                0x9f0 (size before relaxing)
 .debug_str     0x00002a55      0x5d6 ./emlib/em_cmu.o
                                0xa83 (size before relaxing)
 .debug_str     0x0000302b      0x52b ./emlib/em_dma.o
                                0x9ef (size before relaxing)
 .debug_str     0x00003556       0xa0 ./emlib/em_emu.o
                                0x377 (size before relaxing)
 .debug_str     0x000035f6       0xcc ./emlib/em_gpio.o
                                0x4ce (size before relaxing)
 .debug_str     0x000036c2      0x176 ./emlib/em_i2c.o
                                0x63b (size before relaxing)
 .debug_str     0x00003838       0x6b ./emlib/em_rtc.o
                                0x24a (size before relaxing)
 .debug_str     0x000038a3      0x4e7 ./emlib/em_usart.o
                                0xb59 (size before relaxing)
 .debug_str     0x00003d8a       0x96 ./CMSIS/efm32zg/system_efm32zg.o
                                0x35c (size before relaxing)

.debug_frame    0x00000000     0x1d24
 .debug_frame   0x00000000       0x64 ./src/HMC5883L.o
 .debug_frame   0x00000064       0x9c ./src/MPU6050.o
 .debug_frame   0x00000100       0x64 ./src/RTC_.o
 .debug_frame   0x00000164      0x144 ./src/i2c_connection.o
 .debug_frame   0x000002a8      0x5c4 ./src/inv_mpu.o
 .debug_frame   0x0000086c      0x318 ./src/inv_mpu_dmp_motion_driver.o
 .debug_frame   0x00000b84      0x204 ./src/main.o
 .debug_frame   0x00000d88       0x4c ./src/uart_connection.o
 .debug_frame   0x00000dd4      0x27c ./emlib/em_cmu.o
 .debug_frame   0x00001050      0x198 ./emlib/em_dma.o
 .debug_frame   0x000011e8       0x90 ./emlib/em_emu.o
 .debug_frame   0x00001278       0x7c ./emlib/em_gpio.o
 .debug_frame   0x000012f4       0xb8 ./emlib/em_i2c.o
 .debug_frame   0x000013ac       0xa8 ./emlib/em_rtc.o
 .debug_frame   0x00001454      0x210 ./emlib/em_usart.o
 .debug_frame   0x00001664       0xc0 ./CMSIS/efm32zg/system_efm32zg.o
 .debug_frame   0x00001724       0x20 d:/siliconlabs/simplicitystudio/v2/developer/toolchains/gnu_arm/4.7_2013q1/bin/../lib/gcc/arm-none-eabi/4.7.3/armv6-m\libgcc.a(_udivsi3.o)
 .debug_frame   0x00001744       0x20 d:/siliconlabs/simplicitystudio/v2/developer/toolchains/gnu_arm/4.7_2013q1/bin/../lib/gcc/arm-none-eabi/4.7.3/armv6-m\libgcc.a(_divsi3.o)
 .debug_frame   0x00001764       0x28 d:/siliconlabs/simplicitystudio/v2/developer/toolchains/gnu_arm/4.7_2013q1/bin/../lib/gcc/arm-none-eabi/4.7.3/armv6-m\libgcc.a(_fixunssfsi.o)
 .debug_frame   0x0000178c       0x3c d:/siliconlabs/simplicitystudio/v2/developer/toolchains/gnu_arm/4.7_2013q1/bin/../lib/gcc/arm-none-eabi/4.7.3/armv6-m\libgcc.a(divsf3.o)
 .debug_frame   0x000017c8       0x2c d:/siliconlabs/simplicitystudio/v2/developer/toolchains/gnu_arm/4.7_2013q1/bin/../lib/gcc/arm-none-eabi/4.7.3/armv6-m\libgcc.a(eqsf2.o)
 .debug_frame   0x000017f4       0x30 d:/siliconlabs/simplicitystudio/v2/developer/toolchains/gnu_arm/4.7_2013q1/bin/../lib/gcc/arm-none-eabi/4.7.3/armv6-m\libgcc.a(gesf2.o)
 .debug_frame   0x00001824       0x30 d:/siliconlabs/simplicitystudio/v2/developer/toolchains/gnu_arm/4.7_2013q1/bin/../lib/gcc/arm-none-eabi/4.7.3/armv6-m\libgcc.a(lesf2.o)
 .debug_frame   0x00001854       0x3c d:/siliconlabs/simplicitystudio/v2/developer/toolchains/gnu_arm/4.7_2013q1/bin/../lib/gcc/arm-none-eabi/4.7.3/armv6-m\libgcc.a(mulsf3.o)
 .debug_frame   0x00001890       0x30 d:/siliconlabs/simplicitystudio/v2/developer/toolchains/gnu_arm/4.7_2013q1/bin/../lib/gcc/arm-none-eabi/4.7.3/armv6-m\libgcc.a(subsf3.o)
 .debug_frame   0x000018c0       0x28 d:/siliconlabs/simplicitystudio/v2/developer/toolchains/gnu_arm/4.7_2013q1/bin/../lib/gcc/arm-none-eabi/4.7.3/armv6-m\libgcc.a(fixsfsi.o)
 .debug_frame   0x000018e8       0x28 d:/siliconlabs/simplicitystudio/v2/developer/toolchains/gnu_arm/4.7_2013q1/bin/../lib/gcc/arm-none-eabi/4.7.3/armv6-m\libgcc.a(floatunsisf.o)
 .debug_frame   0x00001910       0x28 d:/siliconlabs/simplicitystudio/v2/developer/toolchains/gnu_arm/4.7_2013q1/bin/../lib/gcc/arm-none-eabi/4.7.3/../../../../arm-none-eabi/lib/armv6-m\libc_s.a(lib_a-__atexit2.o)
 .debug_frame   0x00001938       0x28 d:/siliconlabs/simplicitystudio/v2/developer/toolchains/gnu_arm/4.7_2013q1/bin/../lib/gcc/arm-none-eabi/4.7.3/../../../../arm-none-eabi/lib/armv6-m\libc_s.a(lib_a-exit.o)
 .debug_frame   0x00001960       0x2c d:/siliconlabs/simplicitystudio/v2/developer/toolchains/gnu_arm/4.7_2013q1/bin/../lib/gcc/arm-none-eabi/4.7.3/../../../../arm-none-eabi/lib/armv6-m\libc_s.a(lib_a-fini.o)
 .debug_frame   0x0000198c       0x2c d:/siliconlabs/simplicitystudio/v2/developer/toolchains/gnu_arm/4.7_2013q1/bin/../lib/gcc/arm-none-eabi/4.7.3/../../../../arm-none-eabi/lib/armv6-m\libc_s.a(lib_a-init.o)
 .debug_frame   0x000019b8       0x2c d:/siliconlabs/simplicitystudio/v2/developer/toolchains/gnu_arm/4.7_2013q1/bin/../lib/gcc/arm-none-eabi/4.7.3/../../../../arm-none-eabi/lib/armv6-m\libc_s.a(lib_a-memcmp.o)
 .debug_frame   0x000019e4       0x28 d:/siliconlabs/simplicitystudio/v2/developer/toolchains/gnu_arm/4.7_2013q1/bin/../lib/gcc/arm-none-eabi/4.7.3/../../../../arm-none-eabi/lib/armv6-m\libc_s.a(lib_a-memcpy.o)
 .debug_frame   0x00001a0c       0x28 d:/siliconlabs/simplicitystudio/v2/developer/toolchains/gnu_arm/4.7_2013q1/bin/../lib/gcc/arm-none-eabi/4.7.3/../../../../arm-none-eabi/lib/armv6-m\libc_s.a(lib_a-memset.o)
 .debug_frame   0x00001a34       0x4c d:/siliconlabs/simplicitystudio/v2/developer/toolchains/gnu_arm/4.7_2013q1/bin/../lib/gcc/arm-none-eabi/4.7.3/../../../../arm-none-eabi/lib/armv6-m\libc_s.a(lib_a-sprintf.o)
 .debug_frame   0x00001a80       0x78 d:/siliconlabs/simplicitystudio/v2/developer/toolchains/gnu_arm/4.7_2013q1/bin/../lib/gcc/arm-none-eabi/4.7.3/../../../../arm-none-eabi/lib/armv6-m\libc_s.a(lib_a-svfprintf.o)
 .debug_frame   0x00001af8       0x54 d:/siliconlabs/simplicitystudio/v2/developer/toolchains/gnu_arm/4.7_2013q1/bin/../lib/gcc/arm-none-eabi/4.7.3/../../../../arm-none-eabi/lib/armv6-m\libc_s.a(lib_a-vfprintf_i.o)
 .debug_frame   0x00001b4c       0x2c d:/siliconlabs/simplicitystudio/v2/developer/toolchains/gnu_arm/4.7_2013q1/bin/../lib/gcc/arm-none-eabi/4.7.3/../../../../arm-none-eabi/lib/armv6-m\libc_s.a(lib_a-freer.o)
 .debug_frame   0x00001b78       0x2c d:/siliconlabs/simplicitystudio/v2/developer/toolchains/gnu_arm/4.7_2013q1/bin/../lib/gcc/arm-none-eabi/4.7.3/../../../../arm-none-eabi/lib/armv6-m\libc_s.a(lib_a-mallocr.o)
 .debug_frame   0x00001ba4       0x28 d:/siliconlabs/simplicitystudio/v2/developer/toolchains/gnu_arm/4.7_2013q1/bin/../lib/gcc/arm-none-eabi/4.7.3/../../../../arm-none-eabi/lib/armv6-m\libc_s.a(lib_a-memchr.o)
 .debug_frame   0x00001bcc       0x30 d:/siliconlabs/simplicitystudio/v2/developer/toolchains/gnu_arm/4.7_2013q1/bin/../lib/gcc/arm-none-eabi/4.7.3/../../../../arm-none-eabi/lib/armv6-m\libc_s.a(lib_a-reallocr.o)
 .debug_frame   0x00001bfc       0x2c d:/siliconlabs/simplicitystudio/v2/developer/toolchains/gnu_arm/4.7_2013q1/bin/../lib/gcc/arm-none-eabi/4.7.3/../../../../arm-none-eabi/lib/armv6-m\libc_s.a(lib_a-sbrkr.o)
 .debug_frame   0x00001c28       0x20 d:/siliconlabs/simplicitystudio/v2/developer/toolchains/gnu_arm/4.7_2013q1/bin/../lib/gcc/arm-none-eabi/4.7.3/../../../../arm-none-eabi/lib/armv6-m\libc_s.a(lib_a-strlen.o)
 .debug_frame   0x00001c48       0x28 d:/siliconlabs/simplicitystudio/v2/developer/toolchains/gnu_arm/4.7_2013q1/bin/../lib/gcc/arm-none-eabi/4.7.3/../../../../arm-none-eabi/lib/armv6-m\libc_s.a(lib_a-msizer.o)
 .debug_frame   0x00001c70       0x64 d:/siliconlabs/simplicitystudio/v2/developer/toolchains/gnu_arm/4.7_2013q1/bin/../lib/gcc/arm-none-eabi/4.7.3/../../../../arm-none-eabi/lib/armv6-m\libc_s.a(lib_a-reent.o)
 .debug_frame   0x00001cd4       0x28 d:/siliconlabs/simplicitystudio/v2/developer/toolchains/gnu_arm/4.7_2013q1/bin/../lib/gcc/arm-none-eabi/4.7.3/../../../../arm-none-eabi/lib/armv6-m\libnosys.a(sbrk.o)
 .debug_frame   0x00001cfc       0x28 d:/siliconlabs/simplicitystudio/v2/developer/toolchains/gnu_arm/4.7_2013q1/bin/../lib/gcc/arm-none-eabi/4.7.3/../../../../arm-none-eabi/lib/armv6-m\libnosys.a(_exit.o)
