Archive member included because of file (symbol)

d:/siliconlabs/simplicitystudio/v2/developer/toolchains/gnu_arm/4.7_2013q1/bin/../lib/gcc/arm-none-eabi/4.7.3/armv6-m\libgcc.a(_thumb1_case_uqi.o)
                              ./src/inv_mpu.o (__gnu_thumb1_case_uqi)
d:/siliconlabs/simplicitystudio/v2/developer/toolchains/gnu_arm/4.7_2013q1/bin/../lib/gcc/arm-none-eabi/4.7.3/armv6-m\libgcc.a(_udivsi3.o)
                              ./src/inv_mpu.o (__aeabi_uidiv)
d:/siliconlabs/simplicitystudio/v2/developer/toolchains/gnu_arm/4.7_2013q1/bin/../lib/gcc/arm-none-eabi/4.7.3/armv6-m\libgcc.a(_divsi3.o)
                              ./src/inv_mpu.o (__aeabi_idiv)
d:/siliconlabs/simplicitystudio/v2/developer/toolchains/gnu_arm/4.7_2013q1/bin/../lib/gcc/arm-none-eabi/4.7.3/armv6-m\libgcc.a(_dvmd_tls.o)
                              d:/siliconlabs/simplicitystudio/v2/developer/toolchains/gnu_arm/4.7_2013q1/bin/../lib/gcc/arm-none-eabi/4.7.3/armv6-m\libgcc.a(_udivsi3.o) (__aeabi_idiv0)
d:/siliconlabs/simplicitystudio/v2/developer/toolchains/gnu_arm/4.7_2013q1/bin/../lib/gcc/arm-none-eabi/4.7.3/armv6-m\libgcc.a(_arm_cmpsf2.o)
                              ./src/inv_mpu.o (__aeabi_fcmpeq)
d:/siliconlabs/simplicitystudio/v2/developer/toolchains/gnu_arm/4.7_2013q1/bin/../lib/gcc/arm-none-eabi/4.7.3/armv6-m\libgcc.a(_aeabi_ldivmod.o)
                              ./src/inv_mpu.o (__aeabi_ldivmod)
d:/siliconlabs/simplicitystudio/v2/developer/toolchains/gnu_arm/4.7_2013q1/bin/../lib/gcc/arm-none-eabi/4.7.3/armv6-m\libgcc.a(_muldi3.o)
                              ./src/inv_mpu_dmp_motion_driver.o (__aeabi_lmul)
d:/siliconlabs/simplicitystudio/v2/developer/toolchains/gnu_arm/4.7_2013q1/bin/../lib/gcc/arm-none-eabi/4.7.3/armv6-m\libgcc.a(_fixunssfsi.o)
                              ./src/inv_mpu_dmp_motion_driver.o (__aeabi_f2uiz)
d:/siliconlabs/simplicitystudio/v2/developer/toolchains/gnu_arm/4.7_2013q1/bin/../lib/gcc/arm-none-eabi/4.7.3/armv6-m\libgcc.a(bpabi.o)
                              d:/siliconlabs/simplicitystudio/v2/developer/toolchains/gnu_arm/4.7_2013q1/bin/../lib/gcc/arm-none-eabi/4.7.3/armv6-m\libgcc.a(_aeabi_ldivmod.o) (__gnu_ldivmod_helper)
d:/siliconlabs/simplicitystudio/v2/developer/toolchains/gnu_arm/4.7_2013q1/bin/../lib/gcc/arm-none-eabi/4.7.3/armv6-m\libgcc.a(addsf3.o)
                              ./src/inv_mpu.o (__aeabi_fadd)
d:/siliconlabs/simplicitystudio/v2/developer/toolchains/gnu_arm/4.7_2013q1/bin/../lib/gcc/arm-none-eabi/4.7.3/armv6-m\libgcc.a(divsf3.o)
                              ./src/inv_mpu.o (__aeabi_fdiv)
d:/siliconlabs/simplicitystudio/v2/developer/toolchains/gnu_arm/4.7_2013q1/bin/../lib/gcc/arm-none-eabi/4.7.3/armv6-m\libgcc.a(eqsf2.o)
                              d:/siliconlabs/simplicitystudio/v2/developer/toolchains/gnu_arm/4.7_2013q1/bin/../lib/gcc/arm-none-eabi/4.7.3/armv6-m\libgcc.a(_arm_cmpsf2.o) (__eqsf2)
d:/siliconlabs/simplicitystudio/v2/developer/toolchains/gnu_arm/4.7_2013q1/bin/../lib/gcc/arm-none-eabi/4.7.3/armv6-m\libgcc.a(gesf2.o)
                              d:/siliconlabs/simplicitystudio/v2/developer/toolchains/gnu_arm/4.7_2013q1/bin/../lib/gcc/arm-none-eabi/4.7.3/armv6-m\libgcc.a(_arm_cmpsf2.o) (__gesf2)
d:/siliconlabs/simplicitystudio/v2/developer/toolchains/gnu_arm/4.7_2013q1/bin/../lib/gcc/arm-none-eabi/4.7.3/armv6-m\libgcc.a(lesf2.o)
                              d:/siliconlabs/simplicitystudio/v2/developer/toolchains/gnu_arm/4.7_2013q1/bin/../lib/gcc/arm-none-eabi/4.7.3/armv6-m\libgcc.a(_arm_cmpsf2.o) (__lesf2)
d:/siliconlabs/simplicitystudio/v2/developer/toolchains/gnu_arm/4.7_2013q1/bin/../lib/gcc/arm-none-eabi/4.7.3/armv6-m\libgcc.a(mulsf3.o)
                              ./src/inv_mpu.o (__aeabi_fmul)
d:/siliconlabs/simplicitystudio/v2/developer/toolchains/gnu_arm/4.7_2013q1/bin/../lib/gcc/arm-none-eabi/4.7.3/armv6-m\libgcc.a(subsf3.o)
                              ./src/inv_mpu.o (__aeabi_fsub)
d:/siliconlabs/simplicitystudio/v2/developer/toolchains/gnu_arm/4.7_2013q1/bin/../lib/gcc/arm-none-eabi/4.7.3/armv6-m\libgcc.a(fixsfsi.o)
                              ./src/inv_mpu.o (__aeabi_f2iz)
d:/siliconlabs/simplicitystudio/v2/developer/toolchains/gnu_arm/4.7_2013q1/bin/../lib/gcc/arm-none-eabi/4.7.3/armv6-m\libgcc.a(floatsisf.o)
                              ./src/inv_mpu.o (__aeabi_i2f)
d:/siliconlabs/simplicitystudio/v2/developer/toolchains/gnu_arm/4.7_2013q1/bin/../lib/gcc/arm-none-eabi/4.7.3/armv6-m\libgcc.a(floatunsisf.o)
                              ./src/inv_mpu_dmp_motion_driver.o (__aeabi_ui2f)
d:/siliconlabs/simplicitystudio/v2/developer/toolchains/gnu_arm/4.7_2013q1/bin/../lib/gcc/arm-none-eabi/4.7.3/armv6-m\libgcc.a(_clzsi2.o)
                              d:/siliconlabs/simplicitystudio/v2/developer/toolchains/gnu_arm/4.7_2013q1/bin/../lib/gcc/arm-none-eabi/4.7.3/armv6-m\libgcc.a(addsf3.o) (__clzsi2)
d:/siliconlabs/simplicitystudio/v2/developer/toolchains/gnu_arm/4.7_2013q1/bin/../lib/gcc/arm-none-eabi/4.7.3/armv6-m\libgcc.a(_divdi3.o)
[...]
Memory Configuration

Name             Origin             Length             Attributes
FLASH            0x00000800         0x00007800         xr
RAM              0x20000000         0x00001000         xrw
*default*        0x00000000         0xffffffff

Linker script and memory map

LOAD d:/siliconlabs/simplicitystudio/v2/developer/toolchains/gnu_arm/4.7_2013q1/bin/../lib/gcc/arm-none-eabi/4.7.3/armv6-m/crti.o
LOAD d:/siliconlabs/simplicitystudio/v2/developer/toolchains/gnu_arm/4.7_2013q1/bin/../lib/gcc/arm-none-eabi/4.7.3/armv6-m/crtbegin.o
LOAD d:/siliconlabs/simplicitystudio/v2/developer/toolchains/gnu_arm/4.7_2013q1/bin/../lib/gcc/arm-none-eabi/4.7.3/../../../../arm-none-eabi/lib/armv6-m/crt0.o
LOAD ./src/AS3935.o
LOAD ./src/HMC5883L.o
LOAD ./src/MPU6050.o
LOAD ./src/RTC_.o
LOAD ./src/inv_mpu.o
LOAD ./src/inv_mpu_dmp_motion_driver.o
LOAD ./src/main.o
LOAD ./src/uart_connection.o
LOAD ./emlib/em_acmp.o
LOAD ./emlib/em_adc.o
LOAD ./emlib/em_aes.o
LOAD ./emlib/em_assert.o
LOAD ./emlib/em_burtc.o
LOAD ./emlib/em_cmu.o
LOAD ./emlib/em_dac.o
LOAD ./emlib/em_dbg.o
LOAD ./emlib/em_dma.o
LOAD ./emlib/em_ebi.o
LOAD ./emlib/em_emu.o
LOAD ./emlib/em_gpio.o
LOAD ./emlib/em_i2c.o
LOAD ./emlib/em_idac.o
LOAD ./emlib/em_int.o
LOAD ./emlib/em_lcd.o
LOAD ./emlib/em_lesense.o
LOAD ./emlib/em_letimer.o
LOAD ./emlib/em_leuart.o
LOAD ./emlib/em_mpu.o
LOAD ./emlib/em_msc.o
LOAD ./emlib/em_opamp.o
LOAD ./emlib/em_pcnt.o
LOAD ./emlib/em_prs.o
LOAD ./emlib/em_rmu.o
LOAD ./emlib/em_rtc.o
LOAD ./emlib/em_system.o
LOAD ./emlib/em_timer.o
LOAD ./emlib/em_usart.o
LOAD ./emlib/em_vcmp.o
LOAD ./emlib/em_wdog.o
LOAD ./CMSIS/efm32zg/startup_gcc_efm32zg.o
LOAD ./CMSIS/efm32zg/system_efm32zg.o
LOAD ./src/ucPeriperalDrivers/i2c_connection.o
START GROUP
LOAD d:/siliconlabs/simplicitystudio/v2/developer/toolchains/gnu_arm/4.7_2013q1/bin/../lib/gcc/arm-none-eabi/4.7.3/armv6-m\libgcc.a
LOAD d:/siliconlabs/simplicitystudio/v2/developer/toolchains/gnu_arm/4.7_2013q1/bin/../lib/gcc/arm-none-eabi/4.7.3/../../../../arm-none-eabi/lib/armv6-m\libc_s.a
LOAD d:/siliconlabs/simplicitystudio/v2/developer/toolchains/gnu_arm/4.7_2013q1/bin/../lib/gcc/arm-none-eabi/4.7.3/../../../../arm-none-eabi/lib/armv6-m\libnosys.a
END GROUP
START GROUP
LOAD d:/siliconlabs/simplicitystudio/v2/developer/toolchains/gnu_arm/4.7_2013q1/bin/../lib/gcc/arm-none-eabi/4.7.3/armv6-m\libgcc.a
LOAD d:/siliconlabs/simplicitystudio/v2/developer/toolchains/gnu_arm/4.7_2013q1/bin/../lib/gcc/arm-none-eabi/4.7.3/../../../../arm-none-eabi/lib/armv6-m\libc_s.a
END GROUP
LOAD d:/siliconlabs/simplicitystudio/v2/developer/toolchains/gnu_arm/4.7_2013q1/bin/../lib/gcc/arm-none-eabi/4.7.3/armv6-m/crtend.o
LOAD d:/siliconlabs/simplicitystudio/v2/developer/toolchains/gnu_arm/4.7_2013q1/bin/../lib/gcc/arm-none-eabi/4.7.3/armv6-m/crtn.o

.text           0x00000800     0x5838
 *(.isr_vector)
 .isr_vector    0x00000800      0x100 ./CMSIS/efm32zg/startup_gcc_efm32zg.o
                0x00000800                __isr_vector
 *(.text*)
 .text          0x00000900       0x60 d:/siliconlabs/simplicitystudio/v2/developer/toolchains/gnu_arm/4.7_2013q1/bin/../lib/gcc/arm-none-eabi/4.7.3/armv6-m/crtbegin.o
 .text          0x00000960       0x74 d:/siliconlabs/simplicitystudio/v2/developer/toolchains/gnu_arm/4.7_2013q1/bin/../lib/gcc/arm-none-eabi/4.7.3/../../../../arm-none-eabi/lib/armv6-m/crt0.o
                0x00000960                _start
                0x00000960                start
                0x00000960                _mainCRTStartup
 .text.AS3935_read_Interrupt
                0x000009d4       0x20 ./src/AS3935.o
                0x000009d4                AS3935_read_Interrupt
 .text.HMC5883L_init
                0x000009f4       0x78 ./src/HMC5883L.o
                0x000009f4                HMC5883L_init
 .text.HMC5883L_getCompassData
                0x00000a6c       0x40 ./src/HMC5883L.o
                0x00000a6c                HMC5883L_getCompassData
 .text.android_orient_cb
                0x00000aac       0x40 ./src/MPU6050.o
 .text.inv_row_2_scale
                0x00000aec       0x36 ./src/MPU6050.o
 *fill*         0x00000b22        0x2 00
 .text.tap_cb   0x00000b24       0x4c ./src/MPU6050.o
 .text.MPU6050_init
                0x00000b70       0xac ./src/MPU6050.o
                0x00000b70                MPU6050_init
 .text.startLfxoForRtc
                0x00000c1c       0x34 ./src/RTC_.o
                0x00000c1c                startLfxoForRtc
 .text.setupRtc
                0x00000c50       0x4c ./src/RTC_.o
                0x00000c50                setupRtc
 .text.i2c_write.part.0
                0x00000c9c       0x18 ./src/inv_mpu.o
 .text.i2c_read.part.2
                0x00000cb4       0x24 ./src/inv_mpu.o
 .text.set_int_enable
                0x00000cd8       0x68 ./src/inv_mpu.o
 .text.i2c_write
                0x00000d40       0x2c ./src/inv_mpu.o
                0x00000d40                i2c_write
 .text.i2c_read
                0x00000d6c       0x2c ./src/inv_mpu.o
                0x00000d6c                i2c_read
 .text.delay_ms
                0x00000d98       0x3c ./src/inv_mpu.o
                0x00000d98                delay_ms
 .text.mpu_get_gyro_reg
                0x00000dd4       0x50 ./src/inv_mpu.o
                0x00000dd4                mpu_get_gyro_reg
 .text.mpu_get_accel_reg
                0x00000e24       0x4c ./src/inv_mpu.o
                0x00000e24                mpu_get_accel_reg
 .text.mpu_reset_fifo
                0x00000e70      0x110 ./src/inv_mpu.o
                0x00000e70                mpu_reset_fifo
 .text.mpu_set_gyro_fsr
                0x00000f80       0x6c ./src/inv_mpu.o
                0x00000f80                mpu_set_gyro_fsr
 .text.mpu_get_accel_fsr
                0x00000fec       0x40 ./src/inv_mpu.o
                0x00000fec                mpu_get_accel_fsr
 .text.mpu_set_accel_fsr
                0x0000102c       0x60 ./src/inv_mpu.o
                0x0000102c                mpu_set_accel_fsr
 .text.mpu_set_lpf
                0x0000108c       0x5c ./src/inv_mpu.o
                0x0000108c                mpu_set_lpf
 .text.mpu_configure_fifo
                0x000010e8       0x5c ./src/inv_mpu.o
                0x000010e8                mpu_configure_fifo
 .text.mpu_read_fifo_stream
                0x00001144       0xa0 ./src/inv_mpu.o
                0x00001144                mpu_read_fifo_stream
 .text.mpu_set_bypass
                0x000011e4       0xbc ./src/inv_mpu.o
                0x000011e4                mpu_set_bypass
 .text.mpu_set_int_latched
                0x000012a0       0x58 ./src/inv_mpu.o
                0x000012a0                mpu_set_int_latched
 .text.mpu_set_sensors
                0x000012f8       0x94 ./src/inv_mpu.o
                0x000012f8                mpu_set_sensors
 .text.mpu_lp_accel_mode
                0x0000138c       0xa0 ./src/inv_mpu.o
                0x0000138c                mpu_lp_accel_mode
 .text.mpu_set_sample_rate
                0x0000142c       0x88 ./src/inv_mpu.o
                0x0000142c                mpu_set_sample_rate
 .text.mpu_init
                0x000014b4       0xbc ./src/inv_mpu.o
                0x000014b4                mpu_init
 .text.mpu_write_mem
                0x00001570       0x58 ./src/inv_mpu.o
                0x00001570                mpu_write_mem
 .text.mpu_read_mem
                0x000015c8       0x58 ./src/inv_mpu.o
                0x000015c8                mpu_read_mem
 .text.mpu_load_firmware
                0x00001620       0xa0 ./src/inv_mpu.o
                0x00001620                mpu_load_firmware
 .text.mpu_set_dmp_state
                0x000016c0       0x74 ./src/inv_mpu.o
                0x000016c0                mpu_set_dmp_state
 .text.dmp_enable_gyro_cal.part.0
                0x00001734       0x24 ./src/inv_mpu_dmp_motion_driver.o
 .text.dmp_load_motion_driver_firmware
                0x00001758       0x1c ./src/inv_mpu_dmp_motion_driver.o
                0x00001758                dmp_load_motion_driver_firmware
 .text.dmp_set_orientation
                0x00001774      0x11c ./src/inv_mpu_dmp_motion_driver.o
                0x00001774                dmp_set_orientation
 .text.dmp_set_fifo_rate
                0x00001890       0x64 ./src/inv_mpu_dmp_motion_driver.o
                0x00001890                dmp_set_fifo_rate
 .text.dmp_get_fifo_rate
                0x000018f4       0x10 ./src/inv_mpu_dmp_motion_driver.o
                0x000018f4                dmp_get_fifo_rate
 .text.dmp_set_tap_thresh
                0x00001904      0x144 ./src/inv_mpu_dmp_motion_driver.o
                0x00001904                dmp_set_tap_thresh
 .text.dmp_set_tap_axes
                0x00001a48       0x36 ./src/inv_mpu_dmp_motion_driver.o
                0x00001a48                dmp_set_tap_axes
 *fill*         0x00001a7e        0x2 00
 .text.dmp_set_tap_count
                0x00001a80       0x28 ./src/inv_mpu_dmp_motion_driver.o
                0x00001a80                dmp_set_tap_count
 .text.dmp_set_tap_time
                0x00001aa8       0x1e ./src/inv_mpu_dmp_motion_driver.o
                0x00001aa8                dmp_set_tap_time
 .text.dmp_set_tap_time_multi
                0x00001ac6       0x1e ./src/inv_mpu_dmp_motion_driver.o
                0x00001ac6                dmp_set_tap_time_multi
 .text.dmp_set_shake_reject_thresh
                0x00001ae4       0x2c ./src/inv_mpu_dmp_motion_driver.o
                0x00001ae4                dmp_set_shake_reject_thresh
 .text.dmp_set_shake_reject_time
                0x00001b10       0x1e ./src/inv_mpu_dmp_motion_driver.o
                0x00001b10                dmp_set_shake_reject_time
 .text.dmp_set_shake_reject_timeout
                0x00001b2e       0x1e ./src/inv_mpu_dmp_motion_driver.o
                0x00001b2e                dmp_set_shake_reject_timeout
 .text.dmp_get_pedometer_step_count
                0x00001b4c       0x36 ./src/inv_mpu_dmp_motion_driver.o
                0x00001b4c                dmp_get_pedometer_step_count
 .text.dmp_set_pedometer_step_count
                0x00001b82       0x1e ./src/inv_mpu_dmp_motion_driver.o
                0x00001b82                dmp_set_pedometer_step_count
 .text.dmp_get_pedometer_walk_time
                0x00001ba0       0x3a ./src/inv_mpu_dmp_motion_driver.o
                0x00001ba0                dmp_get_pedometer_walk_time
 .text.dmp_set_pedometer_walk_time
                0x00001bda       0x24 ./src/inv_mpu_dmp_motion_driver.o
                0x00001bda                dmp_set_pedometer_walk_time
 *fill*         0x00001bfe        0x2 00
 .text.dmp_enable_gyro_cal
                0x00001c00       0x2c ./src/inv_mpu_dmp_motion_driver.o
                0x00001c00                dmp_enable_gyro_cal
 .text.dmp_enable_lp_quat
                0x00001c2c       0x38 ./src/inv_mpu_dmp_motion_driver.o
                0x00001c2c                dmp_enable_lp_quat
 .text.dmp_enable_6x_lp_quat
                0x00001c64       0x38 ./src/inv_mpu_dmp_motion_driver.o
                0x00001c64                dmp_enable_6x_lp_quat
 .text.dmp_enable_feature
                0x00001c9c      0x1b4 ./src/inv_mpu_dmp_motion_driver.o
                0x00001c9c                dmp_enable_feature
 .text.dmp_set_interrupt_mode
                0x00001e50       0x4c ./src/inv_mpu_dmp_motion_driver.o
                0x00001e50                dmp_set_interrupt_mode
 .text.dmp_read_fifo
                0x00001e9c      0x194 ./src/inv_mpu_dmp_motion_driver.o
                0x00001e9c                dmp_read_fifo
 .text.dmp_register_tap_cb
                0x00002030        0xc ./src/inv_mpu_dmp_motion_driver.o
                0x00002030                dmp_register_tap_cb
 .text.dmp_register_android_orient_cb
                0x0000203c        0xc ./src/inv_mpu_dmp_motion_driver.o
                0x0000203c                dmp_register_android_orient_cb
 .text.initOscillators
                0x00002048       0x28 ./src/main.o
                0x00002048                initOscillators
 .text.clockTest_short
                0x00002070       0x30 ./src/main.o
                0x00002070                clockTest_short
 .text.detectSensors
                0x000020a0      0x118 ./src/main.o
                0x000020a0                detectSensors
 .text.initSensors
                0x000021b8       0xac ./src/main.o
                0x000021b8                initSensors
 .text.forceRhMeasurment
                0x00002264       0x5c ./src/main.o
                0x00002264                forceRhMeasurment
 .text.readHumidityAndTemperature
                0x000022c0      0x104 ./src/main.o
                0x000022c0                readHumidityAndTemperature
 .text.forceAmbientLightMeasurment
                0x000023c4       0x14 ./src/main.o
                0x000023c4                forceAmbientLightMeasurment
 .text.readAmbientLight
                0x000023d8       0x84 ./src/main.o
                0x000023d8                readAmbientLight
 .text.bmp085GetTemperature
                0x0000245c       0x48 ./src/main.o
                0x0000245c                bmp085GetTemperature
 .text.bmp085GetPressure
                0x000024a4       0xc0 ./src/main.o
                0x000024a4                bmp085GetPressure
 .text.forceTemperatureMesurementBMP085
                0x00002564       0x14 ./src/main.o
                0x00002564                forceTemperatureMesurementBMP085
 .text.readTemperatureBMP085
                0x00002578       0x48 ./src/main.o
                0x00002578                readTemperatureBMP085
 .text.forcePressureMeasurmentBMP085
                0x000025c0       0x14 ./src/main.o
                0x000025c0                forcePressureMeasurmentBMP085
 .text.readPressureBMP085
                0x000025d4       0x44 ./src/main.o
                0x000025d4                readPressureBMP085
 .text.RTC_IRQHandler
                0x00002618      0x3e8 ./src/main.o
                0x00002618                RTC_IRQHandler
 .text.startup.main
                0x00002a00       0x74 ./src/main.o
                0x00002a00                main
 .text.initUART
                0x00002a74       0x78 ./src/uart_connection.o
                0x00002a74                initUART
 .text.uart_sendChar
                0x00002aec       0x14 ./src/uart_connection.o
                0x00002aec                uart_sendChar
 .text.uart_sendText
                0x00002b00       0x20 ./src/uart_connection.o
                0x00002b00                uart_sendText
 .text.CMU_FlashWaitStateMax
                0x00002b20       0x20 ./emlib/em_cmu.o
 .text.CMU_FlashWaitStateControl
                0x00002b40       0x38 ./emlib/em_cmu.o
 .text.CMU_AUXClkGet
                0x00002b78       0x60 ./emlib/em_cmu.o
 .text.CMU_Sync
                0x00002bd8       0x18 ./emlib/em_cmu.o
 .text.CMU_LFClkGet
                0x00002bf0       0x48 ./emlib/em_cmu.o
 .text.CMU_ClockEnable
                0x00002c38       0x74 ./emlib/em_cmu.o
                0x00002c38                CMU_ClockEnable
 .text.CMU_ClockSelectGet
                0x00002cac       0x98 ./emlib/em_cmu.o
                0x00002cac                CMU_ClockSelectGet
 .text.CMU_ClockFreqGet
                0x00002d44       0xbc ./emlib/em_cmu.o
                0x00002d44                CMU_ClockFreqGet
 .text.CMU_OscillatorEnable
                0x00002e00       0x50 ./emlib/em_cmu.o
                0x00002e00                CMU_OscillatorEnable
 .text.CMU_ClockSelectSet
                0x00002e50       0xdc ./emlib/em_cmu.o
                0x00002e50                CMU_ClockSelectSet
 .text.DMA_IRQHandler
                0x00002f2c       0x7c ./emlib/em_dma.o
                0x00002f2c                DMA_IRQHandler
 .text.EMU_Restore
                0x00002fa8       0x80 ./emlib/em_emu.o
 .text.EMU_EnterEM2
                0x00003028       0x38 ./emlib/em_emu.o
                0x00003028                EMU_EnterEM2
 .text.EMU_UpdateOscConfig
                0x00003060       0x14 ./emlib/em_emu.o
                0x00003060                EMU_UpdateOscConfig
 .text.GPIO_PinModeSet
                0x00003074       0x8c ./emlib/em_gpio.o
                0x00003074                GPIO_PinModeSet
 .text.I2C_BusFreqSet
                0x00003100       0x54 ./emlib/em_i2c.o
                0x00003100                I2C_BusFreqSet
 .text.I2C_Init
                0x00003154       0x3c ./emlib/em_i2c.o
                0x00003154                I2C_Init
 .text.I2C_Transfer
                0x00003190      0x230 ./emlib/em_i2c.o
                0x00003190                I2C_Transfer
 .text.I2C_TransferInit
                0x000033c0       0x6c ./emlib/em_i2c.o
                0x000033c0                I2C_TransferInit
 .text.RTC_CompareSet
                0x0000342c       0x1c ./emlib/em_rtc.o
                0x0000342c                RTC_CompareSet
 .text.RTC_Init
                0x00003448       0x24 ./emlib/em_rtc.o
                0x00003448                RTC_Init
 .text.USART_BaudrateAsyncSet
                0x0000346c       0x64 ./emlib/em_usart.o
                0x0000346c                USART_BaudrateAsyncSet
 .text.USART_Enable
                0x000034d0        0xc ./emlib/em_usart.o
                0x000034d0                USART_Enable
 .text.USART_Reset
                0x000034dc       0x40 ./emlib/em_usart.o
                0x000034dc                USART_Reset
 .text.USART_InitAsync
                0x0000351c       0x46 ./emlib/em_usart.o
                0x0000351c                USART_InitAsync
 *fill*         0x00003562        0x2 00
 .text          0x00003564       0x60 ./CMSIS/efm32zg/startup_gcc_efm32zg.o
                0x00003564                Reset_Handler
                0x00003594                Default_Handler
                0x00003596                NMI_Handler
                0x00003598                HardFault_Handler
                0x0000359a                SVC_Handler
                0x0000359c                PendSV_Handler
                0x0000359e                SysTick_Handler
                0x000035a2                GPIO_EVEN_IRQHandler
                0x000035a4                TIMER0_IRQHandler
                0x000035a6                ACMP0_IRQHandler
                0x000035a8                ADC0_IRQHandler
                0x000035ac                GPIO_ODD_IRQHandler
                0x000035ae                TIMER1_IRQHandler
                0x000035b0                USART1_RX_IRQHandler
                0x000035b2                USART1_TX_IRQHandler
                0x000035b4                LEUART0_IRQHandler
                0x000035b6                PCNT0_IRQHandler
                0x000035ba                CMU_IRQHandler
                0x000035bc                VCMP_IRQHandler
                0x000035be                MSC_IRQHandler
                0x000035c0                AES_IRQHandler
 .text.SystemHFClockGet
                0x000035c4       0x9c ./CMSIS/efm32zg/system_efm32zg.o
                0x000035c4                SystemHFClockGet
 .text.SystemCoreClockGet
                0x00003660       0x20 ./CMSIS/efm32zg/system_efm32zg.o
                0x00003660                SystemCoreClockGet
 .text.SystemInit
                0x00003680        0x2 ./CMSIS/efm32zg/system_efm32zg.o
                0x00003680                SystemInit
 .text.SystemLFRCOClockGet
                0x00003682        0x6 ./CMSIS/efm32zg/system_efm32zg.o
                0x00003682                SystemLFRCOClockGet
 .text.SystemULFRCOClockGet
                0x00003688        0x6 ./CMSIS/efm32zg/system_efm32zg.o
                0x00003688                SystemULFRCOClockGet
 *fill*         0x0000368e        0x2 00
 .text.SystemLFXOClockGet
                0x00003690        0xc ./CMSIS/efm32zg/system_efm32zg.o
                0x00003690                SystemLFXOClockGet
 .text.initI2C_Master
                0x0000369c       0xbc ./src/ucPeriperalDrivers/i2c_connection.o
                0x0000369c                initI2C_Master
 .text.I2C0_IRQHandler
                0x00003758       0x1c ./src/ucPeriperalDrivers/i2c_connection.o
                0x00003758                I2C0_IRQHandler
 .text.i2c_RegisterGet
                0x00003774       0x5c ./src/ucPeriperalDrivers/i2c_connection.o
                0x00003774                i2c_RegisterGet
 .text.i2c_RegisterSet
                0x000037d0       0x50 ./src/ucPeriperalDrivers/i2c_connection.o
                0x000037d0                i2c_RegisterSet
 .text.i2c_Register_Write_Block
                0x00003820       0x54 ./src/ucPeriperalDrivers/i2c_connection.o
                0x00003820                i2c_Register_Write_Block
 .text.i2c_Register_Read_Block
                0x00003874       0x60 ./src/ucPeriperalDrivers/i2c_connection.o
                0x00003874                i2c_Register_Read_Block
 .text.i2c_Detect
                0x000038d4       0x58 ./src/ucPeriperalDrivers/i2c_connection.o
                0x000038d4                i2c_Detect
 .text.i2c_Scan
                0x0000392c       0x30 ./src/ucPeriperalDrivers/i2c_connection.o
                0x0000392c                i2c_Scan
 .text          0x0000395c       0x14 d:/siliconlabs/simplicitystudio/v2/developer/toolchains/gnu_arm/4.7_2013q1/bin/../lib/gcc/arm-none-eabi/4.7.3/armv6-m\libgcc.a(_thumb1_case_uqi.o)
                0x0000395c                __gnu_thumb1_case_uqi
 .text          0x00003970       0x9c d:/siliconlabs/simplicitystudio/v2/developer/toolchains/gnu_arm/4.7_2013q1/bin/../lib/gcc/arm-none-eabi/4.7.3/armv6-m\libgcc.a(_udivsi3.o)
                0x00003970                __aeabi_uidiv
                0x00003970                __udivsi3
                0x000039f8                __aeabi_uidivmod
 .text          0x00003a0c       0xc0 d:/siliconlabs/simplicitystudio/v2/developer/toolchains/gnu_arm/4.7_2013q1/bin/../lib/gcc/arm-none-eabi/4.7.3/armv6-m\libgcc.a(_divsi3.o)
                0x00003a0c                __divsi3
                0x00003a0c                __aeabi_idiv
                0x00003ab8                __aeabi_idivmod
 .text          0x00003acc        0x4 d:/siliconlabs/simplicitystudio/v2/developer/toolchains/gnu_arm/4.7_2013q1/bin/../lib/gcc/arm-none-eabi/4.7.3/armv6-m\libgcc.a(_dvmd_tls.o)
                0x00003acc                __aeabi_idiv0
                0x00003acc                __aeabi_ldiv0
 .text          0x00003ad0       0x74 d:/siliconlabs/simplicitystudio/v2/developer/toolchains/gnu_arm/4.7_2013q1/bin/../lib/gcc/arm-none-eabi/4.7.3/armv6-m\libgcc.a(_arm_cmpsf2.o)
                0x00003ad0                __aeabi_cfrcmple
                0x00003ad8                __aeabi_cfcmpeq
                0x00003ad8                __aeabi_cfcmple
                0x00003ae8                __aeabi_fcmpeq
                0x00003af4                __aeabi_fcmplt
                0x00003b08                __aeabi_fcmple
                0x00003b1c                __aeabi_fcmpgt
                0x00003b30                __aeabi_fcmpge
 .text          0x00003b44       0x30 d:/siliconlabs/simplicitystudio/v2/developer/toolchains/gnu_arm/4.7_2013q1/bin/../lib/gcc/arm-none-eabi/4.7.3/armv6-m\libgcc.a(_fixunssfsi.o)
                0x00003b44                __fixunssfsi
                0x00003b44                __aeabi_f2uiz
 .text          0x00003b74      0x274 d:/siliconlabs/simplicitystudio/v2/developer/toolchains/gnu_arm/4.7_2013q1/bin/../lib/gcc/arm-none-eabi/4.7.3/armv6-m\libgcc.a(divsf3.o)
                0x00003b74                __aeabi_fdiv
 .text          0x00003de8       0x50 d:/siliconlabs/simplicitystudio/v2/developer/toolchains/gnu_arm/4.7_2013q1/bin/../lib/gcc/arm-none-eabi/4.7.3/armv6-m\libgcc.a(eqsf2.o)
                0x00003de8                __eqsf2
                0x00003de8                __nesf2
 .text          0x00003e38       0x90 d:/siliconlabs/simplicitystudio/v2/developer/toolchains/gnu_arm/4.7_2013q1/bin/../lib/gcc/arm-none-eabi/4.7.3/armv6-m\libgcc.a(gesf2.o)
                0x00003e38                __gesf2
                0x00003e38                __gtsf2
 .text          0x00003ec8       0x90 d:/siliconlabs/simplicitystudio/v2/developer/toolchains/gnu_arm/4.7_2013q1/bin/../lib/gcc/arm-none-eabi/4.7.3/armv6-m\libgcc.a(lesf2.o)
                0x00003ec8                __ltsf2
                0x00003ec8                __lesf2
 .text          0x00003f58      0x260 d:/siliconlabs/simplicitystudio/v2/developer/toolchains/gnu_arm/4.7_2013q1/bin/../lib/gcc/arm-none-eabi/4.7.3/armv6-m\libgcc.a(mulsf3.o)
                0x00003f58                __aeabi_fmul
 .text          0x000041b8      0x3b4 d:/siliconlabs/simplicitystudio/v2/developer/toolchains/gnu_arm/4.7_2013q1/bin/../lib/gcc/arm-none-eabi/4.7.3/armv6-m\libgcc.a(subsf3.o)
                0x000041b8                __aeabi_fsub
 .text          0x0000456c       0x40 d:/siliconlabs/simplicitystudio/v2/developer/toolchains/gnu_arm/4.7_2013q1/bin/../lib/gcc/arm-none-eabi/4.7.3/armv6-m\libgcc.a(fixsfsi.o)
                0x0000456c                __aeabi_f2iz
 .text          0x000045ac       0xa8 d:/siliconlabs/simplicitystudio/v2/developer/toolchains/gnu_arm/4.7_2013q1/bin/../lib/gcc/arm-none-eabi/4.7.3/armv6-m\libgcc.a(floatunsisf.o)
                0x000045ac                __aeabi_ui2f
 .text          0x00004654       0x3c d:/siliconlabs/simplicitystudio/v2/developer/toolchains/gnu_arm/4.7_2013q1/bin/../lib/gcc/arm-none-eabi/4.7.3/armv6-m\libgcc.a(_clzsi2.o)
                0x00004654                __clzsi2
 .text.__register_exitproc
                0x00004690       0x18 d:/siliconlabs/simplicitystudio/v2/developer/toolchains/gnu_arm/4.7_2013q1/bin/../lib/gcc/arm-none-eabi/4.7.3/../../../../arm-none-eabi/lib/armv6-m\libc_s.a(lib_a-__atexit2.o)
                0x00004690                __register_exitproc
 .text.exit     0x000046a8       0x30 d:/siliconlabs/simplicitystudio/v2/developer/toolchains/gnu_arm/4.7_2013q1/bin/../lib/gcc/arm-none-eabi/4.7.3/../../../../arm-none-eabi/lib/armv6-m\libc_s.a(lib_a-exit.o)
                0x000046a8                exit
 .text.__libc_fini_array
                0x000046d8       0x2c d:/siliconlabs/simplicitystudio/v2/developer/toolchains/gnu_arm/4.7_2013q1/bin/../lib/gcc/arm-none-eabi/4.7.3/../../../../arm-none-eabi/lib/armv6-m\libc_s.a(lib_a-fini.o)
                0x000046d8                __libc_fini_array
 .text.__libc_init_array
                0x00004704       0x4c d:/siliconlabs/simplicitystudio/v2/developer/toolchains/gnu_arm/4.7_2013q1/bin/../lib/gcc/arm-none-eabi/4.7.3/../../../../arm-none-eabi/lib/armv6-m\libc_s.a(lib_a-init.o)
                0x00004704                __libc_init_array
 .text.memcmp   0x00004750       0x1e d:/siliconlabs/simplicitystudio/v2/developer/toolchains/gnu_arm/4.7_2013q1/bin/../lib/gcc/arm-none-eabi/4.7.3/../../../../arm-none-eabi/lib/armv6-m\libc_s.a(lib_a-memcmp.o)
                0x00004750                memcmp
 .text.memcpy   0x0000476e       0x12 d:/siliconlabs/simplicitystudio/v2/developer/toolchains/gnu_arm/4.7_2013q1/bin/../lib/gcc/arm-none-eabi/4.7.3/../../../../arm-none-eabi/lib/armv6-m\libc_s.a(lib_a-memcpy.o)
                0x0000476e                memcpy
 .text.memset   0x00004780       0x12 d:/siliconlabs/simplicitystudio/v2/developer/toolchains/gnu_arm/4.7_2013q1/bin/../lib/gcc/arm-none-eabi/4.7.3/../../../../arm-none-eabi/lib/armv6-m\libc_s.a(lib_a-memset.o)
                0x00004780                memset
 *fill*         0x00004792        0x2 00
 .text.sprintf  0x00004794       0x44 d:/siliconlabs/simplicitystudio/v2/developer/toolchains/gnu_arm/4.7_2013q1/bin/../lib/gcc/arm-none-eabi/4.7.3/../../../../arm-none-eabi/lib/armv6-m\libc_s.a(lib_a-sprintf.o)
                0x00004794                siprintf
                0x00004794                sprintf
 .text.__ssputc_r
                0x000047d8       0xb0 d:/siliconlabs/simplicitystudio/v2/developer/toolchains/gnu_arm/4.7_2013q1/bin/../lib/gcc/arm-none-eabi/4.7.3/../../../../arm-none-eabi/lib/armv6-m\libc_s.a(lib_a-svfprintf.o)
                0x000047d8                __ssputc_r
 .text._svfprintf_r
                0x00004888      0x1f8 d:/siliconlabs/simplicitystudio/v2/developer/toolchains/gnu_arm/4.7_2013q1/bin/../lib/gcc/arm-none-eabi/4.7.3/../../../../arm-none-eabi/lib/armv6-m\libc_s.a(lib_a-svfprintf.o)
                0x00004888                _svfiprintf_r
                0x00004888                _svfprintf_r
 .text._printf_common
                0x00004a80       0xe0 d:/siliconlabs/simplicitystudio/v2/developer/toolchains/gnu_arm/4.7_2013q1/bin/../lib/gcc/arm-none-eabi/4.7.3/../../../../arm-none-eabi/lib/armv6-m\libc_s.a(lib_a-vfprintf_i.o)
                0x00004a80                _printf_common
 .text._printf_i
                0x00004b60      0x234 d:/siliconlabs/simplicitystudio/v2/developer/toolchains/gnu_arm/4.7_2013q1/bin/../lib/gcc/arm-none-eabi/4.7.3/../../../../arm-none-eabi/lib/armv6-m\libc_s.a(lib_a-vfprintf_i.o)
                0x00004b60                _printf_i
 .text._free_r  0x00004d94       0x90 d:/siliconlabs/simplicitystudio/v2/developer/toolchains/gnu_arm/4.7_2013q1/bin/../lib/gcc/arm-none-eabi/4.7.3/../../../../arm-none-eabi/lib/armv6-m\libc_s.a(lib_a-freer.o)
                0x00004d94                _free_r
 .text._malloc_r
                0x00004e24       0x94 d:/siliconlabs/simplicitystudio/v2/developer/toolchains/gnu_arm/4.7_2013q1/bin/../lib/gcc/arm-none-eabi/4.7.3/../../../../arm-none-eabi/lib/armv6-m\libc_s.a(lib_a-mallocr.o)
                0x00004e24                _malloc_r
 .text.memchr   0x00004eb8       0x18 d:/siliconlabs/simplicitystudio/v2/developer/toolchains/gnu_arm/4.7_2013q1/bin/../lib/gcc/arm-none-eabi/4.7.3/../../../../arm-none-eabi/lib/armv6-m\libc_s.a(lib_a-memchr.o)
                0x00004eb8                memchr
 .text._realloc_r
                0x00004ed0       0x4c d:/siliconlabs/simplicitystudio/v2/developer/toolchains/gnu_arm/4.7_2013q1/bin/../lib/gcc/arm-none-eabi/4.7.3/../../../../arm-none-eabi/lib/armv6-m\libc_s.a(lib_a-reallocr.o)
                0x00004ed0                _realloc_r
 .text._sbrk_r  0x00004f1c       0x24 d:/siliconlabs/simplicitystudio/v2/developer/toolchains/gnu_arm/4.7_2013q1/bin/../lib/gcc/arm-none-eabi/4.7.3/../../../../arm-none-eabi/lib/armv6-m\libc_s.a(lib_a-sbrkr.o)
                0x00004f1c                _sbrk_r
 .text.strlen   0x00004f40        0xe d:/siliconlabs/simplicitystudio/v2/developer/toolchains/gnu_arm/4.7_2013q1/bin/../lib/gcc/arm-none-eabi/4.7.3/../../../../arm-none-eabi/lib/armv6-m\libc_s.a(lib_a-strlen.o)
                0x00004f40                strlen
 .text._malloc_usable_size_r
                0x00004f4e       0x14 d:/siliconlabs/simplicitystudio/v2/developer/toolchains/gnu_arm/4.7_2013q1/bin/../lib/gcc/arm-none-eabi/4.7.3/../../../../arm-none-eabi/lib/armv6-m\libc_s.a(lib_a-msizer.o)
                0x00004f4e                _malloc_usable_size_r
 *fill*         0x00004f62        0x2 00
 .text._sbrk    0x00004f64       0x38 d:/siliconlabs/simplicitystudio/v2/developer/toolchains/gnu_arm/4.7_2013q1/bin/../lib/gcc/arm-none-eabi/4.7.3/../../../../arm-none-eabi/lib/armv6-m\libnosys.a(sbrk.o)
                0x00004f64                _sbrk
 .text._exit    0x00004f9c        0x4 d:/siliconlabs/simplicitystudio/v2/developer/toolchains/gnu_arm/4.7_2013q1/bin/../lib/gcc/arm-none-eabi/4.7.3/../../../../arm-none-eabi/lib/armv6-m\libnosys.a(_exit.o)
                0x00004f9c                _exit
 *(.init)
 .init          0x00004fa0        0x4 d:/siliconlabs/simplicitystudio/v2/developer/toolchains/gnu_arm/4.7_2013q1/bin/../lib/gcc/arm-none-eabi/4.7.3/armv6-m/crti.o
                0x00004fa0                _init
 .init          0x00004fa4        0x8 d:/siliconlabs/simplicitystudio/v2/developer/toolchains/gnu_arm/4.7_2013q1/bin/../lib/gcc/arm-none-eabi/4.7.3/armv6-m/crtn.o
 *(.fini)
 .fini          0x00004fac        0x4 d:/siliconlabs/simplicitystudio/v2/developer/toolchains/gnu_arm/4.7_2013q1/bin/../lib/gcc/arm-none-eabi/4.7.3/armv6-m/crti.o
                0x00004fac                _fini
 .fini          0x00004fb0        0x8 d:/siliconlabs/simplicitystudio/v2/developer/toolchains/gnu_arm/4.7_2013q1/bin/../lib/gcc/arm-none-eabi/4.7.3/armv6-m/crtn.o
 *crtbegin.o(.ctors)
 *crtbegin?.o(.ctors)
 *(EXCLUDE_FILE(*crtend.o *crtend?.o) .ctors)
 *(SORT(.ctors.*))
 *(.ctors)
 *crtbegin.o(.dtors)
 *crtbegin?.o(.dtors)
 *(EXCLUDE_FILE(*crtend.o *crtend?.o) .dtors)
 *(SORT(.dtors.*))
 *(.dtors)
 *(.rodata*)
 .rodata.str1.1
                0x00004fb8       0x48 ./src/MPU6050.o
 .rodata        0x00005000        0x3 ./src/RTC_.o
 *fill*         0x00005003        0x1 00
 .rodata.test   0x00005004       0x28 ./src/inv_mpu.o
                0x00005004                test
 .rodata.hw     0x0000502c        0xc ./src/inv_mpu.o
                0x0000502c                hw
 .rodata.reg    0x00005038       0x1e ./src/inv_mpu.o
                0x00005038                reg
 .rodata        0x00005056       0x40 ./src/inv_mpu_dmp_motion_driver.o
 .rodata.dmp_memory
                0x00005096      0xbf6 ./src/inv_mpu_dmp_motion_driver.o
 .rodata.str1.1
                0x00005c8c      0x29d ./src/main.o
 *fill*         0x00005f29        0x3 00
 .rodata        0x00005f2c       0x18 ./src/uart_connection.o
 .rodata.i2cNSum
                0x00005f44        0x4 ./emlib/em_i2c.o
 .rodata        0x00005f48       0x10 ./src/ucPeriperalDrivers/i2c_connection.o
 .rodata.str1.1
                0x00005f58       0x1e ./src/ucPeriperalDrivers/i2c_connection.o
 *fill*         0x00005f76        0x2 00
 .rodata        0x00005f78       0x40 d:/siliconlabs/simplicitystudio/v2/developer/toolchains/gnu_arm/4.7_2013q1/bin/../lib/gcc/arm-none-eabi/4.7.3/armv6-m\libgcc.a(divsf3.o)
 .rodata        0x00005fb8       0x40 d:/siliconlabs/simplicitystudio/v2/developer/toolchains/gnu_arm/4.7_2013q1/bin/../lib/gcc/arm-none-eabi/4.7.3/armv6-m\libgcc.a(mulsf3.o)
 .rodata.str1.1
                0x00005ff8        0x2 d:/siliconlabs/simplicitystudio/v2/developer/toolchains/gnu_arm/4.7_2013q1/bin/../lib/gcc/arm-none-eabi/4.7.3/../../../../arm-none-eabi/lib/armv6-m\libc_s.a(lib_a-impure.o)
 *fill*         0x00005ffa        0x2 00
 .rodata._global_impure_ptr
                0x00005ffc        0x4 d:/siliconlabs/simplicitystudio/v2/developer/toolchains/gnu_arm/4.7_2013q1/bin/../lib/gcc/arm-none-eabi/4.7.3/../../../../arm-none-eabi/lib/armv6-m\libc_s.a(lib_a-impure.o)
                0x00005ffc                _global_impure_ptr
 .rodata.str1.1
                0x00006000       0x11 d:/siliconlabs/simplicitystudio/v2/developer/toolchains/gnu_arm/4.7_2013q1/bin/../lib/gcc/arm-none-eabi/4.7.3/../../../../arm-none-eabi/lib/armv6-m\libc_s.a(lib_a-svfprintf.o)
 .rodata.str1.1
                0x00006011       0x22 d:/siliconlabs/simplicitystudio/v2/developer/toolchains/gnu_arm/4.7_2013q1/bin/../lib/gcc/arm-none-eabi/4.7.3/../../../../arm-none-eabi/lib/armv6-m\libc_s.a(lib_a-vfprintf_i.o)
 *(.eh_frame*)
 *fill*         0x00006033        0x1 00
 .eh_frame      0x00006034        0x0 d:/siliconlabs/simplicitystudio/v2/developer/toolchains/gnu_arm/4.7_2013q1/bin/../lib/gcc/arm-none-eabi/4.7.3/armv6-m/crtbegin.o
 .eh_frame      0x00006034        0x4 d:/siliconlabs/simplicitystudio/v2/developer/toolchains/gnu_arm/4.7_2013q1/bin/../lib/gcc/arm-none-eabi/4.7.3/armv6-m/crtend.o

.glue_7         0x00006038        0x0
 .glue_7        0x00000000        0x0 linker stubs

.glue_7t        0x00006038        0x0
 .glue_7t       0x00000000        0x0 linker stubs

.vfp11_veneer   0x00006038        0x0
 .vfp11_veneer  0x00000000        0x0 linker stubs

.v4_bx          0x00006038        0x0
 .v4_bx         0x00000000        0x0 linker stubs

.iplt           0x00006038        0x0
 .iplt          0x00000000        0x0 d:/siliconlabs/simplicitystudio/v2/developer/toolchains/gnu_arm/4.7_2013q1/bin/../lib/gcc/arm-none-eabi/4.7.3/armv6-m/crtbegin.o

.ARM.extab
 *(.ARM.extab* .gnu.linkonce.armextab.*)
                0x00006038                __exidx_start = .

.ARM.exidx      0x00006038        0x8
 *(.ARM.exidx* .gnu.linkonce.armexidx.*)
 .ARM.exidx     0x00006038        0x8 d:/siliconlabs/simplicitystudio/v2/developer/toolchains/gnu_arm/4.7_2013q1/bin/../lib/gcc/arm-none-eabi/4.7.3/../../../../arm-none-eabi/lib/armv6-m/crt0.o
                0x00006040                __exidx_end = .
                0x00006040                __etext = .

.rel.dyn        0x00006040        0x0
 .rel.iplt      0x00000000        0x0 d:/siliconlabs/simplicitystudio/v2/developer/toolchains/gnu_arm/4.7_2013q1/bin/../lib/gcc/arm-none-eabi/4.7.3/armv6-m/crtbegin.o

.data           0x20000000       0xc4 load address 0x00006040
                0x20000000                __data_start__ = .
 *(vtable)
 *(.data*)
 .data.outpRate
                0x20000000        0x1 ./src/HMC5883L.o
                0x20000000                outpRate
 .data.gainConf
                0x20000001        0x1 ./src/HMC5883L.o
                0x20000001                gainConf
 .data.gyro_orientation.8478
                0x20000002        0x9 ./src/MPU6050.o
 *fill*         0x2000000b        0x1 00
 .data.st       0x2000000c       0x2c ./src/inv_mpu.o
 .data.AC1      0x20000038        0x2 ./src/main.o
                0x20000038                AC1
 .data.AC2      0x2000003a        0x2 ./src/main.o
                0x2000003a                AC2
 .data.AC3      0x2000003c        0x2 ./src/main.o
                0x2000003c                AC3
 .data.AC4      0x2000003e        0x2 ./src/main.o
                0x2000003e                AC4
 .data.AC5      0x20000040        0x2 ./src/main.o
                0x20000040                AC5
 .data.AC6      0x20000042        0x2 ./src/main.o
                0x20000042                AC6
 .data.B1       0x20000044        0x2 ./src/main.o
                0x20000044                B1
 .data.B2       0x20000046        0x2 ./src/main.o
                0x20000046                B2
 .data.MC       0x20000048        0x2 ./src/main.o
                0x20000048                MC
 .data.MD       0x2000004a        0x2 ./src/main.o
                0x2000004a                MD
 .data.SystemLFXOClock
                0x2000004c        0x4 ./CMSIS/efm32zg/system_efm32zg.o
 .data.SystemHFXOClock
                0x20000050        0x4 ./CMSIS/efm32zg/system_efm32zg.o
 .data.impure_data
                0x20000054       0x64 d:/siliconlabs/simplicitystudio/v2/developer/toolchains/gnu_arm/4.7_2013q1/bin/../lib/gcc/arm-none-eabi/4.7.3/../../../../arm-none-eabi/lib/armv6-m\libc_s.a(lib_a-impure.o)
 .data._impure_ptr
                0x200000b8        0x4 d:/siliconlabs/simplicitystudio/v2/developer/toolchains/gnu_arm/4.7_2013q1/bin/../lib/gcc/arm-none-eabi/4.7.3/../../../../arm-none-eabi/lib/armv6-m\libc_s.a(lib_a-impure.o)
                0x200000b8                _impure_ptr
                0x200000bc                . = ALIGN (0x4)
 *(.ram)
                0x200000bc                . = ALIGN (0x4)
                0x200000bc                PROVIDE (__preinit_array_start, .)
 *(.preinit_array)
                0x200000bc                PROVIDE (__preinit_array_end, .)
                0x200000bc                . = ALIGN (0x4)
                0x200000bc                PROVIDE (__init_array_start, .)
 *(SORT(.init_array.*))
 *(.init_array)
 .init_array    0x200000bc        0x4 d:/siliconlabs/simplicitystudio/v2/developer/toolchains/gnu_arm/4.7_2013q1/bin/../lib/gcc/arm-none-eabi/4.7.3/armv6-m/crtbegin.o
                0x200000c0                PROVIDE (__init_array_end, .)
                0x200000c0                . = ALIGN (0x4)
                0x200000c0                PROVIDE (__fini_array_start, .)
 *(SORT(.fini_array.*))
 *(.fini_array)
 .fini_array    0x200000c0        0x4 d:/siliconlabs/simplicitystudio/v2/developer/toolchains/gnu_arm/4.7_2013q1/bin/../lib/gcc/arm-none-eabi/4.7.3/armv6-m/crtbegin.o
                0x200000c4                PROVIDE (__fini_array_end, .)
                0x200000c4                . = ALIGN (0x4)
                0x200000c4                __data_end__ = .

.jcr            0x200000c4        0x0 load address 0x00006104
 .jcr           0x200000c4        0x0 d:/siliconlabs/simplicitystudio/v2/developer/toolchains/gnu_arm/4.7_2013q1/bin/../lib/gcc/arm-none-eabi/4.7.3/armv6-m/crtbegin.o

.igot.plt       0x200000c4        0x0 load address 0x00006104
 .igot.plt      0x00000000        0x0 d:/siliconlabs/simplicitystudio/v2/developer/toolchains/gnu_arm/4.7_2013q1/bin/../lib/gcc/arm-none-eabi/4.7.3/armv6-m/crtbegin.o

.bss            0x200000c4       0xc4 load address 0x00006104
                0x200000c4                __bss_start__ = .
 *(.bss*)
 .bss           0x200000c4       0x1c d:/siliconlabs/simplicitystudio/v2/developer/toolchains/gnu_arm/4.7_2013q1/bin/../lib/gcc/arm-none-eabi/4.7.3/armv6-m/crtbegin.o
 .bss.operatingMode
                0x200000e0        0x1 ./src/HMC5883L.o
                0x200000e0                operatingMode
 .bss.i2cSetting
                0x200000e1        0x1 ./src/HMC5883L.o
                0x200000e1                i2cSetting
 .bss.numbOfSamples
                0x200000e2        0x1 ./src/HMC5883L.o
                0x200000e2                numbOfSamples
 .bss.measurementMode
                0x200000e3        0x1 ./src/HMC5883L.o
                0x200000e3                measurementMode
 .bss.dmp       0x200000e4       0x10 ./src/inv_mpu_dmp_motion_driver.o
 .bss.RTC_interrupt_type
                0x200000f4        0x1 ./src/main.o
                0x200000f4                RTC_interrupt_type
 *fill*         0x200000f5        0x1 00
 .bss.cmuStatus
                0x200000f6        0x2 ./emlib/em_emu.o
 .bss.i2cTransfer
                0x200000f8        0xc ./emlib/em_i2c.o
 .bss.__malloc_free_list
                0x20000104        0x4 d:/siliconlabs/simplicitystudio/v2/developer/toolchains/gnu_arm/4.7_2013q1/bin/../lib/gcc/arm-none-eabi/4.7.3/../../../../arm-none-eabi/lib/armv6-m\libc_s.a(lib_a-mallocr.o)
                0x20000104                __malloc_free_list
 .bss.heap_end.4231
                0x20000108        0x4 d:/siliconlabs/simplicitystudio/v2/developer/toolchains/gnu_arm/4.7_2013q1/bin/../lib/gcc/arm-none-eabi/4.7.3/../../../../arm-none-eabi/lib/armv6-m\libnosys.a(sbrk.o)
 *(COMMON)
 COMMON         0x2000010c       0x65 ./src/AS3935.o
                0x2000010c                I2C_Status
                0x2000010d                i2c_registers
 COMMON         0x20000171        0xb ./src/MPU6050.o
                0x20000171                i_tapData
                0x20000172                tapData
 COMMON         0x2000017c        0x4 ./src/main.o
                0x2000017c                b5
 COMMON         0x20000180        0x4 ./CMSIS/efm32zg/system_efm32zg.o
                0x20000180                SystemCoreClock
 COMMON         0x20000184        0x4 d:/siliconlabs/simplicitystudio/v2/developer/toolchains/gnu_arm/4.7_2013q1/bin/../lib/gcc/arm-none-eabi/4.7.3/../../../../arm-none-eabi/lib/armv6-m\libc_s.a(lib_a-reent.o)
                0x20000184                errno
                0x20000188                __bss_end__ = .

.heap           0x20000188        0x0
                0x20000188                __end__ = .
                0x20000188                end = __end__
                0x20000188                _end = __end__
 *(.heap*)
 .heap          0x20000188        0x0 ./CMSIS/efm32zg/startup_gcc_efm32zg.o
                0x20000188                __HeapLimit = .

.stack_dummy    0x20000188      0x400
 *(.stack)
 .stack         0x20000188      0x400 ./CMSIS/efm32zg/startup_gcc_efm32zg.o
                0x20001000                __StackTop = (ORIGIN (RAM) + 0x1000)
                0x20000c00                __StackLimit = (__StackTop - SIZEOF (.stack_dummy))
                0x20001000                PROVIDE (__stack, __StackTop)
                0x00000001                ASSERT ((__StackLimit >= __HeapLimit), region RAM overflowed with stack)
                0x00000001                ASSERT ((0x7800 >= (__etext + SIZEOF (.data))), FLASH memory overflowed !)
OUTPUT(EnvSensor.axf elf32-littlearm)

.ARM.attributes
                0x00000000       0x28
 .ARM.attributes
                0x00000000       0x1e d:/siliconlabs/simplicitystudio/v2/developer/toolchains/gnu_arm/4.7_2013q1/bin/../lib/gcc/arm-none-eabi/4.7.3/armv6-m/crti.o
 .ARM.attributes
                0x0000001e       0x2c d:/siliconlabs/simplicitystudio/v2/developer/toolchains/gnu_arm/4.7_2013q1/bin/../lib/gcc/arm-none-eabi/4.7.3/armv6-m/crtbegin.o
 .ARM.attributes
                0x0000004a       0x1c d:/siliconlabs/simplicitystudio/v2/developer/toolchains/gnu_arm/4.7_2013q1/bin/../lib/gcc/arm-none-eabi/4.7.3/../../../../arm-none-eabi/lib/armv6-m/crt0.o
 .ARM.attributes
                0x00000066       0x32 ./src/AS3935.o
 .ARM.attributes
                0x00000098       0x32 ./src/HMC5883L.o
 .ARM.attributes
                0x000000ca       0x32 ./src/MPU6050.o
 .ARM.attributes
                0x000000fc       0x32 ./src/RTC_.o
 .ARM.attributes
                0x0000012e       0x32 ./src/inv_mpu.o
 .ARM.attributes
                0x00000160       0x32 ./src/inv_mpu_dmp_motion_driver.o
 .ARM.attributes
                0x00000192       0x32 ./src/main.o
 .ARM.attributes
                0x000001c4       0x32 ./src/uart_connection.o
 .ARM.attributes
                0x000001f6       0x32 ./emlib/em_cmu.o
 .ARM.attributes
                0x00000228       0x32 ./emlib/em_dma.o
 .ARM.attributes
                0x0000025a       0x32 ./emlib/em_emu.o
 .ARM.attributes
                0x0000028c       0x32 ./emlib/em_gpio.o
 .ARM.attributes
                0x000002be       0x32 ./emlib/em_i2c.o
 .ARM.attributes
                0x000002f0       0x32 ./emlib/em_rtc.o
 .ARM.attributes
                0x00000322       0x32 ./emlib/em_usart.o
 .ARM.attributes
                0x00000354       0x1b ./CMSIS/efm32zg/startup_gcc_efm32zg.o
 .ARM.attributes
                0x0000036f       0x32 ./CMSIS/efm32zg/system_efm32zg.o
 .ARM.attributes
                0x000003a1       0x32 ./src/ucPeriperalDrivers/i2c_connection.o
 .ARM.attributes
                0x000003d3       0x1e d:/siliconlabs/simplicitystudio/v2/developer/toolchains/gnu_arm/4.7_2013q1/bin/../lib/gcc/arm-none-eabi/4.7.3/armv6-m\libgcc.a(_thumb1_case_uqi.o)
 .ARM.attributes
                0x000003f1       0x1e d:/siliconlabs/simplicitystudio/v2/developer/toolchains/gnu_arm/4.7_2013q1/bin/../lib/gcc/arm-none-eabi/4.7.3/armv6-m\libgcc.a(_udivsi3.o)
 .ARM.attributes
                0x0000040f       0x1e d:/siliconlabs/simplicitystudio/v2/developer/toolchains/gnu_arm/4.7_2013q1/bin/../lib/gcc/arm-none-eabi/4.7.3/armv6-m\libgcc.a(_divsi3.o)
 .ARM.attributes
                0x0000042d       0x1e d:/siliconlabs/simplicitystudio/v2/developer/toolchains/gnu_arm/4.7_2013q1/bin/../lib/gcc/arm-none-eabi/4.7.3/armv6-m\libgcc.a(_dvmd_tls.o)
 .ARM.attributes
                0x0000044b       0x1e d:/siliconlabs/simplicitystudio/v2/developer/toolchains/gnu_arm/4.7_2013q1/bin/../lib/gcc/arm-none-eabi/4.7.3/armv6-m\libgcc.a(_arm_cmpsf2.o)
 .ARM.attributes
                0x00000469       0x2c d:/siliconlabs/simplicitystudio/v2/developer/toolchains/gnu_arm/4.7_2013q1/bin/../lib/gcc/arm-none-eabi/4.7.3/armv6-m\libgcc.a(_fixunssfsi.o)
 .ARM.attributes
                0x00000495       0x2c d:/siliconlabs/simplicitystudio/v2/developer/toolchains/gnu_arm/4.7_2013q1/bin/../lib/gcc/arm-none-eabi/4.7.3/armv6-m\libgcc.a(divsf3.o)
 .ARM.attributes
                0x000004c1       0x2c d:/siliconlabs/simplicitystudio/v2/developer/toolchains/gnu_arm/4.7_2013q1/bin/../lib/gcc/arm-none-eabi/4.7.3/armv6-m\libgcc.a(eqsf2.o)
 .ARM.attributes
                0x000004ed       0x2c d:/siliconlabs/simplicitystudio/v2/developer/toolchains/gnu_arm/4.7_2013q1/bin/../lib/gcc/arm-none-eabi/4.7.3/armv6-m\libgcc.a(gesf2.o)
 .ARM.attributes
                0x00000519       0x2c d:/siliconlabs/simplicitystudio/v2/developer/toolchains/gnu_arm/4.7_2013q1/bin/../lib/gcc/arm-none-eabi/4.7.3/armv6-m\libgcc.a(lesf2.o)
 .ARM.attributes
                0x00000545       0x2c d:/siliconlabs/simplicitystudio/v2/developer/toolchains/gnu_arm/4.7_2013q1/bin/../lib/gcc/arm-none-eabi/4.7.3/armv6-m\libgcc.a(mulsf3.o)
 .ARM.attributes
                0x00000571       0x2c d:/siliconlabs/simplicitystudio/v2/developer/toolchains/gnu_arm/4.7_2013q1/bin/../lib/gcc/arm-none-eabi/4.7.3/armv6-m\libgcc.a(subsf3.o)
 .ARM.attributes
                0x0000059d       0x2c d:/siliconlabs/simplicitystudio/v2/developer/toolchains/gnu_arm/4.7_2013q1/bin/../lib/gcc/arm-none-eabi/4.7.3/armv6-m\libgcc.a(fixsfsi.o)
 .ARM.attributes
                0x000005c9       0x2c d:/siliconlabs/simplicitystudio/v2/developer/toolchains/gnu_arm/4.7_2013q1/bin/../lib/gcc/arm-none-eabi/4.7.3/armv6-m\libgcc.a(floatunsisf.o)
 .ARM.attributes
                0x000005f5       0x1e d:/siliconlabs/simplicitystudio/v2/developer/toolchains/gnu_arm/4.7_2013q1/bin/../lib/gcc/arm-none-eabi/4.7.3/armv6-m\libgcc.a(_clzsi2.o)
 .ARM.attributes
                0x00000613       0x2c d:/siliconlabs/simplicitystudio/v2/developer/toolchains/gnu_arm/4.7_2013q1/bin/../lib/gcc/arm-none-eabi/4.7.3/../../../../arm-none-eabi/lib/armv6-m\libc_s.a(lib_a-__atexit2.o)
 .ARM.attributes
                0x0000063f       0x2c d:/siliconlabs/simplicitystudio/v2/developer/toolchains/gnu_arm/4.7_2013q1/bin/../lib/gcc/arm-none-eabi/4.7.3/../../../../arm-none-eabi/lib/armv6-m\libc_s.a(lib_a-exit.o)
 .ARM.attributes
                0x0000066b       0x2c d:/siliconlabs/simplicitystudio/v2/developer/toolchains/gnu_arm/4.7_2013q1/bin/../lib/gcc/arm-none-eabi/4.7.3/../../../../arm-none-eabi/lib/armv6-m\libc_s.a(lib_a-fini.o)
 .ARM.attributes
                0x00000697       0x2c d:/siliconlabs/simplicitystudio/v2/developer/toolchains/gnu_arm/4.7_2013q1/bin/../lib/gcc/arm-none-eabi/4.7.3/../../../../arm-none-eabi/lib/armv6-m\libc_s.a(lib_a-impure.o)
 .ARM.attributes
                0x000006c3       0x2c d:/siliconlabs/simplicitystudio/v2/developer/toolchains/gnu_arm/4.7_2013q1/bin/../lib/gcc/arm-none-eabi/4.7.3/../../../../arm-none-eabi/lib/armv6-m\libc_s.a(lib_a-init.o)
 .ARM.attributes
                0x000006ef       0x2c d:/siliconlabs/simplicitystudio/v2/developer/toolchains/gnu_arm/4.7_2013q1/bin/../lib/gcc/arm-none-eabi/4.7.3/../../../../arm-none-eabi/lib/armv6-m\libc_s.a(lib_a-memcmp.o)
 .ARM.attributes
                0x0000071b       0x2c d:/siliconlabs/simplicitystudio/v2/developer/toolchains/gnu_arm/4.7_2013q1/bin/../lib/gcc/arm-none-eabi/4.7.3/../../../../arm-none-eabi/lib/armv6-m\libc_s.a(lib_a-memcpy.o)
 .ARM.attributes
                0x00000747       0x2c d:/siliconlabs/simplicitystudio/v2/developer/toolchains/gnu_arm/4.7_2013q1/bin/../lib/gcc/arm-none-eabi/4.7.3/../../../../arm-none-eabi/lib/armv6-m\libc_s.a(lib_a-memset.o)
 .ARM.attributes
                0x00000773       0x2c d:/siliconlabs/simplicitystudio/v2/developer/toolchains/gnu_arm/4.7_2013q1/bin/../lib/gcc/arm-none-eabi/4.7.3/../../../../arm-none-eabi/lib/armv6-m\libc_s.a(lib_a-sprintf.o)
 .ARM.attributes
                0x0000079f       0x2c d:/siliconlabs/simplicitystudio/v2/developer/toolchains/gnu_arm/4.7_2013q1/bin/../lib/gcc/arm-none-eabi/4.7.3/../../../../arm-none-eabi/lib/armv6-m\libc_s.a(lib_a-svfprintf.o)
 .ARM.attributes
                0x000007cb       0x2c d:/siliconlabs/simplicitystudio/v2/developer/toolchains/gnu_arm/4.7_2013q1/bin/../lib/gcc/arm-none-eabi/4.7.3/../../../../arm-none-eabi/lib/armv6-m\libc_s.a(lib_a-vfprintf_i.o)
 .ARM.attributes
                0x000007f7       0x2c d:/siliconlabs/simplicitystudio/v2/developer/toolchains/gnu_arm/4.7_2013q1/bin/../lib/gcc/arm-none-eabi/4.7.3/../../../../arm-none-eabi/lib/armv6-m\libc_s.a(lib_a-freer.o)
 .ARM.attributes
                0x00000823       0x2c d:/siliconlabs/simplicitystudio/v2/developer/toolchains/gnu_arm/4.7_2013q1/bin/../lib/gcc/arm-none-eabi/4.7.3/../../../../arm-none-eabi/lib/armv6-m\libc_s.a(lib_a-mallocr.o)
 .ARM.attributes
                0x0000084f       0x2c d:/siliconlabs/simplicitystudio/v2/developer/toolchains/gnu_arm/4.7_2013q1/bin/../lib/gcc/arm-none-eabi/4.7.3/../../../../arm-none-eabi/lib/armv6-m\libc_s.a(lib_a-memchr.o)
 .ARM.attributes
                0x0000087b       0x2c d:/siliconlabs/simplicitystudio/v2/developer/toolchains/gnu_arm/4.7_2013q1/bin/../lib/gcc/arm-none-eabi/4.7.3/../../../../arm-none-eabi/lib/armv6-m\libc_s.a(lib_a-reallocr.o)
 .ARM.attributes
                0x000008a7       0x2c d:/siliconlabs/simplicitystudio/v2/developer/toolchains/gnu_arm/4.7_2013q1/bin/../lib/gcc/arm-none-eabi/4.7.3/../../../../arm-none-eabi/lib/armv6-m\libc_s.a(lib_a-sbrkr.o)
 .ARM.attributes
                0x000008d3       0x2c d:/siliconlabs/simplicitystudio/v2/developer/toolchains/gnu_arm/4.7_2013q1/bin/../lib/gcc/arm-none-eabi/4.7.3/../../../../arm-none-eabi/lib/armv6-m\libc_s.a(lib_a-strlen.o)
 .ARM.attributes
                0x000008ff       0x2c d:/siliconlabs/simplicitystudio/v2/developer/toolchains/gnu_arm/4.7_2013q1/bin/../lib/gcc/arm-none-eabi/4.7.3/../../../../arm-none-eabi/lib/armv6-m\libc_s.a(lib_a-msizer.o)
 .ARM.attributes
                0x0000092b       0x2c d:/siliconlabs/simplicitystudio/v2/developer/toolchains/gnu_arm/4.7_2013q1/bin/../lib/gcc/arm-none-eabi/4.7.3/../../../../arm-none-eabi/lib/armv6-m\libc_s.a(lib_a-reent.o)
 .ARM.attributes
                0x00000957       0x2c d:/siliconlabs/simplicitystudio/v2/developer/toolchains/gnu_arm/4.7_2013q1/bin/../lib/gcc/arm-none-eabi/4.7.3/../../../../arm-none-eabi/lib/armv6-m\libnosys.a(sbrk.o)
 .ARM.attributes
                0x00000983       0x2c d:/siliconlabs/simplicitystudio/v2/developer/toolchains/gnu_arm/4.7_2013q1/bin/../lib/gcc/arm-none-eabi/4.7.3/../../../../arm-none-eabi/lib/armv6-m\libnosys.a(_exit.o)
 .ARM.attributes
                0x000009af       0x2c d:/siliconlabs/simplicitystudio/v2/developer/toolchains/gnu_arm/4.7_2013q1/bin/../lib/gcc/arm-none-eabi/4.7.3/armv6-m/crtend.o
 .ARM.attributes
                0x000009db       0x1e d:/siliconlabs/simplicitystudio/v2/developer/toolchains/gnu_arm/4.7_2013q1/bin/../lib/gcc/arm-none-eabi/4.7.3/armv6-m/crtn.o

.comment        0x00000000       0x70
 .comment       0x00000000       0x70 ./src/AS3935.o
                                 0x71 (size before relaxing)
 .comment       0x00000000       0x71 ./src/HMC5883L.o
 .comment       0x00000000       0x71 ./src/MPU6050.o
 .comment       0x00000000       0x71 ./src/RTC_.o
 .comment       0x00000000       0x71 ./src/inv_mpu.o
 .comment       0x00000000       0x71 ./src/inv_mpu_dmp_motion_driver.o
 .comment       0x00000000       0x71 ./src/main.o
 .comment       0x00000000       0x71 ./src/uart_connection.o
 .comment       0x00000000       0x71 ./emlib/em_cmu.o
 .comment       0x00000000       0x71 ./emlib/em_dma.o
 .comment       0x00000000       0x71 ./emlib/em_emu.o
 .comment       0x00000000       0x71 ./emlib/em_gpio.o
 .comment       0x00000000       0x71 ./emlib/em_i2c.o
 .comment       0x00000000       0x71 ./emlib/em_rtc.o
 .comment       0x00000000       0x71 ./emlib/em_usart.o
 .comment       0x00000000       0x71 ./CMSIS/efm32zg/system_efm32zg.o
 .comment       0x00000000       0x71 ./src/ucPeriperalDrivers/i2c_connection.o

.debug_info     0x00000000     0xe627
 .debug_info    0x00000000      0x865 ./src/AS3935.o
 .debug_info    0x00000865      0x521 ./src/HMC5883L.o
 .debug_info    0x00000d86      0x7b5 ./src/MPU6050.o
 .debug_info    0x0000153b      0x7ab ./src/RTC_.o
 .debug_info    0x00001ce6     0x2e94 ./src/inv_mpu.o
 .debug_info    0x00004b7a     0x14b2 ./src/inv_mpu_dmp_motion_driver.o
 .debug_info    0x0000602c     0x1eae ./src/main.o
 .debug_info    0x00007eda      0x969 ./src/uart_connection.o
 .debug_info    0x00008843     0x13b0 ./emlib/em_cmu.o
 .debug_info    0x00009bf3     0x1183 ./emlib/em_dma.o
 .debug_info    0x0000ad76      0x5b4 ./emlib/em_emu.o
 .debug_info    0x0000b32a      0x570 ./emlib/em_gpio.o
 .debug_info    0x0000b89a      0x867 ./emlib/em_i2c.o
 .debug_info    0x0000c101      0x36a ./emlib/em_rtc.o
 .debug_info    0x0000c46b      0xe92 ./emlib/em_usart.o
 .debug_info    0x0000d2fd       0x9f ./CMSIS/efm32zg/startup_gcc_efm32zg.o
 .debug_info    0x0000d39c      0x427 ./CMSIS/efm32zg/system_efm32zg.o
 .debug_info    0x0000d7c3      0xe64 ./src/ucPeriperalDrivers/i2c_connection.o

.debug_abbrev   0x00000000     0x2be7
 .debug_abbrev  0x00000000      0x226 ./src/AS3935.o
 .debug_abbrev  0x00000226      0x177 ./src/HMC5883L.o
 .debug_abbrev  0x0000039d      0x276 ./src/MPU6050.o
 .debug_abbrev  0x00000613      0x23b ./src/RTC_.o
 .debug_abbrev  0x0000084e      0x457 ./src/inv_mpu.o
 .debug_abbrev  0x00000ca5      0x2d2 ./src/inv_mpu_dmp_motion_driver.o
 .debug_abbrev  0x00000f77      0x43b ./src/main.o
 .debug_abbrev  0x000013b2      0x20c ./src/uart_connection.o
 .debug_abbrev  0x000015be      0x39d ./emlib/em_cmu.o
 .debug_abbrev  0x0000195b      0x337 ./emlib/em_dma.o
 .debug_abbrev  0x00001c92      0x203 ./emlib/em_emu.o
 .debug_abbrev  0x00001e95      0x1ed ./emlib/em_gpio.o
 .debug_abbrev  0x00002082      0x2c5 ./emlib/em_i2c.o
 .debug_abbrev  0x00002347      0x205 ./emlib/em_rtc.o
 .debug_abbrev  0x0000254c      0x22e ./emlib/em_usart.o
 .debug_abbrev  0x0000277a       0x14 ./CMSIS/efm32zg/startup_gcc_efm32zg.o
 .debug_abbrev  0x0000278e      0x187 ./CMSIS/efm32zg/system_efm32zg.o
 .debug_abbrev  0x00002915      0x2d2 ./src/ucPeriperalDrivers/i2c_connection.o

.debug_loc      0x00000000     0x7ade
 .debug_loc     0x00000000      0x250 ./src/AS3935.o
 .debug_loc     0x00000250      0x19f ./src/HMC5883L.o
 .debug_loc     0x000003ef      0x1f6 ./src/MPU6050.o
 .debug_loc     0x000005e5       0x40 ./src/RTC_.o
 .debug_loc     0x00000625     0x21f0 ./src/inv_mpu.o
 .debug_loc     0x00002815      0xcc8 ./src/inv_mpu_dmp_motion_driver.o
 .debug_loc     0x000034dd      0xd5b ./src/main.o
 .debug_loc     0x00004238       0x8b ./src/uart_connection.o
 .debug_loc     0x000042c3     0x14cd ./emlib/em_cmu.o
 .debug_loc     0x00005790      0xa3e ./emlib/em_dma.o
 .debug_loc     0x000061ce      0x142 ./emlib/em_emu.o
 .debug_loc     0x00006310      0x212 ./emlib/em_gpio.o
 .debug_loc     0x00006522      0x567 ./emlib/em_i2c.o
 .debug_loc     0x00006a89      0x17b ./emlib/em_rtc.o
 .debug_loc     0x00006c04      0x881 ./emlib/em_usart.o
 .debug_loc     0x00007485      0x11c ./CMSIS/efm32zg/system_efm32zg.o
 .debug_loc     0x000075a1      0x53d ./src/ucPeriperalDrivers/i2c_connection.o

.debug_aranges  0x00000000      0x8b8
 .debug_aranges
                0x00000000       0x60 ./src/AS3935.o
 .debug_aranges
                0x00000060       0x30 ./src/HMC5883L.o
 .debug_aranges
                0x00000090       0x40 ./src/MPU6050.o
 .debug_aranges
                0x000000d0       0x38 ./src/RTC_.o
 .debug_aranges
                0x00000108      0x1b8 ./src/inv_mpu.o
 .debug_aranges
                0x000002c0       0xf8 ./src/inv_mpu_dmp_motion_driver.o
 .debug_aranges
                0x000003b8       0xa8 ./src/main.o
 .debug_aranges
                0x00000460       0x30 ./src/uart_connection.o
 .debug_aranges
                0x00000490       0xf0 ./emlib/em_cmu.o
 .debug_aranges
                0x00000580       0x88 ./emlib/em_dma.o
 .debug_aranges
                0x00000608       0x48 ./emlib/em_emu.o
 .debug_aranges
                0x00000650       0x38 ./emlib/em_gpio.o
 .debug_aranges
                0x00000688       0x50 ./emlib/em_i2c.o
 .debug_aranges
                0x000006d8       0x50 ./emlib/em_rtc.o
 .debug_aranges
                0x00000728       0xb8 ./emlib/em_usart.o
 .debug_aranges
                0x000007e0       0x20 ./CMSIS/efm32zg/startup_gcc_efm32zg.o
 .debug_aranges
                0x00000800       0x60 ./CMSIS/efm32zg/system_efm32zg.o
 .debug_aranges
                0x00000860       0x58 ./src/ucPeriperalDrivers/i2c_connection.o

.debug_ranges   0x00000000      0xc98
 .debug_ranges  0x00000000       0x50 ./src/AS3935.o
 .debug_ranges  0x00000050       0x20 ./src/HMC5883L.o
 .debug_ranges  0x00000070       0x60 ./src/MPU6050.o
 .debug_ranges  0x000000d0       0xb8 ./src/RTC_.o
 .debug_ranges  0x00000188      0x2b8 ./src/inv_mpu.o
 .debug_ranges  0x00000440      0x100 ./src/inv_mpu_dmp_motion_driver.o
 .debug_ranges  0x00000540       0xf0 ./src/main.o
 .debug_ranges  0x00000630       0x58 ./src/uart_connection.o
 .debug_ranges  0x00000688      0x220 ./emlib/em_cmu.o
 .debug_ranges  0x000008a8       0x78 ./emlib/em_dma.o
 .debug_ranges  0x00000920       0x68 ./emlib/em_emu.o
 .debug_ranges  0x00000988       0x88 ./emlib/em_gpio.o
 .debug_ranges  0x00000a10       0x80 ./emlib/em_i2c.o
 .debug_ranges  0x00000a90       0x70 ./emlib/em_rtc.o
 .debug_ranges  0x00000b00       0xa8 ./emlib/em_usart.o
 .debug_ranges  0x00000ba8       0x50 ./CMSIS/efm32zg/system_efm32zg.o
 .debug_ranges  0x00000bf8       0xa0 ./src/ucPeriperalDrivers/i2c_connection.o

.debug_line     0x00000000     0x41a3
 .debug_line    0x00000000      0x2e7 ./src/AS3935.o
 .debug_line    0x000002e7      0x21e ./src/HMC5883L.o
 .debug_line    0x00000505      0x23a ./src/MPU6050.o
 .debug_line    0x0000073f      0x2a8 ./src/RTC_.o
 .debug_line    0x000009e7      0xac5 ./src/inv_mpu.o
 .debug_line    0x000014ac      0x57c ./src/inv_mpu_dmp_motion_driver.o
 .debug_line    0x00001a28      0x5dc ./src/main.o
 .debug_line    0x00002004      0x292 ./src/uart_connection.o
 .debug_line    0x00002296      0x66c ./emlib/em_cmu.o
 .debug_line    0x00002902      0x471 ./emlib/em_dma.o
 .debug_line    0x00002d73      0x2f2 ./emlib/em_emu.o
 .debug_line    0x00003065      0x206 ./emlib/em_gpio.o
 .debug_line    0x0000326b      0x314 ./emlib/em_i2c.o
 .debug_line    0x0000357f      0x21c ./emlib/em_rtc.o
 .debug_line    0x0000379b      0x3cc ./emlib/em_usart.o
 .debug_line    0x00003b67       0x85 ./CMSIS/efm32zg/startup_gcc_efm32zg.o
 .debug_line    0x00003bec      0x21e ./CMSIS/efm32zg/system_efm32zg.o
 .debug_line    0x00003e0a      0x399 ./src/ucPeriperalDrivers/i2c_connection.o

.debug_str      0x00000000     0x3ed9
 .debug_str     0x00000000      0x6c1 ./src/AS3935.o
                                0x719 (size before relaxing)
 .debug_str     0x000006c1      0x393 ./src/HMC5883L.o
                                0x63b (size before relaxing)
 .debug_str     0x00000a54      0x233 ./src/MPU6050.o
                                0x47c (size before relaxing)
 .debug_str     0x00000c87      0x3a3 ./src/RTC_.o
                                0x678 (size before relaxing)
 .debug_str     0x0000102a      0xa38 ./src/inv_mpu.o
                                0xe88 (size before relaxing)
 .debug_str     0x00001a62      0x2cf ./src/inv_mpu_dmp_motion_driver.o
                                0x660 (size before relaxing)
 .debug_str     0x00001d31      0x925 ./src/main.o
                                0xf9e (size before relaxing)
 .debug_str     0x00002656      0x3a0 ./src/uart_connection.o
                                0x9f8 (size before relaxing)
 .debug_str     0x000029f6      0x5e0 ./emlib/em_cmu.o
                                0xa83 (size before relaxing)
 .debug_str     0x00002fd6      0x52b ./emlib/em_dma.o
                                0x9ef (size before relaxing)
 .debug_str     0x00003501       0xcb ./emlib/em_emu.o
                                0x377 (size before relaxing)
 .debug_str     0x000035cc       0xb4 ./emlib/em_gpio.o
                                0x4ce (size before relaxing)
 .debug_str     0x00003680      0x1ea ./emlib/em_i2c.o
                                0x63b (size before relaxing)
 .debug_str     0x0000386a       0x6b ./emlib/em_rtc.o
                                0x24a (size before relaxing)
 .debug_str     0x000038d5      0x4e7 ./emlib/em_usart.o
                                0xb59 (size before relaxing)
 .debug_str     0x00003dbc       0x96 ./CMSIS/efm32zg/system_efm32zg.o
                                0x35c (size before relaxing)
 .debug_str     0x00003e52       0x87 ./src/ucPeriperalDrivers/i2c_connection.o
                                0x8b5 (size before relaxing)

.debug_frame    0x00000000     0x1dc4
 .debug_frame   0x00000000       0xf4 ./src/AS3935.o
 .debug_frame   0x000000f4       0x64 ./src/HMC5883L.o
 .debug_frame   0x00000158       0x94 ./src/MPU6050.o
 .debug_frame   0x000001ec       0x64 ./src/RTC_.o
 .debug_frame   0x00000250      0x5c4 ./src/inv_mpu.o
 .debug_frame   0x00000814      0x318 ./src/inv_mpu_dmp_motion_driver.o
 .debug_frame   0x00000b2c      0x1ec ./src/main.o
 .debug_frame   0x00000d18       0x60 ./src/uart_connection.o
 .debug_frame   0x00000d78      0x27c ./emlib/em_cmu.o
 .debug_frame   0x00000ff4      0x198 ./emlib/em_dma.o
 .debug_frame   0x0000118c       0x90 ./emlib/em_emu.o
 .debug_frame   0x0000121c       0x7c ./emlib/em_gpio.o
 .debug_frame   0x00001298       0xb8 ./emlib/em_i2c.o
 .debug_frame   0x00001350       0xa8 ./emlib/em_rtc.o
 .debug_frame   0x000013f8      0x210 ./emlib/em_usart.o
 .debug_frame   0x00001608       0xc0 ./CMSIS/efm32zg/system_efm32zg.o
 .debug_frame   0x000016c8       0xfc ./src/ucPeriperalDrivers/i2c_connection.o
 .debug_frame   0x000017c4       0x20 d:/siliconlabs/simplicitystudio/v2/developer/toolchains/gnu_arm/4.7_2013q1/bin/../lib/gcc/arm-none-eabi/4.7.3/armv6-m\libgcc.a(_udivsi3.o)
 .debug_frame   0x000017e4       0x20 d:/siliconlabs/simplicitystudio/v2/developer/toolchains/gnu_arm/4.7_2013q1/bin/../lib/gcc/arm-none-eabi/4.7.3/armv6-m\libgcc.a(_divsi3.o)
 .debug_frame   0x00001804       0x28 d:/siliconlabs/simplicitystudio/v2/developer/toolchains/gnu_arm/4.7_2013q1/bin/../lib/gcc/arm-none-eabi/4.7.3/armv6-m\libgcc.a(_fixunssfsi.o)
 .debug_frame   0x0000182c       0x3c d:/siliconlabs/simplicitystudio/v2/developer/toolchains/gnu_arm/4.7_2013q1/bin/../lib/gcc/arm-none-eabi/4.7.3/armv6-m\libgcc.a(divsf3.o)
 .debug_frame   0x00001868       0x2c d:/siliconlabs/simplicitystudio/v2/developer/toolchains/gnu_arm/4.7_2013q1/bin/../lib/gcc/arm-none-eabi/4.7.3/armv6-m\libgcc.a(eqsf2.o)
 .debug_frame   0x00001894       0x30 d:/siliconlabs/simplicitystudio/v2/developer/toolchains/gnu_arm/4.7_2013q1/bin/../lib/gcc/arm-none-eabi/4.7.3/armv6-m\libgcc.a(gesf2.o)
 .debug_frame   0x000018c4       0x30 d:/siliconlabs/simplicitystudio/v2/developer/toolchains/gnu_arm/4.7_2013q1/bin/../lib/gcc/arm-none-eabi/4.7.3/armv6-m\libgcc.a(lesf2.o)
 .debug_frame   0x000018f4       0x3c d:/siliconlabs/simplicitystudio/v2/developer/toolchains/gnu_arm/4.7_2013q1/bin/../lib/gcc/arm-none-eabi/4.7.3/armv6-m\libgcc.a(mulsf3.o)
 .debug_frame   0x00001930       0x30 d:/siliconlabs/simplicitystudio/v2/developer/toolchains/gnu_arm/4.7_2013q1/bin/../lib/gcc/arm-none-eabi/4.7.3/armv6-m\libgcc.a(subsf3.o)
 .debug_frame   0x00001960       0x28 d:/siliconlabs/simplicitystudio/v2/developer/toolchains/gnu_arm/4.7_2013q1/bin/../lib/gcc/arm-none-eabi/4.7.3/armv6-m\libgcc.a(fixsfsi.o)
 .debug_frame   0x00001988       0x28 d:/siliconlabs/simplicitystudio/v2/developer/toolchains/gnu_arm/4.7_2013q1/bin/../lib/gcc/arm-none-eabi/4.7.3/armv6-m\libgcc.a(floatunsisf.o)
 .debug_frame   0x000019b0       0x28 d:/siliconlabs/simplicitystudio/v2/developer/toolchains/gnu_arm/4.7_2013q1/bin/../lib/gcc/arm-none-eabi/4.7.3/../../../../arm-none-eabi/lib/armv6-m\libc_s.a(lib_a-__atexit2.o)
 .debug_frame   0x000019d8       0x28 d:/siliconlabs/simplicitystudio/v2/developer/toolchains/gnu_arm/4.7_2013q1/bin/../lib/gcc/arm-none-eabi/4.7.3/../../../../arm-none-eabi/lib/armv6-m\libc_s.a(lib_a-exit.o)
 .debug_frame   0x00001a00       0x2c d:/siliconlabs/simplicitystudio/v2/developer/toolchains/gnu_arm/4.7_2013q1/bin/../lib/gcc/arm-none-eabi/4.7.3/../../../../arm-none-eabi/lib/armv6-m\libc_s.a(lib_a-fini.o)
 .debug_frame   0x00001a2c       0x2c d:/siliconlabs/simplicitystudio/v2/developer/toolchains/gnu_arm/4.7_2013q1/bin/../lib/gcc/arm-none-eabi/4.7.3/../../../../arm-none-eabi/lib/armv6-m\libc_s.a(lib_a-init.o)
 .debug_frame   0x00001a58       0x2c d:/siliconlabs/simplicitystudio/v2/developer/toolchains/gnu_arm/4.7_2013q1/bin/../lib/gcc/arm-none-eabi/4.7.3/../../../../arm-none-eabi/lib/armv6-m\libc_s.a(lib_a-memcmp.o)
 .debug_frame   0x00001a84       0x28 d:/siliconlabs/simplicitystudio/v2/developer/toolchains/gnu_arm/4.7_2013q1/bin/../lib/gcc/arm-none-eabi/4.7.3/../../../../arm-none-eabi/lib/armv6-m\libc_s.a(lib_a-memcpy.o)
 .debug_frame   0x00001aac       0x28 d:/siliconlabs/simplicitystudio/v2/developer/toolchains/gnu_arm/4.7_2013q1/bin/../lib/gcc/arm-none-eabi/4.7.3/../../../../arm-none-eabi/lib/armv6-m\libc_s.a(lib_a-memset.o)
 .debug_frame   0x00001ad4       0x4c d:/siliconlabs/simplicitystudio/v2/developer/toolchains/gnu_arm/4.7_2013q1/bin/../lib/gcc/arm-none-eabi/4.7.3/../../../../arm-none-eabi/lib/armv6-m\libc_s.a(lib_a-sprintf.o)
 .debug_frame   0x00001b20       0x78 d:/siliconlabs/simplicitystudio/v2/developer/toolchains/gnu_arm/4.7_2013q1/bin/../lib/gcc/arm-none-eabi/4.7.3/../../../../arm-none-eabi/lib/armv6-m\libc_s.a(lib_a-svfprintf.o)
 .debug_frame   0x00001b98       0x54 d:/siliconlabs/simplicitystudio/v2/developer/toolchains/gnu_arm/4.7_2013q1/bin/../lib/gcc/arm-none-eabi/4.7.3/../../../../arm-none-eabi/lib/armv6-m\libc_s.a(lib_a-vfprintf_i.o)
 .debug_frame   0x00001bec       0x2c d:/siliconlabs/simplicitystudio/v2/developer/toolchains/gnu_arm/4.7_2013q1/bin/../lib/gcc/arm-none-eabi/4.7.3/../../../../arm-none-eabi/lib/armv6-m\libc_s.a(lib_a-freer.o)
 .debug_frame   0x00001c18       0x2c d:/siliconlabs/simplicitystudio/v2/developer/toolchains/gnu_arm/4.7_2013q1/bin/../lib/gcc/arm-none-eabi/4.7.3/../../../../arm-none-eabi/lib/armv6-m\libc_s.a(lib_a-mallocr.o)
 .debug_frame   0x00001c44       0x28 d:/siliconlabs/simplicitystudio/v2/developer/toolchains/gnu_arm/4.7_2013q1/bin/../lib/gcc/arm-none-eabi/4.7.3/../../../../arm-none-eabi/lib/armv6-m\libc_s.a(lib_a-memchr.o)
 .debug_frame   0x00001c6c       0x30 d:/siliconlabs/simplicitystudio/v2/developer/toolchains/gnu_arm/4.7_2013q1/bin/../lib/gcc/arm-none-eabi/4.7.3/../../../../arm-none-eabi/lib/armv6-m\libc_s.a(lib_a-reallocr.o)
 .debug_frame   0x00001c9c       0x2c d:/siliconlabs/simplicitystudio/v2/developer/toolchains/gnu_arm/4.7_2013q1/bin/../lib/gcc/arm-none-eabi/4.7.3/../../../../arm-none-eabi/lib/armv6-m\libc_s.a(lib_a-sbrkr.o)
 .debug_frame   0x00001cc8       0x20 d:/siliconlabs/simplicitystudio/v2/developer/toolchains/gnu_arm/4.7_2013q1/bin/../lib/gcc/arm-none-eabi/4.7.3/../../../../arm-none-eabi/lib/armv6-m\libc_s.a(lib_a-strlen.o)
 .debug_frame   0x00001ce8       0x28 d:/siliconlabs/simplicitystudio/v2/developer/toolchains/gnu_arm/4.7_2013q1/bin/../lib/gcc/arm-none-eabi/4.7.3/../../../../arm-none-eabi/lib/armv6-m\libc_s.a(lib_a-msizer.o)
 .debug_frame   0x00001d10       0x64 d:/siliconlabs/simplicitystudio/v2/developer/toolchains/gnu_arm/4.7_2013q1/bin/../lib/gcc/arm-none-eabi/4.7.3/../../../../arm-none-eabi/lib/armv6-m\libc_s.a(lib_a-reent.o)
 .debug_frame   0x00001d74       0x28 d:/siliconlabs/simplicitystudio/v2/developer/toolchains/gnu_arm/4.7_2013q1/bin/../lib/gcc/arm-none-eabi/4.7.3/../../../../arm-none-eabi/lib/armv6-m\libnosys.a(sbrk.o)
 .debug_frame   0x00001d9c       0x28 d:/siliconlabs/simplicitystudio/v2/developer/toolchains/gnu_arm/4.7_2013q1/bin/../lib/gcc/arm-none-eabi/4.7.3/../../../../arm-none-eabi/lib/armv6-m\libnosys.a(_exit.o)
