Archive member included because of file (symbol)

d:/siliconlabs/simplicitystudio/v2/developer/toolchains/gnu_arm/4.7_2013q1/bin/../lib/gcc/arm-none-eabi/4.7.3/armv6-m\libgcc.a(_thumb1_case_uqi.o)
                              ./emlib/em_adc.o (__gnu_thumb1_case_uqi)
d:/siliconlabs/simplicitystudio/v2/developer/toolchains/gnu_arm/4.7_2013q1/bin/../lib/gcc/arm-none-eabi/4.7.3/armv6-m\libgcc.a(_udivsi3.o)
                              ./src/main.o (__aeabi_uidiv)
d:/siliconlabs/simplicitystudio/v2/developer/toolchains/gnu_arm/4.7_2013q1/bin/../lib/gcc/arm-none-eabi/4.7.3/armv6-m\libgcc.a(_divsi3.o)
                              ./src/main.o (__aeabi_idiv)
d:/siliconlabs/simplicitystudio/v2/developer/toolchains/gnu_arm/4.7_2013q1/bin/../lib/gcc/arm-none-eabi/4.7.3/armv6-m\libgcc.a(_dvmd_tls.o)
                              d:/siliconlabs/simplicitystudio/v2/developer/toolchains/gnu_arm/4.7_2013q1/bin/../lib/gcc/arm-none-eabi/4.7.3/armv6-m\libgcc.a(_udivsi3.o) (__aeabi_idiv0)
d:/siliconlabs/simplicitystudio/v2/developer/toolchains/gnu_arm/4.7_2013q1/bin/../lib/gcc/arm-none-eabi/4.7.3/armv6-m\libgcc.a(_arm_cmpsf2.o)
                              ./src/sensorsDrivers/inv_mpu.o (__aeabi_fcmpeq)
d:/siliconlabs/simplicitystudio/v2/developer/toolchains/gnu_arm/4.7_2013q1/bin/../lib/gcc/arm-none-eabi/4.7.3/armv6-m\libgcc.a(_aeabi_ldivmod.o)
                              ./src/sensorsDrivers/inv_mpu.o (__aeabi_ldivmod)
d:/siliconlabs/simplicitystudio/v2/developer/toolchains/gnu_arm/4.7_2013q1/bin/../lib/gcc/arm-none-eabi/4.7.3/armv6-m\libgcc.a(_muldi3.o)
                              ./src/sensorsDrivers/inv_mpu_dmp_motion_driver.o (__aeabi_lmul)
d:/siliconlabs/simplicitystudio/v2/developer/toolchains/gnu_arm/4.7_2013q1/bin/../lib/gcc/arm-none-eabi/4.7.3/armv6-m\libgcc.a(_fixunssfsi.o)
                              ./src/sensorsDrivers/inv_mpu_dmp_motion_driver.o (__aeabi_f2uiz)
d:/siliconlabs/simplicitystudio/v2/developer/toolchains/gnu_arm/4.7_2013q1/bin/../lib/gcc/arm-none-eabi/4.7.3/armv6-m\libgcc.a(bpabi.o)
                              d:/siliconlabs/simplicitystudio/v2/developer/toolchains/gnu_arm/4.7_2013q1/bin/../lib/gcc/arm-none-eabi/4.7.3/armv6-m\libgcc.a(_aeabi_ldivmod.o) (__gnu_ldivmod_helper)
d:/siliconlabs/simplicitystudio/v2/developer/toolchains/gnu_arm/4.7_2013q1/bin/../lib/gcc/arm-none-eabi/4.7.3/armv6-m\libgcc.a(addsf3.o)
                              ./src/sensorsDrivers/inv_mpu.o (__aeabi_fadd)
d:/siliconlabs/simplicitystudio/v2/developer/toolchains/gnu_arm/4.7_2013q1/bin/../lib/gcc/arm-none-eabi/4.7.3/armv6-m\libgcc.a(divsf3.o)
                              ./src/sensorsDrivers/inv_mpu.o (__aeabi_fdiv)
d:/siliconlabs/simplicitystudio/v2/developer/toolchains/gnu_arm/4.7_2013q1/bin/../lib/gcc/arm-none-eabi/4.7.3/armv6-m\libgcc.a(eqsf2.o)
                              d:/siliconlabs/simplicitystudio/v2/developer/toolchains/gnu_arm/4.7_2013q1/bin/../lib/gcc/arm-none-eabi/4.7.3/armv6-m\libgcc.a(_arm_cmpsf2.o) (__eqsf2)
d:/siliconlabs/simplicitystudio/v2/developer/toolchains/gnu_arm/4.7_2013q1/bin/../lib/gcc/arm-none-eabi/4.7.3/armv6-m\libgcc.a(gesf2.o)
                              d:/siliconlabs/simplicitystudio/v2/developer/toolchains/gnu_arm/4.7_2013q1/bin/../lib/gcc/arm-none-eabi/4.7.3/armv6-m\libgcc.a(_arm_cmpsf2.o) (__gesf2)
d:/siliconlabs/simplicitystudio/v2/developer/toolchains/gnu_arm/4.7_2013q1/bin/../lib/gcc/arm-none-eabi/4.7.3/armv6-m\libgcc.a(lesf2.o)
                              d:/siliconlabs/simplicitystudio/v2/developer/toolchains/gnu_arm/4.7_2013q1/bin/../lib/gcc/arm-none-eabi/4.7.3/armv6-m\libgcc.a(_arm_cmpsf2.o) (__lesf2)
d:/siliconlabs/simplicitystudio/v2/developer/toolchains/gnu_arm/4.7_2013q1/bin/../lib/gcc/arm-none-eabi/4.7.3/armv6-m\libgcc.a(mulsf3.o)
                              ./src/sensorsDrivers/inv_mpu.o (__aeabi_fmul)
d:/siliconlabs/simplicitystudio/v2/developer/toolchains/gnu_arm/4.7_2013q1/bin/../lib/gcc/arm-none-eabi/4.7.3/armv6-m\libgcc.a(subsf3.o)
                              ./src/sensorsDrivers/inv_mpu.o (__aeabi_fsub)
d:/siliconlabs/simplicitystudio/v2/developer/toolchains/gnu_arm/4.7_2013q1/bin/../lib/gcc/arm-none-eabi/4.7.3/armv6-m\libgcc.a(fixsfsi.o)
                              ./src/sensorsDrivers/inv_mpu.o (__aeabi_f2iz)
d:/siliconlabs/simplicitystudio/v2/developer/toolchains/gnu_arm/4.7_2013q1/bin/../lib/gcc/arm-none-eabi/4.7.3/armv6-m\libgcc.a(floatsisf.o)
                              ./src/sensorsDrivers/inv_mpu.o (__aeabi_i2f)
d:/siliconlabs/simplicitystudio/v2/developer/toolchains/gnu_arm/4.7_2013q1/bin/../lib/gcc/arm-none-eabi/4.7.3/armv6-m\libgcc.a(floatunsisf.o)
                              ./src/sensorsDrivers/inv_mpu_dmp_motion_driver.o (__aeabi_ui2f)
d:/siliconlabs/simplicitystudio/v2/developer/toolchains/gnu_arm/4.7_2013q1/bin/../lib/gcc/arm-none-eabi/4.7.3/armv6-m\libgcc.a(_clzsi2.o)
[...]
Memory Configuration

Name             Origin             Length             Attributes
FLASH            0x00000800         0x00007800         xr
RAM              0x20000000         0x00001000         xrw
*default*        0x00000000         0xffffffff

Linker script and memory map

LOAD d:/siliconlabs/simplicitystudio/v2/developer/toolchains/gnu_arm/4.7_2013q1/bin/../lib/gcc/arm-none-eabi/4.7.3/armv6-m/crti.o
LOAD d:/siliconlabs/simplicitystudio/v2/developer/toolchains/gnu_arm/4.7_2013q1/bin/../lib/gcc/arm-none-eabi/4.7.3/armv6-m/crtbegin.o
LOAD d:/siliconlabs/simplicitystudio/v2/developer/toolchains/gnu_arm/4.7_2013q1/bin/../lib/gcc/arm-none-eabi/4.7.3/../../../../arm-none-eabi/lib/armv6-m/crt0.o
LOAD ./src/main.o
LOAD ./emlib/em_acmp.o
LOAD ./emlib/em_adc.o
LOAD ./emlib/em_aes.o
LOAD ./emlib/em_assert.o
LOAD ./emlib/em_burtc.o
LOAD ./emlib/em_cmu.o
LOAD ./emlib/em_dac.o
LOAD ./emlib/em_dbg.o
LOAD ./emlib/em_dma.o
LOAD ./emlib/em_ebi.o
LOAD ./emlib/em_emu.o
LOAD ./emlib/em_gpio.o
LOAD ./emlib/em_i2c.o
LOAD ./emlib/em_idac.o
LOAD ./emlib/em_int.o
LOAD ./emlib/em_lcd.o
LOAD ./emlib/em_lesense.o
LOAD ./emlib/em_letimer.o
LOAD ./emlib/em_leuart.o
LOAD ./emlib/em_mpu.o
LOAD ./emlib/em_msc.o
LOAD ./emlib/em_opamp.o
LOAD ./emlib/em_pcnt.o
LOAD ./emlib/em_prs.o
LOAD ./emlib/em_rmu.o
LOAD ./emlib/em_rtc.o
LOAD ./emlib/em_system.o
LOAD ./emlib/em_timer.o
LOAD ./emlib/em_usart.o
LOAD ./emlib/em_vcmp.o
LOAD ./emlib/em_wdog.o
LOAD ./CMSIS/efm32zg/startup_gcc_efm32zg.o
LOAD ./CMSIS/efm32zg/system_efm32zg.o
LOAD ./src/ucPeripheralDrivers/RTC_.o
LOAD ./src/ucPeripheralDrivers/i2c_connection.o
LOAD ./src/ucPeripheralDrivers/leuart_connection.o
LOAD ./src/ucPeripheralDrivers/spi.o
LOAD ./src/ucPeripheralDrivers/spi_connection.o
LOAD ./src/ucPeripheralDrivers/uart_connection.o
LOAD ./src/sensorsDrivers/AS3935.o
LOAD ./src/sensorsDrivers/BMP180.o
LOAD ./src/sensorsDrivers/HMC5883L.o
LOAD ./src/sensorsDrivers/MPU6050.o
LOAD ./src/sensorsDrivers/Si114x.o
LOAD ./src/sensorsDrivers/Si7013.o
LOAD ./src/sensorsDrivers/inv_mpu.o
LOAD ./src/sensorsDrivers/inv_mpu_dmp_motion_driver.o
START GROUP
LOAD d:/siliconlabs/simplicitystudio/v2/developer/toolchains/gnu_arm/4.7_2013q1/bin/../lib/gcc/arm-none-eabi/4.7.3/armv6-m\libgcc.a
LOAD d:/siliconlabs/simplicitystudio/v2/developer/toolchains/gnu_arm/4.7_2013q1/bin/../lib/gcc/arm-none-eabi/4.7.3/../../../../arm-none-eabi/lib/armv6-m\libc_s.a
LOAD d:/siliconlabs/simplicitystudio/v2/developer/toolchains/gnu_arm/4.7_2013q1/bin/../lib/gcc/arm-none-eabi/4.7.3/../../../../arm-none-eabi/lib/armv6-m\libnosys.a
END GROUP
START GROUP
LOAD d:/siliconlabs/simplicitystudio/v2/developer/toolchains/gnu_arm/4.7_2013q1/bin/../lib/gcc/arm-none-eabi/4.7.3/armv6-m\libgcc.a
LOAD d:/siliconlabs/simplicitystudio/v2/developer/toolchains/gnu_arm/4.7_2013q1/bin/../lib/gcc/arm-none-eabi/4.7.3/../../../../arm-none-eabi/lib/armv6-m\libc_s.a
END GROUP
LOAD d:/siliconlabs/simplicitystudio/v2/developer/toolchains/gnu_arm/4.7_2013q1/bin/../lib/gcc/arm-none-eabi/4.7.3/armv6-m/crtend.o
LOAD d:/siliconlabs/simplicitystudio/v2/developer/toolchains/gnu_arm/4.7_2013q1/bin/../lib/gcc/arm-none-eabi/4.7.3/armv6-m/crtn.o

.text           0x00000800     0x5970
 *(.isr_vector)
 .isr_vector    0x00000800      0x100 ./CMSIS/efm32zg/startup_gcc_efm32zg.o
                0x00000800                __isr_vector
 *(.text*)
 .text          0x00000900       0x60 d:/siliconlabs/simplicitystudio/v2/developer/toolchains/gnu_arm/4.7_2013q1/bin/../lib/gcc/arm-none-eabi/4.7.3/armv6-m/crtbegin.o
 .text          0x00000960       0x74 d:/siliconlabs/simplicitystudio/v2/developer/toolchains/gnu_arm/4.7_2013q1/bin/../lib/gcc/arm-none-eabi/4.7.3/../../../../arm-none-eabi/lib/armv6-m/crt0.o
                0x00000960                _start
                0x00000960                start
                0x00000960                _mainCRTStartup
 .text.initOscillators
                0x000009d4       0x34 ./src/main.o
                0x000009d4                initOscillators
 .text.clockTest_short
                0x00000a08       0x30 ./src/main.o
                0x00000a08                clockTest_short
 .text.detectSensors
                0x00000a38       0xd8 ./src/main.o
                0x00000a38                detectSensors
 .text.initSensors
                0x00000b10       0x80 ./src/main.o
                0x00000b10                initSensors
 .text.printResults
                0x00000b90      0x1b8 ./src/main.o
                0x00000b90                printResults
 .text.RTC_IRQHandler
                0x00000d48      0x2d0 ./src/main.o
                0x00000d48                RTC_IRQHandler
 .text.initInterfaces
                0x00001018       0x54 ./src/main.o
                0x00001018                initInterfaces
 .text.startup.main
                0x0000106c       0x4c ./src/main.o
                0x0000106c                main
 .text.CMU_FlashWaitStateMax
                0x000010b8       0x20 ./emlib/em_cmu.o
 .text.CMU_FlashWaitStateControl
                0x000010d8       0x38 ./emlib/em_cmu.o
 .text.CMU_AUXClkGet
                0x00001110       0x60 ./emlib/em_cmu.o
 .text.CMU_Sync
                0x00001170       0x18 ./emlib/em_cmu.o
 .text.CMU_LFClkGet
                0x00001188       0x48 ./emlib/em_cmu.o
 .text.CMU_ClockEnable
                0x000011d0       0x74 ./emlib/em_cmu.o
                0x000011d0                CMU_ClockEnable
 .text.CMU_ClockSelectGet
                0x00001244       0x98 ./emlib/em_cmu.o
                0x00001244                CMU_ClockSelectGet
 .text.CMU_ClockFreqGet
                0x000012dc       0xbc ./emlib/em_cmu.o
                0x000012dc                CMU_ClockFreqGet
 .text.CMU_OscillatorEnable
                0x00001398       0x50 ./emlib/em_cmu.o
                0x00001398                CMU_OscillatorEnable
 .text.CMU_ClockSelectSet
                0x000013e8       0xdc ./emlib/em_cmu.o
                0x000013e8                CMU_ClockSelectSet
 .text.DMA_IRQHandler
                0x000014c4       0x7c ./emlib/em_dma.o
                0x000014c4                DMA_IRQHandler
 .text.EMU_Restore
                0x00001540       0x80 ./emlib/em_emu.o
 .text.EMU_EnterEM2
                0x000015c0       0x38 ./emlib/em_emu.o
                0x000015c0                EMU_EnterEM2
 .text.EMU_UpdateOscConfig
                0x000015f8       0x14 ./emlib/em_emu.o
                0x000015f8                EMU_UpdateOscConfig
 .text.GPIO_PinModeSet
                0x0000160c       0x8c ./emlib/em_gpio.o
                0x0000160c                GPIO_PinModeSet
 .text.I2C_BusFreqSet
                0x00001698       0x54 ./emlib/em_i2c.o
                0x00001698                I2C_BusFreqSet
 .text.I2C_Init
                0x000016ec       0x3c ./emlib/em_i2c.o
                0x000016ec                I2C_Init
 .text.I2C_Transfer
                0x00001728      0x230 ./emlib/em_i2c.o
                0x00001728                I2C_Transfer
 .text.I2C_TransferInit
                0x00001958       0x6c ./emlib/em_i2c.o
                0x00001958                I2C_TransferInit
 .text.LEUART_Sync
                0x000019c4       0x10 ./emlib/em_leuart.o
 .text.LEUART_BaudrateSet
                0x000019d4       0x40 ./emlib/em_leuart.o
                0x000019d4                LEUART_BaudrateSet
 .text.LEUART_Init
                0x00001a14       0x40 ./emlib/em_leuart.o
                0x00001a14                LEUART_Init
 .text.LEUART_Tx
                0x00001a54       0x18 ./emlib/em_leuart.o
                0x00001a54                LEUART_Tx
 .text.RTC_CompareSet
                0x00001a6c       0x1c ./emlib/em_rtc.o
                0x00001a6c                RTC_CompareSet
 .text.RTC_Init
                0x00001a88       0x24 ./emlib/em_rtc.o
                0x00001a88                RTC_Init
 .text.USART_Rx
                0x00001aac        0xe ./emlib/em_usart.o
                0x00001aac                USART_Rx
 *fill*         0x00001aba        0x2 00
 .text          0x00001abc       0x60 ./CMSIS/efm32zg/startup_gcc_efm32zg.o
                0x00001abc                Reset_Handler
                0x00001aec                Default_Handler
                0x00001aee                NMI_Handler
                0x00001af0                HardFault_Handler
                0x00001af2                SVC_Handler
                0x00001af4                PendSV_Handler
                0x00001af6                SysTick_Handler
                0x00001afa                GPIO_EVEN_IRQHandler
                0x00001afc                TIMER0_IRQHandler
                0x00001afe                ACMP0_IRQHandler
                0x00001b00                ADC0_IRQHandler
                0x00001b04                GPIO_ODD_IRQHandler
                0x00001b06                TIMER1_IRQHandler
                0x00001b0c                LEUART0_IRQHandler
                0x00001b0e                PCNT0_IRQHandler
                0x00001b12                CMU_IRQHandler
                0x00001b14                VCMP_IRQHandler
                0x00001b16                MSC_IRQHandler
                0x00001b18                AES_IRQHandler
 .text.SystemHFClockGet
                0x00001b1c       0x9c ./CMSIS/efm32zg/system_efm32zg.o
                0x00001b1c                SystemHFClockGet
 .text.SystemCoreClockGet
                0x00001bb8       0x20 ./CMSIS/efm32zg/system_efm32zg.o
                0x00001bb8                SystemCoreClockGet
 .text.SystemInit
                0x00001bd8        0x2 ./CMSIS/efm32zg/system_efm32zg.o
                0x00001bd8                SystemInit
 .text.SystemLFRCOClockGet
                0x00001bda        0x6 ./CMSIS/efm32zg/system_efm32zg.o
                0x00001bda                SystemLFRCOClockGet
 .text.SystemULFRCOClockGet
                0x00001be0        0x6 ./CMSIS/efm32zg/system_efm32zg.o
                0x00001be0                SystemULFRCOClockGet
 *fill*         0x00001be6        0x2 00
 .text.SystemLFXOClockGet
                0x00001be8        0xc ./CMSIS/efm32zg/system_efm32zg.o
                0x00001be8                SystemLFXOClockGet
 .text.startLfxoForRtc
                0x00001bf4       0x34 ./src/ucPeripheralDrivers/RTC_.o
                0x00001bf4                startLfxoForRtc
 .text.RTC_init
                0x00001c28       0x28 ./src/ucPeripheralDrivers/RTC_.o
                0x00001c28                RTC_init
 .text.RTC_setTime
                0x00001c50       0x16 ./src/ucPeripheralDrivers/RTC_.o
                0x00001c50                RTC_setTime
 *fill*         0x00001c66        0x2 00
 .text.RTC_enableInt
                0x00001c68       0x1c ./src/ucPeripheralDrivers/RTC_.o
                0x00001c68                RTC_enableInt
 .text.RTC_clearInt
                0x00001c84        0xc ./src/ucPeripheralDrivers/RTC_.o
                0x00001c84                RTC_clearInt
 .text.i2c_InitMaster
                0x00001c90       0xbc ./src/ucPeripheralDrivers/i2c_connection.o
                0x00001c90                i2c_InitMaster
 .text.I2C0_IRQHandler
                0x00001d4c       0x1c ./src/ucPeripheralDrivers/i2c_connection.o
                0x00001d4c                I2C0_IRQHandler
 .text.i2c_RegisterGet
                0x00001d68       0x5c ./src/ucPeripheralDrivers/i2c_connection.o
                0x00001d68                i2c_RegisterGet
 .text.i2c_RegisterSet
                0x00001dc4       0x50 ./src/ucPeripheralDrivers/i2c_connection.o
                0x00001dc4                i2c_RegisterSet
 .text.i2c_Register_Write_Block
                0x00001e14       0x54 ./src/ucPeripheralDrivers/i2c_connection.o
                0x00001e14                i2c_Register_Write_Block
 .text.i2c_Register_Read_Block
                0x00001e68       0x60 ./src/ucPeripheralDrivers/i2c_connection.o
                0x00001e68                i2c_Register_Read_Block
 .text.i2c_Detect
                0x00001ec8       0x58 ./src/ucPeripheralDrivers/i2c_connection.o
                0x00001ec8                i2c_Detect
 .text.i2c_Scan
                0x00001f20       0x38 ./src/ucPeripheralDrivers/i2c_connection.o
                0x00001f20                i2c_Scan
 .text.LeUart_Init
                0x00001f58       0x6c ./src/ucPeripheralDrivers/leuart_connection.o
                0x00001f58                LeUart_Init
 .text.LeUart_SendChar
                0x00001fc4       0x10 ./src/ucPeripheralDrivers/leuart_connection.o
                0x00001fc4                LeUart_SendChar
 .text.LeUart_SendText
                0x00001fd4       0x24 ./src/ucPeripheralDrivers/leuart_connection.o
                0x00001fd4                LeUart_SendText
 .text.USART1_TX_IRQHandler
                0x00001ff8       0x44 ./src/ucPeripheralDrivers/spi.o
                0x00001ff8                USART1_TX_IRQHandler
 .text.uart_sendText
                0x0000203c       0x28 ./src/ucPeripheralDrivers/uart_connection.o
                0x0000203c                uart_sendText
 .text.USART1_RX_IRQHandler
                0x00002064       0x68 ./src/ucPeripheralDrivers/uart_connection.o
                0x00002064                USART1_RX_IRQHandler
 .text.BMP180_init
                0x000020cc        0x2 ./src/sensorsDrivers/BMP180.o
                0x000020cc                BMP180_init
 *fill*         0x000020ce        0x2 00
 .text.BMP180_detect
                0x000020d0       0x10 ./src/sensorsDrivers/BMP180.o
                0x000020d0                BMP180_detect
 .text.bmp180_GetTemperature
                0x000020e0       0x48 ./src/sensorsDrivers/BMP180.o
                0x000020e0                bmp180_GetTemperature
 .text.bmp180_GetPressure
                0x00002128       0xc0 ./src/sensorsDrivers/BMP180.o
                0x00002128                bmp180_GetPressure
 .text.BMP180_forceTemperatureMesurement
                0x000021e8       0x14 ./src/sensorsDrivers/BMP180.o
                0x000021e8                BMP180_forceTemperatureMesurement
 .text.BMP180_readTemperature
                0x000021fc       0x48 ./src/sensorsDrivers/BMP180.o
                0x000021fc                BMP180_readTemperature
 .text.BMP180_forcePressureMeasurment
                0x00002244       0x14 ./src/sensorsDrivers/BMP180.o
                0x00002244                BMP180_forcePressureMeasurment
 .text.BMP180_readPressure
                0x00002258       0x44 ./src/sensorsDrivers/BMP180.o
                0x00002258                BMP180_readPressure
 .text.HMC5883L_detect
                0x0000229c       0x10 ./src/sensorsDrivers/HMC5883L.o
                0x0000229c                HMC5883L_detect
 .text.HMC5883L_init
                0x000022ac       0x78 ./src/sensorsDrivers/HMC5883L.o
                0x000022ac                HMC5883L_init
 .text.HMC5883L_getCompassData
                0x00002324       0x40 ./src/sensorsDrivers/HMC5883L.o
                0x00002324                HMC5883L_getCompassData
 .text.android_orient_cb
                0x00002364       0x40 ./src/sensorsDrivers/MPU6050.o
 .text.inv_row_2_scale
                0x000023a4       0x36 ./src/sensorsDrivers/MPU6050.o
 *fill*         0x000023da        0x2 00
 .text.tap_cb   0x000023dc       0x4c ./src/sensorsDrivers/MPU6050.o
 .text.MPU6050_detect
                0x00002428       0x10 ./src/sensorsDrivers/MPU6050.o
                0x00002428                MPU6050_detect
 .text.MPU6050_init
                0x00002438       0xac ./src/sensorsDrivers/MPU6050.o
                0x00002438                MPU6050_init
 .text.Si114x_Detect
                0x000024e4       0x10 ./src/sensorsDrivers/Si114x.o
                0x000024e4                Si114x_Detect
 .text.Si114x_Init
                0x000024f4       0x30 ./src/sensorsDrivers/Si114x.o
                0x000024f4                Si114x_Init
 .text.Si114x_ForceAmbientLightMeasurment
                0x00002524       0x14 ./src/sensorsDrivers/Si114x.o
                0x00002524                Si114x_ForceAmbientLightMeasurment
 .text.Si114x_ReadAmbientLight
                0x00002538       0x80 ./src/sensorsDrivers/Si114x.o
                0x00002538                Si114x_ReadAmbientLight
 .text.Si7013_detect
                0x000025b8       0x10 ./src/sensorsDrivers/Si7013.o
                0x000025b8                Si7013_detect
 .text.Si7013_init
                0x000025c8        0x2 ./src/sensorsDrivers/Si7013.o
                0x000025c8                Si7013_init
 *fill*         0x000025ca        0x2 00
 .text.Si7013_forceRhMeasurment
                0x000025cc       0x5c ./src/sensorsDrivers/Si7013.o
                0x000025cc                Si7013_forceRhMeasurment
 .text.Si7013_readHumidityAndTemperature
                0x00002628      0x104 ./src/sensorsDrivers/Si7013.o
                0x00002628                Si7013_readHumidityAndTemperature
 .text.i2c_write.part.0
                0x0000272c       0x18 ./src/sensorsDrivers/inv_mpu.o
 .text.i2c_read.part.2
                0x00002744       0x24 ./src/sensorsDrivers/inv_mpu.o
 .text.set_int_enable
                0x00002768       0x68 ./src/sensorsDrivers/inv_mpu.o
 .text.i2c_write
                0x000027d0       0x2c ./src/sensorsDrivers/inv_mpu.o
                0x000027d0                i2c_write
 .text.i2c_read
                0x000027fc       0x2c ./src/sensorsDrivers/inv_mpu.o
                0x000027fc                i2c_read
 .text.delay_ms
                0x00002828       0x3c ./src/sensorsDrivers/inv_mpu.o
                0x00002828                delay_ms
 .text.mpu_get_gyro_reg
                0x00002864       0x50 ./src/sensorsDrivers/inv_mpu.o
                0x00002864                mpu_get_gyro_reg
 .text.mpu_get_accel_reg
                0x000028b4       0x4c ./src/sensorsDrivers/inv_mpu.o
                0x000028b4                mpu_get_accel_reg
 .text.mpu_reset_fifo
                0x00002900      0x110 ./src/sensorsDrivers/inv_mpu.o
                0x00002900                mpu_reset_fifo
 .text.mpu_set_gyro_fsr
                0x00002a10       0x6c ./src/sensorsDrivers/inv_mpu.o
                0x00002a10                mpu_set_gyro_fsr
 .text.mpu_get_accel_fsr
                0x00002a7c       0x40 ./src/sensorsDrivers/inv_mpu.o
                0x00002a7c                mpu_get_accel_fsr
 .text.mpu_set_accel_fsr
                0x00002abc       0x60 ./src/sensorsDrivers/inv_mpu.o
                0x00002abc                mpu_set_accel_fsr
 .text.mpu_set_lpf
                0x00002b1c       0x5c ./src/sensorsDrivers/inv_mpu.o
                0x00002b1c                mpu_set_lpf
 .text.mpu_configure_fifo
                0x00002b78       0x5c ./src/sensorsDrivers/inv_mpu.o
                0x00002b78                mpu_configure_fifo
 .text.mpu_read_fifo_stream
                0x00002bd4       0xa0 ./src/sensorsDrivers/inv_mpu.o
                0x00002bd4                mpu_read_fifo_stream
 .text.mpu_set_bypass
                0x00002c74       0xbc ./src/sensorsDrivers/inv_mpu.o
                0x00002c74                mpu_set_bypass
 .text.mpu_set_int_latched
                0x00002d30       0x58 ./src/sensorsDrivers/inv_mpu.o
                0x00002d30                mpu_set_int_latched
 .text.mpu_set_sensors
                0x00002d88       0x94 ./src/sensorsDrivers/inv_mpu.o
                0x00002d88                mpu_set_sensors
 .text.mpu_lp_accel_mode
                0x00002e1c       0xa0 ./src/sensorsDrivers/inv_mpu.o
                0x00002e1c                mpu_lp_accel_mode
 .text.mpu_set_sample_rate
                0x00002ebc       0x88 ./src/sensorsDrivers/inv_mpu.o
                0x00002ebc                mpu_set_sample_rate
 .text.mpu_init
                0x00002f44       0xbc ./src/sensorsDrivers/inv_mpu.o
                0x00002f44                mpu_init
 .text.mpu_write_mem
                0x00003000       0x58 ./src/sensorsDrivers/inv_mpu.o
                0x00003000                mpu_write_mem
 .text.mpu_read_mem
                0x00003058       0x58 ./src/sensorsDrivers/inv_mpu.o
                0x00003058                mpu_read_mem
 .text.mpu_load_firmware
                0x000030b0       0xa0 ./src/sensorsDrivers/inv_mpu.o
                0x000030b0                mpu_load_firmware
 .text.mpu_set_dmp_state
                0x00003150       0x74 ./src/sensorsDrivers/inv_mpu.o
                0x00003150                mpu_set_dmp_state
 .text.dmp_enable_gyro_cal.part.0
                0x000031c4       0x24 ./src/sensorsDrivers/inv_mpu_dmp_motion_driver.o
 .text.dmp_load_motion_driver_firmware
                0x000031e8       0x1c ./src/sensorsDrivers/inv_mpu_dmp_motion_driver.o
                0x000031e8                dmp_load_motion_driver_firmware
 .text.dmp_set_orientation
                0x00003204      0x11c ./src/sensorsDrivers/inv_mpu_dmp_motion_driver.o
                0x00003204                dmp_set_orientation
 .text.dmp_set_fifo_rate
                0x00003320       0x64 ./src/sensorsDrivers/inv_mpu_dmp_motion_driver.o
                0x00003320                dmp_set_fifo_rate
 .text.dmp_get_fifo_rate
                0x00003384       0x10 ./src/sensorsDrivers/inv_mpu_dmp_motion_driver.o
                0x00003384                dmp_get_fifo_rate
 .text.dmp_set_tap_thresh
                0x00003394      0x144 ./src/sensorsDrivers/inv_mpu_dmp_motion_driver.o
                0x00003394                dmp_set_tap_thresh
 .text.dmp_set_tap_axes
                0x000034d8       0x36 ./src/sensorsDrivers/inv_mpu_dmp_motion_driver.o
                0x000034d8                dmp_set_tap_axes
 *fill*         0x0000350e        0x2 00
 .text.dmp_set_tap_count
                0x00003510       0x28 ./src/sensorsDrivers/inv_mpu_dmp_motion_driver.o
                0x00003510                dmp_set_tap_count
 .text.dmp_set_tap_time
                0x00003538       0x1e ./src/sensorsDrivers/inv_mpu_dmp_motion_driver.o
                0x00003538                dmp_set_tap_time
 .text.dmp_set_tap_time_multi
                0x00003556       0x1e ./src/sensorsDrivers/inv_mpu_dmp_motion_driver.o
                0x00003556                dmp_set_tap_time_multi
 .text.dmp_set_shake_reject_thresh
                0x00003574       0x2c ./src/sensorsDrivers/inv_mpu_dmp_motion_driver.o
                0x00003574                dmp_set_shake_reject_thresh
 .text.dmp_set_shake_reject_time
                0x000035a0       0x1e ./src/sensorsDrivers/inv_mpu_dmp_motion_driver.o
                0x000035a0                dmp_set_shake_reject_time
 .text.dmp_set_shake_reject_timeout
                0x000035be       0x1e ./src/sensorsDrivers/inv_mpu_dmp_motion_driver.o
                0x000035be                dmp_set_shake_reject_timeout
 .text.dmp_get_pedometer_step_count
                0x000035dc       0x36 ./src/sensorsDrivers/inv_mpu_dmp_motion_driver.o
                0x000035dc                dmp_get_pedometer_step_count
 .text.dmp_set_pedometer_step_count
                0x00003612       0x1e ./src/sensorsDrivers/inv_mpu_dmp_motion_driver.o
                0x00003612                dmp_set_pedometer_step_count
 .text.dmp_get_pedometer_walk_time
                0x00003630       0x3a ./src/sensorsDrivers/inv_mpu_dmp_motion_driver.o
                0x00003630                dmp_get_pedometer_walk_time
 .text.dmp_set_pedometer_walk_time
                0x0000366a       0x24 ./src/sensorsDrivers/inv_mpu_dmp_motion_driver.o
                0x0000366a                dmp_set_pedometer_walk_time
 *fill*         0x0000368e        0x2 00
 .text.dmp_enable_gyro_cal
                0x00003690       0x2c ./src/sensorsDrivers/inv_mpu_dmp_motion_driver.o
                0x00003690                dmp_enable_gyro_cal
 .text.dmp_enable_lp_quat
                0x000036bc       0x38 ./src/sensorsDrivers/inv_mpu_dmp_motion_driver.o
                0x000036bc                dmp_enable_lp_quat
 .text.dmp_enable_6x_lp_quat
                0x000036f4       0x38 ./src/sensorsDrivers/inv_mpu_dmp_motion_driver.o
                0x000036f4                dmp_enable_6x_lp_quat
 .text.dmp_enable_feature
                0x0000372c      0x1b4 ./src/sensorsDrivers/inv_mpu_dmp_motion_driver.o
                0x0000372c                dmp_enable_feature
 .text.dmp_set_interrupt_mode
                0x000038e0       0x4c ./src/sensorsDrivers/inv_mpu_dmp_motion_driver.o
                0x000038e0                dmp_set_interrupt_mode
 .text.dmp_read_fifo
                0x0000392c      0x194 ./src/sensorsDrivers/inv_mpu_dmp_motion_driver.o
                0x0000392c                dmp_read_fifo
 .text.dmp_register_tap_cb
                0x00003ac0        0xc ./src/sensorsDrivers/inv_mpu_dmp_motion_driver.o
                0x00003ac0                dmp_register_tap_cb
 .text.dmp_register_android_orient_cb
                0x00003acc        0xc ./src/sensorsDrivers/inv_mpu_dmp_motion_driver.o
                0x00003acc                dmp_register_android_orient_cb
 .text          0x00003ad8       0x14 d:/siliconlabs/simplicitystudio/v2/developer/toolchains/gnu_arm/4.7_2013q1/bin/../lib/gcc/arm-none-eabi/4.7.3/armv6-m\libgcc.a(_thumb1_case_uqi.o)
                0x00003ad8                __gnu_thumb1_case_uqi
 .text          0x00003aec       0x9c d:/siliconlabs/simplicitystudio/v2/developer/toolchains/gnu_arm/4.7_2013q1/bin/../lib/gcc/arm-none-eabi/4.7.3/armv6-m\libgcc.a(_udivsi3.o)
                0x00003aec                __aeabi_uidiv
                0x00003aec                __udivsi3
                0x00003b74                __aeabi_uidivmod
 .text          0x00003b88       0xc0 d:/siliconlabs/simplicitystudio/v2/developer/toolchains/gnu_arm/4.7_2013q1/bin/../lib/gcc/arm-none-eabi/4.7.3/armv6-m\libgcc.a(_divsi3.o)
                0x00003b88                __divsi3
                0x00003b88                __aeabi_idiv
                0x00003c34                __aeabi_idivmod
 .text          0x00003c48        0x4 d:/siliconlabs/simplicitystudio/v2/developer/toolchains/gnu_arm/4.7_2013q1/bin/../lib/gcc/arm-none-eabi/4.7.3/armv6-m\libgcc.a(_dvmd_tls.o)
                0x00003c48                __aeabi_idiv0
                0x00003c48                __aeabi_ldiv0
 .text          0x00003c4c       0x74 d:/siliconlabs/simplicitystudio/v2/developer/toolchains/gnu_arm/4.7_2013q1/bin/../lib/gcc/arm-none-eabi/4.7.3/armv6-m\libgcc.a(_arm_cmpsf2.o)
                0x00003c4c                __aeabi_cfrcmple
                0x00003c54                __aeabi_cfcmpeq
                0x00003c54                __aeabi_cfcmple
                0x00003c64                __aeabi_fcmpeq
                0x00003c70                __aeabi_fcmplt
                0x00003c84                __aeabi_fcmple
                0x00003c98                __aeabi_fcmpgt
                0x00003cac                __aeabi_fcmpge
 .text          0x00003cc0       0x30 d:/siliconlabs/simplicitystudio/v2/developer/toolchains/gnu_arm/4.7_2013q1/bin/../lib/gcc/arm-none-eabi/4.7.3/armv6-m\libgcc.a(_fixunssfsi.o)
                0x00003cc0                __fixunssfsi
                0x00003cc0                __aeabi_f2uiz
 .text          0x00003cf0      0x274 d:/siliconlabs/simplicitystudio/v2/developer/toolchains/gnu_arm/4.7_2013q1/bin/../lib/gcc/arm-none-eabi/4.7.3/armv6-m\libgcc.a(divsf3.o)
                0x00003cf0                __aeabi_fdiv
 .text          0x00003f64       0x50 d:/siliconlabs/simplicitystudio/v2/developer/toolchains/gnu_arm/4.7_2013q1/bin/../lib/gcc/arm-none-eabi/4.7.3/armv6-m\libgcc.a(eqsf2.o)
                0x00003f64                __eqsf2
                0x00003f64                __nesf2
 .text          0x00003fb4       0x90 d:/siliconlabs/simplicitystudio/v2/developer/toolchains/gnu_arm/4.7_2013q1/bin/../lib/gcc/arm-none-eabi/4.7.3/armv6-m\libgcc.a(gesf2.o)
                0x00003fb4                __gesf2
                0x00003fb4                __gtsf2
 .text          0x00004044       0x90 d:/siliconlabs/simplicitystudio/v2/developer/toolchains/gnu_arm/4.7_2013q1/bin/../lib/gcc/arm-none-eabi/4.7.3/armv6-m\libgcc.a(lesf2.o)
                0x00004044                __ltsf2
                0x00004044                __lesf2
 .text          0x000040d4      0x260 d:/siliconlabs/simplicitystudio/v2/developer/toolchains/gnu_arm/4.7_2013q1/bin/../lib/gcc/arm-none-eabi/4.7.3/armv6-m\libgcc.a(mulsf3.o)
                0x000040d4                __aeabi_fmul
 .text          0x00004334      0x3b4 d:/siliconlabs/simplicitystudio/v2/developer/toolchains/gnu_arm/4.7_2013q1/bin/../lib/gcc/arm-none-eabi/4.7.3/armv6-m\libgcc.a(subsf3.o)
                0x00004334                __aeabi_fsub
 .text          0x000046e8       0x40 d:/siliconlabs/simplicitystudio/v2/developer/toolchains/gnu_arm/4.7_2013q1/bin/../lib/gcc/arm-none-eabi/4.7.3/armv6-m\libgcc.a(fixsfsi.o)
                0x000046e8                __aeabi_f2iz
 .text          0x00004728       0xa8 d:/siliconlabs/simplicitystudio/v2/developer/toolchains/gnu_arm/4.7_2013q1/bin/../lib/gcc/arm-none-eabi/4.7.3/armv6-m\libgcc.a(floatunsisf.o)
                0x00004728                __aeabi_ui2f
 .text          0x000047d0       0x3c d:/siliconlabs/simplicitystudio/v2/developer/toolchains/gnu_arm/4.7_2013q1/bin/../lib/gcc/arm-none-eabi/4.7.3/armv6-m\libgcc.a(_clzsi2.o)
                0x000047d0                __clzsi2
 .text.__register_exitproc
                0x0000480c       0x18 d:/siliconlabs/simplicitystudio/v2/developer/toolchains/gnu_arm/4.7_2013q1/bin/../lib/gcc/arm-none-eabi/4.7.3/../../../../arm-none-eabi/lib/armv6-m\libc_s.a(lib_a-__atexit2.o)
                0x0000480c                __register_exitproc
 .text.exit     0x00004824       0x30 d:/siliconlabs/simplicitystudio/v2/developer/toolchains/gnu_arm/4.7_2013q1/bin/../lib/gcc/arm-none-eabi/4.7.3/../../../../arm-none-eabi/lib/armv6-m\libc_s.a(lib_a-exit.o)
                0x00004824                exit
 .text.__libc_fini_array
                0x00004854       0x2c d:/siliconlabs/simplicitystudio/v2/developer/toolchains/gnu_arm/4.7_2013q1/bin/../lib/gcc/arm-none-eabi/4.7.3/../../../../arm-none-eabi/lib/armv6-m\libc_s.a(lib_a-fini.o)
                0x00004854                __libc_fini_array
 .text.__libc_init_array
                0x00004880       0x4c d:/siliconlabs/simplicitystudio/v2/developer/toolchains/gnu_arm/4.7_2013q1/bin/../lib/gcc/arm-none-eabi/4.7.3/../../../../arm-none-eabi/lib/armv6-m\libc_s.a(lib_a-init.o)
                0x00004880                __libc_init_array
 .text.memcmp   0x000048cc       0x1e d:/siliconlabs/simplicitystudio/v2/developer/toolchains/gnu_arm/4.7_2013q1/bin/../lib/gcc/arm-none-eabi/4.7.3/../../../../arm-none-eabi/lib/armv6-m\libc_s.a(lib_a-memcmp.o)
                0x000048cc                memcmp
 .text.memcpy   0x000048ea       0x12 d:/siliconlabs/simplicitystudio/v2/developer/toolchains/gnu_arm/4.7_2013q1/bin/../lib/gcc/arm-none-eabi/4.7.3/../../../../arm-none-eabi/lib/armv6-m\libc_s.a(lib_a-memcpy.o)
                0x000048ea                memcpy
 .text.memset   0x000048fc       0x12 d:/siliconlabs/simplicitystudio/v2/developer/toolchains/gnu_arm/4.7_2013q1/bin/../lib/gcc/arm-none-eabi/4.7.3/../../../../arm-none-eabi/lib/armv6-m\libc_s.a(lib_a-memset.o)
                0x000048fc                memset
 *fill*         0x0000490e        0x2 00
 .text.sprintf  0x00004910       0x44 d:/siliconlabs/simplicitystudio/v2/developer/toolchains/gnu_arm/4.7_2013q1/bin/../lib/gcc/arm-none-eabi/4.7.3/../../../../arm-none-eabi/lib/armv6-m\libc_s.a(lib_a-sprintf.o)
                0x00004910                siprintf
                0x00004910                sprintf
 .text.__ssputc_r
                0x00004954       0xb0 d:/siliconlabs/simplicitystudio/v2/developer/toolchains/gnu_arm/4.7_2013q1/bin/../lib/gcc/arm-none-eabi/4.7.3/../../../../arm-none-eabi/lib/armv6-m\libc_s.a(lib_a-svfprintf.o)
                0x00004954                __ssputc_r
 .text._svfprintf_r
                0x00004a04      0x1f8 d:/siliconlabs/simplicitystudio/v2/developer/toolchains/gnu_arm/4.7_2013q1/bin/../lib/gcc/arm-none-eabi/4.7.3/../../../../arm-none-eabi/lib/armv6-m\libc_s.a(lib_a-svfprintf.o)
                0x00004a04                _svfiprintf_r
                0x00004a04                _svfprintf_r
 .text._printf_common
                0x00004bfc       0xe0 d:/siliconlabs/simplicitystudio/v2/developer/toolchains/gnu_arm/4.7_2013q1/bin/../lib/gcc/arm-none-eabi/4.7.3/../../../../arm-none-eabi/lib/armv6-m\libc_s.a(lib_a-vfprintf_i.o)
                0x00004bfc                _printf_common
 .text._printf_i
                0x00004cdc      0x234 d:/siliconlabs/simplicitystudio/v2/developer/toolchains/gnu_arm/4.7_2013q1/bin/../lib/gcc/arm-none-eabi/4.7.3/../../../../arm-none-eabi/lib/armv6-m\libc_s.a(lib_a-vfprintf_i.o)
                0x00004cdc                _printf_i
 .text._free_r  0x00004f10       0x90 d:/siliconlabs/simplicitystudio/v2/developer/toolchains/gnu_arm/4.7_2013q1/bin/../lib/gcc/arm-none-eabi/4.7.3/../../../../arm-none-eabi/lib/armv6-m\libc_s.a(lib_a-freer.o)
                0x00004f10                _free_r
 .text._malloc_r
                0x00004fa0       0x94 d:/siliconlabs/simplicitystudio/v2/developer/toolchains/gnu_arm/4.7_2013q1/bin/../lib/gcc/arm-none-eabi/4.7.3/../../../../arm-none-eabi/lib/armv6-m\libc_s.a(lib_a-mallocr.o)
                0x00004fa0                _malloc_r
 .text.memchr   0x00005034       0x18 d:/siliconlabs/simplicitystudio/v2/developer/toolchains/gnu_arm/4.7_2013q1/bin/../lib/gcc/arm-none-eabi/4.7.3/../../../../arm-none-eabi/lib/armv6-m\libc_s.a(lib_a-memchr.o)
                0x00005034                memchr
 .text._realloc_r
                0x0000504c       0x4c d:/siliconlabs/simplicitystudio/v2/developer/toolchains/gnu_arm/4.7_2013q1/bin/../lib/gcc/arm-none-eabi/4.7.3/../../../../arm-none-eabi/lib/armv6-m\libc_s.a(lib_a-reallocr.o)
                0x0000504c                _realloc_r
 .text._sbrk_r  0x00005098       0x24 d:/siliconlabs/simplicitystudio/v2/developer/toolchains/gnu_arm/4.7_2013q1/bin/../lib/gcc/arm-none-eabi/4.7.3/../../../../arm-none-eabi/lib/armv6-m\libc_s.a(lib_a-sbrkr.o)
                0x00005098                _sbrk_r
 .text.strlen   0x000050bc        0xe d:/siliconlabs/simplicitystudio/v2/developer/toolchains/gnu_arm/4.7_2013q1/bin/../lib/gcc/arm-none-eabi/4.7.3/../../../../arm-none-eabi/lib/armv6-m\libc_s.a(lib_a-strlen.o)
                0x000050bc                strlen
 .text._malloc_usable_size_r
                0x000050ca       0x14 d:/siliconlabs/simplicitystudio/v2/developer/toolchains/gnu_arm/4.7_2013q1/bin/../lib/gcc/arm-none-eabi/4.7.3/../../../../arm-none-eabi/lib/armv6-m\libc_s.a(lib_a-msizer.o)
                0x000050ca                _malloc_usable_size_r
 *fill*         0x000050de        0x2 00
 .text._sbrk    0x000050e0       0x38 d:/siliconlabs/simplicitystudio/v2/developer/toolchains/gnu_arm/4.7_2013q1/bin/../lib/gcc/arm-none-eabi/4.7.3/../../../../arm-none-eabi/lib/armv6-m\libnosys.a(sbrk.o)
                0x000050e0                _sbrk
 .text._exit    0x00005118        0x4 d:/siliconlabs/simplicitystudio/v2/developer/toolchains/gnu_arm/4.7_2013q1/bin/../lib/gcc/arm-none-eabi/4.7.3/../../../../arm-none-eabi/lib/armv6-m\libnosys.a(_exit.o)
                0x00005118                _exit
 *(.init)
 .init          0x0000511c        0x4 d:/siliconlabs/simplicitystudio/v2/developer/toolchains/gnu_arm/4.7_2013q1/bin/../lib/gcc/arm-none-eabi/4.7.3/armv6-m/crti.o
                0x0000511c                _init
 .init          0x00005120        0x8 d:/siliconlabs/simplicitystudio/v2/developer/toolchains/gnu_arm/4.7_2013q1/bin/../lib/gcc/arm-none-eabi/4.7.3/armv6-m/crtn.o
 *(.fini)
 .fini          0x00005128        0x4 d:/siliconlabs/simplicitystudio/v2/developer/toolchains/gnu_arm/4.7_2013q1/bin/../lib/gcc/arm-none-eabi/4.7.3/armv6-m/crti.o
                0x00005128                _fini
 .fini          0x0000512c        0x8 d:/siliconlabs/simplicitystudio/v2/developer/toolchains/gnu_arm/4.7_2013q1/bin/../lib/gcc/arm-none-eabi/4.7.3/armv6-m/crtn.o
 *crtbegin.o(.ctors)
 *crtbegin?.o(.ctors)
 *(EXCLUDE_FILE(*crtend.o *crtend?.o) .ctors)
 *(SORT(.ctors.*))
 *(.ctors)
 *crtbegin.o(.dtors)
 *crtbegin?.o(.dtors)
 *(EXCLUDE_FILE(*crtend.o *crtend?.o) .dtors)
 *(SORT(.dtors.*))
 *(.dtors)
 *(.rodata*)
 .rodata.str1.1
                0x00005134      0x237 ./src/main.o
 .rodata.i2cNSum
                0x0000536b        0x4 ./emlib/em_i2c.o
 .rodata        0x0000536f        0x3 ./src/ucPeripheralDrivers/RTC_.o
 *fill*         0x00005372        0x2 00
 .rodata        0x00005374       0x10 ./src/ucPeripheralDrivers/i2c_connection.o
 .rodata.str1.1
                0x00005384       0x1e ./src/ucPeripheralDrivers/i2c_connection.o
 *fill*         0x000053a2        0x2 00
 .rodata        0x000053a4       0x10 ./src/ucPeripheralDrivers/leuart_connection.o
 .rodata.str1.1
                0x000053b4       0x48 ./src/sensorsDrivers/MPU6050.o
 .rodata.str1.1
                0x000053fc       0x11 ./src/sensorsDrivers/Si114x.o
 .rodata.str1.1
                0x0000540d       0x19 ./src/sensorsDrivers/Si7013.o
 *fill*         0x00005426        0x2 00
 .rodata.test   0x00005428       0x28 ./src/sensorsDrivers/inv_mpu.o
                0x00005428                test
 .rodata.hw     0x00005450        0xc ./src/sensorsDrivers/inv_mpu.o
                0x00005450                hw
 .rodata.reg    0x0000545c       0x1e ./src/sensorsDrivers/inv_mpu.o
                0x0000545c                reg
 .rodata        0x0000547a       0x40 ./src/sensorsDrivers/inv_mpu_dmp_motion_driver.o
 .rodata.dmp_memory
                0x000054ba      0xbf6 ./src/sensorsDrivers/inv_mpu_dmp_motion_driver.o
 .rodata        0x000060b0       0x40 d:/siliconlabs/simplicitystudio/v2/developer/toolchains/gnu_arm/4.7_2013q1/bin/../lib/gcc/arm-none-eabi/4.7.3/armv6-m\libgcc.a(divsf3.o)
 .rodata        0x000060f0       0x40 d:/siliconlabs/simplicitystudio/v2/developer/toolchains/gnu_arm/4.7_2013q1/bin/../lib/gcc/arm-none-eabi/4.7.3/armv6-m\libgcc.a(mulsf3.o)
 .rodata.str1.1
                0x00006130        0x2 d:/siliconlabs/simplicitystudio/v2/developer/toolchains/gnu_arm/4.7_2013q1/bin/../lib/gcc/arm-none-eabi/4.7.3/../../../../arm-none-eabi/lib/armv6-m\libc_s.a(lib_a-impure.o)
 *fill*         0x00006132        0x2 00
 .rodata._global_impure_ptr
                0x00006134        0x4 d:/siliconlabs/simplicitystudio/v2/developer/toolchains/gnu_arm/4.7_2013q1/bin/../lib/gcc/arm-none-eabi/4.7.3/../../../../arm-none-eabi/lib/armv6-m\libc_s.a(lib_a-impure.o)
                0x00006134                _global_impure_ptr
 .rodata.str1.1
                0x00006138       0x11 d:/siliconlabs/simplicitystudio/v2/developer/toolchains/gnu_arm/4.7_2013q1/bin/../lib/gcc/arm-none-eabi/4.7.3/../../../../arm-none-eabi/lib/armv6-m\libc_s.a(lib_a-svfprintf.o)
 .rodata.str1.1
                0x00006149       0x22 d:/siliconlabs/simplicitystudio/v2/developer/toolchains/gnu_arm/4.7_2013q1/bin/../lib/gcc/arm-none-eabi/4.7.3/../../../../arm-none-eabi/lib/armv6-m\libc_s.a(lib_a-vfprintf_i.o)
 *(.eh_frame*)
 *fill*         0x0000616b        0x1 00
 .eh_frame      0x0000616c        0x0 d:/siliconlabs/simplicitystudio/v2/developer/toolchains/gnu_arm/4.7_2013q1/bin/../lib/gcc/arm-none-eabi/4.7.3/armv6-m/crtbegin.o
 .eh_frame      0x0000616c        0x4 d:/siliconlabs/simplicitystudio/v2/developer/toolchains/gnu_arm/4.7_2013q1/bin/../lib/gcc/arm-none-eabi/4.7.3/armv6-m/crtend.o

.glue_7         0x00006170        0x0
 .glue_7        0x00000000        0x0 linker stubs

.glue_7t        0x00006170        0x0
 .glue_7t       0x00000000        0x0 linker stubs

.vfp11_veneer   0x00006170        0x0
 .vfp11_veneer  0x00000000        0x0 linker stubs

.v4_bx          0x00006170        0x0
 .v4_bx         0x00000000        0x0 linker stubs

.iplt           0x00006170        0x0
 .iplt          0x00000000        0x0 d:/siliconlabs/simplicitystudio/v2/developer/toolchains/gnu_arm/4.7_2013q1/bin/../lib/gcc/arm-none-eabi/4.7.3/armv6-m/crtbegin.o

.ARM.extab
 *(.ARM.extab* .gnu.linkonce.armextab.*)
                0x00006170                __exidx_start = .

.ARM.exidx      0x00006170        0x8
 *(.ARM.exidx* .gnu.linkonce.armexidx.*)
 .ARM.exidx     0x00006170        0x8 d:/siliconlabs/simplicitystudio/v2/developer/toolchains/gnu_arm/4.7_2013q1/bin/../lib/gcc/arm-none-eabi/4.7.3/../../../../arm-none-eabi/lib/armv6-m/crt0.o
                0x00006178                __exidx_end = .
                0x00006178                __etext = .

.rel.dyn        0x00006178        0x0
 .rel.iplt      0x00000000        0x0 d:/siliconlabs/simplicitystudio/v2/developer/toolchains/gnu_arm/4.7_2013q1/bin/../lib/gcc/arm-none-eabi/4.7.3/armv6-m/crtbegin.o

.data           0x20000000       0xc4 load address 0x00006178
                0x20000000                __data_start__ = .
 *(vtable)
 *(.data*)
 .data.SystemLFXOClock
                0x20000000        0x4 ./CMSIS/efm32zg/system_efm32zg.o
 .data.SystemHFXOClock
                0x20000004        0x4 ./CMSIS/efm32zg/system_efm32zg.o
 .data.AC1      0x20000008        0x2 ./src/sensorsDrivers/BMP180.o
                0x20000008                AC1
 .data.AC2      0x2000000a        0x2 ./src/sensorsDrivers/BMP180.o
                0x2000000a                AC2
 .data.AC3      0x2000000c        0x2 ./src/sensorsDrivers/BMP180.o
                0x2000000c                AC3
 .data.AC4      0x2000000e        0x2 ./src/sensorsDrivers/BMP180.o
                0x2000000e                AC4
 .data.AC5      0x20000010        0x2 ./src/sensorsDrivers/BMP180.o
                0x20000010                AC5
 .data.AC6      0x20000012        0x2 ./src/sensorsDrivers/BMP180.o
                0x20000012                AC6
 .data.B1       0x20000014        0x2 ./src/sensorsDrivers/BMP180.o
                0x20000014                B1
 .data.B2       0x20000016        0x2 ./src/sensorsDrivers/BMP180.o
                0x20000016                B2
 .data.MC       0x20000018        0x2 ./src/sensorsDrivers/BMP180.o
                0x20000018                MC
 .data.MD       0x2000001a        0x2 ./src/sensorsDrivers/BMP180.o
                0x2000001a                MD
 .data.outpRate
                0x2000001c        0x1 ./src/sensorsDrivers/HMC5883L.o
                0x2000001c                outpRate
 .data.gainConf
                0x2000001d        0x1 ./src/sensorsDrivers/HMC5883L.o
                0x2000001d                gainConf
 .data.gyro_orientation.8498
                0x2000001e        0x9 ./src/sensorsDrivers/MPU6050.o
 *fill*         0x20000027        0x1 00
 .data.st       0x20000028       0x2c ./src/sensorsDrivers/inv_mpu.o
 .data.impure_data
                0x20000054       0x64 d:/siliconlabs/simplicitystudio/v2/developer/toolchains/gnu_arm/4.7_2013q1/bin/../lib/gcc/arm-none-eabi/4.7.3/../../../../arm-none-eabi/lib/armv6-m\libc_s.a(lib_a-impure.o)
 .data._impure_ptr
                0x200000b8        0x4 d:/siliconlabs/simplicitystudio/v2/developer/toolchains/gnu_arm/4.7_2013q1/bin/../lib/gcc/arm-none-eabi/4.7.3/../../../../arm-none-eabi/lib/armv6-m\libc_s.a(lib_a-impure.o)
                0x200000b8                _impure_ptr
                0x200000bc                . = ALIGN (0x4)
 *(.ram)
                0x200000bc                . = ALIGN (0x4)
                0x200000bc                PROVIDE (__preinit_array_start, .)
 *(.preinit_array)
                0x200000bc                PROVIDE (__preinit_array_end, .)
                0x200000bc                . = ALIGN (0x4)
                0x200000bc                PROVIDE (__init_array_start, .)
 *(SORT(.init_array.*))
 *(.init_array)
 .init_array    0x200000bc        0x4 d:/siliconlabs/simplicitystudio/v2/developer/toolchains/gnu_arm/4.7_2013q1/bin/../lib/gcc/arm-none-eabi/4.7.3/armv6-m/crtbegin.o
                0x200000c0                PROVIDE (__init_array_end, .)
                0x200000c0                . = ALIGN (0x4)
                0x200000c0                PROVIDE (__fini_array_start, .)
 *(SORT(.fini_array.*))
 *(.fini_array)
 .fini_array    0x200000c0        0x4 d:/siliconlabs/simplicitystudio/v2/developer/toolchains/gnu_arm/4.7_2013q1/bin/../lib/gcc/arm-none-eabi/4.7.3/armv6-m/crtbegin.o
                0x200000c4                PROVIDE (__fini_array_end, .)
                0x200000c4                . = ALIGN (0x4)
                0x200000c4                __data_end__ = .

.jcr            0x200000c4        0x0 load address 0x0000623c
 .jcr           0x200000c4        0x0 d:/siliconlabs/simplicitystudio/v2/developer/toolchains/gnu_arm/4.7_2013q1/bin/../lib/gcc/arm-none-eabi/4.7.3/armv6-m/crtbegin.o

.igot.plt       0x200000c4        0x0 load address 0x0000623c
 .igot.plt      0x00000000        0x0 d:/siliconlabs/simplicitystudio/v2/developer/toolchains/gnu_arm/4.7_2013q1/bin/../lib/gcc/arm-none-eabi/4.7.3/armv6-m/crtbegin.o

.bss            0x200000c4      0x2e8 load address 0x0000623c
                0x200000c4                __bss_start__ = .
 *(.bss*)
 .bss           0x200000c4       0x1c d:/siliconlabs/simplicitystudio/v2/developer/toolchains/gnu_arm/4.7_2013q1/bin/../lib/gcc/arm-none-eabi/4.7.3/armv6-m/crtbegin.o
 .bss.time_interrupt_type
                0x200000e0        0x1 ./src/main.o
                0x200000e0                time_interrupt_type
 *fill*         0x200000e1        0x1 00
 .bss.cmuStatus
                0x200000e2        0x2 ./emlib/em_emu.o
 .bss.i2cTransfer
                0x200000e4        0xc ./emlib/em_i2c.o
 .bss.operatingMode
                0x200000f0        0x1 ./src/sensorsDrivers/HMC5883L.o
                0x200000f0                operatingMode
 .bss.i2cSetting
                0x200000f1        0x1 ./src/sensorsDrivers/HMC5883L.o
                0x200000f1                i2cSetting
 .bss.numbOfSamples
                0x200000f2        0x1 ./src/sensorsDrivers/HMC5883L.o
                0x200000f2                numbOfSamples
 .bss.measurementMode
                0x200000f3        0x1 ./src/sensorsDrivers/HMC5883L.o
                0x200000f3                measurementMode
 .bss.dmp       0x200000f4       0x10 ./src/sensorsDrivers/inv_mpu_dmp_motion_driver.o
 .bss.__malloc_free_list
                0x20000104        0x4 d:/siliconlabs/simplicitystudio/v2/developer/toolchains/gnu_arm/4.7_2013q1/bin/../lib/gcc/arm-none-eabi/4.7.3/../../../../arm-none-eabi/lib/armv6-m\libc_s.a(lib_a-mallocr.o)
                0x20000104                __malloc_free_list
 .bss.heap_end.4231
                0x20000108        0x4 d:/siliconlabs/simplicitystudio/v2/developer/toolchains/gnu_arm/4.7_2013q1/bin/../lib/gcc/arm-none-eabi/4.7.3/../../../../arm-none-eabi/lib/armv6-m\libnosys.a(sbrk.o)
 *(COMMON)
 COMMON         0x2000010c       0xd4 ./src/main.o
                0x2000010c                I2C_Status
                0x2000010d                devInternalRegisters
                0x20000171                i_tapData
                0x20000172                i2c_registers
                0x200001d6                tapData
 COMMON         0x200001e0        0x4 ./CMSIS/efm32zg/system_efm32zg.o
                0x200001e0                SystemCoreClock
 COMMON         0x200001e4       0x24 ./src/ucPeripheralDrivers/spi.o
                0x200001e4                slaveRxBufferIndex
                0x200001e8                masterRxBufferIndex
                0x200001ec                slaveRxBuffer
                0x200001f0                slaveRxBufferSize
                0x200001f4                masterRxBufferSize
                0x200001f8                slaveTxBufferSize
                0x200001fc                masterRxBuffer
                0x20000200                slaveTxBuffer
                0x20000204                slaveTxBufferIndex
 COMMON         0x20000208      0x19c ./src/ucPeripheralDrivers/uart_connection.o
                0x20000208                rxBuff
                0x200003a0                Uart_RxValidateFunction
 COMMON         0x200003a4        0x4 ./src/sensorsDrivers/BMP180.o
                0x200003a4                b5
 COMMON         0x200003a8        0x4 d:/siliconlabs/simplicitystudio/v2/developer/toolchains/gnu_arm/4.7_2013q1/bin/../lib/gcc/arm-none-eabi/4.7.3/../../../../arm-none-eabi/lib/armv6-m\libc_s.a(lib_a-reent.o)
                0x200003a8                errno
                0x200003ac                __bss_end__ = .

.heap           0x200003b0        0x0
                0x200003b0                __end__ = .
                0x200003b0                end = __end__
                0x200003b0                _end = __end__
 *(.heap*)
 .heap          0x200003b0        0x0 ./CMSIS/efm32zg/startup_gcc_efm32zg.o
                0x200003b0                __HeapLimit = .

.stack_dummy    0x200003b0      0x400
 *(.stack)
 .stack         0x200003b0      0x400 ./CMSIS/efm32zg/startup_gcc_efm32zg.o
                0x20001000                __StackTop = (ORIGIN (RAM) + 0x1000)
                0x20000c00                __StackLimit = (__StackTop - SIZEOF (.stack_dummy))
                0x20001000                PROVIDE (__stack, __StackTop)
                0x00000001                ASSERT ((__StackLimit >= __HeapLimit), region RAM overflowed with stack)
                0x00000001                ASSERT ((0x7800 >= (__etext + SIZEOF (.data))), FLASH memory overflowed !)
OUTPUT(EnvSensor.axf elf32-littlearm)

.ARM.attributes
                0x00000000       0x28
 .ARM.attributes
                0x00000000       0x1e d:/siliconlabs/simplicitystudio/v2/developer/toolchains/gnu_arm/4.7_2013q1/bin/../lib/gcc/arm-none-eabi/4.7.3/armv6-m/crti.o
 .ARM.attributes
                0x0000001e       0x2c d:/siliconlabs/simplicitystudio/v2/developer/toolchains/gnu_arm/4.7_2013q1/bin/../lib/gcc/arm-none-eabi/4.7.3/armv6-m/crtbegin.o
 .ARM.attributes
                0x0000004a       0x1c d:/siliconlabs/simplicitystudio/v2/developer/toolchains/gnu_arm/4.7_2013q1/bin/../lib/gcc/arm-none-eabi/4.7.3/../../../../arm-none-eabi/lib/armv6-m/crt0.o
 .ARM.attributes
                0x00000066       0x32 ./src/main.o
 .ARM.attributes
                0x00000098       0x32 ./emlib/em_cmu.o
 .ARM.attributes
                0x000000ca       0x32 ./emlib/em_dma.o
 .ARM.attributes
                0x000000fc       0x32 ./emlib/em_emu.o
 .ARM.attributes
                0x0000012e       0x32 ./emlib/em_gpio.o
 .ARM.attributes
                0x00000160       0x32 ./emlib/em_i2c.o
 .ARM.attributes
                0x00000192       0x32 ./emlib/em_leuart.o
 .ARM.attributes
                0x000001c4       0x32 ./emlib/em_rtc.o
 .ARM.attributes
                0x000001f6       0x32 ./emlib/em_usart.o
 .ARM.attributes
                0x00000228       0x1b ./CMSIS/efm32zg/startup_gcc_efm32zg.o
 .ARM.attributes
                0x00000243       0x32 ./CMSIS/efm32zg/system_efm32zg.o
 .ARM.attributes
                0x00000275       0x32 ./src/ucPeripheralDrivers/RTC_.o
 .ARM.attributes
                0x000002a7       0x32 ./src/ucPeripheralDrivers/i2c_connection.o
 .ARM.attributes
                0x000002d9       0x32 ./src/ucPeripheralDrivers/leuart_connection.o
 .ARM.attributes
                0x0000030b       0x32 ./src/ucPeripheralDrivers/spi.o
 .ARM.attributes
                0x0000033d       0x32 ./src/ucPeripheralDrivers/uart_connection.o
 .ARM.attributes
                0x0000036f       0x32 ./src/sensorsDrivers/BMP180.o
 .ARM.attributes
                0x000003a1       0x32 ./src/sensorsDrivers/HMC5883L.o
 .ARM.attributes
                0x000003d3       0x32 ./src/sensorsDrivers/MPU6050.o
 .ARM.attributes
                0x00000405       0x32 ./src/sensorsDrivers/Si114x.o
 .ARM.attributes
                0x00000437       0x32 ./src/sensorsDrivers/Si7013.o
 .ARM.attributes
                0x00000469       0x32 ./src/sensorsDrivers/inv_mpu.o
 .ARM.attributes
                0x0000049b       0x32 ./src/sensorsDrivers/inv_mpu_dmp_motion_driver.o
 .ARM.attributes
                0x000004cd       0x1e d:/siliconlabs/simplicitystudio/v2/developer/toolchains/gnu_arm/4.7_2013q1/bin/../lib/gcc/arm-none-eabi/4.7.3/armv6-m\libgcc.a(_thumb1_case_uqi.o)
 .ARM.attributes
                0x000004eb       0x1e d:/siliconlabs/simplicitystudio/v2/developer/toolchains/gnu_arm/4.7_2013q1/bin/../lib/gcc/arm-none-eabi/4.7.3/armv6-m\libgcc.a(_udivsi3.o)
 .ARM.attributes
                0x00000509       0x1e d:/siliconlabs/simplicitystudio/v2/developer/toolchains/gnu_arm/4.7_2013q1/bin/../lib/gcc/arm-none-eabi/4.7.3/armv6-m\libgcc.a(_divsi3.o)
 .ARM.attributes
                0x00000527       0x1e d:/siliconlabs/simplicitystudio/v2/developer/toolchains/gnu_arm/4.7_2013q1/bin/../lib/gcc/arm-none-eabi/4.7.3/armv6-m\libgcc.a(_dvmd_tls.o)
 .ARM.attributes
                0x00000545       0x1e d:/siliconlabs/simplicitystudio/v2/developer/toolchains/gnu_arm/4.7_2013q1/bin/../lib/gcc/arm-none-eabi/4.7.3/armv6-m\libgcc.a(_arm_cmpsf2.o)
 .ARM.attributes
                0x00000563       0x2c d:/siliconlabs/simplicitystudio/v2/developer/toolchains/gnu_arm/4.7_2013q1/bin/../lib/gcc/arm-none-eabi/4.7.3/armv6-m\libgcc.a(_fixunssfsi.o)
 .ARM.attributes
                0x0000058f       0x2c d:/siliconlabs/simplicitystudio/v2/developer/toolchains/gnu_arm/4.7_2013q1/bin/../lib/gcc/arm-none-eabi/4.7.3/armv6-m\libgcc.a(divsf3.o)
 .ARM.attributes
                0x000005bb       0x2c d:/siliconlabs/simplicitystudio/v2/developer/toolchains/gnu_arm/4.7_2013q1/bin/../lib/gcc/arm-none-eabi/4.7.3/armv6-m\libgcc.a(eqsf2.o)
 .ARM.attributes
                0x000005e7       0x2c d:/siliconlabs/simplicitystudio/v2/developer/toolchains/gnu_arm/4.7_2013q1/bin/../lib/gcc/arm-none-eabi/4.7.3/armv6-m\libgcc.a(gesf2.o)
 .ARM.attributes
                0x00000613       0x2c d:/siliconlabs/simplicitystudio/v2/developer/toolchains/gnu_arm/4.7_2013q1/bin/../lib/gcc/arm-none-eabi/4.7.3/armv6-m\libgcc.a(lesf2.o)
 .ARM.attributes
                0x0000063f       0x2c d:/siliconlabs/simplicitystudio/v2/developer/toolchains/gnu_arm/4.7_2013q1/bin/../lib/gcc/arm-none-eabi/4.7.3/armv6-m\libgcc.a(mulsf3.o)
 .ARM.attributes
                0x0000066b       0x2c d:/siliconlabs/simplicitystudio/v2/developer/toolchains/gnu_arm/4.7_2013q1/bin/../lib/gcc/arm-none-eabi/4.7.3/armv6-m\libgcc.a(subsf3.o)
 .ARM.attributes
                0x00000697       0x2c d:/siliconlabs/simplicitystudio/v2/developer/toolchains/gnu_arm/4.7_2013q1/bin/../lib/gcc/arm-none-eabi/4.7.3/armv6-m\libgcc.a(fixsfsi.o)
 .ARM.attributes
                0x000006c3       0x2c d:/siliconlabs/simplicitystudio/v2/developer/toolchains/gnu_arm/4.7_2013q1/bin/../lib/gcc/arm-none-eabi/4.7.3/armv6-m\libgcc.a(floatunsisf.o)
 .ARM.attributes
                0x000006ef       0x1e d:/siliconlabs/simplicitystudio/v2/developer/toolchains/gnu_arm/4.7_2013q1/bin/../lib/gcc/arm-none-eabi/4.7.3/armv6-m\libgcc.a(_clzsi2.o)
 .ARM.attributes
                0x0000070d       0x2c d:/siliconlabs/simplicitystudio/v2/developer/toolchains/gnu_arm/4.7_2013q1/bin/../lib/gcc/arm-none-eabi/4.7.3/../../../../arm-none-eabi/lib/armv6-m\libc_s.a(lib_a-__atexit2.o)
 .ARM.attributes
                0x00000739       0x2c d:/siliconlabs/simplicitystudio/v2/developer/toolchains/gnu_arm/4.7_2013q1/bin/../lib/gcc/arm-none-eabi/4.7.3/../../../../arm-none-eabi/lib/armv6-m\libc_s.a(lib_a-exit.o)
 .ARM.attributes
                0x00000765       0x2c d:/siliconlabs/simplicitystudio/v2/developer/toolchains/gnu_arm/4.7_2013q1/bin/../lib/gcc/arm-none-eabi/4.7.3/../../../../arm-none-eabi/lib/armv6-m\libc_s.a(lib_a-fini.o)
 .ARM.attributes
                0x00000791       0x2c d:/siliconlabs/simplicitystudio/v2/developer/toolchains/gnu_arm/4.7_2013q1/bin/../lib/gcc/arm-none-eabi/4.7.3/../../../../arm-none-eabi/lib/armv6-m\libc_s.a(lib_a-impure.o)
 .ARM.attributes
                0x000007bd       0x2c d:/siliconlabs/simplicitystudio/v2/developer/toolchains/gnu_arm/4.7_2013q1/bin/../lib/gcc/arm-none-eabi/4.7.3/../../../../arm-none-eabi/lib/armv6-m\libc_s.a(lib_a-init.o)
 .ARM.attributes
                0x000007e9       0x2c d:/siliconlabs/simplicitystudio/v2/developer/toolchains/gnu_arm/4.7_2013q1/bin/../lib/gcc/arm-none-eabi/4.7.3/../../../../arm-none-eabi/lib/armv6-m\libc_s.a(lib_a-memcmp.o)
 .ARM.attributes
                0x00000815       0x2c d:/siliconlabs/simplicitystudio/v2/developer/toolchains/gnu_arm/4.7_2013q1/bin/../lib/gcc/arm-none-eabi/4.7.3/../../../../arm-none-eabi/lib/armv6-m\libc_s.a(lib_a-memcpy.o)
 .ARM.attributes
                0x00000841       0x2c d:/siliconlabs/simplicitystudio/v2/developer/toolchains/gnu_arm/4.7_2013q1/bin/../lib/gcc/arm-none-eabi/4.7.3/../../../../arm-none-eabi/lib/armv6-m\libc_s.a(lib_a-memset.o)
 .ARM.attributes
                0x0000086d       0x2c d:/siliconlabs/simplicitystudio/v2/developer/toolchains/gnu_arm/4.7_2013q1/bin/../lib/gcc/arm-none-eabi/4.7.3/../../../../arm-none-eabi/lib/armv6-m\libc_s.a(lib_a-sprintf.o)
 .ARM.attributes
                0x00000899       0x2c d:/siliconlabs/simplicitystudio/v2/developer/toolchains/gnu_arm/4.7_2013q1/bin/../lib/gcc/arm-none-eabi/4.7.3/../../../../arm-none-eabi/lib/armv6-m\libc_s.a(lib_a-svfprintf.o)
 .ARM.attributes
                0x000008c5       0x2c d:/siliconlabs/simplicitystudio/v2/developer/toolchains/gnu_arm/4.7_2013q1/bin/../lib/gcc/arm-none-eabi/4.7.3/../../../../arm-none-eabi/lib/armv6-m\libc_s.a(lib_a-vfprintf_i.o)
 .ARM.attributes
                0x000008f1       0x2c d:/siliconlabs/simplicitystudio/v2/developer/toolchains/gnu_arm/4.7_2013q1/bin/../lib/gcc/arm-none-eabi/4.7.3/../../../../arm-none-eabi/lib/armv6-m\libc_s.a(lib_a-freer.o)
 .ARM.attributes
                0x0000091d       0x2c d:/siliconlabs/simplicitystudio/v2/developer/toolchains/gnu_arm/4.7_2013q1/bin/../lib/gcc/arm-none-eabi/4.7.3/../../../../arm-none-eabi/lib/armv6-m\libc_s.a(lib_a-mallocr.o)
 .ARM.attributes
                0x00000949       0x2c d:/siliconlabs/simplicitystudio/v2/developer/toolchains/gnu_arm/4.7_2013q1/bin/../lib/gcc/arm-none-eabi/4.7.3/../../../../arm-none-eabi/lib/armv6-m\libc_s.a(lib_a-memchr.o)
 .ARM.attributes
                0x00000975       0x2c d:/siliconlabs/simplicitystudio/v2/developer/toolchains/gnu_arm/4.7_2013q1/bin/../lib/gcc/arm-none-eabi/4.7.3/../../../../arm-none-eabi/lib/armv6-m\libc_s.a(lib_a-reallocr.o)
 .ARM.attributes
                0x000009a1       0x2c d:/siliconlabs/simplicitystudio/v2/developer/toolchains/gnu_arm/4.7_2013q1/bin/../lib/gcc/arm-none-eabi/4.7.3/../../../../arm-none-eabi/lib/armv6-m\libc_s.a(lib_a-sbrkr.o)
 .ARM.attributes
                0x000009cd       0x2c d:/siliconlabs/simplicitystudio/v2/developer/toolchains/gnu_arm/4.7_2013q1/bin/../lib/gcc/arm-none-eabi/4.7.3/../../../../arm-none-eabi/lib/armv6-m\libc_s.a(lib_a-strlen.o)
 .ARM.attributes
                0x000009f9       0x2c d:/siliconlabs/simplicitystudio/v2/developer/toolchains/gnu_arm/4.7_2013q1/bin/../lib/gcc/arm-none-eabi/4.7.3/../../../../arm-none-eabi/lib/armv6-m\libc_s.a(lib_a-msizer.o)
 .ARM.attributes
                0x00000a25       0x2c d:/siliconlabs/simplicitystudio/v2/developer/toolchains/gnu_arm/4.7_2013q1/bin/../lib/gcc/arm-none-eabi/4.7.3/../../../../arm-none-eabi/lib/armv6-m\libc_s.a(lib_a-reent.o)
 .ARM.attributes
                0x00000a51       0x2c d:/siliconlabs/simplicitystudio/v2/developer/toolchains/gnu_arm/4.7_2013q1/bin/../lib/gcc/arm-none-eabi/4.7.3/../../../../arm-none-eabi/lib/armv6-m\libnosys.a(sbrk.o)
 .ARM.attributes
                0x00000a7d       0x2c d:/siliconlabs/simplicitystudio/v2/developer/toolchains/gnu_arm/4.7_2013q1/bin/../lib/gcc/arm-none-eabi/4.7.3/../../../../arm-none-eabi/lib/armv6-m\libnosys.a(_exit.o)
 .ARM.attributes
                0x00000aa9       0x2c d:/siliconlabs/simplicitystudio/v2/developer/toolchains/gnu_arm/4.7_2013q1/bin/../lib/gcc/arm-none-eabi/4.7.3/armv6-m/crtend.o
 .ARM.attributes
                0x00000ad5       0x1e d:/siliconlabs/simplicitystudio/v2/developer/toolchains/gnu_arm/4.7_2013q1/bin/../lib/gcc/arm-none-eabi/4.7.3/armv6-m/crtn.o

.comment        0x00000000       0x70
 .comment       0x00000000       0x70 ./src/main.o
                                 0x71 (size before relaxing)
 .comment       0x00000000       0x71 ./emlib/em_cmu.o
 .comment       0x00000000       0x71 ./emlib/em_dma.o
 .comment       0x00000000       0x71 ./emlib/em_emu.o
 .comment       0x00000000       0x71 ./emlib/em_gpio.o
 .comment       0x00000000       0x71 ./emlib/em_i2c.o
 .comment       0x00000000       0x71 ./emlib/em_leuart.o
 .comment       0x00000000       0x71 ./emlib/em_rtc.o
 .comment       0x00000000       0x71 ./emlib/em_usart.o
 .comment       0x00000000       0x71 ./CMSIS/efm32zg/system_efm32zg.o
 .comment       0x00000000       0x71 ./src/ucPeripheralDrivers/RTC_.o
 .comment       0x00000000       0x71 ./src/ucPeripheralDrivers/i2c_connection.o
 .comment       0x00000000       0x71 ./src/ucPeripheralDrivers/leuart_connection.o
 .comment       0x00000000       0x71 ./src/ucPeripheralDrivers/spi.o
 .comment       0x00000000       0x71 ./src/ucPeripheralDrivers/uart_connection.o
 .comment       0x00000000       0x71 ./src/sensorsDrivers/BMP180.o
 .comment       0x00000000       0x71 ./src/sensorsDrivers/HMC5883L.o
 .comment       0x00000000       0x71 ./src/sensorsDrivers/MPU6050.o
 .comment       0x00000000       0x71 ./src/sensorsDrivers/Si114x.o
 .comment       0x00000000       0x71 ./src/sensorsDrivers/Si7013.o
 .comment       0x00000000       0x71 ./src/sensorsDrivers/inv_mpu.o
 .comment       0x00000000       0x71 ./src/sensorsDrivers/inv_mpu_dmp_motion_driver.o

.debug_info     0x00000000    0x10a81
 .debug_info    0x00000000     0x166d ./src/main.o
 .debug_info    0x0000166d     0x13b0 ./emlib/em_cmu.o
 .debug_info    0x00002a1d     0x1183 ./emlib/em_dma.o
 .debug_info    0x00003ba0      0x5b4 ./emlib/em_emu.o
 .debug_info    0x00004154      0x570 ./emlib/em_gpio.o
 .debug_info    0x000046c4      0x867 ./emlib/em_i2c.o
 .debug_info    0x00004f2b      0x9a3 ./emlib/em_leuart.o
 .debug_info    0x000058ce      0x36a ./emlib/em_rtc.o
 .debug_info    0x00005c38      0xe92 ./emlib/em_usart.o
 .debug_info    0x00006aca       0x9f ./CMSIS/efm32zg/startup_gcc_efm32zg.o
 .debug_info    0x00006b69      0x427 ./CMSIS/efm32zg/system_efm32zg.o
 .debug_info    0x00006f90      0x7cb ./src/ucPeripheralDrivers/RTC_.o
 .debug_info    0x0000775b      0xea0 ./src/ucPeripheralDrivers/i2c_connection.o
 .debug_info    0x000085fb      0x6b9 ./src/ucPeripheralDrivers/leuart_connection.o
 .debug_info    0x00008cb4      0x88d ./src/ucPeripheralDrivers/spi.o
 .debug_info    0x00009541      0xbb7 ./src/ucPeripheralDrivers/uart_connection.o
 .debug_info    0x0000a0f8      0x696 ./src/sensorsDrivers/BMP180.o
 .debug_info    0x0000a78e      0x576 ./src/sensorsDrivers/HMC5883L.o
 .debug_info    0x0000ad04      0x97b ./src/sensorsDrivers/MPU6050.o
 .debug_info    0x0000b67f      0xa61 ./src/sensorsDrivers/Si114x.o
 .debug_info    0x0000c0e0      0x65d ./src/sensorsDrivers/Si7013.o
 .debug_info    0x0000c73d     0x2e92 ./src/sensorsDrivers/inv_mpu.o
 .debug_info    0x0000f5cf     0x14b2 ./src/sensorsDrivers/inv_mpu_dmp_motion_driver.o

.debug_abbrev   0x00000000     0x36b3
 .debug_abbrev  0x00000000      0x323 ./src/main.o
 .debug_abbrev  0x00000323      0x39d ./emlib/em_cmu.o
 .debug_abbrev  0x000006c0      0x337 ./emlib/em_dma.o
 .debug_abbrev  0x000009f7      0x203 ./emlib/em_emu.o
 .debug_abbrev  0x00000bfa      0x1ed ./emlib/em_gpio.o
 .debug_abbrev  0x00000de7      0x2c5 ./emlib/em_i2c.o
 .debug_abbrev  0x000010ac      0x28e ./emlib/em_leuart.o
 .debug_abbrev  0x0000133a      0x205 ./emlib/em_rtc.o
 .debug_abbrev  0x0000153f      0x22e ./emlib/em_usart.o
 .debug_abbrev  0x0000176d       0x14 ./CMSIS/efm32zg/startup_gcc_efm32zg.o
 .debug_abbrev  0x00001781      0x187 ./CMSIS/efm32zg/system_efm32zg.o
 .debug_abbrev  0x00001908      0x264 ./src/ucPeripheralDrivers/RTC_.o
 .debug_abbrev  0x00001b6c      0x2f8 ./src/ucPeripheralDrivers/i2c_connection.o
 .debug_abbrev  0x00001e64      0x1af ./src/ucPeripheralDrivers/leuart_connection.o
 .debug_abbrev  0x00002013      0x222 ./src/ucPeripheralDrivers/spi.o
 .debug_abbrev  0x00002235      0x2ba ./src/ucPeripheralDrivers/uart_connection.o
 .debug_abbrev  0x000024ef      0x1c9 ./src/sensorsDrivers/BMP180.o
 .debug_abbrev  0x000026b8      0x193 ./src/sensorsDrivers/HMC5883L.o
 .debug_abbrev  0x0000284b      0x2d5 ./src/sensorsDrivers/MPU6050.o
 .debug_abbrev  0x00002b20      0x209 ./src/sensorsDrivers/Si114x.o
 .debug_abbrev  0x00002d29      0x261 ./src/sensorsDrivers/Si7013.o
 .debug_abbrev  0x00002f8a      0x457 ./src/sensorsDrivers/inv_mpu.o
 .debug_abbrev  0x000033e1      0x2d2 ./src/sensorsDrivers/inv_mpu_dmp_motion_driver.o

.debug_loc      0x00000000     0x8a33
 .debug_loc     0x00000000      0x641 ./src/main.o
 .debug_loc     0x00000641     0x14cd ./emlib/em_cmu.o
 .debug_loc     0x00001b0e      0xa3e ./emlib/em_dma.o
 .debug_loc     0x0000254c      0x142 ./emlib/em_emu.o
 .debug_loc     0x0000268e      0x212 ./emlib/em_gpio.o
 .debug_loc     0x000028a0      0x567 ./emlib/em_i2c.o
 .debug_loc     0x00002e07      0x75b ./emlib/em_leuart.o
 .debug_loc     0x00003562      0x17b ./emlib/em_rtc.o
 .debug_loc     0x000036dd      0x881 ./emlib/em_usart.o
 .debug_loc     0x00003f5e      0x11c ./CMSIS/efm32zg/system_efm32zg.o
 .debug_loc     0x0000407a       0x81 ./src/ucPeripheralDrivers/RTC_.o
 .debug_loc     0x000040fb      0x53d ./src/ucPeripheralDrivers/i2c_connection.o
 .debug_loc     0x00004638       0xe4 ./src/ucPeripheralDrivers/leuart_connection.o
 .debug_loc     0x0000471c      0x261 ./src/ucPeripheralDrivers/spi.o
 .debug_loc     0x0000497d       0xf6 ./src/ucPeripheralDrivers/uart_connection.o
 .debug_loc     0x00004a73      0x7b0 ./src/sensorsDrivers/BMP180.o
 .debug_loc     0x00005223      0x1bf ./src/sensorsDrivers/HMC5883L.o
 .debug_loc     0x000053e2      0x216 ./src/sensorsDrivers/MPU6050.o
 .debug_loc     0x000055f8      0x3e8 ./src/sensorsDrivers/Si114x.o
 .debug_loc     0x000059e0      0x19b ./src/sensorsDrivers/Si7013.o
 .debug_loc     0x00005b7b     0x21f0 ./src/sensorsDrivers/inv_mpu.o
 .debug_loc     0x00007d6b      0xcc8 ./src/sensorsDrivers/inv_mpu_dmp_motion_driver.o

.debug_aranges  0x00000000      0xa58
 .debug_aranges
                0x00000000       0x68 ./src/main.o
 .debug_aranges
                0x00000068       0xf0 ./emlib/em_cmu.o
 .debug_aranges
                0x00000158       0x88 ./emlib/em_dma.o
 .debug_aranges
                0x000001e0       0x48 ./emlib/em_emu.o
 .debug_aranges
                0x00000228       0x38 ./emlib/em_gpio.o
 .debug_aranges
                0x00000260       0x50 ./emlib/em_i2c.o
 .debug_aranges
                0x000002b0       0x88 ./emlib/em_leuart.o
 .debug_aranges
                0x00000338       0x50 ./emlib/em_rtc.o
 .debug_aranges
                0x00000388       0xb8 ./emlib/em_usart.o
 .debug_aranges
                0x00000440       0x20 ./CMSIS/efm32zg/startup_gcc_efm32zg.o
 .debug_aranges
                0x00000460       0x60 ./CMSIS/efm32zg/system_efm32zg.o
 .debug_aranges
                0x000004c0       0x48 ./src/ucPeripheralDrivers/RTC_.o
 .debug_aranges
                0x00000508       0x58 ./src/ucPeripheralDrivers/i2c_connection.o
 .debug_aranges
                0x00000560       0x30 ./src/ucPeripheralDrivers/leuart_connection.o
 .debug_aranges
                0x00000590       0x40 ./src/ucPeripheralDrivers/spi.o
 .debug_aranges
                0x000005d0       0x48 ./src/ucPeripheralDrivers/uart_connection.o
 .debug_aranges
                0x00000618       0x58 ./src/sensorsDrivers/BMP180.o
 .debug_aranges
                0x00000670       0x38 ./src/sensorsDrivers/HMC5883L.o
 .debug_aranges
                0x000006a8       0x48 ./src/sensorsDrivers/MPU6050.o
 .debug_aranges
                0x000006f0       0x80 ./src/sensorsDrivers/Si114x.o
 .debug_aranges
                0x00000770       0x38 ./src/sensorsDrivers/Si7013.o
 .debug_aranges
                0x000007a8      0x1b8 ./src/sensorsDrivers/inv_mpu.o
 .debug_aranges
                0x00000960       0xf8 ./src/sensorsDrivers/inv_mpu_dmp_motion_driver.o

.debug_ranges   0x00000000      0xe10
 .debug_ranges  0x00000000       0x78 ./src/main.o
 .debug_ranges  0x00000078      0x220 ./emlib/em_cmu.o
 .debug_ranges  0x00000298       0x78 ./emlib/em_dma.o
 .debug_ranges  0x00000310       0x68 ./emlib/em_emu.o
 .debug_ranges  0x00000378       0x88 ./emlib/em_gpio.o
 .debug_ranges  0x00000400       0x80 ./emlib/em_i2c.o
 .debug_ranges  0x00000480       0x78 ./emlib/em_leuart.o
 .debug_ranges  0x000004f8       0x70 ./emlib/em_rtc.o
 .debug_ranges  0x00000568       0xa8 ./emlib/em_usart.o
 .debug_ranges  0x00000610       0x50 ./CMSIS/efm32zg/system_efm32zg.o
 .debug_ranges  0x00000660       0x98 ./src/ucPeripheralDrivers/RTC_.o
 .debug_ranges  0x000006f8       0xa0 ./src/ucPeripheralDrivers/i2c_connection.o
 .debug_ranges  0x00000798       0x20 ./src/ucPeripheralDrivers/leuart_connection.o
 .debug_ranges  0x000007b8       0x70 ./src/ucPeripheralDrivers/spi.o
 .debug_ranges  0x00000828       0x88 ./src/ucPeripheralDrivers/uart_connection.o
 .debug_ranges  0x000008b0       0x48 ./src/sensorsDrivers/BMP180.o
 .debug_ranges  0x000008f8       0x28 ./src/sensorsDrivers/HMC5883L.o
 .debug_ranges  0x00000920       0x68 ./src/sensorsDrivers/MPU6050.o
 .debug_ranges  0x00000988       0x70 ./src/sensorsDrivers/Si114x.o
 .debug_ranges  0x000009f8       0x60 ./src/sensorsDrivers/Si7013.o
 .debug_ranges  0x00000a58      0x2b8 ./src/sensorsDrivers/inv_mpu.o
 .debug_ranges  0x00000d10      0x100 ./src/sensorsDrivers/inv_mpu_dmp_motion_driver.o

.debug_line     0x00000000     0x4fe4
 .debug_line    0x00000000      0x4ca ./src/main.o
 .debug_line    0x000004ca      0x66c ./emlib/em_cmu.o
 .debug_line    0x00000b36      0x471 ./emlib/em_dma.o
 .debug_line    0x00000fa7      0x2f2 ./emlib/em_emu.o
 .debug_line    0x00001299      0x206 ./emlib/em_gpio.o
 .debug_line    0x0000149f      0x314 ./emlib/em_i2c.o
 .debug_line    0x000017b3      0x2f9 ./emlib/em_leuart.o
 .debug_line    0x00001aac      0x21c ./emlib/em_rtc.o
 .debug_line    0x00001cc8      0x3cc ./emlib/em_usart.o
 .debug_line    0x00002094       0x85 ./CMSIS/efm32zg/startup_gcc_efm32zg.o
 .debug_line    0x00002119      0x21e ./CMSIS/efm32zg/system_efm32zg.o
 .debug_line    0x00002337      0x2c6 ./src/ucPeripheralDrivers/RTC_.o
 .debug_line    0x000025fd      0x39b ./src/ucPeripheralDrivers/i2c_connection.o
 .debug_line    0x00002998      0x228 ./src/ucPeripheralDrivers/leuart_connection.o
 .debug_line    0x00002bc0      0x2f4 ./src/ucPeripheralDrivers/spi.o
 .debug_line    0x00002eb4      0x344 ./src/ucPeripheralDrivers/uart_connection.o
 .debug_line    0x000031f8      0x2aa ./src/sensorsDrivers/BMP180.o
 .debug_line    0x000034a2      0x251 ./src/sensorsDrivers/HMC5883L.o
 .debug_line    0x000036f3      0x2dd ./src/sensorsDrivers/MPU6050.o
 .debug_line    0x000039d0      0x319 ./src/sensorsDrivers/Si114x.o
 .debug_line    0x00003ce9      0x28d ./src/sensorsDrivers/Si7013.o
 .debug_line    0x00003f76      0xae3 ./src/sensorsDrivers/inv_mpu.o
 .debug_line    0x00004a59      0x58b ./src/sensorsDrivers/inv_mpu_dmp_motion_driver.o

.debug_str      0x00000000     0x49d2
 .debug_str     0x00000000      0xfee ./src/main.o
                               0x1073 (size before relaxing)
 .debug_str     0x00000fee      0x683 ./emlib/em_cmu.o
                                0xa83 (size before relaxing)
 .debug_str     0x00001671      0x68f ./emlib/em_dma.o
                                0x9ef (size before relaxing)
 .debug_str     0x00001d00       0xcb ./emlib/em_emu.o
                                0x377 (size before relaxing)
 .debug_str     0x00001dcb      0x249 ./emlib/em_gpio.o
                                0x4ce (size before relaxing)
 .debug_str     0x00002014      0x22e ./emlib/em_i2c.o
                                0x63b (size before relaxing)
 .debug_str     0x00002242      0x29b ./emlib/em_leuart.o
                                0x5e6 (size before relaxing)
 .debug_str     0x000024dd       0xbe ./emlib/em_rtc.o
                                0x24a (size before relaxing)
 .debug_str     0x0000259b      0x7cb ./emlib/em_usart.o
                                0xb59 (size before relaxing)
 .debug_str     0x00002d66       0x96 ./CMSIS/efm32zg/system_efm32zg.o
                                0x35c (size before relaxing)
 .debug_str     0x00002dfc       0x82 ./src/ucPeripheralDrivers/RTC_.o
                                0x6ae (size before relaxing)
 .debug_str     0x00002e7e      0x101 ./src/ucPeripheralDrivers/i2c_connection.o
                                0x8c6 (size before relaxing)
 .debug_str     0x00002f7f       0x4e ./src/ucPeripheralDrivers/leuart_connection.o
                                0x771 (size before relaxing)
 .debug_str     0x00002fcd      0x18c ./src/ucPeripheralDrivers/spi.o
                                0x6f9 (size before relaxing)
 .debug_str     0x00003159      0x121 ./src/ucPeripheralDrivers/uart_connection.o
                                0xb3d (size before relaxing)
 .debug_str     0x0000327a       0x62 ./src/sensorsDrivers/BMP180.o
                                0x38e (size before relaxing)
 .debug_str     0x000032dc      0x364 ./src/sensorsDrivers/HMC5883L.o
                                0x665 (size before relaxing)
 .debug_str     0x00003640      0x210 ./src/sensorsDrivers/MPU6050.o
                                0x523 (size before relaxing)
 .debug_str     0x00003850      0x56b ./src/sensorsDrivers/Si114x.o
                                0x889 (size before relaxing)
 .debug_str     0x00003dbb       0x3e ./src/sensorsDrivers/Si7013.o
                                0x3bd (size before relaxing)
 .debug_str     0x00003df9      0x942 ./src/sensorsDrivers/inv_mpu.o
                                0xe97 (size before relaxing)
 .debug_str     0x0000473b      0x297 ./src/sensorsDrivers/inv_mpu_dmp_motion_driver.o
                                0x66f (size before relaxing)

.debug_frame    0x00000000     0x21a8
 .debug_frame   0x00000000      0x10c ./src/main.o
 .debug_frame   0x0000010c      0x27c ./emlib/em_cmu.o
 .debug_frame   0x00000388      0x198 ./emlib/em_dma.o
 .debug_frame   0x00000520       0x90 ./emlib/em_emu.o
 .debug_frame   0x000005b0       0x7c ./emlib/em_gpio.o
 .debug_frame   0x0000062c       0xb8 ./emlib/em_i2c.o
 .debug_frame   0x000006e4      0x180 ./emlib/em_leuart.o
 .debug_frame   0x00000864       0xa8 ./emlib/em_rtc.o
 .debug_frame   0x0000090c      0x210 ./emlib/em_usart.o
 .debug_frame   0x00000b1c       0xc0 ./CMSIS/efm32zg/system_efm32zg.o
 .debug_frame   0x00000bdc       0x8c ./src/ucPeripheralDrivers/RTC_.o
 .debug_frame   0x00000c68       0xfc ./src/ucPeripheralDrivers/i2c_connection.o
 .debug_frame   0x00000d64       0x64 ./src/ucPeripheralDrivers/leuart_connection.o
 .debug_frame   0x00000dc8       0x80 ./src/ucPeripheralDrivers/spi.o
 .debug_frame   0x00000e48       0xa8 ./src/ucPeripheralDrivers/uart_connection.o
 .debug_frame   0x00000ef0       0xe0 ./src/sensorsDrivers/BMP180.o
 .debug_frame   0x00000fd0       0x7c ./src/sensorsDrivers/HMC5883L.o
 .debug_frame   0x0000104c       0xac ./src/sensorsDrivers/MPU6050.o
 .debug_frame   0x000010f8      0x160 ./src/sensorsDrivers/Si114x.o
 .debug_frame   0x00001258       0x74 ./src/sensorsDrivers/Si7013.o
 .debug_frame   0x000012cc      0x5c4 ./src/sensorsDrivers/inv_mpu.o
 .debug_frame   0x00001890      0x318 ./src/sensorsDrivers/inv_mpu_dmp_motion_driver.o
 .debug_frame   0x00001ba8       0x20 d:/siliconlabs/simplicitystudio/v2/developer/toolchains/gnu_arm/4.7_2013q1/bin/../lib/gcc/arm-none-eabi/4.7.3/armv6-m\libgcc.a(_udivsi3.o)
 .debug_frame   0x00001bc8       0x20 d:/siliconlabs/simplicitystudio/v2/developer/toolchains/gnu_arm/4.7_2013q1/bin/../lib/gcc/arm-none-eabi/4.7.3/armv6-m\libgcc.a(_divsi3.o)
 .debug_frame   0x00001be8       0x28 d:/siliconlabs/simplicitystudio/v2/developer/toolchains/gnu_arm/4.7_2013q1/bin/../lib/gcc/arm-none-eabi/4.7.3/armv6-m\libgcc.a(_fixunssfsi.o)
 .debug_frame   0x00001c10       0x3c d:/siliconlabs/simplicitystudio/v2/developer/toolchains/gnu_arm/4.7_2013q1/bin/../lib/gcc/arm-none-eabi/4.7.3/armv6-m\libgcc.a(divsf3.o)
 .debug_frame   0x00001c4c       0x2c d:/siliconlabs/simplicitystudio/v2/developer/toolchains/gnu_arm/4.7_2013q1/bin/../lib/gcc/arm-none-eabi/4.7.3/armv6-m\libgcc.a(eqsf2.o)
 .debug_frame   0x00001c78       0x30 d:/siliconlabs/simplicitystudio/v2/developer/toolchains/gnu_arm/4.7_2013q1/bin/../lib/gcc/arm-none-eabi/4.7.3/armv6-m\libgcc.a(gesf2.o)
 .debug_frame   0x00001ca8       0x30 d:/siliconlabs/simplicitystudio/v2/developer/toolchains/gnu_arm/4.7_2013q1/bin/../lib/gcc/arm-none-eabi/4.7.3/armv6-m\libgcc.a(lesf2.o)
 .debug_frame   0x00001cd8       0x3c d:/siliconlabs/simplicitystudio/v2/developer/toolchains/gnu_arm/4.7_2013q1/bin/../lib/gcc/arm-none-eabi/4.7.3/armv6-m\libgcc.a(mulsf3.o)
 .debug_frame   0x00001d14       0x30 d:/siliconlabs/simplicitystudio/v2/developer/toolchains/gnu_arm/4.7_2013q1/bin/../lib/gcc/arm-none-eabi/4.7.3/armv6-m\libgcc.a(subsf3.o)
 .debug_frame   0x00001d44       0x28 d:/siliconlabs/simplicitystudio/v2/developer/toolchains/gnu_arm/4.7_2013q1/bin/../lib/gcc/arm-none-eabi/4.7.3/armv6-m\libgcc.a(fixsfsi.o)
 .debug_frame   0x00001d6c       0x28 d:/siliconlabs/simplicitystudio/v2/developer/toolchains/gnu_arm/4.7_2013q1/bin/../lib/gcc/arm-none-eabi/4.7.3/armv6-m\libgcc.a(floatunsisf.o)
 .debug_frame   0x00001d94       0x28 d:/siliconlabs/simplicitystudio/v2/developer/toolchains/gnu_arm/4.7_2013q1/bin/../lib/gcc/arm-none-eabi/4.7.3/../../../../arm-none-eabi/lib/armv6-m\libc_s.a(lib_a-__atexit2.o)
 .debug_frame   0x00001dbc       0x28 d:/siliconlabs/simplicitystudio/v2/developer/toolchains/gnu_arm/4.7_2013q1/bin/../lib/gcc/arm-none-eabi/4.7.3/../../../../arm-none-eabi/lib/armv6-m\libc_s.a(lib_a-exit.o)
 .debug_frame   0x00001de4       0x2c d:/siliconlabs/simplicitystudio/v2/developer/toolchains/gnu_arm/4.7_2013q1/bin/../lib/gcc/arm-none-eabi/4.7.3/../../../../arm-none-eabi/lib/armv6-m\libc_s.a(lib_a-fini.o)
 .debug_frame   0x00001e10       0x2c d:/siliconlabs/simplicitystudio/v2/developer/toolchains/gnu_arm/4.7_2013q1/bin/../lib/gcc/arm-none-eabi/4.7.3/../../../../arm-none-eabi/lib/armv6-m\libc_s.a(lib_a-init.o)
 .debug_frame   0x00001e3c       0x2c d:/siliconlabs/simplicitystudio/v2/developer/toolchains/gnu_arm/4.7_2013q1/bin/../lib/gcc/arm-none-eabi/4.7.3/../../../../arm-none-eabi/lib/armv6-m\libc_s.a(lib_a-memcmp.o)
 .debug_frame   0x00001e68       0x28 d:/siliconlabs/simplicitystudio/v2/developer/toolchains/gnu_arm/4.7_2013q1/bin/../lib/gcc/arm-none-eabi/4.7.3/../../../../arm-none-eabi/lib/armv6-m\libc_s.a(lib_a-memcpy.o)
 .debug_frame   0x00001e90       0x28 d:/siliconlabs/simplicitystudio/v2/developer/toolchains/gnu_arm/4.7_2013q1/bin/../lib/gcc/arm-none-eabi/4.7.3/../../../../arm-none-eabi/lib/armv6-m\libc_s.a(lib_a-memset.o)
 .debug_frame   0x00001eb8       0x4c d:/siliconlabs/simplicitystudio/v2/developer/toolchains/gnu_arm/4.7_2013q1/bin/../lib/gcc/arm-none-eabi/4.7.3/../../../../arm-none-eabi/lib/armv6-m\libc_s.a(lib_a-sprintf.o)
 .debug_frame   0x00001f04       0x78 d:/siliconlabs/simplicitystudio/v2/developer/toolchains/gnu_arm/4.7_2013q1/bin/../lib/gcc/arm-none-eabi/4.7.3/../../../../arm-none-eabi/lib/armv6-m\libc_s.a(lib_a-svfprintf.o)
 .debug_frame   0x00001f7c       0x54 d:/siliconlabs/simplicitystudio/v2/developer/toolchains/gnu_arm/4.7_2013q1/bin/../lib/gcc/arm-none-eabi/4.7.3/../../../../arm-none-eabi/lib/armv6-m\libc_s.a(lib_a-vfprintf_i.o)
 .debug_frame   0x00001fd0       0x2c d:/siliconlabs/simplicitystudio/v2/developer/toolchains/gnu_arm/4.7_2013q1/bin/../lib/gcc/arm-none-eabi/4.7.3/../../../../arm-none-eabi/lib/armv6-m\libc_s.a(lib_a-freer.o)
 .debug_frame   0x00001ffc       0x2c d:/siliconlabs/simplicitystudio/v2/developer/toolchains/gnu_arm/4.7_2013q1/bin/../lib/gcc/arm-none-eabi/4.7.3/../../../../arm-none-eabi/lib/armv6-m\libc_s.a(lib_a-mallocr.o)
 .debug_frame   0x00002028       0x28 d:/siliconlabs/simplicitystudio/v2/developer/toolchains/gnu_arm/4.7_2013q1/bin/../lib/gcc/arm-none-eabi/4.7.3/../../../../arm-none-eabi/lib/armv6-m\libc_s.a(lib_a-memchr.o)
 .debug_frame   0x00002050       0x30 d:/siliconlabs/simplicitystudio/v2/developer/toolchains/gnu_arm/4.7_2013q1/bin/../lib/gcc/arm-none-eabi/4.7.3/../../../../arm-none-eabi/lib/armv6-m\libc_s.a(lib_a-reallocr.o)
 .debug_frame   0x00002080       0x2c d:/siliconlabs/simplicitystudio/v2/developer/toolchains/gnu_arm/4.7_2013q1/bin/../lib/gcc/arm-none-eabi/4.7.3/../../../../arm-none-eabi/lib/armv6-m\libc_s.a(lib_a-sbrkr.o)
 .debug_frame   0x000020ac       0x20 d:/siliconlabs/simplicitystudio/v2/developer/toolchains/gnu_arm/4.7_2013q1/bin/../lib/gcc/arm-none-eabi/4.7.3/../../../../arm-none-eabi/lib/armv6-m\libc_s.a(lib_a-strlen.o)
 .debug_frame   0x000020cc       0x28 d:/siliconlabs/simplicitystudio/v2/developer/toolchains/gnu_arm/4.7_2013q1/bin/../lib/gcc/arm-none-eabi/4.7.3/../../../../arm-none-eabi/lib/armv6-m\libc_s.a(lib_a-msizer.o)
 .debug_frame   0x000020f4       0x64 d:/siliconlabs/simplicitystudio/v2/developer/toolchains/gnu_arm/4.7_2013q1/bin/../lib/gcc/arm-none-eabi/4.7.3/../../../../arm-none-eabi/lib/armv6-m\libc_s.a(lib_a-reent.o)
 .debug_frame   0x00002158       0x28 d:/siliconlabs/simplicitystudio/v2/developer/toolchains/gnu_arm/4.7_2013q1/bin/../lib/gcc/arm-none-eabi/4.7.3/../../../../arm-none-eabi/lib/armv6-m\libnosys.a(sbrk.o)
 .debug_frame   0x00002180       0x28 d:/siliconlabs/simplicitystudio/v2/developer/toolchains/gnu_arm/4.7_2013q1/bin/../lib/gcc/arm-none-eabi/4.7.3/../../../../arm-none-eabi/lib/armv6-m\libnosys.a(_exit.o)
