Archive member included because of file (symbol)

d:/siliconlabs/simplicitystudio/v2/developer/toolchains/gnu_arm/4.7_2013q1/bin/../lib/gcc/arm-none-eabi/4.7.3/armv6-m\libgcc.a(_thumb1_case_uqi.o)
                              ./src/inv_mpu.o (__gnu_thumb1_case_uqi)
d:/siliconlabs/simplicitystudio/v2/developer/toolchains/gnu_arm/4.7_2013q1/bin/../lib/gcc/arm-none-eabi/4.7.3/armv6-m\libgcc.a(_udivsi3.o)
                              ./src/inv_mpu.o (__aeabi_uidiv)
d:/siliconlabs/simplicitystudio/v2/developer/toolchains/gnu_arm/4.7_2013q1/bin/../lib/gcc/arm-none-eabi/4.7.3/armv6-m\libgcc.a(_divsi3.o)
                              ./src/inv_mpu.o (__aeabi_idiv)
d:/siliconlabs/simplicitystudio/v2/developer/toolchains/gnu_arm/4.7_2013q1/bin/../lib/gcc/arm-none-eabi/4.7.3/armv6-m\libgcc.a(_dvmd_tls.o)
                              d:/siliconlabs/simplicitystudio/v2/developer/toolchains/gnu_arm/4.7_2013q1/bin/../lib/gcc/arm-none-eabi/4.7.3/armv6-m\libgcc.a(_udivsi3.o) (__aeabi_idiv0)
d:/siliconlabs/simplicitystudio/v2/developer/toolchains/gnu_arm/4.7_2013q1/bin/../lib/gcc/arm-none-eabi/4.7.3/armv6-m\libgcc.a(_arm_cmpsf2.o)
                              ./src/inv_mpu.o (__aeabi_fcmpeq)
d:/siliconlabs/simplicitystudio/v2/developer/toolchains/gnu_arm/4.7_2013q1/bin/../lib/gcc/arm-none-eabi/4.7.3/armv6-m\libgcc.a(_aeabi_ldivmod.o)
                              ./src/inv_mpu.o (__aeabi_ldivmod)
d:/siliconlabs/simplicitystudio/v2/developer/toolchains/gnu_arm/4.7_2013q1/bin/../lib/gcc/arm-none-eabi/4.7.3/armv6-m\libgcc.a(_muldi3.o)
                              ./src/inv_mpu_dmp_motion_driver.o (__aeabi_lmul)
d:/siliconlabs/simplicitystudio/v2/developer/toolchains/gnu_arm/4.7_2013q1/bin/../lib/gcc/arm-none-eabi/4.7.3/armv6-m\libgcc.a(_fixunssfsi.o)
                              ./src/inv_mpu_dmp_motion_driver.o (__aeabi_f2uiz)
d:/siliconlabs/simplicitystudio/v2/developer/toolchains/gnu_arm/4.7_2013q1/bin/../lib/gcc/arm-none-eabi/4.7.3/armv6-m\libgcc.a(bpabi.o)
                              d:/siliconlabs/simplicitystudio/v2/developer/toolchains/gnu_arm/4.7_2013q1/bin/../lib/gcc/arm-none-eabi/4.7.3/armv6-m\libgcc.a(_aeabi_ldivmod.o) (__gnu_ldivmod_helper)
d:/siliconlabs/simplicitystudio/v2/developer/toolchains/gnu_arm/4.7_2013q1/bin/../lib/gcc/arm-none-eabi/4.7.3/armv6-m\libgcc.a(addsf3.o)
                              ./src/inv_mpu.o (__aeabi_fadd)
d:/siliconlabs/simplicitystudio/v2/developer/toolchains/gnu_arm/4.7_2013q1/bin/../lib/gcc/arm-none-eabi/4.7.3/armv6-m\libgcc.a(divsf3.o)
                              ./src/inv_mpu.o (__aeabi_fdiv)
d:/siliconlabs/simplicitystudio/v2/developer/toolchains/gnu_arm/4.7_2013q1/bin/../lib/gcc/arm-none-eabi/4.7.3/armv6-m\libgcc.a(eqsf2.o)
                              d:/siliconlabs/simplicitystudio/v2/developer/toolchains/gnu_arm/4.7_2013q1/bin/../lib/gcc/arm-none-eabi/4.7.3/armv6-m\libgcc.a(_arm_cmpsf2.o) (__eqsf2)
d:/siliconlabs/simplicitystudio/v2/developer/toolchains/gnu_arm/4.7_2013q1/bin/../lib/gcc/arm-none-eabi/4.7.3/armv6-m\libgcc.a(gesf2.o)
                              d:/siliconlabs/simplicitystudio/v2/developer/toolchains/gnu_arm/4.7_2013q1/bin/../lib/gcc/arm-none-eabi/4.7.3/armv6-m\libgcc.a(_arm_cmpsf2.o) (__gesf2)
d:/siliconlabs/simplicitystudio/v2/developer/toolchains/gnu_arm/4.7_2013q1/bin/../lib/gcc/arm-none-eabi/4.7.3/armv6-m\libgcc.a(lesf2.o)
                              d:/siliconlabs/simplicitystudio/v2/developer/toolchains/gnu_arm/4.7_2013q1/bin/../lib/gcc/arm-none-eabi/4.7.3/armv6-m\libgcc.a(_arm_cmpsf2.o) (__lesf2)
d:/siliconlabs/simplicitystudio/v2/developer/toolchains/gnu_arm/4.7_2013q1/bin/../lib/gcc/arm-none-eabi/4.7.3/armv6-m\libgcc.a(mulsf3.o)
                              ./src/inv_mpu.o (__aeabi_fmul)
d:/siliconlabs/simplicitystudio/v2/developer/toolchains/gnu_arm/4.7_2013q1/bin/../lib/gcc/arm-none-eabi/4.7.3/armv6-m\libgcc.a(subsf3.o)
                              ./src/inv_mpu.o (__aeabi_fsub)
d:/siliconlabs/simplicitystudio/v2/developer/toolchains/gnu_arm/4.7_2013q1/bin/../lib/gcc/arm-none-eabi/4.7.3/armv6-m\libgcc.a(fixsfsi.o)
                              ./src/inv_mpu.o (__aeabi_f2iz)
d:/siliconlabs/simplicitystudio/v2/developer/toolchains/gnu_arm/4.7_2013q1/bin/../lib/gcc/arm-none-eabi/4.7.3/armv6-m\libgcc.a(floatsisf.o)
                              ./src/inv_mpu.o (__aeabi_i2f)
d:/siliconlabs/simplicitystudio/v2/developer/toolchains/gnu_arm/4.7_2013q1/bin/../lib/gcc/arm-none-eabi/4.7.3/armv6-m\libgcc.a(floatunsisf.o)
                              ./src/inv_mpu_dmp_motion_driver.o (__aeabi_ui2f)
d:/siliconlabs/simplicitystudio/v2/developer/toolchains/gnu_arm/4.7_2013q1/bin/../lib/gcc/arm-none-eabi/4.7.3/armv6-m\libgcc.a(_clzsi2.o)
                              d:/siliconlabs/simplicitystudio/v2/developer/toolchains/gnu_arm/4.7_2013q1/bin/../lib/gcc/arm-none-eabi/4.7.3/armv6-m\libgcc.a(addsf3.o) (__clzsi2)
d:/siliconlabs/simplicitystudio/v2/developer/toolchains/gnu_arm/4.7_2013q1/bin/../lib/gcc/arm-none-eabi/4.7.3/armv6-m\libgcc.a(_divdi3.o)
[...]
Memory Configuration

Name             Origin             Length             Attributes
FLASH            0x00000800         0x00007800         xr
RAM              0x20000000         0x00001000         xrw
*default*        0x00000000         0xffffffff

Linker script and memory map

LOAD d:/siliconlabs/simplicitystudio/v2/developer/toolchains/gnu_arm/4.7_2013q1/bin/../lib/gcc/arm-none-eabi/4.7.3/armv6-m/crti.o
LOAD d:/siliconlabs/simplicitystudio/v2/developer/toolchains/gnu_arm/4.7_2013q1/bin/../lib/gcc/arm-none-eabi/4.7.3/armv6-m/crtbegin.o
LOAD d:/siliconlabs/simplicitystudio/v2/developer/toolchains/gnu_arm/4.7_2013q1/bin/../lib/gcc/arm-none-eabi/4.7.3/../../../../arm-none-eabi/lib/armv6-m/crt0.o
LOAD ./src/HMC5883L.o
LOAD ./src/MPU6050.o
LOAD ./src/RTC_.o
LOAD ./src/i2c_connection.o
LOAD ./src/inv_mpu.o
LOAD ./src/inv_mpu_dmp_motion_driver.o
LOAD ./src/main.o
LOAD ./src/uart_connection.o
LOAD ./emlib/em_acmp.o
LOAD ./emlib/em_adc.o
LOAD ./emlib/em_aes.o
LOAD ./emlib/em_assert.o
LOAD ./emlib/em_burtc.o
LOAD ./emlib/em_cmu.o
LOAD ./emlib/em_dac.o
LOAD ./emlib/em_dbg.o
LOAD ./emlib/em_dma.o
LOAD ./emlib/em_ebi.o
LOAD ./emlib/em_emu.o
LOAD ./emlib/em_gpio.o
LOAD ./emlib/em_i2c.o
LOAD ./emlib/em_idac.o
LOAD ./emlib/em_int.o
LOAD ./emlib/em_lcd.o
LOAD ./emlib/em_lesense.o
LOAD ./emlib/em_letimer.o
LOAD ./emlib/em_leuart.o
LOAD ./emlib/em_mpu.o
LOAD ./emlib/em_msc.o
LOAD ./emlib/em_opamp.o
LOAD ./emlib/em_pcnt.o
LOAD ./emlib/em_prs.o
LOAD ./emlib/em_rmu.o
LOAD ./emlib/em_rtc.o
LOAD ./emlib/em_system.o
LOAD ./emlib/em_timer.o
LOAD ./emlib/em_usart.o
LOAD ./emlib/em_vcmp.o
LOAD ./emlib/em_wdog.o
LOAD ./CMSIS/efm32zg/startup_gcc_efm32zg.o
LOAD ./CMSIS/efm32zg/system_efm32zg.o
START GROUP
LOAD d:/siliconlabs/simplicitystudio/v2/developer/toolchains/gnu_arm/4.7_2013q1/bin/../lib/gcc/arm-none-eabi/4.7.3/armv6-m\libgcc.a
LOAD d:/siliconlabs/simplicitystudio/v2/developer/toolchains/gnu_arm/4.7_2013q1/bin/../lib/gcc/arm-none-eabi/4.7.3/../../../../arm-none-eabi/lib/armv6-m\libc_s.a
LOAD d:/siliconlabs/simplicitystudio/v2/developer/toolchains/gnu_arm/4.7_2013q1/bin/../lib/gcc/arm-none-eabi/4.7.3/../../../../arm-none-eabi/lib/armv6-m\libnosys.a
END GROUP
START GROUP
LOAD d:/siliconlabs/simplicitystudio/v2/developer/toolchains/gnu_arm/4.7_2013q1/bin/../lib/gcc/arm-none-eabi/4.7.3/armv6-m\libgcc.a
LOAD d:/siliconlabs/simplicitystudio/v2/developer/toolchains/gnu_arm/4.7_2013q1/bin/../lib/gcc/arm-none-eabi/4.7.3/../../../../arm-none-eabi/lib/armv6-m\libc_s.a
END GROUP
LOAD d:/siliconlabs/simplicitystudio/v2/developer/toolchains/gnu_arm/4.7_2013q1/bin/../lib/gcc/arm-none-eabi/4.7.3/armv6-m/crtend.o
LOAD d:/siliconlabs/simplicitystudio/v2/developer/toolchains/gnu_arm/4.7_2013q1/bin/../lib/gcc/arm-none-eabi/4.7.3/armv6-m/crtn.o

.text           0x00000800     0x5bc0
 *(.isr_vector)
 .isr_vector    0x00000800      0x100 ./CMSIS/efm32zg/startup_gcc_efm32zg.o
                0x00000800                __isr_vector
 *(.text*)
 .text          0x00000900       0x60 d:/siliconlabs/simplicitystudio/v2/developer/toolchains/gnu_arm/4.7_2013q1/bin/../lib/gcc/arm-none-eabi/4.7.3/armv6-m/crtbegin.o
 .text          0x00000960       0x74 d:/siliconlabs/simplicitystudio/v2/developer/toolchains/gnu_arm/4.7_2013q1/bin/../lib/gcc/arm-none-eabi/4.7.3/../../../../arm-none-eabi/lib/armv6-m/crt0.o
                0x00000960                _start
                0x00000960                start
                0x00000960                _mainCRTStartup
 .text.HMC5883L_init
                0x000009d4       0x78 ./src/HMC5883L.o
                0x000009d4                HMC5883L_init
 .text.HMC5883L_getCompassData
                0x00000a4c       0x40 ./src/HMC5883L.o
                0x00000a4c                HMC5883L_getCompassData
 .text.android_orient_cb
                0x00000a8c       0x40 ./src/MPU6050.o
 .text.inv_row_2_scale
                0x00000acc       0x36 ./src/MPU6050.o
 *fill*         0x00000b02        0x2 00
 .text.tap_cb   0x00000b04       0x4c ./src/MPU6050.o
 .text.MPU6050_init
                0x00000b50       0xac ./src/MPU6050.o
                0x00000b50                MPU6050_init
 .text.MPU6050_config_register
                0x00000bfc       0x2c ./src/MPU6050.o
                0x00000bfc                MPU6050_config_register
 .text.startLfxoForRtc
                0x00000c28       0x34 ./src/RTC_.o
                0x00000c28                startLfxoForRtc
 .text.setupRtc
                0x00000c5c       0x4c ./src/RTC_.o
                0x00000c5c                setupRtc
 .text.disableRtcInterrupts
                0x00000ca8       0x1c ./src/RTC_.o
                0x00000ca8                disableRtcInterrupts
 .text.enableRtcInterrupts
                0x00000cc4       0x1c ./src/RTC_.o
                0x00000cc4                enableRtcInterrupts
 .text.initI2C_Master
                0x00000ce0       0x84 ./src/i2c_connection.o
                0x00000ce0                initI2C_Master
 .text.enableI2cSlaveInterrupts
                0x00000d64       0x20 ./src/i2c_connection.o
                0x00000d64                enableI2cSlaveInterrupts
 .text.initI2C_Slave
                0x00000d84       0x84 ./src/i2c_connection.o
                0x00000d84                initI2C_Slave
 .text.disableI2cSlaveInterrupts
                0x00000e08       0x28 ./src/i2c_connection.o
                0x00000e08                disableI2cSlaveInterrupts
 .text.I2C0_IRQHandler
                0x00000e30      0x160 ./src/i2c_connection.o
                0x00000e30                I2C0_IRQHandler
 .text.i2c_RegisterGet
                0x00000f90       0x68 ./src/i2c_connection.o
                0x00000f90                i2c_RegisterGet
 .text.i2c_RegisterSet
                0x00000ff8       0x60 ./src/i2c_connection.o
                0x00000ff8                i2c_RegisterSet
 .text.i2c_Register_Write_Block
                0x00001058       0x64 ./src/i2c_connection.o
                0x00001058                i2c_Register_Write_Block
 .text.i2c_Detect
                0x000010bc       0x58 ./src/i2c_connection.o
                0x000010bc                i2c_Detect
 .text.i2c_Scan
                0x00001114       0x38 ./src/i2c_connection.o
                0x00001114                i2c_Scan
 .text.i2c_Register_Read_Block
                0x0000114c       0x64 ./src/i2c_connection.o
                0x0000114c                i2c_Register_Read_Block
 .text.i2c_write.part.0
                0x000011b0       0x18 ./src/inv_mpu.o
 .text.i2c_read.part.2
                0x000011c8       0x24 ./src/inv_mpu.o
 .text.set_int_enable
                0x000011ec       0x68 ./src/inv_mpu.o
 .text.i2c_write
                0x00001254       0x2c ./src/inv_mpu.o
                0x00001254                i2c_write
 .text.i2c_read
                0x00001280       0x2c ./src/inv_mpu.o
                0x00001280                i2c_read
 .text.delay_ms
                0x000012ac       0x3c ./src/inv_mpu.o
                0x000012ac                delay_ms
 .text.mpu_get_gyro_reg
                0x000012e8       0x50 ./src/inv_mpu.o
                0x000012e8                mpu_get_gyro_reg
 .text.mpu_get_accel_reg
                0x00001338       0x4c ./src/inv_mpu.o
                0x00001338                mpu_get_accel_reg
 .text.mpu_reset_fifo
                0x00001384      0x110 ./src/inv_mpu.o
                0x00001384                mpu_reset_fifo
 .text.mpu_set_gyro_fsr
                0x00001494       0x6c ./src/inv_mpu.o
                0x00001494                mpu_set_gyro_fsr
 .text.mpu_get_accel_fsr
                0x00001500       0x40 ./src/inv_mpu.o
                0x00001500                mpu_get_accel_fsr
 .text.mpu_set_accel_fsr
                0x00001540       0x60 ./src/inv_mpu.o
                0x00001540                mpu_set_accel_fsr
 .text.mpu_set_lpf
                0x000015a0       0x5c ./src/inv_mpu.o
                0x000015a0                mpu_set_lpf
 .text.mpu_configure_fifo
                0x000015fc       0x5c ./src/inv_mpu.o
                0x000015fc                mpu_configure_fifo
 .text.mpu_read_fifo_stream
                0x00001658       0xa0 ./src/inv_mpu.o
                0x00001658                mpu_read_fifo_stream
 .text.mpu_set_bypass
                0x000016f8       0xbc ./src/inv_mpu.o
                0x000016f8                mpu_set_bypass
 .text.mpu_set_int_latched
                0x000017b4       0x58 ./src/inv_mpu.o
                0x000017b4                mpu_set_int_latched
 .text.mpu_set_sensors
                0x0000180c       0x94 ./src/inv_mpu.o
                0x0000180c                mpu_set_sensors
 .text.mpu_lp_accel_mode
                0x000018a0       0xa0 ./src/inv_mpu.o
                0x000018a0                mpu_lp_accel_mode
 .text.mpu_set_sample_rate
                0x00001940       0x88 ./src/inv_mpu.o
                0x00001940                mpu_set_sample_rate
 .text.mpu_init
                0x000019c8       0xbc ./src/inv_mpu.o
                0x000019c8                mpu_init
 .text.mpu_write_mem
                0x00001a84       0x58 ./src/inv_mpu.o
                0x00001a84                mpu_write_mem
 .text.mpu_read_mem
                0x00001adc       0x58 ./src/inv_mpu.o
                0x00001adc                mpu_read_mem
 .text.mpu_load_firmware
                0x00001b34       0xa0 ./src/inv_mpu.o
                0x00001b34                mpu_load_firmware
 .text.mpu_set_dmp_state
                0x00001bd4       0x74 ./src/inv_mpu.o
                0x00001bd4                mpu_set_dmp_state
 .text.dmp_enable_gyro_cal.part.0
                0x00001c48       0x24 ./src/inv_mpu_dmp_motion_driver.o
 .text.dmp_load_motion_driver_firmware
                0x00001c6c       0x1c ./src/inv_mpu_dmp_motion_driver.o
                0x00001c6c                dmp_load_motion_driver_firmware
 .text.dmp_set_orientation
                0x00001c88      0x11c ./src/inv_mpu_dmp_motion_driver.o
                0x00001c88                dmp_set_orientation
 .text.dmp_set_fifo_rate
                0x00001da4       0x64 ./src/inv_mpu_dmp_motion_driver.o
                0x00001da4                dmp_set_fifo_rate
 .text.dmp_get_fifo_rate
                0x00001e08       0x10 ./src/inv_mpu_dmp_motion_driver.o
                0x00001e08                dmp_get_fifo_rate
 .text.dmp_set_tap_thresh
                0x00001e18      0x144 ./src/inv_mpu_dmp_motion_driver.o
                0x00001e18                dmp_set_tap_thresh
 .text.dmp_set_tap_axes
                0x00001f5c       0x36 ./src/inv_mpu_dmp_motion_driver.o
                0x00001f5c                dmp_set_tap_axes
 *fill*         0x00001f92        0x2 00
 .text.dmp_set_tap_count
                0x00001f94       0x28 ./src/inv_mpu_dmp_motion_driver.o
                0x00001f94                dmp_set_tap_count
 .text.dmp_set_tap_time
                0x00001fbc       0x1e ./src/inv_mpu_dmp_motion_driver.o
                0x00001fbc                dmp_set_tap_time
 .text.dmp_set_tap_time_multi
                0x00001fda       0x1e ./src/inv_mpu_dmp_motion_driver.o
                0x00001fda                dmp_set_tap_time_multi
 .text.dmp_set_shake_reject_thresh
                0x00001ff8       0x2c ./src/inv_mpu_dmp_motion_driver.o
                0x00001ff8                dmp_set_shake_reject_thresh
 .text.dmp_set_shake_reject_time
                0x00002024       0x1e ./src/inv_mpu_dmp_motion_driver.o
                0x00002024                dmp_set_shake_reject_time
 .text.dmp_set_shake_reject_timeout
                0x00002042       0x1e ./src/inv_mpu_dmp_motion_driver.o
                0x00002042                dmp_set_shake_reject_timeout
 .text.dmp_get_pedometer_step_count
                0x00002060       0x36 ./src/inv_mpu_dmp_motion_driver.o
                0x00002060                dmp_get_pedometer_step_count
 .text.dmp_set_pedometer_step_count
                0x00002096       0x1e ./src/inv_mpu_dmp_motion_driver.o
                0x00002096                dmp_set_pedometer_step_count
 .text.dmp_get_pedometer_walk_time
                0x000020b4       0x3a ./src/inv_mpu_dmp_motion_driver.o
                0x000020b4                dmp_get_pedometer_walk_time
 .text.dmp_set_pedometer_walk_time
                0x000020ee       0x24 ./src/inv_mpu_dmp_motion_driver.o
                0x000020ee                dmp_set_pedometer_walk_time
 *fill*         0x00002112        0x2 00
 .text.dmp_enable_gyro_cal
                0x00002114       0x2c ./src/inv_mpu_dmp_motion_driver.o
                0x00002114                dmp_enable_gyro_cal
 .text.dmp_enable_lp_quat
                0x00002140       0x38 ./src/inv_mpu_dmp_motion_driver.o
                0x00002140                dmp_enable_lp_quat
 .text.dmp_enable_6x_lp_quat
                0x00002178       0x38 ./src/inv_mpu_dmp_motion_driver.o
                0x00002178                dmp_enable_6x_lp_quat
 .text.dmp_enable_feature
                0x000021b0      0x1b4 ./src/inv_mpu_dmp_motion_driver.o
                0x000021b0                dmp_enable_feature
 .text.dmp_set_interrupt_mode
                0x00002364       0x4c ./src/inv_mpu_dmp_motion_driver.o
                0x00002364                dmp_set_interrupt_mode
 .text.dmp_read_fifo
                0x000023b0      0x194 ./src/inv_mpu_dmp_motion_driver.o
                0x000023b0                dmp_read_fifo
 .text.dmp_register_tap_cb
                0x00002544        0xc ./src/inv_mpu_dmp_motion_driver.o
                0x00002544                dmp_register_tap_cb
 .text.dmp_register_android_orient_cb
                0x00002550        0xc ./src/inv_mpu_dmp_motion_driver.o
                0x00002550                dmp_register_android_orient_cb
 .text.initOscillators
                0x0000255c       0x28 ./src/main.o
                0x0000255c                initOscillators
 .text.clockTest_short
                0x00002584       0x30 ./src/main.o
                0x00002584                clockTest_short
 .text.detectSensors
                0x000025b4      0x118 ./src/main.o
                0x000025b4                detectSensors
 .text.initSensors
                0x000026cc       0xa0 ./src/main.o
                0x000026cc                initSensors
 .text.forceRhMeasurment
                0x0000276c       0x5c ./src/main.o
                0x0000276c                forceRhMeasurment
 .text.readHumidityAndTemperature
                0x000027c8      0x104 ./src/main.o
                0x000027c8                readHumidityAndTemperature
 .text.forceAmbientLightMeasurment
                0x000028cc       0x14 ./src/main.o
                0x000028cc                forceAmbientLightMeasurment
 .text.readAmbientLight
                0x000028e0       0x84 ./src/main.o
                0x000028e0                readAmbientLight
 .text.bmp085GetTemperature
                0x00002964       0x48 ./src/main.o
                0x00002964                bmp085GetTemperature
 .text.bmp085GetPressure
                0x000029ac       0xc0 ./src/main.o
                0x000029ac                bmp085GetPressure
 .text.forceTemperatureMesurementBMP085
                0x00002a6c       0x14 ./src/main.o
                0x00002a6c                forceTemperatureMesurementBMP085
 .text.readTemperatureBMP085
                0x00002a80       0x48 ./src/main.o
                0x00002a80                readTemperatureBMP085
 .text.forcePressureMeasurmentBMP085
                0x00002ac8       0x14 ./src/main.o
                0x00002ac8                forcePressureMeasurmentBMP085
 .text.readPressureBMP085
                0x00002adc       0x44 ./src/main.o
                0x00002adc                readPressureBMP085
 .text.parse_received_message
                0x00002b20       0x4c ./src/main.o
                0x00002b20                parse_received_message
 .text.check_slavesList
                0x00002b6c       0x38 ./src/main.o
                0x00002b6c                check_slavesList
 .text.RTC_IRQHandler
                0x00002ba4      0x4a0 ./src/main.o
                0x00002ba4                RTC_IRQHandler
 .text.startup.main
                0x00003044       0x98 ./src/main.o
                0x00003044                main
 .text.initUART
                0x000030dc       0x74 ./src/uart_connection.o
                0x000030dc                initUART
 .text.uart_sendChar
                0x00003150        0x2 ./src/uart_connection.o
                0x00003150                uart_sendChar
 .text.uart_sendText
                0x00003152        0x2 ./src/uart_connection.o
                0x00003152                uart_sendText
 .text.CMU_FlashWaitStateMax
                0x00003154       0x20 ./emlib/em_cmu.o
 .text.CMU_FlashWaitStateControl
                0x00003174       0x38 ./emlib/em_cmu.o
 .text.CMU_AUXClkGet
                0x000031ac       0x60 ./emlib/em_cmu.o
 .text.CMU_Sync
                0x0000320c       0x18 ./emlib/em_cmu.o
 .text.CMU_LFClkGet
                0x00003224       0x48 ./emlib/em_cmu.o
 .text.CMU_ClockEnable
                0x0000326c       0x74 ./emlib/em_cmu.o
                0x0000326c                CMU_ClockEnable
 .text.CMU_ClockSelectGet
                0x000032e0       0x98 ./emlib/em_cmu.o
                0x000032e0                CMU_ClockSelectGet
 .text.CMU_ClockFreqGet
                0x00003378       0xbc ./emlib/em_cmu.o
                0x00003378                CMU_ClockFreqGet
 .text.CMU_OscillatorEnable
                0x00003434       0x50 ./emlib/em_cmu.o
                0x00003434                CMU_OscillatorEnable
 .text.CMU_ClockSelectSet
                0x00003484       0xdc ./emlib/em_cmu.o
                0x00003484                CMU_ClockSelectSet
 .text.DMA_IRQHandler
                0x00003560       0x7c ./emlib/em_dma.o
                0x00003560                DMA_IRQHandler
 .text.EMU_Restore
                0x000035dc       0x80 ./emlib/em_emu.o
 .text.EMU_EnterEM2
                0x0000365c       0x38 ./emlib/em_emu.o
                0x0000365c                EMU_EnterEM2
 .text.EMU_UpdateOscConfig
                0x00003694       0x14 ./emlib/em_emu.o
                0x00003694                EMU_UpdateOscConfig
 .text.GPIO_PinModeSet
                0x000036a8       0x8c ./emlib/em_gpio.o
                0x000036a8                GPIO_PinModeSet
 .text.I2C_BusFreqSet
                0x00003734       0x54 ./emlib/em_i2c.o
                0x00003734                I2C_BusFreqSet
 .text.I2C_Init
                0x00003788       0x3c ./emlib/em_i2c.o
                0x00003788                I2C_Init
 .text.I2C_Transfer
                0x000037c4      0x230 ./emlib/em_i2c.o
                0x000037c4                I2C_Transfer
 .text.I2C_TransferInit
                0x000039f4       0x6c ./emlib/em_i2c.o
                0x000039f4                I2C_TransferInit
 .text.RTC_CompareSet
                0x00003a60       0x1c ./emlib/em_rtc.o
                0x00003a60                RTC_CompareSet
 .text.RTC_Init
                0x00003a7c       0x24 ./emlib/em_rtc.o
                0x00003a7c                RTC_Init
 .text.USART_BaudrateAsyncSet
                0x00003aa0       0x64 ./emlib/em_usart.o
                0x00003aa0                USART_BaudrateAsyncSet
 .text.USART_Enable
                0x00003b04        0xc ./emlib/em_usart.o
                0x00003b04                USART_Enable
 .text.USART_Reset
                0x00003b10       0x40 ./emlib/em_usart.o
                0x00003b10                USART_Reset
 .text.USART_InitAsync
                0x00003b50       0x46 ./emlib/em_usart.o
                0x00003b50                USART_InitAsync
 *fill*         0x00003b96        0x2 00
 .text          0x00003b98       0x60 ./CMSIS/efm32zg/startup_gcc_efm32zg.o
                0x00003b98                Reset_Handler
                0x00003bc8                Default_Handler
                0x00003bca                NMI_Handler
                0x00003bcc                HardFault_Handler
                0x00003bce                SVC_Handler
                0x00003bd0                PendSV_Handler
                0x00003bd2                SysTick_Handler
                0x00003bd6                GPIO_EVEN_IRQHandler
                0x00003bd8                TIMER0_IRQHandler
                0x00003bda                ACMP0_IRQHandler
                0x00003bdc                ADC0_IRQHandler
                0x00003be0                GPIO_ODD_IRQHandler
                0x00003be2                TIMER1_IRQHandler
                0x00003be4                USART1_RX_IRQHandler
                0x00003be6                USART1_TX_IRQHandler
                0x00003be8                LEUART0_IRQHandler
                0x00003bea                PCNT0_IRQHandler
                0x00003bee                CMU_IRQHandler
                0x00003bf0                VCMP_IRQHandler
                0x00003bf2                MSC_IRQHandler
                0x00003bf4                AES_IRQHandler
 .text.SystemHFClockGet
                0x00003bf8       0x9c ./CMSIS/efm32zg/system_efm32zg.o
                0x00003bf8                SystemHFClockGet
 .text.SystemCoreClockGet
                0x00003c94       0x20 ./CMSIS/efm32zg/system_efm32zg.o
                0x00003c94                SystemCoreClockGet
 .text.SystemInit
                0x00003cb4        0x2 ./CMSIS/efm32zg/system_efm32zg.o
                0x00003cb4                SystemInit
 .text.SystemLFRCOClockGet
                0x00003cb6        0x6 ./CMSIS/efm32zg/system_efm32zg.o
                0x00003cb6                SystemLFRCOClockGet
 .text.SystemULFRCOClockGet
                0x00003cbc        0x6 ./CMSIS/efm32zg/system_efm32zg.o
                0x00003cbc                SystemULFRCOClockGet
 *fill*         0x00003cc2        0x2 00
 .text.SystemLFXOClockGet
                0x00003cc4        0xc ./CMSIS/efm32zg/system_efm32zg.o
                0x00003cc4                SystemLFXOClockGet
 .text          0x00003cd0       0x14 d:/siliconlabs/simplicitystudio/v2/developer/toolchains/gnu_arm/4.7_2013q1/bin/../lib/gcc/arm-none-eabi/4.7.3/armv6-m\libgcc.a(_thumb1_case_uqi.o)
                0x00003cd0                __gnu_thumb1_case_uqi
 .text          0x00003ce4       0x9c d:/siliconlabs/simplicitystudio/v2/developer/toolchains/gnu_arm/4.7_2013q1/bin/../lib/gcc/arm-none-eabi/4.7.3/armv6-m\libgcc.a(_udivsi3.o)
                0x00003ce4                __aeabi_uidiv
                0x00003ce4                __udivsi3
                0x00003d6c                __aeabi_uidivmod
 .text          0x00003d80       0xc0 d:/siliconlabs/simplicitystudio/v2/developer/toolchains/gnu_arm/4.7_2013q1/bin/../lib/gcc/arm-none-eabi/4.7.3/armv6-m\libgcc.a(_divsi3.o)
                0x00003d80                __divsi3
                0x00003d80                __aeabi_idiv
                0x00003e2c                __aeabi_idivmod
 .text          0x00003e40        0x4 d:/siliconlabs/simplicitystudio/v2/developer/toolchains/gnu_arm/4.7_2013q1/bin/../lib/gcc/arm-none-eabi/4.7.3/armv6-m\libgcc.a(_dvmd_tls.o)
                0x00003e40                __aeabi_idiv0
                0x00003e40                __aeabi_ldiv0
 .text          0x00003e44       0x74 d:/siliconlabs/simplicitystudio/v2/developer/toolchains/gnu_arm/4.7_2013q1/bin/../lib/gcc/arm-none-eabi/4.7.3/armv6-m\libgcc.a(_arm_cmpsf2.o)
                0x00003e44                __aeabi_cfrcmple
                0x00003e4c                __aeabi_cfcmpeq
                0x00003e4c                __aeabi_cfcmple
                0x00003e5c                __aeabi_fcmpeq
                0x00003e68                __aeabi_fcmplt
                0x00003e7c                __aeabi_fcmple
                0x00003e90                __aeabi_fcmpgt
                0x00003ea4                __aeabi_fcmpge
 .text          0x00003eb8       0x30 d:/siliconlabs/simplicitystudio/v2/developer/toolchains/gnu_arm/4.7_2013q1/bin/../lib/gcc/arm-none-eabi/4.7.3/armv6-m\libgcc.a(_fixunssfsi.o)
                0x00003eb8                __fixunssfsi
                0x00003eb8                __aeabi_f2uiz
 .text          0x00003ee8      0x274 d:/siliconlabs/simplicitystudio/v2/developer/toolchains/gnu_arm/4.7_2013q1/bin/../lib/gcc/arm-none-eabi/4.7.3/armv6-m\libgcc.a(divsf3.o)
                0x00003ee8                __aeabi_fdiv
 .text          0x0000415c       0x50 d:/siliconlabs/simplicitystudio/v2/developer/toolchains/gnu_arm/4.7_2013q1/bin/../lib/gcc/arm-none-eabi/4.7.3/armv6-m\libgcc.a(eqsf2.o)
                0x0000415c                __eqsf2
                0x0000415c                __nesf2
 .text          0x000041ac       0x90 d:/siliconlabs/simplicitystudio/v2/developer/toolchains/gnu_arm/4.7_2013q1/bin/../lib/gcc/arm-none-eabi/4.7.3/armv6-m\libgcc.a(gesf2.o)
                0x000041ac                __gesf2
                0x000041ac                __gtsf2
 .text          0x0000423c       0x90 d:/siliconlabs/simplicitystudio/v2/developer/toolchains/gnu_arm/4.7_2013q1/bin/../lib/gcc/arm-none-eabi/4.7.3/armv6-m\libgcc.a(lesf2.o)
                0x0000423c                __ltsf2
                0x0000423c                __lesf2
 .text          0x000042cc      0x260 d:/siliconlabs/simplicitystudio/v2/developer/toolchains/gnu_arm/4.7_2013q1/bin/../lib/gcc/arm-none-eabi/4.7.3/armv6-m\libgcc.a(mulsf3.o)
                0x000042cc                __aeabi_fmul
 .text          0x0000452c      0x3b4 d:/siliconlabs/simplicitystudio/v2/developer/toolchains/gnu_arm/4.7_2013q1/bin/../lib/gcc/arm-none-eabi/4.7.3/armv6-m\libgcc.a(subsf3.o)
                0x0000452c                __aeabi_fsub
 .text          0x000048e0       0x40 d:/siliconlabs/simplicitystudio/v2/developer/toolchains/gnu_arm/4.7_2013q1/bin/../lib/gcc/arm-none-eabi/4.7.3/armv6-m\libgcc.a(fixsfsi.o)
                0x000048e0                __aeabi_f2iz
 .text          0x00004920       0xa8 d:/siliconlabs/simplicitystudio/v2/developer/toolchains/gnu_arm/4.7_2013q1/bin/../lib/gcc/arm-none-eabi/4.7.3/armv6-m\libgcc.a(floatunsisf.o)
                0x00004920                __aeabi_ui2f
 .text          0x000049c8       0x3c d:/siliconlabs/simplicitystudio/v2/developer/toolchains/gnu_arm/4.7_2013q1/bin/../lib/gcc/arm-none-eabi/4.7.3/armv6-m\libgcc.a(_clzsi2.o)
                0x000049c8                __clzsi2
 .text.__register_exitproc
                0x00004a04       0x18 d:/siliconlabs/simplicitystudio/v2/developer/toolchains/gnu_arm/4.7_2013q1/bin/../lib/gcc/arm-none-eabi/4.7.3/../../../../arm-none-eabi/lib/armv6-m\libc_s.a(lib_a-__atexit2.o)
                0x00004a04                __register_exitproc
 .text.exit     0x00004a1c       0x30 d:/siliconlabs/simplicitystudio/v2/developer/toolchains/gnu_arm/4.7_2013q1/bin/../lib/gcc/arm-none-eabi/4.7.3/../../../../arm-none-eabi/lib/armv6-m\libc_s.a(lib_a-exit.o)
                0x00004a1c                exit
 .text.__libc_fini_array
                0x00004a4c       0x2c d:/siliconlabs/simplicitystudio/v2/developer/toolchains/gnu_arm/4.7_2013q1/bin/../lib/gcc/arm-none-eabi/4.7.3/../../../../arm-none-eabi/lib/armv6-m\libc_s.a(lib_a-fini.o)
                0x00004a4c                __libc_fini_array
 .text.__libc_init_array
                0x00004a78       0x4c d:/siliconlabs/simplicitystudio/v2/developer/toolchains/gnu_arm/4.7_2013q1/bin/../lib/gcc/arm-none-eabi/4.7.3/../../../../arm-none-eabi/lib/armv6-m\libc_s.a(lib_a-init.o)
                0x00004a78                __libc_init_array
 .text.memcmp   0x00004ac4       0x1e d:/siliconlabs/simplicitystudio/v2/developer/toolchains/gnu_arm/4.7_2013q1/bin/../lib/gcc/arm-none-eabi/4.7.3/../../../../arm-none-eabi/lib/armv6-m\libc_s.a(lib_a-memcmp.o)
                0x00004ac4                memcmp
 .text.memcpy   0x00004ae2       0x12 d:/siliconlabs/simplicitystudio/v2/developer/toolchains/gnu_arm/4.7_2013q1/bin/../lib/gcc/arm-none-eabi/4.7.3/../../../../arm-none-eabi/lib/armv6-m\libc_s.a(lib_a-memcpy.o)
                0x00004ae2                memcpy
 .text.memset   0x00004af4       0x12 d:/siliconlabs/simplicitystudio/v2/developer/toolchains/gnu_arm/4.7_2013q1/bin/../lib/gcc/arm-none-eabi/4.7.3/../../../../arm-none-eabi/lib/armv6-m\libc_s.a(lib_a-memset.o)
                0x00004af4                memset
 *fill*         0x00004b06        0x2 00
 .text.sprintf  0x00004b08       0x44 d:/siliconlabs/simplicitystudio/v2/developer/toolchains/gnu_arm/4.7_2013q1/bin/../lib/gcc/arm-none-eabi/4.7.3/../../../../arm-none-eabi/lib/armv6-m\libc_s.a(lib_a-sprintf.o)
                0x00004b08                siprintf
                0x00004b08                sprintf
 .text.__ssputc_r
                0x00004b4c       0xb0 d:/siliconlabs/simplicitystudio/v2/developer/toolchains/gnu_arm/4.7_2013q1/bin/../lib/gcc/arm-none-eabi/4.7.3/../../../../arm-none-eabi/lib/armv6-m\libc_s.a(lib_a-svfprintf.o)
                0x00004b4c                __ssputc_r
 .text._svfprintf_r
                0x00004bfc      0x1f8 d:/siliconlabs/simplicitystudio/v2/developer/toolchains/gnu_arm/4.7_2013q1/bin/../lib/gcc/arm-none-eabi/4.7.3/../../../../arm-none-eabi/lib/armv6-m\libc_s.a(lib_a-svfprintf.o)
                0x00004bfc                _svfiprintf_r
                0x00004bfc                _svfprintf_r
 .text._printf_common
                0x00004df4       0xe0 d:/siliconlabs/simplicitystudio/v2/developer/toolchains/gnu_arm/4.7_2013q1/bin/../lib/gcc/arm-none-eabi/4.7.3/../../../../arm-none-eabi/lib/armv6-m\libc_s.a(lib_a-vfprintf_i.o)
                0x00004df4                _printf_common
 .text._printf_i
                0x00004ed4      0x234 d:/siliconlabs/simplicitystudio/v2/developer/toolchains/gnu_arm/4.7_2013q1/bin/../lib/gcc/arm-none-eabi/4.7.3/../../../../arm-none-eabi/lib/armv6-m\libc_s.a(lib_a-vfprintf_i.o)
                0x00004ed4                _printf_i
 .text._free_r  0x00005108       0x90 d:/siliconlabs/simplicitystudio/v2/developer/toolchains/gnu_arm/4.7_2013q1/bin/../lib/gcc/arm-none-eabi/4.7.3/../../../../arm-none-eabi/lib/armv6-m\libc_s.a(lib_a-freer.o)
                0x00005108                _free_r
 .text._malloc_r
                0x00005198       0x94 d:/siliconlabs/simplicitystudio/v2/developer/toolchains/gnu_arm/4.7_2013q1/bin/../lib/gcc/arm-none-eabi/4.7.3/../../../../arm-none-eabi/lib/armv6-m\libc_s.a(lib_a-mallocr.o)
                0x00005198                _malloc_r
 .text.memchr   0x0000522c       0x18 d:/siliconlabs/simplicitystudio/v2/developer/toolchains/gnu_arm/4.7_2013q1/bin/../lib/gcc/arm-none-eabi/4.7.3/../../../../arm-none-eabi/lib/armv6-m\libc_s.a(lib_a-memchr.o)
                0x0000522c                memchr
 .text._realloc_r
                0x00005244       0x4c d:/siliconlabs/simplicitystudio/v2/developer/toolchains/gnu_arm/4.7_2013q1/bin/../lib/gcc/arm-none-eabi/4.7.3/../../../../arm-none-eabi/lib/armv6-m\libc_s.a(lib_a-reallocr.o)
                0x00005244                _realloc_r
 .text._sbrk_r  0x00005290       0x24 d:/siliconlabs/simplicitystudio/v2/developer/toolchains/gnu_arm/4.7_2013q1/bin/../lib/gcc/arm-none-eabi/4.7.3/../../../../arm-none-eabi/lib/armv6-m\libc_s.a(lib_a-sbrkr.o)
                0x00005290                _sbrk_r
 .text.strlen   0x000052b4        0xe d:/siliconlabs/simplicitystudio/v2/developer/toolchains/gnu_arm/4.7_2013q1/bin/../lib/gcc/arm-none-eabi/4.7.3/../../../../arm-none-eabi/lib/armv6-m\libc_s.a(lib_a-strlen.o)
                0x000052b4                strlen
 .text._malloc_usable_size_r
                0x000052c2       0x14 d:/siliconlabs/simplicitystudio/v2/developer/toolchains/gnu_arm/4.7_2013q1/bin/../lib/gcc/arm-none-eabi/4.7.3/../../../../arm-none-eabi/lib/armv6-m\libc_s.a(lib_a-msizer.o)
                0x000052c2                _malloc_usable_size_r
 *fill*         0x000052d6        0x2 00
 .text._sbrk    0x000052d8       0x38 d:/siliconlabs/simplicitystudio/v2/developer/toolchains/gnu_arm/4.7_2013q1/bin/../lib/gcc/arm-none-eabi/4.7.3/../../../../arm-none-eabi/lib/armv6-m\libnosys.a(sbrk.o)
                0x000052d8                _sbrk
 .text._exit    0x00005310        0x4 d:/siliconlabs/simplicitystudio/v2/developer/toolchains/gnu_arm/4.7_2013q1/bin/../lib/gcc/arm-none-eabi/4.7.3/../../../../arm-none-eabi/lib/armv6-m\libnosys.a(_exit.o)
                0x00005310                _exit
 *(.init)
 .init          0x00005314        0x4 d:/siliconlabs/simplicitystudio/v2/developer/toolchains/gnu_arm/4.7_2013q1/bin/../lib/gcc/arm-none-eabi/4.7.3/armv6-m/crti.o
                0x00005314                _init
 .init          0x00005318        0x8 d:/siliconlabs/simplicitystudio/v2/developer/toolchains/gnu_arm/4.7_2013q1/bin/../lib/gcc/arm-none-eabi/4.7.3/armv6-m/crtn.o
 *(.fini)
 .fini          0x00005320        0x4 d:/siliconlabs/simplicitystudio/v2/developer/toolchains/gnu_arm/4.7_2013q1/bin/../lib/gcc/arm-none-eabi/4.7.3/armv6-m/crti.o
                0x00005320                _fini
 .fini          0x00005324        0x8 d:/siliconlabs/simplicitystudio/v2/developer/toolchains/gnu_arm/4.7_2013q1/bin/../lib/gcc/arm-none-eabi/4.7.3/armv6-m/crtn.o
 *crtbegin.o(.ctors)
 *crtbegin?.o(.ctors)
 *(EXCLUDE_FILE(*crtend.o *crtend?.o) .ctors)
 *(SORT(.ctors.*))
 *(.ctors)
 *crtbegin.o(.dtors)
 *crtbegin?.o(.dtors)
 *(EXCLUDE_FILE(*crtend.o *crtend?.o) .dtors)
 *(SORT(.dtors.*))
 *(.dtors)
 *(.rodata*)
 .rodata.str1.1
                0x0000532c       0x48 ./src/MPU6050.o
 .rodata        0x00005374        0x3 ./src/RTC_.o
 *fill*         0x00005377        0x1 00
 .rodata        0x00005378       0x10 ./src/i2c_connection.o
 .rodata.str1.1
                0x00005388       0x48 ./src/i2c_connection.o
 .rodata.test   0x000053d0       0x28 ./src/inv_mpu.o
                0x000053d0                test
 .rodata.hw     0x000053f8        0xc ./src/inv_mpu.o
                0x000053f8                hw
 .rodata.reg    0x00005404       0x1e ./src/inv_mpu.o
                0x00005404                reg
 .rodata        0x00005422       0x40 ./src/inv_mpu_dmp_motion_driver.o
 .rodata.dmp_memory
                0x00005462      0xbf6 ./src/inv_mpu_dmp_motion_driver.o
 .rodata.str1.1
                0x00006058      0x28a ./src/main.o
                                0x2a3 (size before relaxing)
 *fill*         0x000062e2        0x2 00
 .rodata        0x000062e4       0x18 ./src/uart_connection.o
 .rodata.i2cNSum
                0x000062fc        0x4 ./emlib/em_i2c.o
 .rodata        0x00006300       0x40 d:/siliconlabs/simplicitystudio/v2/developer/toolchains/gnu_arm/4.7_2013q1/bin/../lib/gcc/arm-none-eabi/4.7.3/armv6-m\libgcc.a(divsf3.o)
 .rodata        0x00006340       0x40 d:/siliconlabs/simplicitystudio/v2/developer/toolchains/gnu_arm/4.7_2013q1/bin/../lib/gcc/arm-none-eabi/4.7.3/armv6-m\libgcc.a(mulsf3.o)
 .rodata.str1.1
                0x00006380        0x2 d:/siliconlabs/simplicitystudio/v2/developer/toolchains/gnu_arm/4.7_2013q1/bin/../lib/gcc/arm-none-eabi/4.7.3/../../../../arm-none-eabi/lib/armv6-m\libc_s.a(lib_a-impure.o)
 *fill*         0x00006382        0x2 00
 .rodata._global_impure_ptr
                0x00006384        0x4 d:/siliconlabs/simplicitystudio/v2/developer/toolchains/gnu_arm/4.7_2013q1/bin/../lib/gcc/arm-none-eabi/4.7.3/../../../../arm-none-eabi/lib/armv6-m\libc_s.a(lib_a-impure.o)
                0x00006384                _global_impure_ptr
 .rodata.str1.1
                0x00006388       0x11 d:/siliconlabs/simplicitystudio/v2/developer/toolchains/gnu_arm/4.7_2013q1/bin/../lib/gcc/arm-none-eabi/4.7.3/../../../../arm-none-eabi/lib/armv6-m\libc_s.a(lib_a-svfprintf.o)
 .rodata.str1.1
                0x00006399       0x22 d:/siliconlabs/simplicitystudio/v2/developer/toolchains/gnu_arm/4.7_2013q1/bin/../lib/gcc/arm-none-eabi/4.7.3/../../../../arm-none-eabi/lib/armv6-m\libc_s.a(lib_a-vfprintf_i.o)
 *(.eh_frame*)
 *fill*         0x000063bb        0x1 00
 .eh_frame      0x000063bc        0x0 d:/siliconlabs/simplicitystudio/v2/developer/toolchains/gnu_arm/4.7_2013q1/bin/../lib/gcc/arm-none-eabi/4.7.3/armv6-m/crtbegin.o
 .eh_frame      0x000063bc        0x4 d:/siliconlabs/simplicitystudio/v2/developer/toolchains/gnu_arm/4.7_2013q1/bin/../lib/gcc/arm-none-eabi/4.7.3/armv6-m/crtend.o

.glue_7         0x000063c0        0x0
 .glue_7        0x00000000        0x0 linker stubs

.glue_7t        0x000063c0        0x0
 .glue_7t       0x00000000        0x0 linker stubs

.vfp11_veneer   0x000063c0        0x0
 .vfp11_veneer  0x00000000        0x0 linker stubs

.v4_bx          0x000063c0        0x0
 .v4_bx         0x00000000        0x0 linker stubs

.iplt           0x000063c0        0x0
 .iplt          0x00000000        0x0 d:/siliconlabs/simplicitystudio/v2/developer/toolchains/gnu_arm/4.7_2013q1/bin/../lib/gcc/arm-none-eabi/4.7.3/armv6-m/crtbegin.o

.ARM.extab
 *(.ARM.extab* .gnu.linkonce.armextab.*)
                0x000063c0                __exidx_start = .

.ARM.exidx      0x000063c0        0x8
 *(.ARM.exidx* .gnu.linkonce.armexidx.*)
 .ARM.exidx     0x000063c0        0x8 d:/siliconlabs/simplicitystudio/v2/developer/toolchains/gnu_arm/4.7_2013q1/bin/../lib/gcc/arm-none-eabi/4.7.3/../../../../arm-none-eabi/lib/armv6-m/crt0.o
                0x000063c8                __exidx_end = .
                0x000063c8                __etext = .

.rel.dyn        0x000063c8        0x0
 .rel.iplt      0x00000000        0x0 d:/siliconlabs/simplicitystudio/v2/developer/toolchains/gnu_arm/4.7_2013q1/bin/../lib/gcc/arm-none-eabi/4.7.3/armv6-m/crtbegin.o

.data           0x20000000       0xc4 load address 0x000063c8
                0x20000000                __data_start__ = .
 *(vtable)
 *(.data*)
 .data.outpRate
                0x20000000        0x1 ./src/HMC5883L.o
                0x20000000                outpRate
 .data.gainConf
                0x20000001        0x1 ./src/HMC5883L.o
                0x20000001                gainConf
 .data.gyro_orientation.8332
                0x20000002        0x9 ./src/MPU6050.o
 *fill*         0x2000000b        0x1 00
 .data.st       0x2000000c       0x2c ./src/inv_mpu.o
 .data.AC1      0x20000038        0x2 ./src/main.o
                0x20000038                AC1
 .data.AC2      0x2000003a        0x2 ./src/main.o
                0x2000003a                AC2
 .data.AC3      0x2000003c        0x2 ./src/main.o
                0x2000003c                AC3
 .data.AC4      0x2000003e        0x2 ./src/main.o
                0x2000003e                AC4
 .data.AC5      0x20000040        0x2 ./src/main.o
                0x20000040                AC5
 .data.AC6      0x20000042        0x2 ./src/main.o
                0x20000042                AC6
 .data.B1       0x20000044        0x2 ./src/main.o
                0x20000044                B1
 .data.B2       0x20000046        0x2 ./src/main.o
                0x20000046                B2
 .data.MC       0x20000048        0x2 ./src/main.o
                0x20000048                MC
 .data.MD       0x2000004a        0x2 ./src/main.o
                0x2000004a                MD
 .data.SystemLFXOClock
                0x2000004c        0x4 ./CMSIS/efm32zg/system_efm32zg.o
 .data.SystemHFXOClock
                0x20000050        0x4 ./CMSIS/efm32zg/system_efm32zg.o
 .data.impure_data
                0x20000054       0x64 d:/siliconlabs/simplicitystudio/v2/developer/toolchains/gnu_arm/4.7_2013q1/bin/../lib/gcc/arm-none-eabi/4.7.3/../../../../arm-none-eabi/lib/armv6-m\libc_s.a(lib_a-impure.o)
 .data._impure_ptr
                0x200000b8        0x4 d:/siliconlabs/simplicitystudio/v2/developer/toolchains/gnu_arm/4.7_2013q1/bin/../lib/gcc/arm-none-eabi/4.7.3/../../../../arm-none-eabi/lib/armv6-m\libc_s.a(lib_a-impure.o)
                0x200000b8                _impure_ptr
                0x200000bc                . = ALIGN (0x4)
 *(.ram)
                0x200000bc                . = ALIGN (0x4)
                0x200000bc                PROVIDE (__preinit_array_start, .)
 *(.preinit_array)
                0x200000bc                PROVIDE (__preinit_array_end, .)
                0x200000bc                . = ALIGN (0x4)
                0x200000bc                PROVIDE (__init_array_start, .)
 *(SORT(.init_array.*))
 *(.init_array)
 .init_array    0x200000bc        0x4 d:/siliconlabs/simplicitystudio/v2/developer/toolchains/gnu_arm/4.7_2013q1/bin/../lib/gcc/arm-none-eabi/4.7.3/armv6-m/crtbegin.o
                0x200000c0                PROVIDE (__init_array_end, .)
                0x200000c0                . = ALIGN (0x4)
                0x200000c0                PROVIDE (__fini_array_start, .)
 *(SORT(.fini_array.*))
 *(.fini_array)
 .fini_array    0x200000c0        0x4 d:/siliconlabs/simplicitystudio/v2/developer/toolchains/gnu_arm/4.7_2013q1/bin/../lib/gcc/arm-none-eabi/4.7.3/armv6-m/crtbegin.o
                0x200000c4                PROVIDE (__fini_array_end, .)
                0x200000c4                . = ALIGN (0x4)
                0x200000c4                __data_end__ = .

.jcr            0x200000c4        0x0 load address 0x0000648c
 .jcr           0x200000c4        0x0 d:/siliconlabs/simplicitystudio/v2/developer/toolchains/gnu_arm/4.7_2013q1/bin/../lib/gcc/arm-none-eabi/4.7.3/armv6-m/crtbegin.o

.igot.plt       0x200000c4        0x0 load address 0x0000648c
 .igot.plt      0x00000000        0x0 d:/siliconlabs/simplicitystudio/v2/developer/toolchains/gnu_arm/4.7_2013q1/bin/../lib/gcc/arm-none-eabi/4.7.3/armv6-m/crtbegin.o

.bss            0x200000c4      0x100 load address 0x0000648c
                0x200000c4                __bss_start__ = .
 *(.bss*)
 .bss           0x200000c4       0x1c d:/siliconlabs/simplicitystudio/v2/developer/toolchains/gnu_arm/4.7_2013q1/bin/../lib/gcc/arm-none-eabi/4.7.3/armv6-m/crtbegin.o
 .bss.operatingMode
                0x200000e0        0x1 ./src/HMC5883L.o
                0x200000e0                operatingMode
 .bss.i2cSetting
                0x200000e1        0x1 ./src/HMC5883L.o
                0x200000e1                i2cSetting
 .bss.numbOfSamples
                0x200000e2        0x1 ./src/HMC5883L.o
                0x200000e2                numbOfSamples
 .bss.measurementMode
                0x200000e3        0x1 ./src/HMC5883L.o
                0x200000e3                measurementMode
 .bss.slave_address_ok.8515
                0x200000e4        0x1 ./src/i2c_connection.o
 .bss.read_data_command.8516
                0x200000e5        0x1 ./src/i2c_connection.o
 *fill*         0x200000e6        0x2 00
 .bss.register_to_send.8517
                0x200000e8        0x4 ./src/i2c_connection.o
 .bss.dmp       0x200000ec       0x10 ./src/inv_mpu_dmp_motion_driver.o
 .bss.RTC_interrupt_type
                0x200000fc        0x1 ./src/main.o
                0x200000fc                RTC_interrupt_type
 *fill*         0x200000fd        0x1 00
 .bss.cmuStatus
                0x200000fe        0x2 ./emlib/em_emu.o
 .bss.i2cTransfer
                0x20000100        0xc ./emlib/em_i2c.o
 .bss.__malloc_free_list
                0x2000010c        0x4 d:/siliconlabs/simplicitystudio/v2/developer/toolchains/gnu_arm/4.7_2013q1/bin/../lib/gcc/arm-none-eabi/4.7.3/../../../../arm-none-eabi/lib/armv6-m\libc_s.a(lib_a-mallocr.o)
                0x2000010c                __malloc_free_list
 .bss.heap_end.4231
                0x20000110        0x4 d:/siliconlabs/simplicitystudio/v2/developer/toolchains/gnu_arm/4.7_2013q1/bin/../lib/gcc/arm-none-eabi/4.7.3/../../../../arm-none-eabi/lib/armv6-m\libnosys.a(sbrk.o)
 *(COMMON)
 COMMON         0x20000114       0x99 ./src/HMC5883L.o
                0x20000114                i2c_rxBufferIndex
                0x20000118                slavesList
                0x20000128                I2C_Status
                0x2000012c                slavesListCheck
                0x2000013c                i2c_rxInProgress
                0x2000013d                i2c_startTx
                0x2000013e                i2c_registers
                0x200001a2                i2c_rxBuffer
                0x200001ac                i2c_slave_address
 COMMON         0x200001ad        0xb ./src/MPU6050.o
                0x200001ad                i_tapData
                0x200001ae                tapData
 COMMON         0x200001b8        0x4 ./src/main.o
                0x200001b8                b5
 COMMON         0x200001bc        0x4 ./CMSIS/efm32zg/system_efm32zg.o
                0x200001bc                SystemCoreClock
 COMMON         0x200001c0        0x4 d:/siliconlabs/simplicitystudio/v2/developer/toolchains/gnu_arm/4.7_2013q1/bin/../lib/gcc/arm-none-eabi/4.7.3/../../../../arm-none-eabi/lib/armv6-m\libc_s.a(lib_a-reent.o)
                0x200001c0                errno
                0x200001c4                __bss_end__ = .

.heap           0x200001c8        0x0
                0x200001c8                __end__ = .
                0x200001c8                end = __end__
                0x200001c8                _end = __end__
 *(.heap*)
 .heap          0x200001c8        0x0 ./CMSIS/efm32zg/startup_gcc_efm32zg.o
                0x200001c8                __HeapLimit = .

.stack_dummy    0x200001c8      0x400
 *(.stack)
 .stack         0x200001c8      0x400 ./CMSIS/efm32zg/startup_gcc_efm32zg.o
                0x20001000                __StackTop = (ORIGIN (RAM) + 0x1000)
                0x20000c00                __StackLimit = (__StackTop - SIZEOF (.stack_dummy))
                0x20001000                PROVIDE (__stack, __StackTop)
                0x00000001                ASSERT ((__StackLimit >= __HeapLimit), region RAM overflowed with stack)
                0x00000001                ASSERT ((0x7800 >= (__etext + SIZEOF (.data))), FLASH memory overflowed !)
OUTPUT(EnvSensor.axf elf32-littlearm)

.ARM.attributes
                0x00000000       0x28
 .ARM.attributes
                0x00000000       0x1e d:/siliconlabs/simplicitystudio/v2/developer/toolchains/gnu_arm/4.7_2013q1/bin/../lib/gcc/arm-none-eabi/4.7.3/armv6-m/crti.o
 .ARM.attributes
                0x0000001e       0x2c d:/siliconlabs/simplicitystudio/v2/developer/toolchains/gnu_arm/4.7_2013q1/bin/../lib/gcc/arm-none-eabi/4.7.3/armv6-m/crtbegin.o
 .ARM.attributes
                0x0000004a       0x1c d:/siliconlabs/simplicitystudio/v2/developer/toolchains/gnu_arm/4.7_2013q1/bin/../lib/gcc/arm-none-eabi/4.7.3/../../../../arm-none-eabi/lib/armv6-m/crt0.o
 .ARM.attributes
                0x00000066       0x32 ./src/HMC5883L.o
 .ARM.attributes
                0x00000098       0x32 ./src/MPU6050.o
 .ARM.attributes
                0x000000ca       0x32 ./src/RTC_.o
 .ARM.attributes
                0x000000fc       0x32 ./src/i2c_connection.o
 .ARM.attributes
                0x0000012e       0x32 ./src/inv_mpu.o
 .ARM.attributes
                0x00000160       0x32 ./src/inv_mpu_dmp_motion_driver.o
 .ARM.attributes
                0x00000192       0x32 ./src/main.o
 .ARM.attributes
                0x000001c4       0x32 ./src/uart_connection.o
 .ARM.attributes
                0x000001f6       0x32 ./emlib/em_cmu.o
 .ARM.attributes
                0x00000228       0x32 ./emlib/em_dma.o
 .ARM.attributes
                0x0000025a       0x32 ./emlib/em_emu.o
 .ARM.attributes
                0x0000028c       0x32 ./emlib/em_gpio.o
 .ARM.attributes
                0x000002be       0x32 ./emlib/em_i2c.o
 .ARM.attributes
                0x000002f0       0x32 ./emlib/em_rtc.o
 .ARM.attributes
                0x00000322       0x32 ./emlib/em_usart.o
 .ARM.attributes
                0x00000354       0x1b ./CMSIS/efm32zg/startup_gcc_efm32zg.o
 .ARM.attributes
                0x0000036f       0x32 ./CMSIS/efm32zg/system_efm32zg.o
 .ARM.attributes
                0x000003a1       0x1e d:/siliconlabs/simplicitystudio/v2/developer/toolchains/gnu_arm/4.7_2013q1/bin/../lib/gcc/arm-none-eabi/4.7.3/armv6-m\libgcc.a(_thumb1_case_uqi.o)
 .ARM.attributes
                0x000003bf       0x1e d:/siliconlabs/simplicitystudio/v2/developer/toolchains/gnu_arm/4.7_2013q1/bin/../lib/gcc/arm-none-eabi/4.7.3/armv6-m\libgcc.a(_udivsi3.o)
 .ARM.attributes
                0x000003dd       0x1e d:/siliconlabs/simplicitystudio/v2/developer/toolchains/gnu_arm/4.7_2013q1/bin/../lib/gcc/arm-none-eabi/4.7.3/armv6-m\libgcc.a(_divsi3.o)
 .ARM.attributes
                0x000003fb       0x1e d:/siliconlabs/simplicitystudio/v2/developer/toolchains/gnu_arm/4.7_2013q1/bin/../lib/gcc/arm-none-eabi/4.7.3/armv6-m\libgcc.a(_dvmd_tls.o)
 .ARM.attributes
                0x00000419       0x1e d:/siliconlabs/simplicitystudio/v2/developer/toolchains/gnu_arm/4.7_2013q1/bin/../lib/gcc/arm-none-eabi/4.7.3/armv6-m\libgcc.a(_arm_cmpsf2.o)
 .ARM.attributes
                0x00000437       0x2c d:/siliconlabs/simplicitystudio/v2/developer/toolchains/gnu_arm/4.7_2013q1/bin/../lib/gcc/arm-none-eabi/4.7.3/armv6-m\libgcc.a(_fixunssfsi.o)
 .ARM.attributes
                0x00000463       0x2c d:/siliconlabs/simplicitystudio/v2/developer/toolchains/gnu_arm/4.7_2013q1/bin/../lib/gcc/arm-none-eabi/4.7.3/armv6-m\libgcc.a(divsf3.o)
 .ARM.attributes
                0x0000048f       0x2c d:/siliconlabs/simplicitystudio/v2/developer/toolchains/gnu_arm/4.7_2013q1/bin/../lib/gcc/arm-none-eabi/4.7.3/armv6-m\libgcc.a(eqsf2.o)
 .ARM.attributes
                0x000004bb       0x2c d:/siliconlabs/simplicitystudio/v2/developer/toolchains/gnu_arm/4.7_2013q1/bin/../lib/gcc/arm-none-eabi/4.7.3/armv6-m\libgcc.a(gesf2.o)
 .ARM.attributes
                0x000004e7       0x2c d:/siliconlabs/simplicitystudio/v2/developer/toolchains/gnu_arm/4.7_2013q1/bin/../lib/gcc/arm-none-eabi/4.7.3/armv6-m\libgcc.a(lesf2.o)
 .ARM.attributes
                0x00000513       0x2c d:/siliconlabs/simplicitystudio/v2/developer/toolchains/gnu_arm/4.7_2013q1/bin/../lib/gcc/arm-none-eabi/4.7.3/armv6-m\libgcc.a(mulsf3.o)
 .ARM.attributes
                0x0000053f       0x2c d:/siliconlabs/simplicitystudio/v2/developer/toolchains/gnu_arm/4.7_2013q1/bin/../lib/gcc/arm-none-eabi/4.7.3/armv6-m\libgcc.a(subsf3.o)
 .ARM.attributes
                0x0000056b       0x2c d:/siliconlabs/simplicitystudio/v2/developer/toolchains/gnu_arm/4.7_2013q1/bin/../lib/gcc/arm-none-eabi/4.7.3/armv6-m\libgcc.a(fixsfsi.o)
 .ARM.attributes
                0x00000597       0x2c d:/siliconlabs/simplicitystudio/v2/developer/toolchains/gnu_arm/4.7_2013q1/bin/../lib/gcc/arm-none-eabi/4.7.3/armv6-m\libgcc.a(floatunsisf.o)
 .ARM.attributes
                0x000005c3       0x1e d:/siliconlabs/simplicitystudio/v2/developer/toolchains/gnu_arm/4.7_2013q1/bin/../lib/gcc/arm-none-eabi/4.7.3/armv6-m\libgcc.a(_clzsi2.o)
 .ARM.attributes
                0x000005e1       0x2c d:/siliconlabs/simplicitystudio/v2/developer/toolchains/gnu_arm/4.7_2013q1/bin/../lib/gcc/arm-none-eabi/4.7.3/../../../../arm-none-eabi/lib/armv6-m\libc_s.a(lib_a-__atexit2.o)
 .ARM.attributes
                0x0000060d       0x2c d:/siliconlabs/simplicitystudio/v2/developer/toolchains/gnu_arm/4.7_2013q1/bin/../lib/gcc/arm-none-eabi/4.7.3/../../../../arm-none-eabi/lib/armv6-m\libc_s.a(lib_a-exit.o)
 .ARM.attributes
                0x00000639       0x2c d:/siliconlabs/simplicitystudio/v2/developer/toolchains/gnu_arm/4.7_2013q1/bin/../lib/gcc/arm-none-eabi/4.7.3/../../../../arm-none-eabi/lib/armv6-m\libc_s.a(lib_a-fini.o)
 .ARM.attributes
                0x00000665       0x2c d:/siliconlabs/simplicitystudio/v2/developer/toolchains/gnu_arm/4.7_2013q1/bin/../lib/gcc/arm-none-eabi/4.7.3/../../../../arm-none-eabi/lib/armv6-m\libc_s.a(lib_a-impure.o)
 .ARM.attributes
                0x00000691       0x2c d:/siliconlabs/simplicitystudio/v2/developer/toolchains/gnu_arm/4.7_2013q1/bin/../lib/gcc/arm-none-eabi/4.7.3/../../../../arm-none-eabi/lib/armv6-m\libc_s.a(lib_a-init.o)
 .ARM.attributes
                0x000006bd       0x2c d:/siliconlabs/simplicitystudio/v2/developer/toolchains/gnu_arm/4.7_2013q1/bin/../lib/gcc/arm-none-eabi/4.7.3/../../../../arm-none-eabi/lib/armv6-m\libc_s.a(lib_a-memcmp.o)
 .ARM.attributes
                0x000006e9       0x2c d:/siliconlabs/simplicitystudio/v2/developer/toolchains/gnu_arm/4.7_2013q1/bin/../lib/gcc/arm-none-eabi/4.7.3/../../../../arm-none-eabi/lib/armv6-m\libc_s.a(lib_a-memcpy.o)
 .ARM.attributes
                0x00000715       0x2c d:/siliconlabs/simplicitystudio/v2/developer/toolchains/gnu_arm/4.7_2013q1/bin/../lib/gcc/arm-none-eabi/4.7.3/../../../../arm-none-eabi/lib/armv6-m\libc_s.a(lib_a-memset.o)
 .ARM.attributes
                0x00000741       0x2c d:/siliconlabs/simplicitystudio/v2/developer/toolchains/gnu_arm/4.7_2013q1/bin/../lib/gcc/arm-none-eabi/4.7.3/../../../../arm-none-eabi/lib/armv6-m\libc_s.a(lib_a-sprintf.o)
 .ARM.attributes
                0x0000076d       0x2c d:/siliconlabs/simplicitystudio/v2/developer/toolchains/gnu_arm/4.7_2013q1/bin/../lib/gcc/arm-none-eabi/4.7.3/../../../../arm-none-eabi/lib/armv6-m\libc_s.a(lib_a-svfprintf.o)
 .ARM.attributes
                0x00000799       0x2c d:/siliconlabs/simplicitystudio/v2/developer/toolchains/gnu_arm/4.7_2013q1/bin/../lib/gcc/arm-none-eabi/4.7.3/../../../../arm-none-eabi/lib/armv6-m\libc_s.a(lib_a-vfprintf_i.o)
 .ARM.attributes
                0x000007c5       0x2c d:/siliconlabs/simplicitystudio/v2/developer/toolchains/gnu_arm/4.7_2013q1/bin/../lib/gcc/arm-none-eabi/4.7.3/../../../../arm-none-eabi/lib/armv6-m\libc_s.a(lib_a-freer.o)
 .ARM.attributes
                0x000007f1       0x2c d:/siliconlabs/simplicitystudio/v2/developer/toolchains/gnu_arm/4.7_2013q1/bin/../lib/gcc/arm-none-eabi/4.7.3/../../../../arm-none-eabi/lib/armv6-m\libc_s.a(lib_a-mallocr.o)
 .ARM.attributes
                0x0000081d       0x2c d:/siliconlabs/simplicitystudio/v2/developer/toolchains/gnu_arm/4.7_2013q1/bin/../lib/gcc/arm-none-eabi/4.7.3/../../../../arm-none-eabi/lib/armv6-m\libc_s.a(lib_a-memchr.o)
 .ARM.attributes
                0x00000849       0x2c d:/siliconlabs/simplicitystudio/v2/developer/toolchains/gnu_arm/4.7_2013q1/bin/../lib/gcc/arm-none-eabi/4.7.3/../../../../arm-none-eabi/lib/armv6-m\libc_s.a(lib_a-reallocr.o)
 .ARM.attributes
                0x00000875       0x2c d:/siliconlabs/simplicitystudio/v2/developer/toolchains/gnu_arm/4.7_2013q1/bin/../lib/gcc/arm-none-eabi/4.7.3/../../../../arm-none-eabi/lib/armv6-m\libc_s.a(lib_a-sbrkr.o)
 .ARM.attributes
                0x000008a1       0x2c d:/siliconlabs/simplicitystudio/v2/developer/toolchains/gnu_arm/4.7_2013q1/bin/../lib/gcc/arm-none-eabi/4.7.3/../../../../arm-none-eabi/lib/armv6-m\libc_s.a(lib_a-strlen.o)
 .ARM.attributes
                0x000008cd       0x2c d:/siliconlabs/simplicitystudio/v2/developer/toolchains/gnu_arm/4.7_2013q1/bin/../lib/gcc/arm-none-eabi/4.7.3/../../../../arm-none-eabi/lib/armv6-m\libc_s.a(lib_a-msizer.o)
 .ARM.attributes
                0x000008f9       0x2c d:/siliconlabs/simplicitystudio/v2/developer/toolchains/gnu_arm/4.7_2013q1/bin/../lib/gcc/arm-none-eabi/4.7.3/../../../../arm-none-eabi/lib/armv6-m\libc_s.a(lib_a-reent.o)
 .ARM.attributes
                0x00000925       0x2c d:/siliconlabs/simplicitystudio/v2/developer/toolchains/gnu_arm/4.7_2013q1/bin/../lib/gcc/arm-none-eabi/4.7.3/../../../../arm-none-eabi/lib/armv6-m\libnosys.a(sbrk.o)
 .ARM.attributes
                0x00000951       0x2c d:/siliconlabs/simplicitystudio/v2/developer/toolchains/gnu_arm/4.7_2013q1/bin/../lib/gcc/arm-none-eabi/4.7.3/../../../../arm-none-eabi/lib/armv6-m\libnosys.a(_exit.o)
 .ARM.attributes
                0x0000097d       0x2c d:/siliconlabs/simplicitystudio/v2/developer/toolchains/gnu_arm/4.7_2013q1/bin/../lib/gcc/arm-none-eabi/4.7.3/armv6-m/crtend.o
 .ARM.attributes
                0x000009a9       0x1e d:/siliconlabs/simplicitystudio/v2/developer/toolchains/gnu_arm/4.7_2013q1/bin/../lib/gcc/arm-none-eabi/4.7.3/armv6-m/crtn.o

.comment        0x00000000       0x70
 .comment       0x00000000       0x70 ./src/HMC5883L.o
                                 0x71 (size before relaxing)
 .comment       0x00000000       0x71 ./src/MPU6050.o
 .comment       0x00000000       0x71 ./src/RTC_.o
 .comment       0x00000000       0x71 ./src/i2c_connection.o
 .comment       0x00000000       0x71 ./src/inv_mpu.o
 .comment       0x00000000       0x71 ./src/inv_mpu_dmp_motion_driver.o
 .comment       0x00000000       0x71 ./src/main.o
 .comment       0x00000000       0x71 ./src/uart_connection.o
 .comment       0x00000000       0x71 ./emlib/em_cmu.o
 .comment       0x00000000       0x71 ./emlib/em_dma.o
 .comment       0x00000000       0x71 ./emlib/em_emu.o
 .comment       0x00000000       0x71 ./emlib/em_gpio.o
 .comment       0x00000000       0x71 ./emlib/em_i2c.o
 .comment       0x00000000       0x71 ./emlib/em_rtc.o
 .comment       0x00000000       0x71 ./emlib/em_usart.o
 .comment       0x00000000       0x71 ./CMSIS/efm32zg/system_efm32zg.o

.debug_info     0x00000000     0xe6ff
 .debug_info    0x00000000      0x5d3 ./src/HMC5883L.o
 .debug_info    0x000005d3      0x8b7 ./src/MPU6050.o
 .debug_info    0x00000e8a      0x7ab ./src/RTC_.o
 .debug_info    0x00001635     0x13d1 ./src/i2c_connection.o
 .debug_info    0x00002a06     0x2f46 ./src/inv_mpu.o
 .debug_info    0x0000594c     0x14b2 ./src/inv_mpu_dmp_motion_driver.o
 .debug_info    0x00006dfe     0x203f ./src/main.o
 .debug_info    0x00008e3d      0x942 ./src/uart_connection.o
 .debug_info    0x0000977f     0x13b0 ./emlib/em_cmu.o
 .debug_info    0x0000ab2f     0x1183 ./emlib/em_dma.o
 .debug_info    0x0000bcb2      0x5b4 ./emlib/em_emu.o
 .debug_info    0x0000c266      0x570 ./emlib/em_gpio.o
 .debug_info    0x0000c7d6      0x867 ./emlib/em_i2c.o
 .debug_info    0x0000d03d      0x36a ./emlib/em_rtc.o
 .debug_info    0x0000d3a7      0xe92 ./emlib/em_usart.o
 .debug_info    0x0000e239       0x9f ./CMSIS/efm32zg/startup_gcc_efm32zg.o
 .debug_info    0x0000e2d8      0x427 ./CMSIS/efm32zg/system_efm32zg.o

.debug_abbrev   0x00000000     0x2acf
 .debug_abbrev  0x00000000      0x177 ./src/HMC5883L.o
 .debug_abbrev  0x00000177      0x28b ./src/MPU6050.o
 .debug_abbrev  0x00000402      0x23b ./src/RTC_.o
 .debug_abbrev  0x0000063d      0x39f ./src/i2c_connection.o
 .debug_abbrev  0x000009dc      0x457 ./src/inv_mpu.o
 .debug_abbrev  0x00000e33      0x2d2 ./src/inv_mpu_dmp_motion_driver.o
 .debug_abbrev  0x00001105      0x46b ./src/main.o
 .debug_abbrev  0x00001570      0x208 ./src/uart_connection.o
 .debug_abbrev  0x00001778      0x39d ./emlib/em_cmu.o
 .debug_abbrev  0x00001b15      0x337 ./emlib/em_dma.o
 .debug_abbrev  0x00001e4c      0x203 ./emlib/em_emu.o
 .debug_abbrev  0x0000204f      0x1ed ./emlib/em_gpio.o
 .debug_abbrev  0x0000223c      0x2c5 ./emlib/em_i2c.o
 .debug_abbrev  0x00002501      0x205 ./emlib/em_rtc.o
 .debug_abbrev  0x00002706      0x22e ./emlib/em_usart.o
 .debug_abbrev  0x00002934       0x14 ./CMSIS/efm32zg/startup_gcc_efm32zg.o
 .debug_abbrev  0x00002948      0x187 ./CMSIS/efm32zg/system_efm32zg.o

.debug_loc      0x00000000     0x7a4c
 .debug_loc     0x00000000      0x19f ./src/HMC5883L.o
 .debug_loc     0x0000019f      0x216 ./src/MPU6050.o
 .debug_loc     0x000003b5       0x40 ./src/RTC_.o
 .debug_loc     0x000003f5      0x6c2 ./src/i2c_connection.o
 .debug_loc     0x00000ab7     0x21f0 ./src/inv_mpu.o
 .debug_loc     0x00002ca7      0xcc8 ./src/inv_mpu_dmp_motion_driver.o
 .debug_loc     0x0000396f      0xdd3 ./src/main.o
 .debug_loc     0x00004742       0x2c ./src/uart_connection.o
 .debug_loc     0x0000476e     0x14cd ./emlib/em_cmu.o
 .debug_loc     0x00005c3b      0xa3e ./emlib/em_dma.o
 .debug_loc     0x00006679      0x142 ./emlib/em_emu.o
 .debug_loc     0x000067bb      0x212 ./emlib/em_gpio.o
 .debug_loc     0x000069cd      0x567 ./emlib/em_i2c.o
 .debug_loc     0x00006f34      0x17b ./emlib/em_rtc.o
 .debug_loc     0x000070af      0x881 ./emlib/em_usart.o
 .debug_loc     0x00007930      0x11c ./CMSIS/efm32zg/system_efm32zg.o

.debug_aranges  0x00000000      0x880
 .debug_aranges
                0x00000000       0x30 ./src/HMC5883L.o
 .debug_aranges
                0x00000030       0x40 ./src/MPU6050.o
 .debug_aranges
                0x00000070       0x38 ./src/RTC_.o
 .debug_aranges
                0x000000a8       0x70 ./src/i2c_connection.o
 .debug_aranges
                0x00000118      0x1b8 ./src/inv_mpu.o
 .debug_aranges
                0x000002d0       0xf8 ./src/inv_mpu_dmp_motion_driver.o
 .debug_aranges
                0x000003c8       0xb8 ./src/main.o
 .debug_aranges
                0x00000480       0x30 ./src/uart_connection.o
 .debug_aranges
                0x000004b0       0xf0 ./emlib/em_cmu.o
 .debug_aranges
                0x000005a0       0x88 ./emlib/em_dma.o
 .debug_aranges
                0x00000628       0x48 ./emlib/em_emu.o
 .debug_aranges
                0x00000670       0x38 ./emlib/em_gpio.o
 .debug_aranges
                0x000006a8       0x50 ./emlib/em_i2c.o
 .debug_aranges
                0x000006f8       0x50 ./emlib/em_rtc.o
 .debug_aranges
                0x00000748       0xb8 ./emlib/em_usart.o
 .debug_aranges
                0x00000800       0x20 ./CMSIS/efm32zg/startup_gcc_efm32zg.o
 .debug_aranges
                0x00000820       0x60 ./CMSIS/efm32zg/system_efm32zg.o

.debug_ranges   0x00000000      0xc70
 .debug_ranges  0x00000000       0x20 ./src/HMC5883L.o
 .debug_ranges  0x00000020       0x60 ./src/MPU6050.o
 .debug_ranges  0x00000080       0xb8 ./src/RTC_.o
 .debug_ranges  0x00000138       0xc0 ./src/i2c_connection.o
 .debug_ranges  0x000001f8      0x2b8 ./src/inv_mpu.o
 .debug_ranges  0x000004b0      0x100 ./src/inv_mpu_dmp_motion_driver.o
 .debug_ranges  0x000005b0      0x100 ./src/main.o
 .debug_ranges  0x000006b0       0x50 ./src/uart_connection.o
 .debug_ranges  0x00000700      0x220 ./emlib/em_cmu.o
 .debug_ranges  0x00000920       0x78 ./emlib/em_dma.o
 .debug_ranges  0x00000998       0x68 ./emlib/em_emu.o
 .debug_ranges  0x00000a00       0x88 ./emlib/em_gpio.o
 .debug_ranges  0x00000a88       0x80 ./emlib/em_i2c.o
 .debug_ranges  0x00000b08       0x70 ./emlib/em_rtc.o
 .debug_ranges  0x00000b78       0xa8 ./emlib/em_usart.o
 .debug_ranges  0x00000c20       0x50 ./CMSIS/efm32zg/system_efm32zg.o

.debug_line     0x00000000     0x407c
 .debug_line    0x00000000      0x204 ./src/HMC5883L.o
 .debug_line    0x00000204      0x223 ./src/MPU6050.o
 .debug_line    0x00000427      0x2a8 ./src/RTC_.o
 .debug_line    0x000006cf      0x4d0 ./src/i2c_connection.o
 .debug_line    0x00000b9f      0xaab ./src/inv_mpu.o
 .debug_line    0x0000164a      0x57c ./src/inv_mpu_dmp_motion_driver.o
 .debug_line    0x00001bc6      0x6c8 ./src/main.o
 .debug_line    0x0000228e      0x27a ./src/uart_connection.o
 .debug_line    0x00002508      0x66c ./emlib/em_cmu.o
 .debug_line    0x00002b74      0x471 ./emlib/em_dma.o
 .debug_line    0x00002fe5      0x2f2 ./emlib/em_emu.o
 .debug_line    0x000032d7      0x206 ./emlib/em_gpio.o
 .debug_line    0x000034dd      0x314 ./emlib/em_i2c.o
 .debug_line    0x000037f1      0x21c ./emlib/em_rtc.o
 .debug_line    0x00003a0d      0x3cc ./emlib/em_usart.o
 .debug_line    0x00003dd9       0x85 ./CMSIS/efm32zg/startup_gcc_efm32zg.o
 .debug_line    0x00003e5e      0x21e ./CMSIS/efm32zg/system_efm32zg.o

.debug_str      0x00000000     0x3e57
 .debug_str     0x00000000      0x61b ./src/HMC5883L.o
                                0x6a4 (size before relaxing)
 .debug_str     0x0000061b      0x245 ./src/MPU6050.o
                                0x500 (size before relaxing)
 .debug_str     0x00000860      0x514 ./src/RTC_.o
                                0x678 (size before relaxing)
 .debug_str     0x00000d74      0x491 ./src/i2c_connection.o
                                0xaf9 (size before relaxing)
 .debug_str     0x00001205      0x975 ./src/inv_mpu.o
                                0xef1 (size before relaxing)
 .debug_str     0x00001b7a      0x2cf ./src/inv_mpu_dmp_motion_driver.o
                                0x660 (size before relaxing)
 .debug_str     0x00001e49      0x8ab ./src/main.o
                               0x104e (size before relaxing)
 .debug_str     0x000026f4      0x398 ./src/uart_connection.o
                                0x9f0 (size before relaxing)
 .debug_str     0x00002a8c      0x5d6 ./emlib/em_cmu.o
                                0xa83 (size before relaxing)
 .debug_str     0x00003062      0x52b ./emlib/em_dma.o
                                0x9ef (size before relaxing)
 .debug_str     0x0000358d       0xa0 ./emlib/em_emu.o
                                0x377 (size before relaxing)
 .debug_str     0x0000362d       0xcc ./emlib/em_gpio.o
                                0x4ce (size before relaxing)
 .debug_str     0x000036f9      0x176 ./emlib/em_i2c.o
                                0x63b (size before relaxing)
 .debug_str     0x0000386f       0x6b ./emlib/em_rtc.o
                                0x24a (size before relaxing)
 .debug_str     0x000038da      0x4e7 ./emlib/em_usart.o
                                0xb59 (size before relaxing)
 .debug_str     0x00003dc1       0x96 ./CMSIS/efm32zg/system_efm32zg.o
                                0x35c (size before relaxing)

.debug_frame    0x00000000     0x1d3c
 .debug_frame   0x00000000       0x64 ./src/HMC5883L.o
 .debug_frame   0x00000064       0x9c ./src/MPU6050.o
 .debug_frame   0x00000100       0x64 ./src/RTC_.o
 .debug_frame   0x00000164      0x144 ./src/i2c_connection.o
 .debug_frame   0x000002a8      0x5c4 ./src/inv_mpu.o
 .debug_frame   0x0000086c      0x318 ./src/inv_mpu_dmp_motion_driver.o
 .debug_frame   0x00000b84      0x21c ./src/main.o
 .debug_frame   0x00000da0       0x4c ./src/uart_connection.o
 .debug_frame   0x00000dec      0x27c ./emlib/em_cmu.o
 .debug_frame   0x00001068      0x198 ./emlib/em_dma.o
 .debug_frame   0x00001200       0x90 ./emlib/em_emu.o
 .debug_frame   0x00001290       0x7c ./emlib/em_gpio.o
 .debug_frame   0x0000130c       0xb8 ./emlib/em_i2c.o
 .debug_frame   0x000013c4       0xa8 ./emlib/em_rtc.o
 .debug_frame   0x0000146c      0x210 ./emlib/em_usart.o
 .debug_frame   0x0000167c       0xc0 ./CMSIS/efm32zg/system_efm32zg.o
 .debug_frame   0x0000173c       0x20 d:/siliconlabs/simplicitystudio/v2/developer/toolchains/gnu_arm/4.7_2013q1/bin/../lib/gcc/arm-none-eabi/4.7.3/armv6-m\libgcc.a(_udivsi3.o)
 .debug_frame   0x0000175c       0x20 d:/siliconlabs/simplicitystudio/v2/developer/toolchains/gnu_arm/4.7_2013q1/bin/../lib/gcc/arm-none-eabi/4.7.3/armv6-m\libgcc.a(_divsi3.o)
 .debug_frame   0x0000177c       0x28 d:/siliconlabs/simplicitystudio/v2/developer/toolchains/gnu_arm/4.7_2013q1/bin/../lib/gcc/arm-none-eabi/4.7.3/armv6-m\libgcc.a(_fixunssfsi.o)
 .debug_frame   0x000017a4       0x3c d:/siliconlabs/simplicitystudio/v2/developer/toolchains/gnu_arm/4.7_2013q1/bin/../lib/gcc/arm-none-eabi/4.7.3/armv6-m\libgcc.a(divsf3.o)
 .debug_frame   0x000017e0       0x2c d:/siliconlabs/simplicitystudio/v2/developer/toolchains/gnu_arm/4.7_2013q1/bin/../lib/gcc/arm-none-eabi/4.7.3/armv6-m\libgcc.a(eqsf2.o)
 .debug_frame   0x0000180c       0x30 d:/siliconlabs/simplicitystudio/v2/developer/toolchains/gnu_arm/4.7_2013q1/bin/../lib/gcc/arm-none-eabi/4.7.3/armv6-m\libgcc.a(gesf2.o)
 .debug_frame   0x0000183c       0x30 d:/siliconlabs/simplicitystudio/v2/developer/toolchains/gnu_arm/4.7_2013q1/bin/../lib/gcc/arm-none-eabi/4.7.3/armv6-m\libgcc.a(lesf2.o)
 .debug_frame   0x0000186c       0x3c d:/siliconlabs/simplicitystudio/v2/developer/toolchains/gnu_arm/4.7_2013q1/bin/../lib/gcc/arm-none-eabi/4.7.3/armv6-m\libgcc.a(mulsf3.o)
 .debug_frame   0x000018a8       0x30 d:/siliconlabs/simplicitystudio/v2/developer/toolchains/gnu_arm/4.7_2013q1/bin/../lib/gcc/arm-none-eabi/4.7.3/armv6-m\libgcc.a(subsf3.o)
 .debug_frame   0x000018d8       0x28 d:/siliconlabs/simplicitystudio/v2/developer/toolchains/gnu_arm/4.7_2013q1/bin/../lib/gcc/arm-none-eabi/4.7.3/armv6-m\libgcc.a(fixsfsi.o)
 .debug_frame   0x00001900       0x28 d:/siliconlabs/simplicitystudio/v2/developer/toolchains/gnu_arm/4.7_2013q1/bin/../lib/gcc/arm-none-eabi/4.7.3/armv6-m\libgcc.a(floatunsisf.o)
 .debug_frame   0x00001928       0x28 d:/siliconlabs/simplicitystudio/v2/developer/toolchains/gnu_arm/4.7_2013q1/bin/../lib/gcc/arm-none-eabi/4.7.3/../../../../arm-none-eabi/lib/armv6-m\libc_s.a(lib_a-__atexit2.o)
 .debug_frame   0x00001950       0x28 d:/siliconlabs/simplicitystudio/v2/developer/toolchains/gnu_arm/4.7_2013q1/bin/../lib/gcc/arm-none-eabi/4.7.3/../../../../arm-none-eabi/lib/armv6-m\libc_s.a(lib_a-exit.o)
 .debug_frame   0x00001978       0x2c d:/siliconlabs/simplicitystudio/v2/developer/toolchains/gnu_arm/4.7_2013q1/bin/../lib/gcc/arm-none-eabi/4.7.3/../../../../arm-none-eabi/lib/armv6-m\libc_s.a(lib_a-fini.o)
 .debug_frame   0x000019a4       0x2c d:/siliconlabs/simplicitystudio/v2/developer/toolchains/gnu_arm/4.7_2013q1/bin/../lib/gcc/arm-none-eabi/4.7.3/../../../../arm-none-eabi/lib/armv6-m\libc_s.a(lib_a-init.o)
 .debug_frame   0x000019d0       0x2c d:/siliconlabs/simplicitystudio/v2/developer/toolchains/gnu_arm/4.7_2013q1/bin/../lib/gcc/arm-none-eabi/4.7.3/../../../../arm-none-eabi/lib/armv6-m\libc_s.a(lib_a-memcmp.o)
 .debug_frame   0x000019fc       0x28 d:/siliconlabs/simplicitystudio/v2/developer/toolchains/gnu_arm/4.7_2013q1/bin/../lib/gcc/arm-none-eabi/4.7.3/../../../../arm-none-eabi/lib/armv6-m\libc_s.a(lib_a-memcpy.o)
 .debug_frame   0x00001a24       0x28 d:/siliconlabs/simplicitystudio/v2/developer/toolchains/gnu_arm/4.7_2013q1/bin/../lib/gcc/arm-none-eabi/4.7.3/../../../../arm-none-eabi/lib/armv6-m\libc_s.a(lib_a-memset.o)
 .debug_frame   0x00001a4c       0x4c d:/siliconlabs/simplicitystudio/v2/developer/toolchains/gnu_arm/4.7_2013q1/bin/../lib/gcc/arm-none-eabi/4.7.3/../../../../arm-none-eabi/lib/armv6-m\libc_s.a(lib_a-sprintf.o)
 .debug_frame   0x00001a98       0x78 d:/siliconlabs/simplicitystudio/v2/developer/toolchains/gnu_arm/4.7_2013q1/bin/../lib/gcc/arm-none-eabi/4.7.3/../../../../arm-none-eabi/lib/armv6-m\libc_s.a(lib_a-svfprintf.o)
 .debug_frame   0x00001b10       0x54 d:/siliconlabs/simplicitystudio/v2/developer/toolchains/gnu_arm/4.7_2013q1/bin/../lib/gcc/arm-none-eabi/4.7.3/../../../../arm-none-eabi/lib/armv6-m\libc_s.a(lib_a-vfprintf_i.o)
 .debug_frame   0x00001b64       0x2c d:/siliconlabs/simplicitystudio/v2/developer/toolchains/gnu_arm/4.7_2013q1/bin/../lib/gcc/arm-none-eabi/4.7.3/../../../../arm-none-eabi/lib/armv6-m\libc_s.a(lib_a-freer.o)
 .debug_frame   0x00001b90       0x2c d:/siliconlabs/simplicitystudio/v2/developer/toolchains/gnu_arm/4.7_2013q1/bin/../lib/gcc/arm-none-eabi/4.7.3/../../../../arm-none-eabi/lib/armv6-m\libc_s.a(lib_a-mallocr.o)
 .debug_frame   0x00001bbc       0x28 d:/siliconlabs/simplicitystudio/v2/developer/toolchains/gnu_arm/4.7_2013q1/bin/../lib/gcc/arm-none-eabi/4.7.3/../../../../arm-none-eabi/lib/armv6-m\libc_s.a(lib_a-memchr.o)
 .debug_frame   0x00001be4       0x30 d:/siliconlabs/simplicitystudio/v2/developer/toolchains/gnu_arm/4.7_2013q1/bin/../lib/gcc/arm-none-eabi/4.7.3/../../../../arm-none-eabi/lib/armv6-m\libc_s.a(lib_a-reallocr.o)
 .debug_frame   0x00001c14       0x2c d:/siliconlabs/simplicitystudio/v2/developer/toolchains/gnu_arm/4.7_2013q1/bin/../lib/gcc/arm-none-eabi/4.7.3/../../../../arm-none-eabi/lib/armv6-m\libc_s.a(lib_a-sbrkr.o)
 .debug_frame   0x00001c40       0x20 d:/siliconlabs/simplicitystudio/v2/developer/toolchains/gnu_arm/4.7_2013q1/bin/../lib/gcc/arm-none-eabi/4.7.3/../../../../arm-none-eabi/lib/armv6-m\libc_s.a(lib_a-strlen.o)
 .debug_frame   0x00001c60       0x28 d:/siliconlabs/simplicitystudio/v2/developer/toolchains/gnu_arm/4.7_2013q1/bin/../lib/gcc/arm-none-eabi/4.7.3/../../../../arm-none-eabi/lib/armv6-m\libc_s.a(lib_a-msizer.o)
 .debug_frame   0x00001c88       0x64 d:/siliconlabs/simplicitystudio/v2/developer/toolchains/gnu_arm/4.7_2013q1/bin/../lib/gcc/arm-none-eabi/4.7.3/../../../../arm-none-eabi/lib/armv6-m\libc_s.a(lib_a-reent.o)
 .debug_frame   0x00001cec       0x28 d:/siliconlabs/simplicitystudio/v2/developer/toolchains/gnu_arm/4.7_2013q1/bin/../lib/gcc/arm-none-eabi/4.7.3/../../../../arm-none-eabi/lib/armv6-m\libnosys.a(sbrk.o)
 .debug_frame   0x00001d14       0x28 d:/siliconlabs/simplicitystudio/v2/developer/toolchains/gnu_arm/4.7_2013q1/bin/../lib/gcc/arm-none-eabi/4.7.3/../../../../arm-none-eabi/lib/armv6-m\libnosys.a(_exit.o)
