Archive member included because of file (symbol)

d:/siliconlabs/simplicitystudio/v2/developer/toolchains/gnu_arm/4.7_2013q1/bin/../lib/gcc/arm-none-eabi/4.7.3/armv6-m\libgcc.a(_udivsi3.o)
                              ./src/main.o (__aeabi_uidiv)
d:/siliconlabs/simplicitystudio/v2/developer/toolchains/gnu_arm/4.7_2013q1/bin/../lib/gcc/arm-none-eabi/4.7.3/armv6-m\libgcc.a(_divsi3.o)
                              ./src/main.o (__aeabi_idiv)
d:/siliconlabs/simplicitystudio/v2/developer/toolchains/gnu_arm/4.7_2013q1/bin/../lib/gcc/arm-none-eabi/4.7.3/armv6-m\libgcc.a(_dvmd_tls.o)
                              d:/siliconlabs/simplicitystudio/v2/developer/toolchains/gnu_arm/4.7_2013q1/bin/../lib/gcc/arm-none-eabi/4.7.3/armv6-m\libgcc.a(_udivsi3.o) (__aeabi_idiv0)
d:/siliconlabs/simplicitystudio/v2/developer/toolchains/gnu_arm/4.7_2013q1/bin/../lib/gcc/arm-none-eabi/4.7.3/../../../../arm-none-eabi/lib/armv6-m\libc_s.a(lib_a-__atexit2.o)
                              d:/siliconlabs/simplicitystudio/v2/developer/toolchains/gnu_arm/4.7_2013q1/bin/../lib/gcc/arm-none-eabi/4.7.3/../../../../arm-none-eabi/lib/armv6-m/crt0.o (__register_exitproc)
d:/siliconlabs/simplicitystudio/v2/developer/toolchains/gnu_arm/4.7_2013q1/bin/../lib/gcc/arm-none-eabi/4.7.3/../../../../arm-none-eabi/lib/armv6-m\libc_s.a(lib_a-exit.o)
                              d:/siliconlabs/simplicitystudio/v2/developer/toolchains/gnu_arm/4.7_2013q1/bin/../lib/gcc/arm-none-eabi/4.7.3/../../../../arm-none-eabi/lib/armv6-m/crt0.o (exit)
d:/siliconlabs/simplicitystudio/v2/developer/toolchains/gnu_arm/4.7_2013q1/bin/../lib/gcc/arm-none-eabi/4.7.3/../../../../arm-none-eabi/lib/armv6-m\libc_s.a(lib_a-fini.o)
                              d:/siliconlabs/simplicitystudio/v2/developer/toolchains/gnu_arm/4.7_2013q1/bin/../lib/gcc/arm-none-eabi/4.7.3/../../../../arm-none-eabi/lib/armv6-m/crt0.o (__libc_fini_array)
d:/siliconlabs/simplicitystudio/v2/developer/toolchains/gnu_arm/4.7_2013q1/bin/../lib/gcc/arm-none-eabi/4.7.3/../../../../arm-none-eabi/lib/armv6-m\libc_s.a(lib_a-impure.o)
                              d:/siliconlabs/simplicitystudio/v2/developer/toolchains/gnu_arm/4.7_2013q1/bin/../lib/gcc/arm-none-eabi/4.7.3/../../../../arm-none-eabi/lib/armv6-m\libc_s.a(lib_a-exit.o) (_global_impure_ptr)
d:/siliconlabs/simplicitystudio/v2/developer/toolchains/gnu_arm/4.7_2013q1/bin/../lib/gcc/arm-none-eabi/4.7.3/../../../../arm-none-eabi/lib/armv6-m\libc_s.a(lib_a-init.o)
                              d:/siliconlabs/simplicitystudio/v2/developer/toolchains/gnu_arm/4.7_2013q1/bin/../lib/gcc/arm-none-eabi/4.7.3/../../../../arm-none-eabi/lib/armv6-m/crt0.o (__libc_init_array)
d:/siliconlabs/simplicitystudio/v2/developer/toolchains/gnu_arm/4.7_2013q1/bin/../lib/gcc/arm-none-eabi/4.7.3/../../../../arm-none-eabi/lib/armv6-m\libc_s.a(lib_a-memcpy.o)
                              ./src/RTC_.o (memcpy)
d:/siliconlabs/simplicitystudio/v2/developer/toolchains/gnu_arm/4.7_2013q1/bin/../lib/gcc/arm-none-eabi/4.7.3/../../../../arm-none-eabi/lib/armv6-m\libc_s.a(lib_a-memset.o)
                              d:/siliconlabs/simplicitystudio/v2/developer/toolchains/gnu_arm/4.7_2013q1/bin/../lib/gcc/arm-none-eabi/4.7.3/../../../../arm-none-eabi/lib/armv6-m/crt0.o (memset)
d:/siliconlabs/simplicitystudio/v2/developer/toolchains/gnu_arm/4.7_2013q1/bin/../lib/gcc/arm-none-eabi/4.7.3/../../../../arm-none-eabi/lib/armv6-m\libc_s.a(lib_a-sprintf.o)
                              ./src/i2c_connection.o (sprintf)
d:/siliconlabs/simplicitystudio/v2/developer/toolchains/gnu_arm/4.7_2013q1/bin/../lib/gcc/arm-none-eabi/4.7.3/../../../../arm-none-eabi/lib/armv6-m\libc_s.a(lib_a-svfprintf.o)
                              d:/siliconlabs/simplicitystudio/v2/developer/toolchains/gnu_arm/4.7_2013q1/bin/../lib/gcc/arm-none-eabi/4.7.3/../../../../arm-none-eabi/lib/armv6-m\libc_s.a(lib_a-sprintf.o) (_svfprintf_r)
d:/siliconlabs/simplicitystudio/v2/developer/toolchains/gnu_arm/4.7_2013q1/bin/../lib/gcc/arm-none-eabi/4.7.3/../../../../arm-none-eabi/lib/armv6-m\libc_s.a(lib_a-vfprintf_i.o)
                              d:/siliconlabs/simplicitystudio/v2/developer/toolchains/gnu_arm/4.7_2013q1/bin/../lib/gcc/arm-none-eabi/4.7.3/../../../../arm-none-eabi/lib/armv6-m\libc_s.a(lib_a-svfprintf.o) (_printf_i)
d:/siliconlabs/simplicitystudio/v2/developer/toolchains/gnu_arm/4.7_2013q1/bin/../lib/gcc/arm-none-eabi/4.7.3/../../../../arm-none-eabi/lib/armv6-m\libc_s.a(lib_a-freer.o)
                              d:/siliconlabs/simplicitystudio/v2/developer/toolchains/gnu_arm/4.7_2013q1/bin/../lib/gcc/arm-none-eabi/4.7.3/../../../../arm-none-eabi/lib/armv6-m\libc_s.a(lib_a-svfprintf.o) (_free_r)
d:/siliconlabs/simplicitystudio/v2/developer/toolchains/gnu_arm/4.7_2013q1/bin/../lib/gcc/arm-none-eabi/4.7.3/../../../../arm-none-eabi/lib/armv6-m\libc_s.a(lib_a-mallocr.o)
                              d:/siliconlabs/simplicitystudio/v2/developer/toolchains/gnu_arm/4.7_2013q1/bin/../lib/gcc/arm-none-eabi/4.7.3/../../../../arm-none-eabi/lib/armv6-m\libc_s.a(lib_a-svfprintf.o) (_malloc_r)
d:/siliconlabs/simplicitystudio/v2/developer/toolchains/gnu_arm/4.7_2013q1/bin/../lib/gcc/arm-none-eabi/4.7.3/../../../../arm-none-eabi/lib/armv6-m\libc_s.a(lib_a-memchr.o)
                              d:/siliconlabs/simplicitystudio/v2/developer/toolchains/gnu_arm/4.7_2013q1/bin/../lib/gcc/arm-none-eabi/4.7.3/../../../../arm-none-eabi/lib/armv6-m\libc_s.a(lib_a-svfprintf.o) (memchr)
d:/siliconlabs/simplicitystudio/v2/developer/toolchains/gnu_arm/4.7_2013q1/bin/../lib/gcc/arm-none-eabi/4.7.3/../../../../arm-none-eabi/lib/armv6-m\libc_s.a(lib_a-memmove.o)
                              d:/siliconlabs/simplicitystudio/v2/developer/toolchains/gnu_arm/4.7_2013q1/bin/../lib/gcc/arm-none-eabi/4.7.3/../../../../arm-none-eabi/lib/armv6-m\libc_s.a(lib_a-svfprintf.o) (memmove)
d:/siliconlabs/simplicitystudio/v2/developer/toolchains/gnu_arm/4.7_2013q1/bin/../lib/gcc/arm-none-eabi/4.7.3/../../../../arm-none-eabi/lib/armv6-m\libc_s.a(lib_a-reallocr.o)
                              d:/siliconlabs/simplicitystudio/v2/developer/toolchains/gnu_arm/4.7_2013q1/bin/../lib/gcc/arm-none-eabi/4.7.3/../../../../arm-none-eabi/lib/armv6-m\libc_s.a(lib_a-svfprintf.o) (_realloc_r)
d:/siliconlabs/simplicitystudio/v2/developer/toolchains/gnu_arm/4.7_2013q1/bin/../lib/gcc/arm-none-eabi/4.7.3/../../../../arm-none-eabi/lib/armv6-m\libc_s.a(lib_a-sbrkr.o)
                              d:/siliconlabs/simplicitystudio/v2/developer/toolchains/gnu_arm/4.7_2013q1/bin/../lib/gcc/arm-none-eabi/4.7.3/../../../../arm-none-eabi/lib/armv6-m\libc_s.a(lib_a-mallocr.o) (_sbrk_r)
d:/siliconlabs/simplicitystudio/v2/developer/toolchains/gnu_arm/4.7_2013q1/bin/../lib/gcc/arm-none-eabi/4.7.3/../../../../arm-none-eabi/lib/armv6-m\libc_s.a(lib_a-strlen.o)
                              d:/siliconlabs/simplicitystudio/v2/developer/toolchains/gnu_arm/4.7_2013q1/bin/../lib/gcc/arm-none-eabi/4.7.3/../../../../arm-none-eabi/lib/armv6-m\libc_s.a(lib_a-vfprintf_i.o) (strlen)
d:/siliconlabs/simplicitystudio/v2/developer/toolchains/gnu_arm/4.7_2013q1/bin/../lib/gcc/arm-none-eabi/4.7.3/../../../../arm-none-eabi/lib/armv6-m\libc_s.a(lib_a-msizer.o)
                              d:/siliconlabs/simplicitystudio/v2/developer/toolchains/gnu_arm/4.7_2013q1/bin/../lib/gcc/arm-none-eabi/4.7.3/../../../../arm-none-eabi/lib/armv6-m\libc_s.a(lib_a-reallocr.o) (_malloc_usable_size_r)
d:/siliconlabs/simplicitystudio/v2/developer/toolchains/gnu_arm/4.7_2013q1/bin/../lib/gcc/arm-none-eabi/4.7.3/../../../../arm-none-eabi/lib/armv6-m\libc_s.a(lib_a-reent.o)
                              d:/siliconlabs/simplicitystudio/v2/developer/toolchains/gnu_arm/4.7_2013q1/bin/../lib/gcc/arm-none-eabi/4.7.3/../../../../arm-none-eabi/lib/armv6-m\libc_s.a(lib_a-sbrkr.o) (errno)
d:/siliconlabs/simplicitystudio/v2/developer/toolchains/gnu_arm/4.7_2013q1/bin/../lib/gcc/arm-none-eabi/4.7.3/../../../../arm-none-eabi/lib/armv6-m\libnosys.a(sbrk.o)
                              d:/siliconlabs/simplicitystudio/v2/developer/toolchains/gnu_arm/4.7_2013q1/bin/../lib/gcc/arm-none-eabi/4.7.3/../../../../arm-none-eabi/lib/armv6-m\libc_s.a(lib_a-sbrkr.o) (_sbrk)
d:/siliconlabs/simplicitystudio/v2/developer/toolchains/gnu_arm/4.7_2013q1/bin/../lib/gcc/arm-none-eabi/4.7.3/../../../../arm-none-eabi/lib/armv6-m\libnosys.a(_exit.o)
                              d:/siliconlabs/simplicitystudio/v2/developer/toolchains/gnu_arm/4.7_2013q1/bin/../lib/gcc/arm-none-eabi/4.7.3/../../../../arm-none-eabi/lib/armv6-m\libc_s.a(lib_a-exit.o) (_exit)

Allocating common symbols
Common symbol       size              file

errno               0x4               d:/siliconlabs/simplicitystudio/v2/developer/toolchains/gnu_arm/4.7_2013q1/bin/../lib/gcc/arm-none-eabi/4.7.3/../../../../arm-none-eabi/lib/armv6-m\libc_s.a(lib_a-reent.o)
SystemCoreClock     0x4               ./CMSIS/efm32zg/system_efm32zg.o
I2C_Status          0x1               ./src/i2c_connection.o
chargeHistory       0x190             ./src/main.o
i2c_registers       0x64              ./src/main.o

Discarded input sections

 .text          0x00000000        0x0 d:/siliconlabs/simplicitystudio/v2/developer/toolchains/gnu_arm/4.7_2013q1/bin/../lib/gcc/arm-none-eabi/4.7.3/armv6-m/crti.o
 .data          0x00000000        0x0 d:/siliconlabs/simplicitystudio/v2/developer/toolchains/gnu_arm/4.7_2013q1/bin/../lib/gcc/arm-none-eabi/4.7.3/armv6-m/crti.o
 .bss           0x00000000        0x0 d:/siliconlabs/simplicitystudio/v2/developer/toolchains/gnu_arm/4.7_2013q1/bin/../lib/gcc/arm-none-eabi/4.7.3/armv6-m/crti.o
 .data          0x00000000        0x4 d:/siliconlabs/simplicitystudio/v2/developer/toolchains/gnu_arm/4.7_2013q1/bin/../lib/gcc/arm-none-eabi/4.7.3/armv6-m/crtbegin.o
 .data          0x00000000        0x0 d:/siliconlabs/simplicitystudio/v2/developer/toolchains/gnu_arm/4.7_2013q1/bin/../lib/gcc/arm-none-eabi/4.7.3/../../../../arm-none-eabi/lib/armv6-m/crt0.o
 .bss           0x00000000        0x0 d:/siliconlabs/simplicitystudio/v2/developer/toolchains/gnu_arm/4.7_2013q1/bin/../lib/gcc/arm-none-eabi/4.7.3/../../../../arm-none-eabi/lib/armv6-m/crt0.o
 .ARM.extab     0x00000000        0x0 d:/siliconlabs/simplicitystudio/v2/developer/toolchains/gnu_arm/4.7_2013q1/bin/../lib/gcc/arm-none-eabi/4.7.3/../../../../arm-none-eabi/lib/armv6-m/crt0.o
 .text          0x00000000        0x0 ./src/RTC_.o
 .data          0x00000000        0x0 ./src/RTC_.o
 .bss           0x00000000        0x0 ./src/RTC_.o
 .text.startLfxoForRtc
                0x00000000       0x34 ./src/RTC_.o
 .text          0x00000000        0x0 ./src/i2c_connection.o
 .data          0x00000000        0x0 ./src/i2c_connection.o
 .bss           0x00000000        0x0 ./src/i2c_connection.o
 .text          0x00000000        0x0 ./src/main.o
 .data          0x00000000        0x0 ./src/main.o
 .bss           0x00000000        0x0 ./src/main.o
 .text.setupLTC2942
                0x00000000       0x60 ./src/main.o
 .text.clockTest_short
                0x00000000       0x30 ./src/main.o
 .text.setupADP5063
                0x00000000       0x48 ./src/main.o
 .text.clockTest
                0x00000000       0x30 ./src/main.o
 .text          0x00000000        0x0 ./src/uart_connection.o
 .data          0x00000000        0x0 ./src/uart_connection.o
 .bss           0x00000000        0x0 ./src/uart_connection.o
 .text.uart_sendChar
                0x00000000       0x18 ./src/uart_connection.o
 .text          0x00000000        0x0 ./emlib/em_cmu.o
 .data          0x00000000        0x0 ./emlib/em_cmu.o
 .bss           0x00000000        0x0 ./emlib/em_cmu.o
 .text.CMU_Calibrate
                0x00000000       0x58 ./emlib/em_cmu.o
 .rodata.CMU_Calibrate
                0x00000000       0x14 ./emlib/em_cmu.o
 .text.CMU_CalibrateConfig
                0x00000000       0x68 ./emlib/em_cmu.o
 .rodata.CMU_CalibrateConfig
                0x00000000       0x14 ./emlib/em_cmu.o
 .text.CMU_ClockDivGet
                0x00000000       0x6c ./emlib/em_cmu.o
 .text.CMU_ClockDivSet
                0x00000000      0x150 ./emlib/em_cmu.o
 .text.CMU_ClockSelectGet
                0x00000000       0x98 ./emlib/em_cmu.o
 .text.CMU_FreezeEnable
                0x00000000       0x20 ./emlib/em_cmu.o
 .text.CMU_AUXHFRCOBandGet
                0x00000000       0x10 ./emlib/em_cmu.o
 .text.CMU_AUXHFRCOBandSet
                0x00000000       0x5c ./emlib/em_cmu.o
 .rodata.CMU_AUXHFRCOBandSet
                0x00000000       0x20 ./emlib/em_cmu.o
 .text.CMU_HFRCOBandGet
                0x00000000       0x10 ./emlib/em_cmu.o
 .text.CMU_HFRCOBandSet
                0x00000000       0xe0 ./emlib/em_cmu.o
 .rodata.CMU_HFRCOBandSet
                0x00000000       0x14 ./emlib/em_cmu.o
 .text.CMU_HFRCOStartupDelayGet
                0x00000000       0x10 ./emlib/em_cmu.o
 .text.CMU_HFRCOStartupDelaySet
                0x00000000       0x20 ./emlib/em_cmu.o
 .text.CMU_LCDClkFDIVGet
                0x00000000        0x4 ./emlib/em_cmu.o
 .text.CMU_LCDClkFDIVSet
                0x00000000        0x4 ./emlib/em_cmu.o
 .text.CMU_OscillatorTuningGet
                0x00000000       0x34 ./emlib/em_cmu.o
 .text.CMU_OscillatorTuningSet
                0x00000000       0x44 ./emlib/em_cmu.o
 .text.CMU_PCNTClockExternalGet
                0x00000000       0x18 ./emlib/em_cmu.o
 .text.CMU_PCNTClockExternalSet
                0x00000000       0x20 ./emlib/em_cmu.o
 .text          0x00000000        0x0 ./emlib/em_emu.o
 .data          0x00000000        0x0 ./emlib/em_emu.o
 .bss           0x00000000        0x0 ./emlib/em_emu.o
 .text.EMU_EnterEM3
                0x00000000       0xd0 ./emlib/em_emu.o
 .text.EMU_EnterEM4
                0x00000000       0x28 ./emlib/em_emu.o
 .text.EMU_MemPwrDown
                0x00000000        0x4 ./emlib/em_emu.o
 .text          0x00000000        0x0 ./emlib/em_gpio.o
 .data          0x00000000        0x0 ./emlib/em_gpio.o
 .bss           0x00000000        0x0 ./emlib/em_gpio.o
 .text.GPIO_DbgLocationSet
                0x00000000        0x4 ./emlib/em_gpio.o
 .text.GPIO_DriveModeSet
                0x00000000       0x1c ./emlib/em_gpio.o
 .text.GPIO_IntConfig
                0x00000000       0xb0 ./emlib/em_gpio.o
 .text          0x00000000        0x0 ./emlib/em_i2c.o
 .data          0x00000000        0x0 ./emlib/em_i2c.o
 .bss           0x00000000        0x0 ./emlib/em_i2c.o
 .text.I2C_BusFreqGet
                0x00000000       0x2c ./emlib/em_i2c.o
 .text.I2C_BusFreqSet
                0x00000000       0x58 ./emlib/em_i2c.o
 .text.I2C_Enable
                0x00000000        0xc ./emlib/em_i2c.o
 .text.I2C_Reset
                0x00000000       0x18 ./emlib/em_i2c.o
 .text          0x00000000        0x0 ./emlib/em_int.o
 .data          0x00000000        0x0 ./emlib/em_int.o
 .bss           0x00000000        0x0 ./emlib/em_int.o
 .bss.INT_LockCnt
                0x00000000        0x4 ./emlib/em_int.o
 .debug_info    0x00000000       0xa4 ./emlib/em_int.o
 .debug_abbrev  0x00000000       0x44 ./emlib/em_int.o
 .debug_aranges
                0x00000000       0x18 ./emlib/em_int.o
 .debug_line    0x00000000       0xce ./emlib/em_int.o
 .debug_str     0x00000000      0x173 ./emlib/em_int.o
 .comment       0x00000000       0x71 ./emlib/em_int.o
 .ARM.attributes
                0x00000000       0x32 ./emlib/em_int.o
 .text          0x00000000        0x0 ./emlib/em_rmu.o
 .data          0x00000000        0x0 ./emlib/em_rmu.o
 .bss           0x00000000        0x0 ./emlib/em_rmu.o
 .text.RMU_ResetControl
                0x00000000       0x1c ./emlib/em_rmu.o
 .text.RMU_ResetCauseClear
                0x00000000       0x4c ./emlib/em_rmu.o
 .text.RMU_ResetCauseGet
                0x00000000       0xd0 ./emlib/em_rmu.o
 .debug_info    0x00000000      0x3a2 ./emlib/em_rmu.o
 .debug_abbrev  0x00000000      0x1db ./emlib/em_rmu.o
 .debug_loc     0x00000000      0x2b2 ./emlib/em_rmu.o
 .debug_aranges
                0x00000000       0x30 ./emlib/em_rmu.o
 .debug_ranges  0x00000000       0xa8 ./emlib/em_rmu.o
 .debug_line    0x00000000      0x243 ./emlib/em_rmu.o
 .debug_str     0x00000000      0x2ab ./emlib/em_rmu.o
 .comment       0x00000000       0x71 ./emlib/em_rmu.o
 .ARM.attributes
                0x00000000       0x32 ./emlib/em_rmu.o
 .debug_frame   0x00000000       0x58 ./emlib/em_rmu.o
 .text          0x00000000        0x0 ./emlib/em_rtc.o
 .data          0x00000000        0x0 ./emlib/em_rtc.o
 .bss           0x00000000        0x0 ./emlib/em_rtc.o
 .text.RTC_CompareGet
                0x00000000       0x20 ./emlib/em_rtc.o
 .text.RTC_Enable
                0x00000000       0x14 ./emlib/em_rtc.o
 .text.RTC_FreezeEnable
                0x00000000       0x18 ./emlib/em_rtc.o
 .text.RTC_Reset
                0x00000000       0x18 ./emlib/em_rtc.o
 .text.RTC_CounterReset
                0x00000000       0x18 ./emlib/em_rtc.o
 .text          0x00000000        0x0 ./emlib/em_system.o
 .data          0x00000000        0x0 ./emlib/em_system.o
 .bss           0x00000000        0x0 ./emlib/em_system.o
 .text.SYSTEM_ChipRevisionGet
                0x00000000       0x34 ./emlib/em_system.o
 .text.SYSTEM_GetCalibrationValue
                0x00000000       0x2c ./emlib/em_system.o
 .debug_info    0x00000000      0x245 ./emlib/em_system.o
 .debug_abbrev  0x00000000       0xde ./emlib/em_system.o
 .debug_loc     0x00000000       0xc3 ./emlib/em_system.o
 .debug_aranges
                0x00000000       0x28 ./emlib/em_system.o
 .debug_ranges  0x00000000       0x18 ./emlib/em_system.o
 .debug_line    0x00000000      0x1b4 ./emlib/em_system.o
 .debug_str     0x00000000      0x245 ./emlib/em_system.o
 .comment       0x00000000       0x71 ./emlib/em_system.o
 .ARM.attributes
                0x00000000       0x32 ./emlib/em_system.o
 .debug_frame   0x00000000       0x38 ./emlib/em_system.o
 .text          0x00000000        0x0 ./emlib/em_timer.o
 .data          0x00000000        0x0 ./emlib/em_timer.o
 .bss           0x00000000        0x0 ./emlib/em_timer.o
 .text.TIMER_Init
                0x00000000       0x7c ./emlib/em_timer.o
 .text.TIMER_InitCC
                0x00000000       0x58 ./emlib/em_timer.o
 .text.TIMER_Reset
                0x00000000       0x34 ./emlib/em_timer.o
 .debug_info    0x00000000      0x5ee ./emlib/em_timer.o
 .debug_abbrev  0x00000000      0x149 ./emlib/em_timer.o
 .debug_loc     0x00000000       0xe8 ./emlib/em_timer.o
 .debug_aranges
                0x00000000       0x30 ./emlib/em_timer.o
 .debug_ranges  0x00000000       0x20 ./emlib/em_timer.o
 .debug_line    0x00000000      0x1f8 ./emlib/em_timer.o
 .debug_str     0x00000000      0x661 ./emlib/em_timer.o
 .comment       0x00000000       0x71 ./emlib/em_timer.o
 .ARM.attributes
                0x00000000       0x32 ./emlib/em_timer.o
 .debug_frame   0x00000000       0x58 ./emlib/em_timer.o
 .text          0x00000000        0x0 ./emlib/em_usart.o
 .data          0x00000000        0x0 ./emlib/em_usart.o
 .bss           0x00000000        0x0 ./emlib/em_usart.o
 .text.USART_BaudrateAsyncSet
                0x00000000       0x6c ./emlib/em_usart.o
 .text.USART_BaudrateCalc
                0x00000000       0x60 ./emlib/em_usart.o
 .text.USART_BaudrateGet
                0x00000000       0x88 ./emlib/em_usart.o
 .text.USART_BaudrateSyncSet
                0x00000000       0x34 ./emlib/em_usart.o
 .text.USART_InitSync
                0x00000000       0xb4 ./emlib/em_usart.o
 .text.USART_InitIrDA
                0x00000000       0x50 ./emlib/em_usart.o
 .text.USART_InitI2s
                0x00000000       0x4c ./emlib/em_usart.o
 .text.USART_InitPrsTrigger
                0x00000000       0x30 ./emlib/em_usart.o
 .text.USART_Reset
                0x00000000       0x3c ./emlib/em_usart.o
 .text.USART_Rx
                0x00000000       0x10 ./emlib/em_usart.o
 .text.USART_RxDouble
                0x00000000       0x14 ./emlib/em_usart.o
 .text.USART_RxDoubleExt
                0x00000000       0x10 ./emlib/em_usart.o
 .text.USART_RxExt
                0x00000000       0x10 ./emlib/em_usart.o
 .text.USART_SpiTransfer
                0x00000000       0x1c ./emlib/em_usart.o
 .text.USART_Tx
                0x00000000       0x10 ./emlib/em_usart.o
 .text.USART_TxDouble
                0x00000000       0x10 ./emlib/em_usart.o
 .text.USART_TxDoubleExt
                0x00000000       0x10 ./emlib/em_usart.o
 .text.USART_TxExt
                0x00000000       0x10 ./emlib/em_usart.o
 .text          0x00000000        0x0 ./emlib/em_wdog.o
 .data          0x00000000        0x0 ./emlib/em_wdog.o
 .bss           0x00000000        0x0 ./emlib/em_wdog.o
 .text.WDOG_Enable
                0x00000000       0x24 ./emlib/em_wdog.o
 .text.WDOG_Feed
                0x00000000       0x24 ./emlib/em_wdog.o
 .text.WDOG_Init
                0x00000000       0x80 ./emlib/em_wdog.o
 .text.WDOG_Lock
                0x00000000       0x1c ./emlib/em_wdog.o
 .debug_info    0x00000000      0x3ef ./emlib/em_wdog.o
 .debug_abbrev  0x00000000      0x1a6 ./emlib/em_wdog.o
 .debug_loc     0x00000000      0x199 ./emlib/em_wdog.o
 .debug_aranges
                0x00000000       0x38 ./emlib/em_wdog.o
 .debug_ranges  0x00000000       0x58 ./emlib/em_wdog.o
 .debug_line    0x00000000      0x24e ./emlib/em_wdog.o
 .debug_str     0x00000000      0x373 ./emlib/em_wdog.o
 .comment       0x00000000       0x71 ./emlib/em_wdog.o
 .ARM.attributes
                0x00000000       0x32 ./emlib/em_wdog.o
 .debug_frame   0x00000000       0x74 ./emlib/em_wdog.o
 .data          0x00000000        0x0 ./CMSIS/efm32zg/startup_gcc_efm32zg.o
 .bss           0x00000000        0x0 ./CMSIS/efm32zg/startup_gcc_efm32zg.o
 .text          0x00000000        0x0 ./CMSIS/efm32zg/system_efm32zg.o
 .data          0x00000000        0x0 ./CMSIS/efm32zg/system_efm32zg.o
 .bss           0x00000000        0x0 ./CMSIS/efm32zg/system_efm32zg.o
 .text.SystemHFXOClockGet
                0x00000000        0xc ./CMSIS/efm32zg/system_efm32zg.o
 .text.SystemHFXOClockSet
                0x00000000       0xb4 ./CMSIS/efm32zg/system_efm32zg.o
 .text.SystemLFXOClockSet
                0x00000000       0xb4 ./CMSIS/efm32zg/system_efm32zg.o
 .data          0x00000000        0x0 d:/siliconlabs/simplicitystudio/v2/developer/toolchains/gnu_arm/4.7_2013q1/bin/../lib/gcc/arm-none-eabi/4.7.3/armv6-m\libgcc.a(_udivsi3.o)
 .bss           0x00000000        0x0 d:/siliconlabs/simplicitystudio/v2/developer/toolchains/gnu_arm/4.7_2013q1/bin/../lib/gcc/arm-none-eabi/4.7.3/armv6-m\libgcc.a(_udivsi3.o)
 .data          0x00000000        0x0 d:/siliconlabs/simplicitystudio/v2/developer/toolchains/gnu_arm/4.7_2013q1/bin/../lib/gcc/arm-none-eabi/4.7.3/armv6-m\libgcc.a(_divsi3.o)
 .bss           0x00000000        0x0 d:/siliconlabs/simplicitystudio/v2/developer/toolchains/gnu_arm/4.7_2013q1/bin/../lib/gcc/arm-none-eabi/4.7.3/armv6-m\libgcc.a(_divsi3.o)
 .data          0x00000000        0x0 d:/siliconlabs/simplicitystudio/v2/developer/toolchains/gnu_arm/4.7_2013q1/bin/../lib/gcc/arm-none-eabi/4.7.3/armv6-m\libgcc.a(_dvmd_tls.o)
 .bss           0x00000000        0x0 d:/siliconlabs/simplicitystudio/v2/developer/toolchains/gnu_arm/4.7_2013q1/bin/../lib/gcc/arm-none-eabi/4.7.3/armv6-m\libgcc.a(_dvmd_tls.o)
 .text          0x00000000        0x0 d:/siliconlabs/simplicitystudio/v2/developer/toolchains/gnu_arm/4.7_2013q1/bin/../lib/gcc/arm-none-eabi/4.7.3/../../../../arm-none-eabi/lib/armv6-m\libc_s.a(lib_a-__atexit2.o)
 .data          0x00000000        0x0 d:/siliconlabs/simplicitystudio/v2/developer/toolchains/gnu_arm/4.7_2013q1/bin/../lib/gcc/arm-none-eabi/4.7.3/../../../../arm-none-eabi/lib/armv6-m\libc_s.a(lib_a-__atexit2.o)
 .bss           0x00000000        0x0 d:/siliconlabs/simplicitystudio/v2/developer/toolchains/gnu_arm/4.7_2013q1/bin/../lib/gcc/arm-none-eabi/4.7.3/../../../../arm-none-eabi/lib/armv6-m\libc_s.a(lib_a-__atexit2.o)
 .text          0x00000000        0x0 d:/siliconlabs/simplicitystudio/v2/developer/toolchains/gnu_arm/4.7_2013q1/bin/../lib/gcc/arm-none-eabi/4.7.3/../../../../arm-none-eabi/lib/armv6-m\libc_s.a(lib_a-exit.o)
 .data          0x00000000        0x0 d:/siliconlabs/simplicitystudio/v2/developer/toolchains/gnu_arm/4.7_2013q1/bin/../lib/gcc/arm-none-eabi/4.7.3/../../../../arm-none-eabi/lib/armv6-m\libc_s.a(lib_a-exit.o)
 .bss           0x00000000        0x0 d:/siliconlabs/simplicitystudio/v2/developer/toolchains/gnu_arm/4.7_2013q1/bin/../lib/gcc/arm-none-eabi/4.7.3/../../../../arm-none-eabi/lib/armv6-m\libc_s.a(lib_a-exit.o)
 .text          0x00000000        0x0 d:/siliconlabs/simplicitystudio/v2/developer/toolchains/gnu_arm/4.7_2013q1/bin/../lib/gcc/arm-none-eabi/4.7.3/../../../../arm-none-eabi/lib/armv6-m\libc_s.a(lib_a-fini.o)
 .data          0x00000000        0x0 d:/siliconlabs/simplicitystudio/v2/developer/toolchains/gnu_arm/4.7_2013q1/bin/../lib/gcc/arm-none-eabi/4.7.3/../../../../arm-none-eabi/lib/armv6-m\libc_s.a(lib_a-fini.o)
 .bss           0x00000000        0x0 d:/siliconlabs/simplicitystudio/v2/developer/toolchains/gnu_arm/4.7_2013q1/bin/../lib/gcc/arm-none-eabi/4.7.3/../../../../arm-none-eabi/lib/armv6-m\libc_s.a(lib_a-fini.o)
 .text          0x00000000        0x0 d:/siliconlabs/simplicitystudio/v2/developer/toolchains/gnu_arm/4.7_2013q1/bin/../lib/gcc/arm-none-eabi/4.7.3/../../../../arm-none-eabi/lib/armv6-m\libc_s.a(lib_a-impure.o)
 .data          0x00000000        0x0 d:/siliconlabs/simplicitystudio/v2/developer/toolchains/gnu_arm/4.7_2013q1/bin/../lib/gcc/arm-none-eabi/4.7.3/../../../../arm-none-eabi/lib/armv6-m\libc_s.a(lib_a-impure.o)
 .bss           0x00000000        0x0 d:/siliconlabs/simplicitystudio/v2/developer/toolchains/gnu_arm/4.7_2013q1/bin/../lib/gcc/arm-none-eabi/4.7.3/../../../../arm-none-eabi/lib/armv6-m\libc_s.a(lib_a-impure.o)
 .text          0x00000000        0x0 d:/siliconlabs/simplicitystudio/v2/developer/toolchains/gnu_arm/4.7_2013q1/bin/../lib/gcc/arm-none-eabi/4.7.3/../../../../arm-none-eabi/lib/armv6-m\libc_s.a(lib_a-init.o)
 .data          0x00000000        0x0 d:/siliconlabs/simplicitystudio/v2/developer/toolchains/gnu_arm/4.7_2013q1/bin/../lib/gcc/arm-none-eabi/4.7.3/../../../../arm-none-eabi/lib/armv6-m\libc_s.a(lib_a-init.o)
 .bss           0x00000000        0x0 d:/siliconlabs/simplicitystudio/v2/developer/toolchains/gnu_arm/4.7_2013q1/bin/../lib/gcc/arm-none-eabi/4.7.3/../../../../arm-none-eabi/lib/armv6-m\libc_s.a(lib_a-init.o)
 .text          0x00000000        0x0 d:/siliconlabs/simplicitystudio/v2/developer/toolchains/gnu_arm/4.7_2013q1/bin/../lib/gcc/arm-none-eabi/4.7.3/../../../../arm-none-eabi/lib/armv6-m\libc_s.a(lib_a-memcpy.o)
 .data          0x00000000        0x0 d:/siliconlabs/simplicitystudio/v2/developer/toolchains/gnu_arm/4.7_2013q1/bin/../lib/gcc/arm-none-eabi/4.7.3/../../../../arm-none-eabi/lib/armv6-m\libc_s.a(lib_a-memcpy.o)
 .bss           0x00000000        0x0 d:/siliconlabs/simplicitystudio/v2/developer/toolchains/gnu_arm/4.7_2013q1/bin/../lib/gcc/arm-none-eabi/4.7.3/../../../../arm-none-eabi/lib/armv6-m\libc_s.a(lib_a-memcpy.o)
 .text          0x00000000        0x0 d:/siliconlabs/simplicitystudio/v2/developer/toolchains/gnu_arm/4.7_2013q1/bin/../lib/gcc/arm-none-eabi/4.7.3/../../../../arm-none-eabi/lib/armv6-m\libc_s.a(lib_a-memset.o)
 .data          0x00000000        0x0 d:/siliconlabs/simplicitystudio/v2/developer/toolchains/gnu_arm/4.7_2013q1/bin/../lib/gcc/arm-none-eabi/4.7.3/../../../../arm-none-eabi/lib/armv6-m\libc_s.a(lib_a-memset.o)
 .bss           0x00000000        0x0 d:/siliconlabs/simplicitystudio/v2/developer/toolchains/gnu_arm/4.7_2013q1/bin/../lib/gcc/arm-none-eabi/4.7.3/../../../../arm-none-eabi/lib/armv6-m\libc_s.a(lib_a-memset.o)
 .text          0x00000000        0x0 d:/siliconlabs/simplicitystudio/v2/developer/toolchains/gnu_arm/4.7_2013q1/bin/../lib/gcc/arm-none-eabi/4.7.3/../../../../arm-none-eabi/lib/armv6-m\libc_s.a(lib_a-sprintf.o)
 .data          0x00000000        0x0 d:/siliconlabs/simplicitystudio/v2/developer/toolchains/gnu_arm/4.7_2013q1/bin/../lib/gcc/arm-none-eabi/4.7.3/../../../../arm-none-eabi/lib/armv6-m\libc_s.a(lib_a-sprintf.o)
 .bss           0x00000000        0x0 d:/siliconlabs/simplicitystudio/v2/developer/toolchains/gnu_arm/4.7_2013q1/bin/../lib/gcc/arm-none-eabi/4.7.3/../../../../arm-none-eabi/lib/armv6-m\libc_s.a(lib_a-sprintf.o)
 .text._sprintf_r
                0x00000000       0x40 d:/siliconlabs/simplicitystudio/v2/developer/toolchains/gnu_arm/4.7_2013q1/bin/../lib/gcc/arm-none-eabi/4.7.3/../../../../arm-none-eabi/lib/armv6-m\libc_s.a(lib_a-sprintf.o)
 .text          0x00000000        0x0 d:/siliconlabs/simplicitystudio/v2/developer/toolchains/gnu_arm/4.7_2013q1/bin/../lib/gcc/arm-none-eabi/4.7.3/../../../../arm-none-eabi/lib/armv6-m\libc_s.a(lib_a-svfprintf.o)
 .data          0x00000000        0x0 d:/siliconlabs/simplicitystudio/v2/developer/toolchains/gnu_arm/4.7_2013q1/bin/../lib/gcc/arm-none-eabi/4.7.3/../../../../arm-none-eabi/lib/armv6-m\libc_s.a(lib_a-svfprintf.o)
 .bss           0x00000000        0x0 d:/siliconlabs/simplicitystudio/v2/developer/toolchains/gnu_arm/4.7_2013q1/bin/../lib/gcc/arm-none-eabi/4.7.3/../../../../arm-none-eabi/lib/armv6-m\libc_s.a(lib_a-svfprintf.o)
 .text.__ssprint_r
                0x00000000      0x100 d:/siliconlabs/simplicitystudio/v2/developer/toolchains/gnu_arm/4.7_2013q1/bin/../lib/gcc/arm-none-eabi/4.7.3/../../../../arm-none-eabi/lib/armv6-m\libc_s.a(lib_a-svfprintf.o)
 .text          0x00000000        0x0 d:/siliconlabs/simplicitystudio/v2/developer/toolchains/gnu_arm/4.7_2013q1/bin/../lib/gcc/arm-none-eabi/4.7.3/../../../../arm-none-eabi/lib/armv6-m\libc_s.a(lib_a-vfprintf_i.o)
 .data          0x00000000        0x0 d:/siliconlabs/simplicitystudio/v2/developer/toolchains/gnu_arm/4.7_2013q1/bin/../lib/gcc/arm-none-eabi/4.7.3/../../../../arm-none-eabi/lib/armv6-m\libc_s.a(lib_a-vfprintf_i.o)
 .bss           0x00000000        0x0 d:/siliconlabs/simplicitystudio/v2/developer/toolchains/gnu_arm/4.7_2013q1/bin/../lib/gcc/arm-none-eabi/4.7.3/../../../../arm-none-eabi/lib/armv6-m\libc_s.a(lib_a-vfprintf_i.o)
 .text          0x00000000        0x0 d:/siliconlabs/simplicitystudio/v2/developer/toolchains/gnu_arm/4.7_2013q1/bin/../lib/gcc/arm-none-eabi/4.7.3/../../../../arm-none-eabi/lib/armv6-m\libc_s.a(lib_a-freer.o)
 .data          0x00000000        0x0 d:/siliconlabs/simplicitystudio/v2/developer/toolchains/gnu_arm/4.7_2013q1/bin/../lib/gcc/arm-none-eabi/4.7.3/../../../../arm-none-eabi/lib/armv6-m\libc_s.a(lib_a-freer.o)
 .bss           0x00000000        0x0 d:/siliconlabs/simplicitystudio/v2/developer/toolchains/gnu_arm/4.7_2013q1/bin/../lib/gcc/arm-none-eabi/4.7.3/../../../../arm-none-eabi/lib/armv6-m\libc_s.a(lib_a-freer.o)
 .text          0x00000000        0x0 d:/siliconlabs/simplicitystudio/v2/developer/toolchains/gnu_arm/4.7_2013q1/bin/../lib/gcc/arm-none-eabi/4.7.3/../../../../arm-none-eabi/lib/armv6-m\libc_s.a(lib_a-mallocr.o)
 .data          0x00000000        0x0 d:/siliconlabs/simplicitystudio/v2/developer/toolchains/gnu_arm/4.7_2013q1/bin/../lib/gcc/arm-none-eabi/4.7.3/../../../../arm-none-eabi/lib/armv6-m\libc_s.a(lib_a-mallocr.o)
 .bss           0x00000000        0x0 d:/siliconlabs/simplicitystudio/v2/developer/toolchains/gnu_arm/4.7_2013q1/bin/../lib/gcc/arm-none-eabi/4.7.3/../../../../arm-none-eabi/lib/armv6-m\libc_s.a(lib_a-mallocr.o)
 .text          0x00000000        0x0 d:/siliconlabs/simplicitystudio/v2/developer/toolchains/gnu_arm/4.7_2013q1/bin/../lib/gcc/arm-none-eabi/4.7.3/../../../../arm-none-eabi/lib/armv6-m\libc_s.a(lib_a-memchr.o)
 .data          0x00000000        0x0 d:/siliconlabs/simplicitystudio/v2/developer/toolchains/gnu_arm/4.7_2013q1/bin/../lib/gcc/arm-none-eabi/4.7.3/../../../../arm-none-eabi/lib/armv6-m\libc_s.a(lib_a-memchr.o)
 .bss           0x00000000        0x0 d:/siliconlabs/simplicitystudio/v2/developer/toolchains/gnu_arm/4.7_2013q1/bin/../lib/gcc/arm-none-eabi/4.7.3/../../../../arm-none-eabi/lib/armv6-m\libc_s.a(lib_a-memchr.o)
 .text          0x00000000        0x0 d:/siliconlabs/simplicitystudio/v2/developer/toolchains/gnu_arm/4.7_2013q1/bin/../lib/gcc/arm-none-eabi/4.7.3/../../../../arm-none-eabi/lib/armv6-m\libc_s.a(lib_a-memmove.o)
 .data          0x00000000        0x0 d:/siliconlabs/simplicitystudio/v2/developer/toolchains/gnu_arm/4.7_2013q1/bin/../lib/gcc/arm-none-eabi/4.7.3/../../../../arm-none-eabi/lib/armv6-m\libc_s.a(lib_a-memmove.o)
 .bss           0x00000000        0x0 d:/siliconlabs/simplicitystudio/v2/developer/toolchains/gnu_arm/4.7_2013q1/bin/../lib/gcc/arm-none-eabi/4.7.3/../../../../arm-none-eabi/lib/armv6-m\libc_s.a(lib_a-memmove.o)
 .text.memmove  0x00000000       0x30 d:/siliconlabs/simplicitystudio/v2/developer/toolchains/gnu_arm/4.7_2013q1/bin/../lib/gcc/arm-none-eabi/4.7.3/../../../../arm-none-eabi/lib/armv6-m\libc_s.a(lib_a-memmove.o)
 .ARM.attributes
                0x00000000       0x2c d:/siliconlabs/simplicitystudio/v2/developer/toolchains/gnu_arm/4.7_2013q1/bin/../lib/gcc/arm-none-eabi/4.7.3/../../../../arm-none-eabi/lib/armv6-m\libc_s.a(lib_a-memmove.o)
 .debug_frame   0x00000000       0x2c d:/siliconlabs/simplicitystudio/v2/developer/toolchains/gnu_arm/4.7_2013q1/bin/../lib/gcc/arm-none-eabi/4.7.3/../../../../arm-none-eabi/lib/armv6-m\libc_s.a(lib_a-memmove.o)
 .text          0x00000000        0x0 d:/siliconlabs/simplicitystudio/v2/developer/toolchains/gnu_arm/4.7_2013q1/bin/../lib/gcc/arm-none-eabi/4.7.3/../../../../arm-none-eabi/lib/armv6-m\libc_s.a(lib_a-reallocr.o)
 .data          0x00000000        0x0 d:/siliconlabs/simplicitystudio/v2/developer/toolchains/gnu_arm/4.7_2013q1/bin/../lib/gcc/arm-none-eabi/4.7.3/../../../../arm-none-eabi/lib/armv6-m\libc_s.a(lib_a-reallocr.o)
 .bss           0x00000000        0x0 d:/siliconlabs/simplicitystudio/v2/developer/toolchains/gnu_arm/4.7_2013q1/bin/../lib/gcc/arm-none-eabi/4.7.3/../../../../arm-none-eabi/lib/armv6-m\libc_s.a(lib_a-reallocr.o)
 .text          0x00000000        0x0 d:/siliconlabs/simplicitystudio/v2/developer/toolchains/gnu_arm/4.7_2013q1/bin/../lib/gcc/arm-none-eabi/4.7.3/../../../../arm-none-eabi/lib/armv6-m\libc_s.a(lib_a-sbrkr.o)
 .data          0x00000000        0x0 d:/siliconlabs/simplicitystudio/v2/developer/toolchains/gnu_arm/4.7_2013q1/bin/../lib/gcc/arm-none-eabi/4.7.3/../../../../arm-none-eabi/lib/armv6-m\libc_s.a(lib_a-sbrkr.o)
 .bss           0x00000000        0x0 d:/siliconlabs/simplicitystudio/v2/developer/toolchains/gnu_arm/4.7_2013q1/bin/../lib/gcc/arm-none-eabi/4.7.3/../../../../arm-none-eabi/lib/armv6-m\libc_s.a(lib_a-sbrkr.o)
 .text          0x00000000        0x0 d:/siliconlabs/simplicitystudio/v2/developer/toolchains/gnu_arm/4.7_2013q1/bin/../lib/gcc/arm-none-eabi/4.7.3/../../../../arm-none-eabi/lib/armv6-m\libc_s.a(lib_a-strlen.o)
 .data          0x00000000        0x0 d:/siliconlabs/simplicitystudio/v2/developer/toolchains/gnu_arm/4.7_2013q1/bin/../lib/gcc/arm-none-eabi/4.7.3/../../../../arm-none-eabi/lib/armv6-m\libc_s.a(lib_a-strlen.o)
 .bss           0x00000000        0x0 d:/siliconlabs/simplicitystudio/v2/developer/toolchains/gnu_arm/4.7_2013q1/bin/../lib/gcc/arm-none-eabi/4.7.3/../../../../arm-none-eabi/lib/armv6-m\libc_s.a(lib_a-strlen.o)
 .text          0x00000000        0x0 d:/siliconlabs/simplicitystudio/v2/developer/toolchains/gnu_arm/4.7_2013q1/bin/../lib/gcc/arm-none-eabi/4.7.3/../../../../arm-none-eabi/lib/armv6-m\libc_s.a(lib_a-msizer.o)
 .data          0x00000000        0x0 d:/siliconlabs/simplicitystudio/v2/developer/toolchains/gnu_arm/4.7_2013q1/bin/../lib/gcc/arm-none-eabi/4.7.3/../../../../arm-none-eabi/lib/armv6-m\libc_s.a(lib_a-msizer.o)
 .bss           0x00000000        0x0 d:/siliconlabs/simplicitystudio/v2/developer/toolchains/gnu_arm/4.7_2013q1/bin/../lib/gcc/arm-none-eabi/4.7.3/../../../../arm-none-eabi/lib/armv6-m\libc_s.a(lib_a-msizer.o)
 .text          0x00000000        0x0 d:/siliconlabs/simplicitystudio/v2/developer/toolchains/gnu_arm/4.7_2013q1/bin/../lib/gcc/arm-none-eabi/4.7.3/../../../../arm-none-eabi/lib/armv6-m\libc_s.a(lib_a-reent.o)
 .data          0x00000000        0x0 d:/siliconlabs/simplicitystudio/v2/developer/toolchains/gnu_arm/4.7_2013q1/bin/../lib/gcc/arm-none-eabi/4.7.3/../../../../arm-none-eabi/lib/armv6-m\libc_s.a(lib_a-reent.o)
 .bss           0x00000000        0x0 d:/siliconlabs/simplicitystudio/v2/developer/toolchains/gnu_arm/4.7_2013q1/bin/../lib/gcc/arm-none-eabi/4.7.3/../../../../arm-none-eabi/lib/armv6-m\libc_s.a(lib_a-reent.o)
 .text.cleanup_glue
                0x00000000       0x1a d:/siliconlabs/simplicitystudio/v2/developer/toolchains/gnu_arm/4.7_2013q1/bin/../lib/gcc/arm-none-eabi/4.7.3/../../../../arm-none-eabi/lib/armv6-m\libc_s.a(lib_a-reent.o)
 .text._reclaim_reent
                0x00000000       0xc0 d:/siliconlabs/simplicitystudio/v2/developer/toolchains/gnu_arm/4.7_2013q1/bin/../lib/gcc/arm-none-eabi/4.7.3/../../../../arm-none-eabi/lib/armv6-m\libc_s.a(lib_a-reent.o)
 .text._wrapup_reent
                0x00000000       0x34 d:/siliconlabs/simplicitystudio/v2/developer/toolchains/gnu_arm/4.7_2013q1/bin/../lib/gcc/arm-none-eabi/4.7.3/../../../../arm-none-eabi/lib/armv6-m\libc_s.a(lib_a-reent.o)
 .text          0x00000000        0x0 d:/siliconlabs/simplicitystudio/v2/developer/toolchains/gnu_arm/4.7_2013q1/bin/../lib/gcc/arm-none-eabi/4.7.3/../../../../arm-none-eabi/lib/armv6-m\libnosys.a(sbrk.o)
 .data          0x00000000        0x0 d:/siliconlabs/simplicitystudio/v2/developer/toolchains/gnu_arm/4.7_2013q1/bin/../lib/gcc/arm-none-eabi/4.7.3/../../../../arm-none-eabi/lib/armv6-m\libnosys.a(sbrk.o)
 .bss           0x00000000        0x0 d:/siliconlabs/simplicitystudio/v2/developer/toolchains/gnu_arm/4.7_2013q1/bin/../lib/gcc/arm-none-eabi/4.7.3/../../../../arm-none-eabi/lib/armv6-m\libnosys.a(sbrk.o)
 .text          0x00000000        0x0 d:/siliconlabs/simplicitystudio/v2/developer/toolchains/gnu_arm/4.7_2013q1/bin/../lib/gcc/arm-none-eabi/4.7.3/../../../../arm-none-eabi/lib/armv6-m\libnosys.a(_exit.o)
 .data          0x00000000        0x0 d:/siliconlabs/simplicitystudio/v2/developer/toolchains/gnu_arm/4.7_2013q1/bin/../lib/gcc/arm-none-eabi/4.7.3/../../../../arm-none-eabi/lib/armv6-m\libnosys.a(_exit.o)
 .bss           0x00000000        0x0 d:/siliconlabs/simplicitystudio/v2/developer/toolchains/gnu_arm/4.7_2013q1/bin/../lib/gcc/arm-none-eabi/4.7.3/../../../../arm-none-eabi/lib/armv6-m\libnosys.a(_exit.o)
 .text          0x00000000        0x0 d:/siliconlabs/simplicitystudio/v2/developer/toolchains/gnu_arm/4.7_2013q1/bin/../lib/gcc/arm-none-eabi/4.7.3/armv6-m/crtend.o
 .data          0x00000000        0x0 d:/siliconlabs/simplicitystudio/v2/developer/toolchains/gnu_arm/4.7_2013q1/bin/../lib/gcc/arm-none-eabi/4.7.3/armv6-m/crtend.o
 .bss           0x00000000        0x0 d:/siliconlabs/simplicitystudio/v2/developer/toolchains/gnu_arm/4.7_2013q1/bin/../lib/gcc/arm-none-eabi/4.7.3/armv6-m/crtend.o
 .jcr           0x00000000        0x4 d:/siliconlabs/simplicitystudio/v2/developer/toolchains/gnu_arm/4.7_2013q1/bin/../lib/gcc/arm-none-eabi/4.7.3/armv6-m/crtend.o
 .text          0x00000000        0x0 d:/siliconlabs/simplicitystudio/v2/developer/toolchains/gnu_arm/4.7_2013q1/bin/../lib/gcc/arm-none-eabi/4.7.3/armv6-m/crtn.o
 .data          0x00000000        0x0 d:/siliconlabs/simplicitystudio/v2/developer/toolchains/gnu_arm/4.7_2013q1/bin/../lib/gcc/arm-none-eabi/4.7.3/armv6-m/crtn.o
 .bss           0x00000000        0x0 d:/siliconlabs/simplicitystudio/v2/developer/toolchains/gnu_arm/4.7_2013q1/bin/../lib/gcc/arm-none-eabi/4.7.3/armv6-m/crtn.o

Memory Configuration

Name             Origin             Length             Attributes
FLASH            0x00000800         0x00007800         xr
RAM              0x20000000         0x00001000         xrw
*default*        0x00000000         0xffffffff

Linker script and memory map

LOAD d:/siliconlabs/simplicitystudio/v2/developer/toolchains/gnu_arm/4.7_2013q1/bin/../lib/gcc/arm-none-eabi/4.7.3/armv6-m/crti.o
LOAD d:/siliconlabs/simplicitystudio/v2/developer/toolchains/gnu_arm/4.7_2013q1/bin/../lib/gcc/arm-none-eabi/4.7.3/armv6-m/crtbegin.o
LOAD d:/siliconlabs/simplicitystudio/v2/developer/toolchains/gnu_arm/4.7_2013q1/bin/../lib/gcc/arm-none-eabi/4.7.3/../../../../arm-none-eabi/lib/armv6-m/crt0.o
LOAD ./src/RTC_.o
LOAD ./src/i2c_connection.o
LOAD ./src/main.o
LOAD ./src/uart_connection.o
LOAD ./emlib/em_cmu.o
LOAD ./emlib/em_emu.o
LOAD ./emlib/em_gpio.o
LOAD ./emlib/em_i2c.o
LOAD ./emlib/em_int.o
LOAD ./emlib/em_rmu.o
LOAD ./emlib/em_rtc.o
LOAD ./emlib/em_system.o
LOAD ./emlib/em_timer.o
LOAD ./emlib/em_usart.o
LOAD ./emlib/em_wdog.o
LOAD ./CMSIS/efm32zg/startup_gcc_efm32zg.o
LOAD ./CMSIS/efm32zg/system_efm32zg.o
START GROUP
LOAD d:/siliconlabs/simplicitystudio/v2/developer/toolchains/gnu_arm/4.7_2013q1/bin/../lib/gcc/arm-none-eabi/4.7.3/armv6-m\libgcc.a
LOAD d:/siliconlabs/simplicitystudio/v2/developer/toolchains/gnu_arm/4.7_2013q1/bin/../lib/gcc/arm-none-eabi/4.7.3/../../../../arm-none-eabi/lib/armv6-m\libc_s.a
LOAD d:/siliconlabs/simplicitystudio/v2/developer/toolchains/gnu_arm/4.7_2013q1/bin/../lib/gcc/arm-none-eabi/4.7.3/../../../../arm-none-eabi/lib/armv6-m\libnosys.a
END GROUP
START GROUP
LOAD d:/siliconlabs/simplicitystudio/v2/developer/toolchains/gnu_arm/4.7_2013q1/bin/../lib/gcc/arm-none-eabi/4.7.3/armv6-m\libgcc.a
LOAD d:/siliconlabs/simplicitystudio/v2/developer/toolchains/gnu_arm/4.7_2013q1/bin/../lib/gcc/arm-none-eabi/4.7.3/../../../../arm-none-eabi/lib/armv6-m\libc_s.a
END GROUP
LOAD d:/siliconlabs/simplicitystudio/v2/developer/toolchains/gnu_arm/4.7_2013q1/bin/../lib/gcc/arm-none-eabi/4.7.3/armv6-m/crtend.o
LOAD d:/siliconlabs/simplicitystudio/v2/developer/toolchains/gnu_arm/4.7_2013q1/bin/../lib/gcc/arm-none-eabi/4.7.3/armv6-m/crtn.o

.text           0x00000800     0x2a4c
 *(.isr_vector)
 .isr_vector    0x00000800      0x100 ./CMSIS/efm32zg/startup_gcc_efm32zg.o
                0x00000800                __isr_vector
 *(.text*)
 .text          0x00000900       0x60 d:/siliconlabs/simplicitystudio/v2/developer/toolchains/gnu_arm/4.7_2013q1/bin/../lib/gcc/arm-none-eabi/4.7.3/armv6-m/crtbegin.o
 .text          0x00000960       0x74 d:/siliconlabs/simplicitystudio/v2/developer/toolchains/gnu_arm/4.7_2013q1/bin/../lib/gcc/arm-none-eabi/4.7.3/../../../../arm-none-eabi/lib/armv6-m/crt0.o
                0x00000960                _start
                0x00000960                start
                0x00000960                _mainCRTStartup
 .text.setupRtc
                0x000009d4       0x7c ./src/RTC_.o
                0x000009d4                setupRtc
 .text.initI2C  0x00000a50       0x94 ./src/i2c_connection.o
                0x00000a50                initI2C
 .text.I2C0_IRQHandler
                0x00000ae4       0x18 ./src/i2c_connection.o
                0x00000ae4                I2C0_IRQHandler
 .text.i2c_RegisterGet
                0x00000afc       0x6c ./src/i2c_connection.o
                0x00000afc                i2c_RegisterGet
 .text.i2c_RegisterSet
                0x00000b68       0x64 ./src/i2c_connection.o
                0x00000b68                i2c_RegisterSet
 .text.i2c_Detect
                0x00000bcc       0x5c ./src/i2c_connection.o
                0x00000bcc                i2c_Detect
 .text.i2c_Scan
                0x00000c28       0x90 ./src/i2c_connection.o
                0x00000c28                i2c_Scan
 .text.i2c_Register_Read_Block
                0x00000cb8       0x64 ./src/i2c_connection.o
                0x00000cb8                i2c_Register_Read_Block
 .text.resetLTC2942charge
                0x00000d1c       0x9c ./src/main.o
                0x00000d1c                resetLTC2942charge
 .text.initOscillators
                0x00000db8       0x1c ./src/main.o
                0x00000db8                initOscillators
 .text.initGPIO
                0x00000dd4       0x28 ./src/main.o
                0x00000dd4                initGPIO
 .text.readStatusADP5063
                0x00000dfc      0x2d0 ./src/main.o
                0x00000dfc                readStatusADP5063
 .text.initDevices
                0x000010cc       0xe0 ./src/main.o
                0x000010cc                initDevices
 .text.RTC_IRQHandler
                0x000011ac      0x220 ./src/main.o
                0x000011ac                RTC_IRQHandler
 .text.detectDevices
                0x000013cc       0x70 ./src/main.o
                0x000013cc                detectDevices
 .text.startup.main
                0x0000143c       0x60 ./src/main.o
                0x0000143c                main
 .text.initUART
                0x0000149c       0x60 ./src/uart_connection.o
                0x0000149c                initUART
 .text.uart_sendText
                0x000014fc       0x24 ./src/uart_connection.o
                0x000014fc                uart_sendText
 .text.CMU_ClockEnable
                0x00001520       0x74 ./emlib/em_cmu.o
                0x00001520                CMU_ClockEnable
 .text.CMU_ClockFreqGet
                0x00001594      0x1a0 ./emlib/em_cmu.o
                0x00001594                CMU_ClockFreqGet
 .text.CMU_ClockSelectSet
                0x00001734      0x150 ./emlib/em_cmu.o
                0x00001734                CMU_ClockSelectSet
 .text.CMU_OscillatorEnable
                0x00001884       0x5c ./emlib/em_cmu.o
                0x00001884                CMU_OscillatorEnable
 .text.EMU_EnterEM2
                0x000018e0       0xb4 ./emlib/em_emu.o
                0x000018e0                EMU_EnterEM2
 .text.EMU_UpdateOscConfig
                0x00001994       0x14 ./emlib/em_emu.o
                0x00001994                EMU_UpdateOscConfig
 .text.GPIO_PinModeSet
                0x000019a8       0xbc ./emlib/em_gpio.o
                0x000019a8                GPIO_PinModeSet
 .text.I2C_Init
                0x00001a64       0x84 ./emlib/em_i2c.o
                0x00001a64                I2C_Init
 .text.I2C_Transfer
                0x00001ae8      0x2fc ./emlib/em_i2c.o
                0x00001ae8                I2C_Transfer
 .text.I2C_TransferInit
                0x00001de4       0x6c ./emlib/em_i2c.o
                0x00001de4                I2C_TransferInit
 .text.RTC_CompareSet
                0x00001e50       0x1c ./emlib/em_rtc.o
                0x00001e50                RTC_CompareSet
 .text.RTC_Init
                0x00001e6c       0x24 ./emlib/em_rtc.o
                0x00001e6c                RTC_Init
 .text.USART_Enable
                0x00001e90        0xc ./emlib/em_usart.o
                0x00001e90                USART_Enable
 .text.USART_InitAsync
                0x00001e9c       0xd4 ./emlib/em_usart.o
                0x00001e9c                USART_InitAsync
 .text          0x00001f70       0x60 ./CMSIS/efm32zg/startup_gcc_efm32zg.o
                0x00001f70                Reset_Handler
                0x00001fa0                Default_Handler
                0x00001fa2                NMI_Handler
                0x00001fa4                HardFault_Handler
                0x00001fa6                SVC_Handler
                0x00001fa8                PendSV_Handler
                0x00001faa                SysTick_Handler
                0x00001fac                DMA_IRQHandler
                0x00001fae                GPIO_EVEN_IRQHandler
                0x00001fb0                TIMER0_IRQHandler
                0x00001fb2                ACMP0_IRQHandler
                0x00001fb4                ADC0_IRQHandler
                0x00001fb8                GPIO_ODD_IRQHandler
                0x00001fba                TIMER1_IRQHandler
                0x00001fbc                USART1_RX_IRQHandler
                0x00001fbe                USART1_TX_IRQHandler
                0x00001fc0                LEUART0_IRQHandler
                0x00001fc2                PCNT0_IRQHandler
                0x00001fc6                CMU_IRQHandler
                0x00001fc8                VCMP_IRQHandler
                0x00001fca                MSC_IRQHandler
                0x00001fcc                AES_IRQHandler
 .text.SystemCoreClockGet
                0x00001fd0       0xb0 ./CMSIS/efm32zg/system_efm32zg.o
                0x00001fd0                SystemCoreClockGet
 .text.SystemHFClockGet
                0x00002080       0x9c ./CMSIS/efm32zg/system_efm32zg.o
                0x00002080                SystemHFClockGet
 .text.SystemInit
                0x0000211c        0x4 ./CMSIS/efm32zg/system_efm32zg.o
                0x0000211c                SystemInit
 .text.SystemLFRCOClockGet
                0x00002120        0x8 ./CMSIS/efm32zg/system_efm32zg.o
                0x00002120                SystemLFRCOClockGet
 .text.SystemULFRCOClockGet
                0x00002128        0x8 ./CMSIS/efm32zg/system_efm32zg.o
                0x00002128                SystemULFRCOClockGet
 .text.SystemLFXOClockGet
                0x00002130        0xc ./CMSIS/efm32zg/system_efm32zg.o
                0x00002130                SystemLFXOClockGet
 .text          0x0000213c       0x9c d:/siliconlabs/simplicitystudio/v2/developer/toolchains/gnu_arm/4.7_2013q1/bin/../lib/gcc/arm-none-eabi/4.7.3/armv6-m\libgcc.a(_udivsi3.o)
                0x0000213c                __aeabi_uidiv
                0x0000213c                __udivsi3
                0x000021c4                __aeabi_uidivmod
 .text          0x000021d8       0xc0 d:/siliconlabs/simplicitystudio/v2/developer/toolchains/gnu_arm/4.7_2013q1/bin/../lib/gcc/arm-none-eabi/4.7.3/armv6-m\libgcc.a(_divsi3.o)
                0x000021d8                __divsi3
                0x000021d8                __aeabi_idiv
                0x00002284                __aeabi_idivmod
 .text          0x00002298        0x4 d:/siliconlabs/simplicitystudio/v2/developer/toolchains/gnu_arm/4.7_2013q1/bin/../lib/gcc/arm-none-eabi/4.7.3/armv6-m\libgcc.a(_dvmd_tls.o)
                0x00002298                __aeabi_idiv0
                0x00002298                __aeabi_ldiv0
 .text.__register_exitproc
                0x0000229c       0x18 d:/siliconlabs/simplicitystudio/v2/developer/toolchains/gnu_arm/4.7_2013q1/bin/../lib/gcc/arm-none-eabi/4.7.3/../../../../arm-none-eabi/lib/armv6-m\libc_s.a(lib_a-__atexit2.o)
                0x0000229c                __register_exitproc
 .text.exit     0x000022b4       0x30 d:/siliconlabs/simplicitystudio/v2/developer/toolchains/gnu_arm/4.7_2013q1/bin/../lib/gcc/arm-none-eabi/4.7.3/../../../../arm-none-eabi/lib/armv6-m\libc_s.a(lib_a-exit.o)
                0x000022b4                exit
 .text.__libc_fini_array
                0x000022e4       0x2c d:/siliconlabs/simplicitystudio/v2/developer/toolchains/gnu_arm/4.7_2013q1/bin/../lib/gcc/arm-none-eabi/4.7.3/../../../../arm-none-eabi/lib/armv6-m\libc_s.a(lib_a-fini.o)
                0x000022e4                __libc_fini_array
 .text.__libc_init_array
                0x00002310       0x4c d:/siliconlabs/simplicitystudio/v2/developer/toolchains/gnu_arm/4.7_2013q1/bin/../lib/gcc/arm-none-eabi/4.7.3/../../../../arm-none-eabi/lib/armv6-m\libc_s.a(lib_a-init.o)
                0x00002310                __libc_init_array
 .text.memcpy   0x0000235c       0x12 d:/siliconlabs/simplicitystudio/v2/developer/toolchains/gnu_arm/4.7_2013q1/bin/../lib/gcc/arm-none-eabi/4.7.3/../../../../arm-none-eabi/lib/armv6-m\libc_s.a(lib_a-memcpy.o)
                0x0000235c                memcpy
 .text.memset   0x0000236e       0x12 d:/siliconlabs/simplicitystudio/v2/developer/toolchains/gnu_arm/4.7_2013q1/bin/../lib/gcc/arm-none-eabi/4.7.3/../../../../arm-none-eabi/lib/armv6-m\libc_s.a(lib_a-memset.o)
                0x0000236e                memset
 .text.sprintf  0x00002380       0x44 d:/siliconlabs/simplicitystudio/v2/developer/toolchains/gnu_arm/4.7_2013q1/bin/../lib/gcc/arm-none-eabi/4.7.3/../../../../arm-none-eabi/lib/armv6-m\libc_s.a(lib_a-sprintf.o)
                0x00002380                siprintf
                0x00002380                sprintf
 .text.__ssputc_r
                0x000023c4       0xb0 d:/siliconlabs/simplicitystudio/v2/developer/toolchains/gnu_arm/4.7_2013q1/bin/../lib/gcc/arm-none-eabi/4.7.3/../../../../arm-none-eabi/lib/armv6-m\libc_s.a(lib_a-svfprintf.o)
                0x000023c4                __ssputc_r
 .text._svfprintf_r
                0x00002474      0x1f8 d:/siliconlabs/simplicitystudio/v2/developer/toolchains/gnu_arm/4.7_2013q1/bin/../lib/gcc/arm-none-eabi/4.7.3/../../../../arm-none-eabi/lib/armv6-m\libc_s.a(lib_a-svfprintf.o)
                0x00002474                _svfiprintf_r
                0x00002474                _svfprintf_r
 .text._printf_common
                0x0000266c       0xe0 d:/siliconlabs/simplicitystudio/v2/developer/toolchains/gnu_arm/4.7_2013q1/bin/../lib/gcc/arm-none-eabi/4.7.3/../../../../arm-none-eabi/lib/armv6-m\libc_s.a(lib_a-vfprintf_i.o)
                0x0000266c                _printf_common
 .text._printf_i
                0x0000274c      0x234 d:/siliconlabs/simplicitystudio/v2/developer/toolchains/gnu_arm/4.7_2013q1/bin/../lib/gcc/arm-none-eabi/4.7.3/../../../../arm-none-eabi/lib/armv6-m\libc_s.a(lib_a-vfprintf_i.o)
                0x0000274c                _printf_i
 .text._free_r  0x00002980       0x90 d:/siliconlabs/simplicitystudio/v2/developer/toolchains/gnu_arm/4.7_2013q1/bin/../lib/gcc/arm-none-eabi/4.7.3/../../../../arm-none-eabi/lib/armv6-m\libc_s.a(lib_a-freer.o)
                0x00002980                _free_r
 .text._malloc_r
                0x00002a10       0x94 d:/siliconlabs/simplicitystudio/v2/developer/toolchains/gnu_arm/4.7_2013q1/bin/../lib/gcc/arm-none-eabi/4.7.3/../../../../arm-none-eabi/lib/armv6-m\libc_s.a(lib_a-mallocr.o)
                0x00002a10                _malloc_r
 .text.memchr   0x00002aa4       0x18 d:/siliconlabs/simplicitystudio/v2/developer/toolchains/gnu_arm/4.7_2013q1/bin/../lib/gcc/arm-none-eabi/4.7.3/../../../../arm-none-eabi/lib/armv6-m\libc_s.a(lib_a-memchr.o)
                0x00002aa4                memchr
 .text._realloc_r
                0x00002abc       0x4c d:/siliconlabs/simplicitystudio/v2/developer/toolchains/gnu_arm/4.7_2013q1/bin/../lib/gcc/arm-none-eabi/4.7.3/../../../../arm-none-eabi/lib/armv6-m\libc_s.a(lib_a-reallocr.o)
                0x00002abc                _realloc_r
 .text._sbrk_r  0x00002b08       0x24 d:/siliconlabs/simplicitystudio/v2/developer/toolchains/gnu_arm/4.7_2013q1/bin/../lib/gcc/arm-none-eabi/4.7.3/../../../../arm-none-eabi/lib/armv6-m\libc_s.a(lib_a-sbrkr.o)
                0x00002b08                _sbrk_r
 .text.strlen   0x00002b2c        0xe d:/siliconlabs/simplicitystudio/v2/developer/toolchains/gnu_arm/4.7_2013q1/bin/../lib/gcc/arm-none-eabi/4.7.3/../../../../arm-none-eabi/lib/armv6-m\libc_s.a(lib_a-strlen.o)
                0x00002b2c                strlen
 .text._malloc_usable_size_r
                0x00002b3a       0x14 d:/siliconlabs/simplicitystudio/v2/developer/toolchains/gnu_arm/4.7_2013q1/bin/../lib/gcc/arm-none-eabi/4.7.3/../../../../arm-none-eabi/lib/armv6-m\libc_s.a(lib_a-msizer.o)
                0x00002b3a                _malloc_usable_size_r
 *fill*         0x00002b4e        0x2 00
 .text._sbrk    0x00002b50       0x38 d:/siliconlabs/simplicitystudio/v2/developer/toolchains/gnu_arm/4.7_2013q1/bin/../lib/gcc/arm-none-eabi/4.7.3/../../../../arm-none-eabi/lib/armv6-m\libnosys.a(sbrk.o)
                0x00002b50                _sbrk
 .text._exit    0x00002b88        0x4 d:/siliconlabs/simplicitystudio/v2/developer/toolchains/gnu_arm/4.7_2013q1/bin/../lib/gcc/arm-none-eabi/4.7.3/../../../../arm-none-eabi/lib/armv6-m\libnosys.a(_exit.o)
                0x00002b88                _exit
 *(.init)
 .init          0x00002b8c        0x4 d:/siliconlabs/simplicitystudio/v2/developer/toolchains/gnu_arm/4.7_2013q1/bin/../lib/gcc/arm-none-eabi/4.7.3/armv6-m/crti.o
                0x00002b8c                _init
 .init          0x00002b90        0x8 d:/siliconlabs/simplicitystudio/v2/developer/toolchains/gnu_arm/4.7_2013q1/bin/../lib/gcc/arm-none-eabi/4.7.3/armv6-m/crtn.o
 *(.fini)
 .fini          0x00002b98        0x4 d:/siliconlabs/simplicitystudio/v2/developer/toolchains/gnu_arm/4.7_2013q1/bin/../lib/gcc/arm-none-eabi/4.7.3/armv6-m/crti.o
                0x00002b98                _fini
 .fini          0x00002b9c        0x8 d:/siliconlabs/simplicitystudio/v2/developer/toolchains/gnu_arm/4.7_2013q1/bin/../lib/gcc/arm-none-eabi/4.7.3/armv6-m/crtn.o
 *crtbegin.o(.ctors)
 *crtbegin?.o(.ctors)
 *(EXCLUDE_FILE(*crtend.o *crtend?.o) .ctors)
 *(SORT(.ctors.*))
 *(.ctors)
 *crtbegin.o(.dtors)
 *crtbegin?.o(.dtors)
 *(EXCLUDE_FILE(*crtend.o *crtend?.o) .dtors)
 *(SORT(.dtors.*))
 *(.dtors)
 *(.rodata*)
 .rodata        0x00002ba4        0x4 ./src/RTC_.o
 .rodata        0x00002ba8       0x10 ./src/i2c_connection.o
 .rodata.str1.4
                0x00002bb8       0x4e ./src/i2c_connection.o
                                 0x50 (size before relaxing)
 *fill*         0x00002c06        0x2 00
 .rodata.str1.4
                0x00002c08      0x544 ./src/main.o
                                0x548 (size before relaxing)
 .rodata        0x0000314c       0x18 ./src/uart_connection.o
 .rodata.CMU_ClockEnable
                0x00003164       0x1c ./emlib/em_cmu.o
 .rodata.CMU_ClockSelectSet
                0x00003180       0x50 ./emlib/em_cmu.o
 .rodata.CMU_OscillatorEnable
                0x000031d0       0x14 ./emlib/em_cmu.o
 .rodata.I2C_Transfer
                0x000031e4       0x24 ./emlib/em_i2c.o
 .rodata.i2cNSum
                0x00003208        0x4 ./emlib/em_i2c.o
 .rodata.str1.1
                0x0000320c        0x2 d:/siliconlabs/simplicitystudio/v2/developer/toolchains/gnu_arm/4.7_2013q1/bin/../lib/gcc/arm-none-eabi/4.7.3/../../../../arm-none-eabi/lib/armv6-m\libc_s.a(lib_a-impure.o)
 *fill*         0x0000320e        0x2 00
 .rodata._global_impure_ptr
                0x00003210        0x4 d:/siliconlabs/simplicitystudio/v2/developer/toolchains/gnu_arm/4.7_2013q1/bin/../lib/gcc/arm-none-eabi/4.7.3/../../../../arm-none-eabi/lib/armv6-m\libc_s.a(lib_a-impure.o)
                0x00003210                _global_impure_ptr
 .rodata.str1.1
                0x00003214       0x11 d:/siliconlabs/simplicitystudio/v2/developer/toolchains/gnu_arm/4.7_2013q1/bin/../lib/gcc/arm-none-eabi/4.7.3/../../../../arm-none-eabi/lib/armv6-m\libc_s.a(lib_a-svfprintf.o)
 .rodata.str1.1
                0x00003225       0x22 d:/siliconlabs/simplicitystudio/v2/developer/toolchains/gnu_arm/4.7_2013q1/bin/../lib/gcc/arm-none-eabi/4.7.3/../../../../arm-none-eabi/lib/armv6-m\libc_s.a(lib_a-vfprintf_i.o)
 *(.eh_frame*)
 *fill*         0x00003247        0x1 00
 .eh_frame      0x00003248        0x0 d:/siliconlabs/simplicitystudio/v2/developer/toolchains/gnu_arm/4.7_2013q1/bin/../lib/gcc/arm-none-eabi/4.7.3/armv6-m/crtbegin.o
 .eh_frame      0x00003248        0x4 d:/siliconlabs/simplicitystudio/v2/developer/toolchains/gnu_arm/4.7_2013q1/bin/../lib/gcc/arm-none-eabi/4.7.3/armv6-m/crtend.o

.glue_7         0x0000324c        0x0
 .glue_7        0x00000000        0x0 linker stubs

.glue_7t        0x0000324c        0x0
 .glue_7t       0x00000000        0x0 linker stubs

.vfp11_veneer   0x0000324c        0x0
 .vfp11_veneer  0x00000000        0x0 linker stubs

.v4_bx          0x0000324c        0x0
 .v4_bx         0x00000000        0x0 linker stubs

.iplt           0x0000324c        0x0
 .iplt          0x00000000        0x0 d:/siliconlabs/simplicitystudio/v2/developer/toolchains/gnu_arm/4.7_2013q1/bin/../lib/gcc/arm-none-eabi/4.7.3/armv6-m/crtbegin.o

.ARM.extab
 *(.ARM.extab* .gnu.linkonce.armextab.*)
                0x0000324c                __exidx_start = .

.ARM.exidx      0x0000324c        0x8
 *(.ARM.exidx* .gnu.linkonce.armexidx.*)
 .ARM.exidx     0x0000324c        0x8 d:/siliconlabs/simplicitystudio/v2/developer/toolchains/gnu_arm/4.7_2013q1/bin/../lib/gcc/arm-none-eabi/4.7.3/../../../../arm-none-eabi/lib/armv6-m/crt0.o
                0x00003254                __exidx_end = .
                0x00003254                __etext = .

.rel.dyn        0x00003254        0x0
 .rel.iplt      0x00000000        0x0 d:/siliconlabs/simplicitystudio/v2/developer/toolchains/gnu_arm/4.7_2013q1/bin/../lib/gcc/arm-none-eabi/4.7.3/armv6-m/crtbegin.o

.data           0x20000000       0x78 load address 0x00003254
                0x20000000                __data_start__ = .
 *(vtable)
 *(.data*)
 .data.SystemLFXOClock
                0x20000000        0x4 ./CMSIS/efm32zg/system_efm32zg.o
 .data.SystemHFXOClock
                0x20000004        0x4 ./CMSIS/efm32zg/system_efm32zg.o
 .data.impure_data
                0x20000008       0x64 d:/siliconlabs/simplicitystudio/v2/developer/toolchains/gnu_arm/4.7_2013q1/bin/../lib/gcc/arm-none-eabi/4.7.3/../../../../arm-none-eabi/lib/armv6-m\libc_s.a(lib_a-impure.o)
 .data._impure_ptr
                0x2000006c        0x4 d:/siliconlabs/simplicitystudio/v2/developer/toolchains/gnu_arm/4.7_2013q1/bin/../lib/gcc/arm-none-eabi/4.7.3/../../../../arm-none-eabi/lib/armv6-m\libc_s.a(lib_a-impure.o)
                0x2000006c                _impure_ptr
                0x20000070                . = ALIGN (0x4)
 *(.ram)
                0x20000070                . = ALIGN (0x4)
                0x20000070                PROVIDE (__preinit_array_start, .)
 *(.preinit_array)
                0x20000070                PROVIDE (__preinit_array_end, .)
                0x20000070                . = ALIGN (0x4)
                0x20000070                PROVIDE (__init_array_start, .)
 *(SORT(.init_array.*))
 *(.init_array)
 .init_array    0x20000070        0x4 d:/siliconlabs/simplicitystudio/v2/developer/toolchains/gnu_arm/4.7_2013q1/bin/../lib/gcc/arm-none-eabi/4.7.3/armv6-m/crtbegin.o
                0x20000074                PROVIDE (__init_array_end, .)
                0x20000074                . = ALIGN (0x4)
                0x20000074                PROVIDE (__fini_array_start, .)
 *(SORT(.fini_array.*))
 *(.fini_array)
 .fini_array    0x20000074        0x4 d:/siliconlabs/simplicitystudio/v2/developer/toolchains/gnu_arm/4.7_2013q1/bin/../lib/gcc/arm-none-eabi/4.7.3/armv6-m/crtbegin.o
                0x20000078                PROVIDE (__fini_array_end, .)
                0x20000078                . = ALIGN (0x4)
                0x20000078                __data_end__ = .

.jcr            0x20000078        0x0 load address 0x000032cc
 .jcr           0x20000078        0x0 d:/siliconlabs/simplicitystudio/v2/developer/toolchains/gnu_arm/4.7_2013q1/bin/../lib/gcc/arm-none-eabi/4.7.3/armv6-m/crtbegin.o

.igot.plt       0x20000078        0x0 load address 0x000032cc
 .igot.plt      0x00000000        0x0 d:/siliconlabs/simplicitystudio/v2/developer/toolchains/gnu_arm/4.7_2013q1/bin/../lib/gcc/arm-none-eabi/4.7.3/armv6-m/crtbegin.o

.bss            0x20000078      0x238 load address 0x000032cc
                0x20000078                __bss_start__ = .
 *(.bss*)
 .bss           0x20000078       0x1c d:/siliconlabs/simplicitystudio/v2/developer/toolchains/gnu_arm/4.7_2013q1/bin/../lib/gcc/arm-none-eabi/4.7.3/armv6-m/crtbegin.o
 .bss.i_chargeHistory
                0x20000094        0x1 ./src/main.o
                0x20000094                i_chargeHistory
 .bss.RTC_interrupt_counter
                0x20000095        0x1 ./src/main.o
                0x20000095                RTC_interrupt_counter
 .bss.chargingCompleted.8508
                0x20000096        0x1 ./src/main.o
 .bss.devices   0x20000097        0x1 ./src/main.o
                0x20000097                devices
 .bss.cmuStatus
                0x20000098        0x2 ./emlib/em_emu.o
 *fill*         0x2000009a        0x2 00
 .bss.i2cTransfer
                0x2000009c        0xc ./emlib/em_i2c.o
 .bss.__malloc_free_list
                0x200000a8        0x4 d:/siliconlabs/simplicitystudio/v2/developer/toolchains/gnu_arm/4.7_2013q1/bin/../lib/gcc/arm-none-eabi/4.7.3/../../../../arm-none-eabi/lib/armv6-m\libc_s.a(lib_a-mallocr.o)
                0x200000a8                __malloc_free_list
 .bss.heap_end.4231
                0x200000ac        0x4 d:/siliconlabs/simplicitystudio/v2/developer/toolchains/gnu_arm/4.7_2013q1/bin/../lib/gcc/arm-none-eabi/4.7.3/../../../../arm-none-eabi/lib/armv6-m\libnosys.a(sbrk.o)
 *(COMMON)
 COMMON         0x200000b0        0x1 ./src/i2c_connection.o
                0x200000b0                I2C_Status
 *fill*         0x200000b1        0x3 00
 COMMON         0x200000b4      0x1f4 ./src/main.o
                0x200000b4                chargeHistory
                0x20000244                i2c_registers
 COMMON         0x200002a8        0x4 ./CMSIS/efm32zg/system_efm32zg.o
                0x200002a8                SystemCoreClock
 COMMON         0x200002ac        0x4 d:/siliconlabs/simplicitystudio/v2/developer/toolchains/gnu_arm/4.7_2013q1/bin/../lib/gcc/arm-none-eabi/4.7.3/../../../../arm-none-eabi/lib/armv6-m\libc_s.a(lib_a-reent.o)
                0x200002ac                errno
                0x200002b0                __bss_end__ = .

.heap           0x200002b0        0x0
                0x200002b0                __end__ = .
                0x200002b0                end = __end__
                0x200002b0                _end = __end__
 *(.heap*)
 .heap          0x200002b0        0x0 ./CMSIS/efm32zg/startup_gcc_efm32zg.o
                0x200002b0                __HeapLimit = .

.stack_dummy    0x200002b0      0x400
 *(.stack)
 .stack         0x200002b0      0x400 ./CMSIS/efm32zg/startup_gcc_efm32zg.o
                0x20001000                __StackTop = (ORIGIN (RAM) + 0x1000)
                0x20000c00                __StackLimit = (__StackTop - SIZEOF (.stack_dummy))
                0x20001000                PROVIDE (__stack, __StackTop)
                0x00000001                ASSERT ((__StackLimit >= __HeapLimit), region RAM overflowed with stack)
                0x00000001                ASSERT ((0x7800 >= (__etext + SIZEOF (.data))), FLASH memory overflowed !)
OUTPUT(LiPolController.axf elf32-littlearm)

.ARM.attributes
                0x00000000       0x28
 .ARM.attributes
                0x00000000       0x1e d:/siliconlabs/simplicitystudio/v2/developer/toolchains/gnu_arm/4.7_2013q1/bin/../lib/gcc/arm-none-eabi/4.7.3/armv6-m/crti.o
 .ARM.attributes
                0x0000001e       0x2c d:/siliconlabs/simplicitystudio/v2/developer/toolchains/gnu_arm/4.7_2013q1/bin/../lib/gcc/arm-none-eabi/4.7.3/armv6-m/crtbegin.o
 .ARM.attributes
                0x0000004a       0x1c d:/siliconlabs/simplicitystudio/v2/developer/toolchains/gnu_arm/4.7_2013q1/bin/../lib/gcc/arm-none-eabi/4.7.3/../../../../arm-none-eabi/lib/armv6-m/crt0.o
 .ARM.attributes
                0x00000066       0x32 ./src/RTC_.o
 .ARM.attributes
                0x00000098       0x32 ./src/i2c_connection.o
 .ARM.attributes
                0x000000ca       0x32 ./src/main.o
 .ARM.attributes
                0x000000fc       0x32 ./src/uart_connection.o
 .ARM.attributes
                0x0000012e       0x32 ./emlib/em_cmu.o
 .ARM.attributes
                0x00000160       0x32 ./emlib/em_emu.o
 .ARM.attributes
                0x00000192       0x32 ./emlib/em_gpio.o
 .ARM.attributes
                0x000001c4       0x32 ./emlib/em_i2c.o
 .ARM.attributes
                0x000001f6       0x32 ./emlib/em_rtc.o
 .ARM.attributes
                0x00000228       0x32 ./emlib/em_usart.o
 .ARM.attributes
                0x0000025a       0x1b ./CMSIS/efm32zg/startup_gcc_efm32zg.o
 .ARM.attributes
                0x00000275       0x32 ./CMSIS/efm32zg/system_efm32zg.o
 .ARM.attributes
                0x000002a7       0x1e d:/siliconlabs/simplicitystudio/v2/developer/toolchains/gnu_arm/4.7_2013q1/bin/../lib/gcc/arm-none-eabi/4.7.3/armv6-m\libgcc.a(_udivsi3.o)
 .ARM.attributes
                0x000002c5       0x1e d:/siliconlabs/simplicitystudio/v2/developer/toolchains/gnu_arm/4.7_2013q1/bin/../lib/gcc/arm-none-eabi/4.7.3/armv6-m\libgcc.a(_divsi3.o)
 .ARM.attributes
                0x000002e3       0x1e d:/siliconlabs/simplicitystudio/v2/developer/toolchains/gnu_arm/4.7_2013q1/bin/../lib/gcc/arm-none-eabi/4.7.3/armv6-m\libgcc.a(_dvmd_tls.o)
 .ARM.attributes
                0x00000301       0x2c d:/siliconlabs/simplicitystudio/v2/developer/toolchains/gnu_arm/4.7_2013q1/bin/../lib/gcc/arm-none-eabi/4.7.3/../../../../arm-none-eabi/lib/armv6-m\libc_s.a(lib_a-__atexit2.o)
 .ARM.attributes
                0x0000032d       0x2c d:/siliconlabs/simplicitystudio/v2/developer/toolchains/gnu_arm/4.7_2013q1/bin/../lib/gcc/arm-none-eabi/4.7.3/../../../../arm-none-eabi/lib/armv6-m\libc_s.a(lib_a-exit.o)
 .ARM.attributes
                0x00000359       0x2c d:/siliconlabs/simplicitystudio/v2/developer/toolchains/gnu_arm/4.7_2013q1/bin/../lib/gcc/arm-none-eabi/4.7.3/../../../../arm-none-eabi/lib/armv6-m\libc_s.a(lib_a-fini.o)
 .ARM.attributes
                0x00000385       0x2c d:/siliconlabs/simplicitystudio/v2/developer/toolchains/gnu_arm/4.7_2013q1/bin/../lib/gcc/arm-none-eabi/4.7.3/../../../../arm-none-eabi/lib/armv6-m\libc_s.a(lib_a-impure.o)
 .ARM.attributes
                0x000003b1       0x2c d:/siliconlabs/simplicitystudio/v2/developer/toolchains/gnu_arm/4.7_2013q1/bin/../lib/gcc/arm-none-eabi/4.7.3/../../../../arm-none-eabi/lib/armv6-m\libc_s.a(lib_a-init.o)
 .ARM.attributes
                0x000003dd       0x2c d:/siliconlabs/simplicitystudio/v2/developer/toolchains/gnu_arm/4.7_2013q1/bin/../lib/gcc/arm-none-eabi/4.7.3/../../../../arm-none-eabi/lib/armv6-m\libc_s.a(lib_a-memcpy.o)
 .ARM.attributes
                0x00000409       0x2c d:/siliconlabs/simplicitystudio/v2/developer/toolchains/gnu_arm/4.7_2013q1/bin/../lib/gcc/arm-none-eabi/4.7.3/../../../../arm-none-eabi/lib/armv6-m\libc_s.a(lib_a-memset.o)
 .ARM.attributes
                0x00000435       0x2c d:/siliconlabs/simplicitystudio/v2/developer/toolchains/gnu_arm/4.7_2013q1/bin/../lib/gcc/arm-none-eabi/4.7.3/../../../../arm-none-eabi/lib/armv6-m\libc_s.a(lib_a-sprintf.o)
 .ARM.attributes
                0x00000461       0x2c d:/siliconlabs/simplicitystudio/v2/developer/toolchains/gnu_arm/4.7_2013q1/bin/../lib/gcc/arm-none-eabi/4.7.3/../../../../arm-none-eabi/lib/armv6-m\libc_s.a(lib_a-svfprintf.o)
 .ARM.attributes
                0x0000048d       0x2c d:/siliconlabs/simplicitystudio/v2/developer/toolchains/gnu_arm/4.7_2013q1/bin/../lib/gcc/arm-none-eabi/4.7.3/../../../../arm-none-eabi/lib/armv6-m\libc_s.a(lib_a-vfprintf_i.o)
 .ARM.attributes
                0x000004b9       0x2c d:/siliconlabs/simplicitystudio/v2/developer/toolchains/gnu_arm/4.7_2013q1/bin/../lib/gcc/arm-none-eabi/4.7.3/../../../../arm-none-eabi/lib/armv6-m\libc_s.a(lib_a-freer.o)
 .ARM.attributes
                0x000004e5       0x2c d:/siliconlabs/simplicitystudio/v2/developer/toolchains/gnu_arm/4.7_2013q1/bin/../lib/gcc/arm-none-eabi/4.7.3/../../../../arm-none-eabi/lib/armv6-m\libc_s.a(lib_a-mallocr.o)
 .ARM.attributes
                0x00000511       0x2c d:/siliconlabs/simplicitystudio/v2/developer/toolchains/gnu_arm/4.7_2013q1/bin/../lib/gcc/arm-none-eabi/4.7.3/../../../../arm-none-eabi/lib/armv6-m\libc_s.a(lib_a-memchr.o)
 .ARM.attributes
                0x0000053d       0x2c d:/siliconlabs/simplicitystudio/v2/developer/toolchains/gnu_arm/4.7_2013q1/bin/../lib/gcc/arm-none-eabi/4.7.3/../../../../arm-none-eabi/lib/armv6-m\libc_s.a(lib_a-reallocr.o)
 .ARM.attributes
                0x00000569       0x2c d:/siliconlabs/simplicitystudio/v2/developer/toolchains/gnu_arm/4.7_2013q1/bin/../lib/gcc/arm-none-eabi/4.7.3/../../../../arm-none-eabi/lib/armv6-m\libc_s.a(lib_a-sbrkr.o)
 .ARM.attributes
                0x00000595       0x2c d:/siliconlabs/simplicitystudio/v2/developer/toolchains/gnu_arm/4.7_2013q1/bin/../lib/gcc/arm-none-eabi/4.7.3/../../../../arm-none-eabi/lib/armv6-m\libc_s.a(lib_a-strlen.o)
 .ARM.attributes
                0x000005c1       0x2c d:/siliconlabs/simplicitystudio/v2/developer/toolchains/gnu_arm/4.7_2013q1/bin/../lib/gcc/arm-none-eabi/4.7.3/../../../../arm-none-eabi/lib/armv6-m\libc_s.a(lib_a-msizer.o)
 .ARM.attributes
                0x000005ed       0x2c d:/siliconlabs/simplicitystudio/v2/developer/toolchains/gnu_arm/4.7_2013q1/bin/../lib/gcc/arm-none-eabi/4.7.3/../../../../arm-none-eabi/lib/armv6-m\libc_s.a(lib_a-reent.o)
 .ARM.attributes
                0x00000619       0x2c d:/siliconlabs/simplicitystudio/v2/developer/toolchains/gnu_arm/4.7_2013q1/bin/../lib/gcc/arm-none-eabi/4.7.3/../../../../arm-none-eabi/lib/armv6-m\libnosys.a(sbrk.o)
 .ARM.attributes
                0x00000645       0x2c d:/siliconlabs/simplicitystudio/v2/developer/toolchains/gnu_arm/4.7_2013q1/bin/../lib/gcc/arm-none-eabi/4.7.3/../../../../arm-none-eabi/lib/armv6-m\libnosys.a(_exit.o)
 .ARM.attributes
                0x00000671       0x2c d:/siliconlabs/simplicitystudio/v2/developer/toolchains/gnu_arm/4.7_2013q1/bin/../lib/gcc/arm-none-eabi/4.7.3/armv6-m/crtend.o
 .ARM.attributes
                0x0000069d       0x1e d:/siliconlabs/simplicitystudio/v2/developer/toolchains/gnu_arm/4.7_2013q1/bin/../lib/gcc/arm-none-eabi/4.7.3/armv6-m/crtn.o

.comment        0x00000000       0x70
 .comment       0x00000000       0x70 ./src/RTC_.o
                                 0x71 (size before relaxing)
 .comment       0x00000000       0x71 ./src/i2c_connection.o
 .comment       0x00000000       0x71 ./src/main.o
 .comment       0x00000000       0x71 ./src/uart_connection.o
 .comment       0x00000000       0x71 ./emlib/em_cmu.o
 .comment       0x00000000       0x71 ./emlib/em_emu.o
 .comment       0x00000000       0x71 ./emlib/em_gpio.o
 .comment       0x00000000       0x71 ./emlib/em_i2c.o
 .comment       0x00000000       0x71 ./emlib/em_rtc.o
 .comment       0x00000000       0x71 ./emlib/em_usart.o
 .comment       0x00000000       0x71 ./CMSIS/efm32zg/system_efm32zg.o

.debug_info     0x00000000     0x7b3f
 .debug_info    0x00000000      0x70d ./src/RTC_.o
 .debug_info    0x0000070d      0xdd7 ./src/i2c_connection.o
 .debug_info    0x000014e4     0x1916 ./src/main.o
 .debug_info    0x00002dfa      0x832 ./src/uart_connection.o
 .debug_info    0x0000362c     0x16d7 ./emlib/em_cmu.o
 .debug_info    0x00004d03      0x617 ./emlib/em_emu.o
 .debug_info    0x0000531a      0x579 ./emlib/em_gpio.o
 .debug_info    0x00005893      0x8c7 ./emlib/em_i2c.o
 .debug_info    0x0000615a      0x3f5 ./emlib/em_rtc.o
 .debug_info    0x0000654f     0x105c ./emlib/em_usart.o
 .debug_info    0x000075ab       0xa7 ./CMSIS/efm32zg/startup_gcc_efm32zg.o
 .debug_info    0x00007652      0x4ed ./CMSIS/efm32zg/system_efm32zg.o

.debug_abbrev   0x00000000     0x1bba
 .debug_abbrev  0x00000000      0x21a ./src/RTC_.o
 .debug_abbrev  0x0000021a      0x305 ./src/i2c_connection.o
 .debug_abbrev  0x0000051f      0x3cb ./src/main.o
 .debug_abbrev  0x000008ea      0x1f9 ./src/uart_connection.o
 .debug_abbrev  0x00000ae3      0x35c ./emlib/em_cmu.o
 .debug_abbrev  0x00000e3f      0x1fd ./emlib/em_emu.o
 .debug_abbrev  0x0000103c      0x1c1 ./emlib/em_gpio.o
 .debug_abbrev  0x000011fd      0x2d0 ./emlib/em_i2c.o
 .debug_abbrev  0x000014cd      0x224 ./emlib/em_rtc.o
 .debug_abbrev  0x000016f1      0x2f5 ./emlib/em_usart.o
 .debug_abbrev  0x000019e6       0x14 ./CMSIS/efm32zg/startup_gcc_efm32zg.o
 .debug_abbrev  0x000019fa      0x1c0 ./CMSIS/efm32zg/system_efm32zg.o

.debug_loc      0x00000000     0x4611
 .debug_loc     0x00000000       0x4c ./src/RTC_.o
 .debug_loc     0x0000004c      0x4b9 ./src/i2c_connection.o
 .debug_loc     0x00000505      0x655 ./src/main.o
 .debug_loc     0x00000b5a       0x8b ./src/uart_connection.o
 .debug_loc     0x00000be5     0x18a8 ./emlib/em_cmu.o
 .debug_loc     0x0000248d      0x141 ./emlib/em_emu.o
 .debug_loc     0x000025ce      0x312 ./emlib/em_gpio.o
 .debug_loc     0x000028e0      0x9f4 ./emlib/em_i2c.o
 .debug_loc     0x000032d4      0x176 ./emlib/em_rtc.o
 .debug_loc     0x0000344a      0xda9 ./emlib/em_usart.o
 .debug_loc     0x000041f3      0x41e ./CMSIS/efm32zg/system_efm32zg.o

.debug_aranges  0x00000000      0x438
 .debug_aranges
                0x00000000       0x28 ./src/RTC_.o
 .debug_aranges
                0x00000028       0x50 ./src/i2c_connection.o
 .debug_aranges
                0x00000078       0x78 ./src/main.o
 .debug_aranges
                0x000000f0       0x30 ./src/uart_connection.o
 .debug_aranges
                0x00000120       0xc8 ./emlib/em_cmu.o
 .debug_aranges
                0x000001e8       0x40 ./emlib/em_emu.o
 .debug_aranges
                0x00000228       0x38 ./emlib/em_gpio.o
 .debug_aranges
                0x00000260       0x50 ./emlib/em_i2c.o
 .debug_aranges
                0x000002b0       0x50 ./emlib/em_rtc.o
 .debug_aranges
                0x00000300       0xb8 ./emlib/em_usart.o
 .debug_aranges
                0x000003b8       0x20 ./CMSIS/efm32zg/startup_gcc_efm32zg.o
 .debug_aranges
                0x000003d8       0x60 ./CMSIS/efm32zg/system_efm32zg.o

.debug_ranges   0x00000000      0xd38
 .debug_ranges  0x00000000       0x48 ./src/RTC_.o
 .debug_ranges  0x00000048       0xe0 ./src/i2c_connection.o
 .debug_ranges  0x00000128      0x1f0 ./src/main.o
 .debug_ranges  0x00000318       0x58 ./src/uart_connection.o
 .debug_ranges  0x00000370      0x508 ./emlib/em_cmu.o
 .debug_ranges  0x00000878       0x48 ./emlib/em_emu.o
 .debug_ranges  0x000008c0       0x58 ./emlib/em_gpio.o
 .debug_ranges  0x00000918       0xc0 ./emlib/em_i2c.o
 .debug_ranges  0x000009d8       0xb8 ./emlib/em_rtc.o
 .debug_ranges  0x00000a90      0x188 ./emlib/em_usart.o
 .debug_ranges  0x00000c18      0x120 ./CMSIS/efm32zg/system_efm32zg.o

.debug_line     0x00000000     0x28f0
 .debug_line    0x00000000      0x257 ./src/RTC_.o
 .debug_line    0x00000257      0x352 ./src/i2c_connection.o
 .debug_line    0x000005a9      0x5da ./src/main.o
 .debug_line    0x00000b83      0x28f ./src/uart_connection.o
 .debug_line    0x00000e12      0x76b ./emlib/em_cmu.o
 .debug_line    0x0000157d      0x2eb ./emlib/em_emu.o
 .debug_line    0x00001868      0x24f ./emlib/em_gpio.o
 .debug_line    0x00001ab7      0x3db ./emlib/em_i2c.o
 .debug_line    0x00001e92      0x283 ./emlib/em_rtc.o
 .debug_line    0x00002115      0x4c6 ./emlib/em_usart.o
 .debug_line    0x000025db       0x85 ./CMSIS/efm32zg/startup_gcc_efm32zg.o
 .debug_line    0x00002660      0x290 ./CMSIS/efm32zg/system_efm32zg.o

.debug_str      0x00000000     0x20b0
 .debug_str     0x00000000      0x5b1 ./src/RTC_.o
                                0x5fb (size before relaxing)
 .debug_str     0x000005b1      0x518 ./src/i2c_connection.o
                                0x7df (size before relaxing)
 .debug_str     0x00000ac9      0x331 ./src/main.o
                                0x9ba (size before relaxing)
 .debug_str     0x00000dfa      0x3a6 ./src/uart_connection.o
                                0x7ef (size before relaxing)
 .debug_str     0x000011a0      0x5f2 ./emlib/em_cmu.o
                                0xa61 (size before relaxing)
 .debug_str     0x00001792       0xd3 ./emlib/em_emu.o
                                0x37f (size before relaxing)
 .debug_str     0x00001865       0xcc ./emlib/em_gpio.o
                                0x4d6 (size before relaxing)
 .debug_str     0x00001931      0x197 ./emlib/em_i2c.o
                                0x619 (size before relaxing)
 .debug_str     0x00001ac8       0x6b ./emlib/em_rtc.o
                                0x252 (size before relaxing)
 .debug_str     0x00001b33      0x4e7 ./emlib/em_usart.o
                                0xb37 (size before relaxing)
 .debug_str     0x0000201a       0x96 ./CMSIS/efm32zg/system_efm32zg.o
                                0x364 (size before relaxing)

.debug_frame    0x00000000      0xe4c
 .debug_frame   0x00000000       0x44 ./src/RTC_.o
 .debug_frame   0x00000044       0xe8 ./src/i2c_connection.o
 .debug_frame   0x0000012c      0x15c ./src/main.o
 .debug_frame   0x00000288       0x60 ./src/uart_connection.o
 .debug_frame   0x000002e8      0x200 ./emlib/em_cmu.o
 .debug_frame   0x000004e8       0x78 ./emlib/em_emu.o
 .debug_frame   0x00000560       0x84 ./emlib/em_gpio.o
 .debug_frame   0x000005e4       0xc8 ./emlib/em_i2c.o
 .debug_frame   0x000006ac       0xa0 ./emlib/em_rtc.o
 .debug_frame   0x0000074c      0x218 ./emlib/em_usart.o
 .debug_frame   0x00000964       0xc0 ./CMSIS/efm32zg/system_efm32zg.o
 .debug_frame   0x00000a24       0x20 d:/siliconlabs/simplicitystudio/v2/developer/toolchains/gnu_arm/4.7_2013q1/bin/../lib/gcc/arm-none-eabi/4.7.3/armv6-m\libgcc.a(_udivsi3.o)
 .debug_frame   0x00000a44       0x20 d:/siliconlabs/simplicitystudio/v2/developer/toolchains/gnu_arm/4.7_2013q1/bin/../lib/gcc/arm-none-eabi/4.7.3/armv6-m\libgcc.a(_divsi3.o)
 .debug_frame   0x00000a64       0x28 d:/siliconlabs/simplicitystudio/v2/developer/toolchains/gnu_arm/4.7_2013q1/bin/../lib/gcc/arm-none-eabi/4.7.3/../../../../arm-none-eabi/lib/armv6-m\libc_s.a(lib_a-__atexit2.o)
 .debug_frame   0x00000a8c       0x28 d:/siliconlabs/simplicitystudio/v2/developer/toolchains/gnu_arm/4.7_2013q1/bin/../lib/gcc/arm-none-eabi/4.7.3/../../../../arm-none-eabi/lib/armv6-m\libc_s.a(lib_a-exit.o)
 .debug_frame   0x00000ab4       0x2c d:/siliconlabs/simplicitystudio/v2/developer/toolchains/gnu_arm/4.7_2013q1/bin/../lib/gcc/arm-none-eabi/4.7.3/../../../../arm-none-eabi/lib/armv6-m\libc_s.a(lib_a-fini.o)
 .debug_frame   0x00000ae0       0x2c d:/siliconlabs/simplicitystudio/v2/developer/toolchains/gnu_arm/4.7_2013q1/bin/../lib/gcc/arm-none-eabi/4.7.3/../../../../arm-none-eabi/lib/armv6-m\libc_s.a(lib_a-init.o)
 .debug_frame   0x00000b0c       0x28 d:/siliconlabs/simplicitystudio/v2/developer/toolchains/gnu_arm/4.7_2013q1/bin/../lib/gcc/arm-none-eabi/4.7.3/../../../../arm-none-eabi/lib/armv6-m\libc_s.a(lib_a-memcpy.o)
 .debug_frame   0x00000b34       0x28 d:/siliconlabs/simplicitystudio/v2/developer/toolchains/gnu_arm/4.7_2013q1/bin/../lib/gcc/arm-none-eabi/4.7.3/../../../../arm-none-eabi/lib/armv6-m\libc_s.a(lib_a-memset.o)
 .debug_frame   0x00000b5c       0x4c d:/siliconlabs/simplicitystudio/v2/developer/toolchains/gnu_arm/4.7_2013q1/bin/../lib/gcc/arm-none-eabi/4.7.3/../../../../arm-none-eabi/lib/armv6-m\libc_s.a(lib_a-sprintf.o)
 .debug_frame   0x00000ba8       0x78 d:/siliconlabs/simplicitystudio/v2/developer/toolchains/gnu_arm/4.7_2013q1/bin/../lib/gcc/arm-none-eabi/4.7.3/../../../../arm-none-eabi/lib/armv6-m\libc_s.a(lib_a-svfprintf.o)
 .debug_frame   0x00000c20       0x54 d:/siliconlabs/simplicitystudio/v2/developer/toolchains/gnu_arm/4.7_2013q1/bin/../lib/gcc/arm-none-eabi/4.7.3/../../../../arm-none-eabi/lib/armv6-m\libc_s.a(lib_a-vfprintf_i.o)
 .debug_frame   0x00000c74       0x2c d:/siliconlabs/simplicitystudio/v2/developer/toolchains/gnu_arm/4.7_2013q1/bin/../lib/gcc/arm-none-eabi/4.7.3/../../../../arm-none-eabi/lib/armv6-m\libc_s.a(lib_a-freer.o)
 .debug_frame   0x00000ca0       0x2c d:/siliconlabs/simplicitystudio/v2/developer/toolchains/gnu_arm/4.7_2013q1/bin/../lib/gcc/arm-none-eabi/4.7.3/../../../../arm-none-eabi/lib/armv6-m\libc_s.a(lib_a-mallocr.o)
 .debug_frame   0x00000ccc       0x28 d:/siliconlabs/simplicitystudio/v2/developer/toolchains/gnu_arm/4.7_2013q1/bin/../lib/gcc/arm-none-eabi/4.7.3/../../../../arm-none-eabi/lib/armv6-m\libc_s.a(lib_a-memchr.o)
 .debug_frame   0x00000cf4       0x30 d:/siliconlabs/simplicitystudio/v2/developer/toolchains/gnu_arm/4.7_2013q1/bin/../lib/gcc/arm-none-eabi/4.7.3/../../../../arm-none-eabi/lib/armv6-m\libc_s.a(lib_a-reallocr.o)
 .debug_frame   0x00000d24       0x2c d:/siliconlabs/simplicitystudio/v2/developer/toolchains/gnu_arm/4.7_2013q1/bin/../lib/gcc/arm-none-eabi/4.7.3/../../../../arm-none-eabi/lib/armv6-m\libc_s.a(lib_a-sbrkr.o)
 .debug_frame   0x00000d50       0x20 d:/siliconlabs/simplicitystudio/v2/developer/toolchains/gnu_arm/4.7_2013q1/bin/../lib/gcc/arm-none-eabi/4.7.3/../../../../arm-none-eabi/lib/armv6-m\libc_s.a(lib_a-strlen.o)
 .debug_frame   0x00000d70       0x28 d:/siliconlabs/simplicitystudio/v2/developer/toolchains/gnu_arm/4.7_2013q1/bin/../lib/gcc/arm-none-eabi/4.7.3/../../../../arm-none-eabi/lib/armv6-m\libc_s.a(lib_a-msizer.o)
 .debug_frame   0x00000d98       0x64 d:/siliconlabs/simplicitystudio/v2/developer/toolchains/gnu_arm/4.7_2013q1/bin/../lib/gcc/arm-none-eabi/4.7.3/../../../../arm-none-eabi/lib/armv6-m\libc_s.a(lib_a-reent.o)
 .debug_frame   0x00000dfc       0x28 d:/siliconlabs/simplicitystudio/v2/developer/toolchains/gnu_arm/4.7_2013q1/bin/../lib/gcc/arm-none-eabi/4.7.3/../../../../arm-none-eabi/lib/armv6-m\libnosys.a(sbrk.o)
 .debug_frame   0x00000e24       0x28 d:/siliconlabs/simplicitystudio/v2/developer/toolchains/gnu_arm/4.7_2013q1/bin/../lib/gcc/arm-none-eabi/4.7.3/../../../../arm-none-eabi/lib/armv6-m\libnosys.a(_exit.o)
