Archive member included because of file (symbol)

d:/siliconlabs/simplicitystudio/v2/developer/toolchains/gnu_arm/4.7_2013q1/bin/../lib/gcc/arm-none-eabi/4.7.3/armv6-m\libgcc.a(_udivsi3.o)
                              ./src/ucPeripheralDrivers/RTC_.o (__aeabi_uidiv)
d:/siliconlabs/simplicitystudio/v2/developer/toolchains/gnu_arm/4.7_2013q1/bin/../lib/gcc/arm-none-eabi/4.7.3/armv6-m\libgcc.a(_divsi3.o)
                              ./src/main.o (__aeabi_idiv)
d:/siliconlabs/simplicitystudio/v2/developer/toolchains/gnu_arm/4.7_2013q1/bin/../lib/gcc/arm-none-eabi/4.7.3/armv6-m\libgcc.a(_dvmd_tls.o)
                              d:/siliconlabs/simplicitystudio/v2/developer/toolchains/gnu_arm/4.7_2013q1/bin/../lib/gcc/arm-none-eabi/4.7.3/armv6-m\libgcc.a(_udivsi3.o) (__aeabi_idiv0)
d:/siliconlabs/simplicitystudio/v2/developer/toolchains/gnu_arm/4.7_2013q1/bin/../lib/gcc/arm-none-eabi/4.7.3/../../../../arm-none-eabi/lib/armv6-m\libc_s.a(lib_a-__atexit2.o)
                              d:/siliconlabs/simplicitystudio/v2/developer/toolchains/gnu_arm/4.7_2013q1/bin/../lib/gcc/arm-none-eabi/4.7.3/../../../../arm-none-eabi/lib/armv6-m/crt0.o (__register_exitproc)
d:/siliconlabs/simplicitystudio/v2/developer/toolchains/gnu_arm/4.7_2013q1/bin/../lib/gcc/arm-none-eabi/4.7.3/../../../../arm-none-eabi/lib/armv6-m\libc_s.a(lib_a-exit.o)
                              d:/siliconlabs/simplicitystudio/v2/developer/toolchains/gnu_arm/4.7_2013q1/bin/../lib/gcc/arm-none-eabi/4.7.3/../../../../arm-none-eabi/lib/armv6-m/crt0.o (exit)
d:/siliconlabs/simplicitystudio/v2/developer/toolchains/gnu_arm/4.7_2013q1/bin/../lib/gcc/arm-none-eabi/4.7.3/../../../../arm-none-eabi/lib/armv6-m\libc_s.a(lib_a-fini.o)
                              d:/siliconlabs/simplicitystudio/v2/developer/toolchains/gnu_arm/4.7_2013q1/bin/../lib/gcc/arm-none-eabi/4.7.3/../../../../arm-none-eabi/lib/armv6-m/crt0.o (__libc_fini_array)
d:/siliconlabs/simplicitystudio/v2/developer/toolchains/gnu_arm/4.7_2013q1/bin/../lib/gcc/arm-none-eabi/4.7.3/../../../../arm-none-eabi/lib/armv6-m\libc_s.a(lib_a-impure.o)
                              d:/siliconlabs/simplicitystudio/v2/developer/toolchains/gnu_arm/4.7_2013q1/bin/../lib/gcc/arm-none-eabi/4.7.3/../../../../arm-none-eabi/lib/armv6-m\libc_s.a(lib_a-exit.o) (_global_impure_ptr)
d:/siliconlabs/simplicitystudio/v2/developer/toolchains/gnu_arm/4.7_2013q1/bin/../lib/gcc/arm-none-eabi/4.7.3/../../../../arm-none-eabi/lib/armv6-m\libc_s.a(lib_a-init.o)
                              d:/siliconlabs/simplicitystudio/v2/developer/toolchains/gnu_arm/4.7_2013q1/bin/../lib/gcc/arm-none-eabi/4.7.3/../../../../arm-none-eabi/lib/armv6-m/crt0.o (__libc_init_array)
d:/siliconlabs/simplicitystudio/v2/developer/toolchains/gnu_arm/4.7_2013q1/bin/../lib/gcc/arm-none-eabi/4.7.3/../../../../arm-none-eabi/lib/armv6-m\libc_s.a(lib_a-memcpy.o)
                              ./src/ucPeripheralDrivers/RTC_.o (memcpy)
d:/siliconlabs/simplicitystudio/v2/developer/toolchains/gnu_arm/4.7_2013q1/bin/../lib/gcc/arm-none-eabi/4.7.3/../../../../arm-none-eabi/lib/armv6-m\libc_s.a(lib_a-memset.o)
                              d:/siliconlabs/simplicitystudio/v2/developer/toolchains/gnu_arm/4.7_2013q1/bin/../lib/gcc/arm-none-eabi/4.7.3/../../../../arm-none-eabi/lib/armv6-m/crt0.o (memset)
d:/siliconlabs/simplicitystudio/v2/developer/toolchains/gnu_arm/4.7_2013q1/bin/../lib/gcc/arm-none-eabi/4.7.3/../../../../arm-none-eabi/lib/armv6-m\libc_s.a(lib_a-sprintf.o)
                              ./src/ucPeripheralDrivers/i2c_connection.o (sprintf)
d:/siliconlabs/simplicitystudio/v2/developer/toolchains/gnu_arm/4.7_2013q1/bin/../lib/gcc/arm-none-eabi/4.7.3/../../../../arm-none-eabi/lib/armv6-m\libc_s.a(lib_a-svfprintf.o)
                              d:/siliconlabs/simplicitystudio/v2/developer/toolchains/gnu_arm/4.7_2013q1/bin/../lib/gcc/arm-none-eabi/4.7.3/../../../../arm-none-eabi/lib/armv6-m\libc_s.a(lib_a-sprintf.o) (_svfprintf_r)
d:/siliconlabs/simplicitystudio/v2/developer/toolchains/gnu_arm/4.7_2013q1/bin/../lib/gcc/arm-none-eabi/4.7.3/../../../../arm-none-eabi/lib/armv6-m\libc_s.a(lib_a-vfprintf_i.o)
                              d:/siliconlabs/simplicitystudio/v2/developer/toolchains/gnu_arm/4.7_2013q1/bin/../lib/gcc/arm-none-eabi/4.7.3/../../../../arm-none-eabi/lib/armv6-m\libc_s.a(lib_a-svfprintf.o) (_printf_i)
d:/siliconlabs/simplicitystudio/v2/developer/toolchains/gnu_arm/4.7_2013q1/bin/../lib/gcc/arm-none-eabi/4.7.3/../../../../arm-none-eabi/lib/armv6-m\libc_s.a(lib_a-freer.o)
                              d:/siliconlabs/simplicitystudio/v2/developer/toolchains/gnu_arm/4.7_2013q1/bin/../lib/gcc/arm-none-eabi/4.7.3/../../../../arm-none-eabi/lib/armv6-m\libc_s.a(lib_a-svfprintf.o) (_free_r)
d:/siliconlabs/simplicitystudio/v2/developer/toolchains/gnu_arm/4.7_2013q1/bin/../lib/gcc/arm-none-eabi/4.7.3/../../../../arm-none-eabi/lib/armv6-m\libc_s.a(lib_a-mallocr.o)
[...]
Memory Configuration

Name             Origin             Length             Attributes
FLASH            0x00000800         0x00007800         xr
RAM              0x20000000         0x00001000         xrw
*default*        0x00000000         0xffffffff

Linker script and memory map

LOAD d:/siliconlabs/simplicitystudio/v2/developer/toolchains/gnu_arm/4.7_2013q1/bin/../lib/gcc/arm-none-eabi/4.7.3/armv6-m/crti.o
LOAD d:/siliconlabs/simplicitystudio/v2/developer/toolchains/gnu_arm/4.7_2013q1/bin/../lib/gcc/arm-none-eabi/4.7.3/armv6-m/crtbegin.o
LOAD d:/siliconlabs/simplicitystudio/v2/developer/toolchains/gnu_arm/4.7_2013q1/bin/../lib/gcc/arm-none-eabi/4.7.3/../../../../arm-none-eabi/lib/armv6-m/crt0.o
LOAD ./src/ucPeripheralDrivers/RTC_.o
LOAD ./src/ucPeripheralDrivers/i2c_connection.o
LOAD ./src/ucPeripheralDrivers/leuart_connection.o
LOAD ./src/ucPeripheralDrivers/spi.o
LOAD ./src/ucPeripheralDrivers/spi_connection.o
LOAD ./src/ucPeripheralDrivers/uart_connection.o
LOAD ./src/main.o
LOAD ./src/icDrivers/ADP5063.o
LOAD ./src/icDrivers/LTC2942.o
LOAD ./emlib/em_acmp.o
LOAD ./emlib/em_adc.o
LOAD ./emlib/em_aes.o
LOAD ./emlib/em_assert.o
LOAD ./emlib/em_burtc.o
LOAD ./emlib/em_cmu.o
LOAD ./emlib/em_dac.o
LOAD ./emlib/em_dbg.o
LOAD ./emlib/em_dma.o
LOAD ./emlib/em_ebi.o
LOAD ./emlib/em_emu.o
LOAD ./emlib/em_gpio.o
LOAD ./emlib/em_i2c.o
LOAD ./emlib/em_idac.o
LOAD ./emlib/em_int.o
LOAD ./emlib/em_lcd.o
LOAD ./emlib/em_lesense.o
LOAD ./emlib/em_letimer.o
LOAD ./emlib/em_leuart.o
LOAD ./emlib/em_mpu.o
LOAD ./emlib/em_msc.o
LOAD ./emlib/em_opamp.o
LOAD ./emlib/em_pcnt.o
LOAD ./emlib/em_prs.o
LOAD ./emlib/em_rmu.o
LOAD ./emlib/em_rtc.o
LOAD ./emlib/em_system.o
LOAD ./emlib/em_timer.o
LOAD ./emlib/em_usart.o
LOAD ./emlib/em_vcmp.o
LOAD ./emlib/em_wdog.o
LOAD ./CMSIS/efm32zg/startup_gcc_efm32zg.o
LOAD ./CMSIS/efm32zg/system_efm32zg.o
START GROUP
LOAD d:/siliconlabs/simplicitystudio/v2/developer/toolchains/gnu_arm/4.7_2013q1/bin/../lib/gcc/arm-none-eabi/4.7.3/armv6-m\libgcc.a
LOAD d:/siliconlabs/simplicitystudio/v2/developer/toolchains/gnu_arm/4.7_2013q1/bin/../lib/gcc/arm-none-eabi/4.7.3/../../../../arm-none-eabi/lib/armv6-m\libc_s.a
LOAD d:/siliconlabs/simplicitystudio/v2/developer/toolchains/gnu_arm/4.7_2013q1/bin/../lib/gcc/arm-none-eabi/4.7.3/../../../../arm-none-eabi/lib/armv6-m\libnosys.a
END GROUP
START GROUP
LOAD d:/siliconlabs/simplicitystudio/v2/developer/toolchains/gnu_arm/4.7_2013q1/bin/../lib/gcc/arm-none-eabi/4.7.3/armv6-m\libgcc.a
LOAD d:/siliconlabs/simplicitystudio/v2/developer/toolchains/gnu_arm/4.7_2013q1/bin/../lib/gcc/arm-none-eabi/4.7.3/../../../../arm-none-eabi/lib/armv6-m\libc_s.a
END GROUP
LOAD d:/siliconlabs/simplicitystudio/v2/developer/toolchains/gnu_arm/4.7_2013q1/bin/../lib/gcc/arm-none-eabi/4.7.3/armv6-m/crtend.o
LOAD d:/siliconlabs/simplicitystudio/v2/developer/toolchains/gnu_arm/4.7_2013q1/bin/../lib/gcc/arm-none-eabi/4.7.3/armv6-m/crtn.o

.text           0x00000800     0x2d78
 *(.isr_vector)
 .isr_vector    0x00000800      0x100 ./CMSIS/efm32zg/startup_gcc_efm32zg.o
                0x00000800                __isr_vector
 *(.text*)
 .text          0x00000900       0x60 d:/siliconlabs/simplicitystudio/v2/developer/toolchains/gnu_arm/4.7_2013q1/bin/../lib/gcc/arm-none-eabi/4.7.3/armv6-m/crtbegin.o
 .text          0x00000960       0x74 d:/siliconlabs/simplicitystudio/v2/developer/toolchains/gnu_arm/4.7_2013q1/bin/../lib/gcc/arm-none-eabi/4.7.3/../../../../arm-none-eabi/lib/armv6-m/crt0.o
                0x00000960                _start
                0x00000960                start
                0x00000960                _mainCRTStartup
 .text.RTC_init
                0x000009d4       0x58 ./src/ucPeripheralDrivers/RTC_.o
                0x000009d4                RTC_init
 .text.RTC_setTime
                0x00000a2c       0x18 ./src/ucPeripheralDrivers/RTC_.o
                0x00000a2c                RTC_setTime
 .text.RTC_enableInt
                0x00000a44       0x1c ./src/ucPeripheralDrivers/RTC_.o
                0x00000a44                RTC_enableInt
 .text.RTC_clearInt
                0x00000a60        0xc ./src/ucPeripheralDrivers/RTC_.o
                0x00000a60                RTC_clearInt
 .text.i2c_InitMaster
                0x00000a6c       0xf4 ./src/ucPeripheralDrivers/i2c_connection.o
                0x00000a6c                i2c_InitMaster
 .text.I2C0_IRQHandler
                0x00000b60       0x1c ./src/ucPeripheralDrivers/i2c_connection.o
                0x00000b60                I2C0_IRQHandler
 .text.i2c_RegisterGet
                0x00000b7c       0x60 ./src/ucPeripheralDrivers/i2c_connection.o
                0x00000b7c                i2c_RegisterGet
 .text.i2c_RegisterSet
                0x00000bdc       0x58 ./src/ucPeripheralDrivers/i2c_connection.o
                0x00000bdc                i2c_RegisterSet
 .text.i2c_Register_Read_Block
                0x00000c34       0x64 ./src/ucPeripheralDrivers/i2c_connection.o
                0x00000c34                i2c_Register_Read_Block
 .text.i2c_Detect
                0x00000c98       0x5c ./src/ucPeripheralDrivers/i2c_connection.o
                0x00000c98                i2c_Detect
 .text.i2c_Scan
                0x00000cf4       0x90 ./src/ucPeripheralDrivers/i2c_connection.o
                0x00000cf4                i2c_Scan
 .text.LeUart_Init
                0x00000d84       0x6c ./src/ucPeripheralDrivers/leuart_connection.o
                0x00000d84                LeUart_Init
 .text.LeUart_SendText
                0x00000df0       0x2c ./src/ucPeripheralDrivers/leuart_connection.o
                0x00000df0                LeUart_SendText
 .text.USART1_TX_IRQHandler
                0x00000e1c       0x48 ./src/ucPeripheralDrivers/spi.o
                0x00000e1c                USART1_TX_IRQHandler
 .text.USART1_RX_IRQHandler
                0x00000e64       0x70 ./src/ucPeripheralDrivers/uart_connection.o
                0x00000e64                USART1_RX_IRQHandler
 .text.initOscillators
                0x00000ed4       0x34 ./src/main.o
                0x00000ed4                initOscillators
 .text.initDevices
                0x00000f08       0x4c ./src/main.o
                0x00000f08                initDevices
 .text.RTC_IRQHandler
                0x00000f54      0x254 ./src/main.o
                0x00000f54                RTC_IRQHandler
 .text.detectDevices
                0x000011a8       0x60 ./src/main.o
                0x000011a8                detectDevices
 .text.initInterfaces
                0x00001208       0x54 ./src/main.o
                0x00001208                initInterfaces
 .text.startup.main
                0x0000125c       0x80 ./src/main.o
                0x0000125c                main
 .text.ADP5063_Init
                0x000012dc       0x48 ./src/icDrivers/ADP5063.o
                0x000012dc                ADP5063_Init
 .text.ADP5063_Detect
                0x00001324       0x10 ./src/icDrivers/ADP5063.o
                0x00001324                ADP5063_Detect
 .text.ADP5063_PrintStatus
                0x00001334      0x2c4 ./src/icDrivers/ADP5063.o
                0x00001334                ADP5063_PrintStatus
 .text.ADP5063_StopCharging
                0x000015f8       0x14 ./src/icDrivers/ADP5063.o
                0x000015f8                ADP5063_StopCharging
 .text.LTC2942_Init
                0x0000160c       0x60 ./src/icDrivers/LTC2942.o
                0x0000160c                LTC2942_Init
 .text.LTC2942_Detect
                0x0000166c       0x10 ./src/icDrivers/LTC2942.o
                0x0000166c                LTC2942_Detect
 .text.LTC2942_ChargeHistory_ResetAccumulated
                0x0000167c       0x9c ./src/icDrivers/LTC2942.o
                0x0000167c                LTC2942_ChargeHistory_ResetAccumulated
 .text.LTC2942_ChargeHistory_AddNewSample
                0x00001718       0x24 ./src/icDrivers/LTC2942.o
                0x00001718                LTC2942_ChargeHistory_AddNewSample
 .text.LTC2942_ChargeHistory_GetOldestSample
                0x0000173c       0x14 ./src/icDrivers/LTC2942.o
                0x0000173c                LTC2942_ChargeHistory_GetOldestSample
 .text.LTC2942_ChargeHistory_GetBufferSize
                0x00001750        0x4 ./src/icDrivers/LTC2942.o
                0x00001750                LTC2942_ChargeHistory_GetBufferSize
 .text.LTC2942_ChargeHistory_IsFull
                0x00001754       0x18 ./src/icDrivers/LTC2942.o
                0x00001754                LTC2942_ChargeHistory_IsFull
 .text.LTC2942_GetCharger
                0x0000176c       0x28 ./src/icDrivers/LTC2942.o
                0x0000176c                LTC2942_GetCharger
 .text.LTC2942_GetVoltage
                0x00001794       0x28 ./src/icDrivers/LTC2942.o
                0x00001794                LTC2942_GetVoltage
 .text.LTC2942_GetTemperature
                0x000017bc       0x28 ./src/icDrivers/LTC2942.o
                0x000017bc                LTC2942_GetTemperature
 .text.LTC2942_ForceSingleVoltageMeasurement
                0x000017e4       0x14 ./src/icDrivers/LTC2942.o
                0x000017e4                LTC2942_ForceSingleVoltageMeasurement
 .text.LTC2942_ForceSingleTemperatureMeasurement
                0x000017f8       0x14 ./src/icDrivers/LTC2942.o
                0x000017f8                LTC2942_ForceSingleTemperatureMeasurement
 .text.CMU_ClockEnable
                0x0000180c       0x74 ./emlib/em_cmu.o
                0x0000180c                CMU_ClockEnable
 .text.CMU_ClockFreqGet
                0x00001880      0x1a0 ./emlib/em_cmu.o
                0x00001880                CMU_ClockFreqGet
 .text.CMU_ClockSelectSet
                0x00001a20      0x150 ./emlib/em_cmu.o
                0x00001a20                CMU_ClockSelectSet
 .text.CMU_OscillatorEnable
                0x00001b70       0x5c ./emlib/em_cmu.o
                0x00001b70                CMU_OscillatorEnable
 .text.DMA_IRQHandler
                0x00001bcc       0x98 ./emlib/em_dma.o
                0x00001bcc                DMA_IRQHandler
 .text.EMU_EnterEM2
                0x00001c64       0xb4 ./emlib/em_emu.o
                0x00001c64                EMU_EnterEM2
 .text.EMU_UpdateOscConfig
                0x00001d18       0x14 ./emlib/em_emu.o
                0x00001d18                EMU_UpdateOscConfig
 .text.GPIO_PinModeSet
                0x00001d2c       0xbc ./emlib/em_gpio.o
                0x00001d2c                GPIO_PinModeSet
 .text.I2C_Init
                0x00001de8       0x84 ./emlib/em_i2c.o
                0x00001de8                I2C_Init
 .text.I2C_Transfer
                0x00001e6c      0x2fc ./emlib/em_i2c.o
                0x00001e6c                I2C_Transfer
 .text.I2C_TransferInit
                0x00002168       0x6c ./emlib/em_i2c.o
                0x00002168                I2C_TransferInit
 .text.LEUART_Init
                0x000021d4       0x84 ./emlib/em_leuart.o
                0x000021d4                LEUART_Init
 .text.LEUART_Tx
                0x00002258       0x1c ./emlib/em_leuart.o
                0x00002258                LEUART_Tx
 .text.RTC_CompareSet
                0x00002274       0x1c ./emlib/em_rtc.o
                0x00002274                RTC_CompareSet
 .text.RTC_Init
                0x00002290       0x24 ./emlib/em_rtc.o
                0x00002290                RTC_Init
 .text.USART_Rx
                0x000022b4       0x10 ./emlib/em_usart.o
                0x000022b4                USART_Rx
 .text          0x000022c4       0x60 ./CMSIS/efm32zg/startup_gcc_efm32zg.o
                0x000022c4                Reset_Handler
                0x000022f4                Default_Handler
                0x000022f6                NMI_Handler
                0x000022f8                HardFault_Handler
                0x000022fa                SVC_Handler
                0x000022fc                PendSV_Handler
                0x000022fe                SysTick_Handler
                0x00002302                GPIO_EVEN_IRQHandler
                0x00002304                TIMER0_IRQHandler
                0x00002306                ACMP0_IRQHandler
                0x00002308                ADC0_IRQHandler
                0x0000230c                GPIO_ODD_IRQHandler
                0x0000230e                TIMER1_IRQHandler
                0x00002314                LEUART0_IRQHandler
                0x00002316                PCNT0_IRQHandler
                0x0000231a                CMU_IRQHandler
                0x0000231c                VCMP_IRQHandler
                0x0000231e                MSC_IRQHandler
                0x00002320                AES_IRQHandler
 .text.SystemCoreClockGet
                0x00002324       0xb0 ./CMSIS/efm32zg/system_efm32zg.o
                0x00002324                SystemCoreClockGet
 .text.SystemHFClockGet
                0x000023d4       0x9c ./CMSIS/efm32zg/system_efm32zg.o
                0x000023d4                SystemHFClockGet
 .text.SystemInit
                0x00002470        0x4 ./CMSIS/efm32zg/system_efm32zg.o
                0x00002470                SystemInit
 .text.SystemLFRCOClockGet
                0x00002474        0x8 ./CMSIS/efm32zg/system_efm32zg.o
                0x00002474                SystemLFRCOClockGet
 .text.SystemULFRCOClockGet
                0x0000247c        0x8 ./CMSIS/efm32zg/system_efm32zg.o
                0x0000247c                SystemULFRCOClockGet
 .text.SystemLFXOClockGet
                0x00002484        0xc ./CMSIS/efm32zg/system_efm32zg.o
                0x00002484                SystemLFXOClockGet
 .text          0x00002490       0x9c d:/siliconlabs/simplicitystudio/v2/developer/toolchains/gnu_arm/4.7_2013q1/bin/../lib/gcc/arm-none-eabi/4.7.3/armv6-m\libgcc.a(_udivsi3.o)
                0x00002490                __aeabi_uidiv
                0x00002490                __udivsi3
                0x00002518                __aeabi_uidivmod
 .text          0x0000252c       0xc0 d:/siliconlabs/simplicitystudio/v2/developer/toolchains/gnu_arm/4.7_2013q1/bin/../lib/gcc/arm-none-eabi/4.7.3/armv6-m\libgcc.a(_divsi3.o)
                0x0000252c                __divsi3
                0x0000252c                __aeabi_idiv
                0x000025d8                __aeabi_idivmod
 .text          0x000025ec        0x4 d:/siliconlabs/simplicitystudio/v2/developer/toolchains/gnu_arm/4.7_2013q1/bin/../lib/gcc/arm-none-eabi/4.7.3/armv6-m\libgcc.a(_dvmd_tls.o)
                0x000025ec                __aeabi_idiv0
                0x000025ec                __aeabi_ldiv0
 .text.__register_exitproc
                0x000025f0       0x18 d:/siliconlabs/simplicitystudio/v2/developer/toolchains/gnu_arm/4.7_2013q1/bin/../lib/gcc/arm-none-eabi/4.7.3/../../../../arm-none-eabi/lib/armv6-m\libc_s.a(lib_a-__atexit2.o)
                0x000025f0                __register_exitproc
 .text.exit     0x00002608       0x30 d:/siliconlabs/simplicitystudio/v2/developer/toolchains/gnu_arm/4.7_2013q1/bin/../lib/gcc/arm-none-eabi/4.7.3/../../../../arm-none-eabi/lib/armv6-m\libc_s.a(lib_a-exit.o)
                0x00002608                exit
 .text.__libc_fini_array
                0x00002638       0x2c d:/siliconlabs/simplicitystudio/v2/developer/toolchains/gnu_arm/4.7_2013q1/bin/../lib/gcc/arm-none-eabi/4.7.3/../../../../arm-none-eabi/lib/armv6-m\libc_s.a(lib_a-fini.o)
                0x00002638                __libc_fini_array
 .text.__libc_init_array
                0x00002664       0x4c d:/siliconlabs/simplicitystudio/v2/developer/toolchains/gnu_arm/4.7_2013q1/bin/../lib/gcc/arm-none-eabi/4.7.3/../../../../arm-none-eabi/lib/armv6-m\libc_s.a(lib_a-init.o)
                0x00002664                __libc_init_array
 .text.memcpy   0x000026b0       0x12 d:/siliconlabs/simplicitystudio/v2/developer/toolchains/gnu_arm/4.7_2013q1/bin/../lib/gcc/arm-none-eabi/4.7.3/../../../../arm-none-eabi/lib/armv6-m\libc_s.a(lib_a-memcpy.o)
                0x000026b0                memcpy
 .text.memset   0x000026c2       0x12 d:/siliconlabs/simplicitystudio/v2/developer/toolchains/gnu_arm/4.7_2013q1/bin/../lib/gcc/arm-none-eabi/4.7.3/../../../../arm-none-eabi/lib/armv6-m\libc_s.a(lib_a-memset.o)
                0x000026c2                memset
 .text.sprintf  0x000026d4       0x44 d:/siliconlabs/simplicitystudio/v2/developer/toolchains/gnu_arm/4.7_2013q1/bin/../lib/gcc/arm-none-eabi/4.7.3/../../../../arm-none-eabi/lib/armv6-m\libc_s.a(lib_a-sprintf.o)
                0x000026d4                siprintf
                0x000026d4                sprintf
 .text.__ssputc_r
                0x00002718       0xb0 d:/siliconlabs/simplicitystudio/v2/developer/toolchains/gnu_arm/4.7_2013q1/bin/../lib/gcc/arm-none-eabi/4.7.3/../../../../arm-none-eabi/lib/armv6-m\libc_s.a(lib_a-svfprintf.o)
                0x00002718                __ssputc_r
 .text._svfprintf_r
                0x000027c8      0x1f8 d:/siliconlabs/simplicitystudio/v2/developer/toolchains/gnu_arm/4.7_2013q1/bin/../lib/gcc/arm-none-eabi/4.7.3/../../../../arm-none-eabi/lib/armv6-m\libc_s.a(lib_a-svfprintf.o)
                0x000027c8                _svfiprintf_r
                0x000027c8                _svfprintf_r
 .text._printf_common
                0x000029c0       0xe0 d:/siliconlabs/simplicitystudio/v2/developer/toolchains/gnu_arm/4.7_2013q1/bin/../lib/gcc/arm-none-eabi/4.7.3/../../../../arm-none-eabi/lib/armv6-m\libc_s.a(lib_a-vfprintf_i.o)
                0x000029c0                _printf_common
 .text._printf_i
                0x00002aa0      0x234 d:/siliconlabs/simplicitystudio/v2/developer/toolchains/gnu_arm/4.7_2013q1/bin/../lib/gcc/arm-none-eabi/4.7.3/../../../../arm-none-eabi/lib/armv6-m\libc_s.a(lib_a-vfprintf_i.o)
                0x00002aa0                _printf_i
 .text._free_r  0x00002cd4       0x90 d:/siliconlabs/simplicitystudio/v2/developer/toolchains/gnu_arm/4.7_2013q1/bin/../lib/gcc/arm-none-eabi/4.7.3/../../../../arm-none-eabi/lib/armv6-m\libc_s.a(lib_a-freer.o)
                0x00002cd4                _free_r
 .text._malloc_r
                0x00002d64       0x94 d:/siliconlabs/simplicitystudio/v2/developer/toolchains/gnu_arm/4.7_2013q1/bin/../lib/gcc/arm-none-eabi/4.7.3/../../../../arm-none-eabi/lib/armv6-m\libc_s.a(lib_a-mallocr.o)
                0x00002d64                _malloc_r
 .text.memchr   0x00002df8       0x18 d:/siliconlabs/simplicitystudio/v2/developer/toolchains/gnu_arm/4.7_2013q1/bin/../lib/gcc/arm-none-eabi/4.7.3/../../../../arm-none-eabi/lib/armv6-m\libc_s.a(lib_a-memchr.o)
                0x00002df8                memchr
 .text._realloc_r
                0x00002e10       0x4c d:/siliconlabs/simplicitystudio/v2/developer/toolchains/gnu_arm/4.7_2013q1/bin/../lib/gcc/arm-none-eabi/4.7.3/../../../../arm-none-eabi/lib/armv6-m\libc_s.a(lib_a-reallocr.o)
                0x00002e10                _realloc_r
 .text._sbrk_r  0x00002e5c       0x24 d:/siliconlabs/simplicitystudio/v2/developer/toolchains/gnu_arm/4.7_2013q1/bin/../lib/gcc/arm-none-eabi/4.7.3/../../../../arm-none-eabi/lib/armv6-m\libc_s.a(lib_a-sbrkr.o)
                0x00002e5c                _sbrk_r
 .text.strlen   0x00002e80        0xe d:/siliconlabs/simplicitystudio/v2/developer/toolchains/gnu_arm/4.7_2013q1/bin/../lib/gcc/arm-none-eabi/4.7.3/../../../../arm-none-eabi/lib/armv6-m\libc_s.a(lib_a-strlen.o)
                0x00002e80                strlen
 .text._malloc_usable_size_r
                0x00002e8e       0x14 d:/siliconlabs/simplicitystudio/v2/developer/toolchains/gnu_arm/4.7_2013q1/bin/../lib/gcc/arm-none-eabi/4.7.3/../../../../arm-none-eabi/lib/armv6-m\libc_s.a(lib_a-msizer.o)
                0x00002e8e                _malloc_usable_size_r
 *fill*         0x00002ea2        0x2 00
 .text._sbrk    0x00002ea4       0x38 d:/siliconlabs/simplicitystudio/v2/developer/toolchains/gnu_arm/4.7_2013q1/bin/../lib/gcc/arm-none-eabi/4.7.3/../../../../arm-none-eabi/lib/armv6-m\libnosys.a(sbrk.o)
                0x00002ea4                _sbrk
 .text._exit    0x00002edc        0x4 d:/siliconlabs/simplicitystudio/v2/developer/toolchains/gnu_arm/4.7_2013q1/bin/../lib/gcc/arm-none-eabi/4.7.3/../../../../arm-none-eabi/lib/armv6-m\libnosys.a(_exit.o)
                0x00002edc                _exit
 *(.init)
 .init          0x00002ee0        0x4 d:/siliconlabs/simplicitystudio/v2/developer/toolchains/gnu_arm/4.7_2013q1/bin/../lib/gcc/arm-none-eabi/4.7.3/armv6-m/crti.o
                0x00002ee0                _init
 .init          0x00002ee4        0x8 d:/siliconlabs/simplicitystudio/v2/developer/toolchains/gnu_arm/4.7_2013q1/bin/../lib/gcc/arm-none-eabi/4.7.3/armv6-m/crtn.o
 *(.fini)
 .fini          0x00002eec        0x4 d:/siliconlabs/simplicitystudio/v2/developer/toolchains/gnu_arm/4.7_2013q1/bin/../lib/gcc/arm-none-eabi/4.7.3/armv6-m/crti.o
                0x00002eec                _fini
 .fini          0x00002ef0        0x8 d:/siliconlabs/simplicitystudio/v2/developer/toolchains/gnu_arm/4.7_2013q1/bin/../lib/gcc/arm-none-eabi/4.7.3/armv6-m/crtn.o
 *crtbegin.o(.ctors)
 *crtbegin?.o(.ctors)
 *(EXCLUDE_FILE(*crtend.o *crtend?.o) .ctors)
 *(SORT(.ctors.*))
 *(.ctors)
 *crtbegin.o(.dtors)
 *crtbegin?.o(.dtors)
 *(EXCLUDE_FILE(*crtend.o *crtend?.o) .dtors)
 *(SORT(.dtors.*))
 *(.dtors)
 *(.rodata*)
 .rodata        0x00002ef8        0x4 ./src/ucPeripheralDrivers/RTC_.o
 .rodata        0x00002efc       0x10 ./src/ucPeripheralDrivers/i2c_connection.o
 .rodata.str1.4
                0x00002f0c       0x20 ./src/ucPeripheralDrivers/i2c_connection.o
 .rodata        0x00002f2c       0x10 ./src/ucPeripheralDrivers/leuart_connection.o
 .rodata.str1.4
                0x00002f3c       0xb6 ./src/main.o
                                 0xb8 (size before relaxing)
 *fill*         0x00002ff2        0x2 00
 .rodata.str1.4
                0x00002ff4      0x3d7 ./src/icDrivers/ADP5063.o
                                0x3dc (size before relaxing)
 *fill*         0x000033cb        0x1 00
 .rodata.str1.4
                0x000033cc       0xc4 ./src/icDrivers/LTC2942.o
 .rodata.CMU_ClockEnable
                0x00003490       0x1c ./emlib/em_cmu.o
 .rodata.CMU_ClockSelectSet
                0x000034ac       0x50 ./emlib/em_cmu.o
 .rodata.CMU_OscillatorEnable
                0x000034fc       0x14 ./emlib/em_cmu.o
 .rodata.I2C_Transfer
                0x00003510       0x24 ./emlib/em_i2c.o
 .rodata.i2cNSum
                0x00003534        0x4 ./emlib/em_i2c.o
 .rodata.str1.1
                0x00003538        0x2 d:/siliconlabs/simplicitystudio/v2/developer/toolchains/gnu_arm/4.7_2013q1/bin/../lib/gcc/arm-none-eabi/4.7.3/../../../../arm-none-eabi/lib/armv6-m\libc_s.a(lib_a-impure.o)
 *fill*         0x0000353a        0x2 00
 .rodata._global_impure_ptr
                0x0000353c        0x4 d:/siliconlabs/simplicitystudio/v2/developer/toolchains/gnu_arm/4.7_2013q1/bin/../lib/gcc/arm-none-eabi/4.7.3/../../../../arm-none-eabi/lib/armv6-m\libc_s.a(lib_a-impure.o)
                0x0000353c                _global_impure_ptr
 .rodata.str1.1
                0x00003540       0x11 d:/siliconlabs/simplicitystudio/v2/developer/toolchains/gnu_arm/4.7_2013q1/bin/../lib/gcc/arm-none-eabi/4.7.3/../../../../arm-none-eabi/lib/armv6-m\libc_s.a(lib_a-svfprintf.o)
 .rodata.str1.1
                0x00003551       0x22 d:/siliconlabs/simplicitystudio/v2/developer/toolchains/gnu_arm/4.7_2013q1/bin/../lib/gcc/arm-none-eabi/4.7.3/../../../../arm-none-eabi/lib/armv6-m\libc_s.a(lib_a-vfprintf_i.o)
 *(.eh_frame*)
 *fill*         0x00003573        0x1 00
 .eh_frame      0x00003574        0x0 d:/siliconlabs/simplicitystudio/v2/developer/toolchains/gnu_arm/4.7_2013q1/bin/../lib/gcc/arm-none-eabi/4.7.3/armv6-m/crtbegin.o
 .eh_frame      0x00003574        0x4 d:/siliconlabs/simplicitystudio/v2/developer/toolchains/gnu_arm/4.7_2013q1/bin/../lib/gcc/arm-none-eabi/4.7.3/armv6-m/crtend.o

.glue_7         0x00003578        0x0
 .glue_7        0x00000000        0x0 linker stubs

.glue_7t        0x00003578        0x0
 .glue_7t       0x00000000        0x0 linker stubs

.vfp11_veneer   0x00003578        0x0
 .vfp11_veneer  0x00000000        0x0 linker stubs

.v4_bx          0x00003578        0x0
 .v4_bx         0x00000000        0x0 linker stubs

.iplt           0x00003578        0x0
 .iplt          0x00000000        0x0 d:/siliconlabs/simplicitystudio/v2/developer/toolchains/gnu_arm/4.7_2013q1/bin/../lib/gcc/arm-none-eabi/4.7.3/armv6-m/crtbegin.o

.ARM.extab
 *(.ARM.extab* .gnu.linkonce.armextab.*)
                0x00003578                __exidx_start = .

.ARM.exidx      0x00003578        0x8
 *(.ARM.exidx* .gnu.linkonce.armexidx.*)
 .ARM.exidx     0x00003578        0x8 d:/siliconlabs/simplicitystudio/v2/developer/toolchains/gnu_arm/4.7_2013q1/bin/../lib/gcc/arm-none-eabi/4.7.3/../../../../arm-none-eabi/lib/armv6-m/crt0.o
                0x00003580                __exidx_end = .
                0x00003580                __etext = .

.rel.dyn        0x00003580        0x0
 .rel.iplt      0x00000000        0x0 d:/siliconlabs/simplicitystudio/v2/developer/toolchains/gnu_arm/4.7_2013q1/bin/../lib/gcc/arm-none-eabi/4.7.3/armv6-m/crtbegin.o

.data           0x20000000       0x78 load address 0x00003580
                0x20000000                __data_start__ = .
 *(vtable)
 *(.data*)
 .data.SystemLFXOClock
                0x20000000        0x4 ./CMSIS/efm32zg/system_efm32zg.o
 .data.SystemHFXOClock
                0x20000004        0x4 ./CMSIS/efm32zg/system_efm32zg.o
 .data.impure_data
                0x20000008       0x64 d:/siliconlabs/simplicitystudio/v2/developer/toolchains/gnu_arm/4.7_2013q1/bin/../lib/gcc/arm-none-eabi/4.7.3/../../../../arm-none-eabi/lib/armv6-m\libc_s.a(lib_a-impure.o)
 .data._impure_ptr
                0x2000006c        0x4 d:/siliconlabs/simplicitystudio/v2/developer/toolchains/gnu_arm/4.7_2013q1/bin/../lib/gcc/arm-none-eabi/4.7.3/../../../../arm-none-eabi/lib/armv6-m\libc_s.a(lib_a-impure.o)
                0x2000006c                _impure_ptr
                0x20000070                . = ALIGN (0x4)
 *(.ram)
                0x20000070                . = ALIGN (0x4)
                0x20000070                PROVIDE (__preinit_array_start, .)
 *(.preinit_array)
                0x20000070                PROVIDE (__preinit_array_end, .)
                0x20000070                . = ALIGN (0x4)
                0x20000070                PROVIDE (__init_array_start, .)
 *(SORT(.init_array.*))
 *(.init_array)
 .init_array    0x20000070        0x4 d:/siliconlabs/simplicitystudio/v2/developer/toolchains/gnu_arm/4.7_2013q1/bin/../lib/gcc/arm-none-eabi/4.7.3/armv6-m/crtbegin.o
                0x20000074                PROVIDE (__init_array_end, .)
                0x20000074                . = ALIGN (0x4)
                0x20000074                PROVIDE (__fini_array_start, .)
 *(SORT(.fini_array.*))
 *(.fini_array)
 .fini_array    0x20000074        0x4 d:/siliconlabs/simplicitystudio/v2/developer/toolchains/gnu_arm/4.7_2013q1/bin/../lib/gcc/arm-none-eabi/4.7.3/armv6-m/crtbegin.o
                0x20000078                PROVIDE (__fini_array_end, .)
                0x20000078                . = ALIGN (0x4)
                0x20000078                __data_end__ = .

.jcr            0x20000078        0x0 load address 0x000035f8
 .jcr           0x20000078        0x0 d:/siliconlabs/simplicitystudio/v2/developer/toolchains/gnu_arm/4.7_2013q1/bin/../lib/gcc/arm-none-eabi/4.7.3/armv6-m/crtbegin.o

.igot.plt       0x20000078        0x0 load address 0x000035f8
 .igot.plt      0x00000000        0x0 d:/siliconlabs/simplicitystudio/v2/developer/toolchains/gnu_arm/4.7_2013q1/bin/../lib/gcc/arm-none-eabi/4.7.3/armv6-m/crtbegin.o

.bss            0x20000078      0x3f8 load address 0x000035f8
                0x20000078                __bss_start__ = .
 *(.bss*)
 .bss           0x20000078       0x1c d:/siliconlabs/simplicitystudio/v2/developer/toolchains/gnu_arm/4.7_2013q1/bin/../lib/gcc/arm-none-eabi/4.7.3/armv6-m/crtbegin.o
 .bss.g_TimeInterruptType
                0x20000094        0x1 ./src/main.o
                0x20000094                g_TimeInterruptType
 .bss.devices   0x20000095        0x1 ./src/main.o
                0x20000095                devices
 .bss.chargingCompleted.8087
                0x20000096        0x1 ./src/icDrivers/ADP5063.o
 .bss.LTC2942_i_ChargeHistory
                0x20000097        0x1 ./src/icDrivers/LTC2942.o
                0x20000097                LTC2942_i_ChargeHistory
 .bss.cmuStatus
                0x20000098        0x2 ./emlib/em_emu.o
 *fill*         0x2000009a        0x2 00
 .bss.i2cTransfer
                0x2000009c        0xc ./emlib/em_i2c.o
 .bss.__malloc_free_list
                0x200000a8        0x4 d:/siliconlabs/simplicitystudio/v2/developer/toolchains/gnu_arm/4.7_2013q1/bin/../lib/gcc/arm-none-eabi/4.7.3/../../../../arm-none-eabi/lib/armv6-m\libc_s.a(lib_a-mallocr.o)
                0x200000a8                __malloc_free_list
 .bss.heap_end.4231
                0x200000ac        0x4 d:/siliconlabs/simplicitystudio/v2/developer/toolchains/gnu_arm/4.7_2013q1/bin/../lib/gcc/arm-none-eabi/4.7.3/../../../../arm-none-eabi/lib/armv6-m\libnosys.a(sbrk.o)
 *(COMMON)
 COMMON         0x200000b0       0x68 ./src/ucPeripheralDrivers/i2c_connection.o
                0x200000b0                I2C_Status
                0x200000b4                i2c_registers
 COMMON         0x20000118       0x24 ./src/ucPeripheralDrivers/spi.o
                0x20000118                slaveRxBufferIndex
                0x2000011c                masterRxBufferIndex
                0x20000120                slaveRxBuffer
                0x20000124                slaveRxBufferSize
                0x20000128                masterRxBufferSize
                0x2000012c                slaveTxBufferSize
                0x20000130                masterRxBuffer
                0x20000134                slaveTxBuffer
                0x20000138                slaveTxBufferIndex
 COMMON         0x2000013c      0x19c ./src/ucPeripheralDrivers/uart_connection.o
                0x2000013c                rxBuff
                0x200002d4                Uart_RxValidateFunction
 COMMON         0x200002d8      0x190 ./src/icDrivers/LTC2942.o
                0x200002d8                LTC2942_ChargeHistory
 COMMON         0x20000468        0x4 ./CMSIS/efm32zg/system_efm32zg.o
                0x20000468                SystemCoreClock
 COMMON         0x2000046c        0x4 d:/siliconlabs/simplicitystudio/v2/developer/toolchains/gnu_arm/4.7_2013q1/bin/../lib/gcc/arm-none-eabi/4.7.3/../../../../arm-none-eabi/lib/armv6-m\libc_s.a(lib_a-reent.o)
                0x2000046c                errno
                0x20000470                __bss_end__ = .

.heap           0x20000470        0x0
                0x20000470                __end__ = .
                0x20000470                end = __end__
                0x20000470                _end = __end__
 *(.heap*)
 .heap          0x20000470        0x0 ./CMSIS/efm32zg/startup_gcc_efm32zg.o
                0x20000470                __HeapLimit = .

.stack_dummy    0x20000470      0x400
 *(.stack)
 .stack         0x20000470      0x400 ./CMSIS/efm32zg/startup_gcc_efm32zg.o
                0x20001000                __StackTop = (ORIGIN (RAM) + 0x1000)
                0x20000c00                __StackLimit = (__StackTop - SIZEOF (.stack_dummy))
                0x20001000                PROVIDE (__stack, __StackTop)
                0x00000001                ASSERT ((__StackLimit >= __HeapLimit), region RAM overflowed with stack)
                0x00000001                ASSERT ((0x7800 >= (__etext + SIZEOF (.data))), FLASH memory overflowed !)
OUTPUT(LiPolController.axf elf32-littlearm)

.ARM.attributes
                0x00000000       0x28
 .ARM.attributes
                0x00000000       0x1e d:/siliconlabs/simplicitystudio/v2/developer/toolchains/gnu_arm/4.7_2013q1/bin/../lib/gcc/arm-none-eabi/4.7.3/armv6-m/crti.o
 .ARM.attributes
                0x0000001e       0x2c d:/siliconlabs/simplicitystudio/v2/developer/toolchains/gnu_arm/4.7_2013q1/bin/../lib/gcc/arm-none-eabi/4.7.3/armv6-m/crtbegin.o
 .ARM.attributes
                0x0000004a       0x1c d:/siliconlabs/simplicitystudio/v2/developer/toolchains/gnu_arm/4.7_2013q1/bin/../lib/gcc/arm-none-eabi/4.7.3/../../../../arm-none-eabi/lib/armv6-m/crt0.o
 .ARM.attributes
                0x00000066       0x32 ./src/ucPeripheralDrivers/RTC_.o
 .ARM.attributes
                0x00000098       0x32 ./src/ucPeripheralDrivers/i2c_connection.o
 .ARM.attributes
                0x000000ca       0x32 ./src/ucPeripheralDrivers/leuart_connection.o
 .ARM.attributes
                0x000000fc       0x32 ./src/ucPeripheralDrivers/spi.o
 .ARM.attributes
                0x0000012e       0x32 ./src/ucPeripheralDrivers/uart_connection.o
 .ARM.attributes
                0x00000160       0x32 ./src/main.o
 .ARM.attributes
                0x00000192       0x32 ./src/icDrivers/ADP5063.o
 .ARM.attributes
                0x000001c4       0x32 ./src/icDrivers/LTC2942.o
 .ARM.attributes
                0x000001f6       0x32 ./emlib/em_cmu.o
 .ARM.attributes
                0x00000228       0x32 ./emlib/em_dma.o
 .ARM.attributes
                0x0000025a       0x32 ./emlib/em_emu.o
 .ARM.attributes
                0x0000028c       0x32 ./emlib/em_gpio.o
 .ARM.attributes
                0x000002be       0x32 ./emlib/em_i2c.o
 .ARM.attributes
                0x000002f0       0x32 ./emlib/em_leuart.o
 .ARM.attributes
                0x00000322       0x32 ./emlib/em_rtc.o
 .ARM.attributes
                0x00000354       0x32 ./emlib/em_usart.o
 .ARM.attributes
                0x00000386       0x1b ./CMSIS/efm32zg/startup_gcc_efm32zg.o
 .ARM.attributes
                0x000003a1       0x32 ./CMSIS/efm32zg/system_efm32zg.o
 .ARM.attributes
                0x000003d3       0x1e d:/siliconlabs/simplicitystudio/v2/developer/toolchains/gnu_arm/4.7_2013q1/bin/../lib/gcc/arm-none-eabi/4.7.3/armv6-m\libgcc.a(_udivsi3.o)
 .ARM.attributes
                0x000003f1       0x1e d:/siliconlabs/simplicitystudio/v2/developer/toolchains/gnu_arm/4.7_2013q1/bin/../lib/gcc/arm-none-eabi/4.7.3/armv6-m\libgcc.a(_divsi3.o)
 .ARM.attributes
                0x0000040f       0x1e d:/siliconlabs/simplicitystudio/v2/developer/toolchains/gnu_arm/4.7_2013q1/bin/../lib/gcc/arm-none-eabi/4.7.3/armv6-m\libgcc.a(_dvmd_tls.o)
 .ARM.attributes
                0x0000042d       0x2c d:/siliconlabs/simplicitystudio/v2/developer/toolchains/gnu_arm/4.7_2013q1/bin/../lib/gcc/arm-none-eabi/4.7.3/../../../../arm-none-eabi/lib/armv6-m\libc_s.a(lib_a-__atexit2.o)
 .ARM.attributes
                0x00000459       0x2c d:/siliconlabs/simplicitystudio/v2/developer/toolchains/gnu_arm/4.7_2013q1/bin/../lib/gcc/arm-none-eabi/4.7.3/../../../../arm-none-eabi/lib/armv6-m\libc_s.a(lib_a-exit.o)
 .ARM.attributes
                0x00000485       0x2c d:/siliconlabs/simplicitystudio/v2/developer/toolchains/gnu_arm/4.7_2013q1/bin/../lib/gcc/arm-none-eabi/4.7.3/../../../../arm-none-eabi/lib/armv6-m\libc_s.a(lib_a-fini.o)
 .ARM.attributes
                0x000004b1       0x2c d:/siliconlabs/simplicitystudio/v2/developer/toolchains/gnu_arm/4.7_2013q1/bin/../lib/gcc/arm-none-eabi/4.7.3/../../../../arm-none-eabi/lib/armv6-m\libc_s.a(lib_a-impure.o)
 .ARM.attributes
                0x000004dd       0x2c d:/siliconlabs/simplicitystudio/v2/developer/toolchains/gnu_arm/4.7_2013q1/bin/../lib/gcc/arm-none-eabi/4.7.3/../../../../arm-none-eabi/lib/armv6-m\libc_s.a(lib_a-init.o)
 .ARM.attributes
                0x00000509       0x2c d:/siliconlabs/simplicitystudio/v2/developer/toolchains/gnu_arm/4.7_2013q1/bin/../lib/gcc/arm-none-eabi/4.7.3/../../../../arm-none-eabi/lib/armv6-m\libc_s.a(lib_a-memcpy.o)
 .ARM.attributes
                0x00000535       0x2c d:/siliconlabs/simplicitystudio/v2/developer/toolchains/gnu_arm/4.7_2013q1/bin/../lib/gcc/arm-none-eabi/4.7.3/../../../../arm-none-eabi/lib/armv6-m\libc_s.a(lib_a-memset.o)
 .ARM.attributes
                0x00000561       0x2c d:/siliconlabs/simplicitystudio/v2/developer/toolchains/gnu_arm/4.7_2013q1/bin/../lib/gcc/arm-none-eabi/4.7.3/../../../../arm-none-eabi/lib/armv6-m\libc_s.a(lib_a-sprintf.o)
 .ARM.attributes
                0x0000058d       0x2c d:/siliconlabs/simplicitystudio/v2/developer/toolchains/gnu_arm/4.7_2013q1/bin/../lib/gcc/arm-none-eabi/4.7.3/../../../../arm-none-eabi/lib/armv6-m\libc_s.a(lib_a-svfprintf.o)
 .ARM.attributes
                0x000005b9       0x2c d:/siliconlabs/simplicitystudio/v2/developer/toolchains/gnu_arm/4.7_2013q1/bin/../lib/gcc/arm-none-eabi/4.7.3/../../../../arm-none-eabi/lib/armv6-m\libc_s.a(lib_a-vfprintf_i.o)
 .ARM.attributes
                0x000005e5       0x2c d:/siliconlabs/simplicitystudio/v2/developer/toolchains/gnu_arm/4.7_2013q1/bin/../lib/gcc/arm-none-eabi/4.7.3/../../../../arm-none-eabi/lib/armv6-m\libc_s.a(lib_a-freer.o)
 .ARM.attributes
                0x00000611       0x2c d:/siliconlabs/simplicitystudio/v2/developer/toolchains/gnu_arm/4.7_2013q1/bin/../lib/gcc/arm-none-eabi/4.7.3/../../../../arm-none-eabi/lib/armv6-m\libc_s.a(lib_a-mallocr.o)
 .ARM.attributes
                0x0000063d       0x2c d:/siliconlabs/simplicitystudio/v2/developer/toolchains/gnu_arm/4.7_2013q1/bin/../lib/gcc/arm-none-eabi/4.7.3/../../../../arm-none-eabi/lib/armv6-m\libc_s.a(lib_a-memchr.o)
 .ARM.attributes
                0x00000669       0x2c d:/siliconlabs/simplicitystudio/v2/developer/toolchains/gnu_arm/4.7_2013q1/bin/../lib/gcc/arm-none-eabi/4.7.3/../../../../arm-none-eabi/lib/armv6-m\libc_s.a(lib_a-reallocr.o)
 .ARM.attributes
                0x00000695       0x2c d:/siliconlabs/simplicitystudio/v2/developer/toolchains/gnu_arm/4.7_2013q1/bin/../lib/gcc/arm-none-eabi/4.7.3/../../../../arm-none-eabi/lib/armv6-m\libc_s.a(lib_a-sbrkr.o)
 .ARM.attributes
                0x000006c1       0x2c d:/siliconlabs/simplicitystudio/v2/developer/toolchains/gnu_arm/4.7_2013q1/bin/../lib/gcc/arm-none-eabi/4.7.3/../../../../arm-none-eabi/lib/armv6-m\libc_s.a(lib_a-strlen.o)
 .ARM.attributes
                0x000006ed       0x2c d:/siliconlabs/simplicitystudio/v2/developer/toolchains/gnu_arm/4.7_2013q1/bin/../lib/gcc/arm-none-eabi/4.7.3/../../../../arm-none-eabi/lib/armv6-m\libc_s.a(lib_a-msizer.o)
 .ARM.attributes
                0x00000719       0x2c d:/siliconlabs/simplicitystudio/v2/developer/toolchains/gnu_arm/4.7_2013q1/bin/../lib/gcc/arm-none-eabi/4.7.3/../../../../arm-none-eabi/lib/armv6-m\libc_s.a(lib_a-reent.o)
 .ARM.attributes
                0x00000745       0x2c d:/siliconlabs/simplicitystudio/v2/developer/toolchains/gnu_arm/4.7_2013q1/bin/../lib/gcc/arm-none-eabi/4.7.3/../../../../arm-none-eabi/lib/armv6-m\libnosys.a(sbrk.o)
 .ARM.attributes
                0x00000771       0x2c d:/siliconlabs/simplicitystudio/v2/developer/toolchains/gnu_arm/4.7_2013q1/bin/../lib/gcc/arm-none-eabi/4.7.3/../../../../arm-none-eabi/lib/armv6-m\libnosys.a(_exit.o)
 .ARM.attributes
                0x0000079d       0x2c d:/siliconlabs/simplicitystudio/v2/developer/toolchains/gnu_arm/4.7_2013q1/bin/../lib/gcc/arm-none-eabi/4.7.3/armv6-m/crtend.o
 .ARM.attributes
                0x000007c9       0x1e d:/siliconlabs/simplicitystudio/v2/developer/toolchains/gnu_arm/4.7_2013q1/bin/../lib/gcc/arm-none-eabi/4.7.3/armv6-m/crtn.o

.comment        0x00000000       0x70
 .comment       0x00000000       0x70 ./src/ucPeripheralDrivers/RTC_.o
                                 0x71 (size before relaxing)
 .comment       0x00000000       0x71 ./src/ucPeripheralDrivers/i2c_connection.o
 .comment       0x00000000       0x71 ./src/ucPeripheralDrivers/leuart_connection.o
 .comment       0x00000000       0x71 ./src/ucPeripheralDrivers/spi.o
 .comment       0x00000000       0x71 ./src/ucPeripheralDrivers/uart_connection.o
 .comment       0x00000000       0x71 ./src/main.o
 .comment       0x00000000       0x71 ./src/icDrivers/ADP5063.o
 .comment       0x00000000       0x71 ./src/icDrivers/LTC2942.o
 .comment       0x00000000       0x71 ./emlib/em_cmu.o
 .comment       0x00000000       0x71 ./emlib/em_dma.o
 .comment       0x00000000       0x71 ./emlib/em_emu.o
 .comment       0x00000000       0x71 ./emlib/em_gpio.o
 .comment       0x00000000       0x71 ./emlib/em_i2c.o
 .comment       0x00000000       0x71 ./emlib/em_leuart.o
 .comment       0x00000000       0x71 ./emlib/em_rtc.o
 .comment       0x00000000       0x71 ./emlib/em_usart.o
 .comment       0x00000000       0x71 ./CMSIS/efm32zg/system_efm32zg.o

.debug_info     0x00000000     0xb6d2
 .debug_info    0x00000000      0x805 ./src/ucPeripheralDrivers/RTC_.o
 .debug_info    0x00000805      0xf0d ./src/ucPeripheralDrivers/i2c_connection.o
 .debug_info    0x00001712      0x6d4 ./src/ucPeripheralDrivers/leuart_connection.o
 .debug_info    0x00001de6      0x981 ./src/ucPeripheralDrivers/spi.o
 .debug_info    0x00002767      0xb8b ./src/ucPeripheralDrivers/uart_connection.o
 .debug_info    0x000032f2     0x116f ./src/main.o
 .debug_info    0x00004461      0x843 ./src/icDrivers/ADP5063.o
 .debug_info    0x00004ca4      0x7ec ./src/icDrivers/LTC2942.o
 .debug_info    0x00005490     0x16d7 ./emlib/em_cmu.o
 .debug_info    0x00006b67     0x1269 ./emlib/em_dma.o
 .debug_info    0x00007dd0      0x617 ./emlib/em_emu.o
 .debug_info    0x000083e7      0x579 ./emlib/em_gpio.o
 .debug_info    0x00008960      0x8c7 ./emlib/em_i2c.o
 .debug_info    0x00009227      0xac8 ./emlib/em_leuart.o
 .debug_info    0x00009cef      0x3f5 ./emlib/em_rtc.o
 .debug_info    0x0000a0e4     0x105c ./emlib/em_usart.o
 .debug_info    0x0000b140       0xa5 ./CMSIS/efm32zg/startup_gcc_efm32zg.o
 .debug_info    0x0000b1e5      0x4ed ./CMSIS/efm32zg/system_efm32zg.o

.debug_abbrev   0x00000000     0x2adf
 .debug_abbrev  0x00000000      0x26c ./src/ucPeripheralDrivers/RTC_.o
 .debug_abbrev  0x0000026c      0x363 ./src/ucPeripheralDrivers/i2c_connection.o
 .debug_abbrev  0x000005cf      0x1df ./src/ucPeripheralDrivers/leuart_connection.o
 .debug_abbrev  0x000007ae      0x27e ./src/ucPeripheralDrivers/spi.o
 .debug_abbrev  0x00000a2c      0x2c5 ./src/ucPeripheralDrivers/uart_connection.o
 .debug_abbrev  0x00000cf1      0x354 ./src/main.o
 .debug_abbrev  0x00001045      0x1ca ./src/icDrivers/ADP5063.o
 .debug_abbrev  0x0000120f      0x206 ./src/icDrivers/LTC2942.o
 .debug_abbrev  0x00001415      0x35c ./emlib/em_cmu.o
 .debug_abbrev  0x00001771      0x328 ./emlib/em_dma.o
 .debug_abbrev  0x00001a99      0x1fd ./emlib/em_emu.o
 .debug_abbrev  0x00001c96      0x1c1 ./emlib/em_gpio.o
 .debug_abbrev  0x00001e57      0x2d0 ./emlib/em_i2c.o
 .debug_abbrev  0x00002127      0x2cb ./emlib/em_leuart.o
 .debug_abbrev  0x000023f2      0x224 ./emlib/em_rtc.o
 .debug_abbrev  0x00002616      0x2f5 ./emlib/em_usart.o
 .debug_abbrev  0x0000290b       0x14 ./CMSIS/efm32zg/startup_gcc_efm32zg.o
 .debug_abbrev  0x0000291f      0x1c0 ./CMSIS/efm32zg/system_efm32zg.o

.debug_loc      0x00000000     0x653e
 .debug_loc     0x00000000       0x8d ./src/ucPeripheralDrivers/RTC_.o
 .debug_loc     0x0000008d      0x5f2 ./src/ucPeripheralDrivers/i2c_connection.o
 .debug_loc     0x0000067f       0xf7 ./src/ucPeripheralDrivers/leuart_connection.o
 .debug_loc     0x00000776      0x2f0 ./src/ucPeripheralDrivers/spi.o
 .debug_loc     0x00000a66       0xf6 ./src/ucPeripheralDrivers/uart_connection.o
 .debug_loc     0x00000b5c      0x4d5 ./src/main.o
 .debug_loc     0x00001031      0x11f ./src/icDrivers/ADP5063.o
 .debug_loc     0x00001150      0x1c8 ./src/icDrivers/LTC2942.o
 .debug_loc     0x00001318     0x18a8 ./emlib/em_cmu.o
 .debug_loc     0x00002bc0     0x1019 ./emlib/em_dma.o
 .debug_loc     0x00003bd9      0x141 ./emlib/em_emu.o
 .debug_loc     0x00003d1a      0x312 ./emlib/em_gpio.o
 .debug_loc     0x0000402c      0x9f4 ./emlib/em_i2c.o
 .debug_loc     0x00004a20      0x7e1 ./emlib/em_leuart.o
 .debug_loc     0x00005201      0x176 ./emlib/em_rtc.o
 .debug_loc     0x00005377      0xda9 ./emlib/em_usart.o
 .debug_loc     0x00006120      0x41e ./CMSIS/efm32zg/system_efm32zg.o

.debug_aranges  0x00000000      0x678
 .debug_aranges
                0x00000000       0x48 ./src/ucPeripheralDrivers/RTC_.o
 .debug_aranges
                0x00000048       0x58 ./src/ucPeripheralDrivers/i2c_connection.o
 .debug_aranges
                0x000000a0       0x30 ./src/ucPeripheralDrivers/leuart_connection.o
 .debug_aranges
                0x000000d0       0x40 ./src/ucPeripheralDrivers/spi.o
 .debug_aranges
                0x00000110       0x48 ./src/ucPeripheralDrivers/uart_connection.o
 .debug_aranges
                0x00000158       0x58 ./src/main.o
 .debug_aranges
                0x000001b0       0x38 ./src/icDrivers/ADP5063.o
 .debug_aranges
                0x000001e8       0x78 ./src/icDrivers/LTC2942.o
 .debug_aranges
                0x00000260       0xc8 ./emlib/em_cmu.o
 .debug_aranges
                0x00000328       0x80 ./emlib/em_dma.o
 .debug_aranges
                0x000003a8       0x40 ./emlib/em_emu.o
 .debug_aranges
                0x000003e8       0x38 ./emlib/em_gpio.o
 .debug_aranges
                0x00000420       0x50 ./emlib/em_i2c.o
 .debug_aranges
                0x00000470       0x80 ./emlib/em_leuart.o
 .debug_aranges
                0x000004f0       0x50 ./emlib/em_rtc.o
 .debug_aranges
                0x00000540       0xb8 ./emlib/em_usart.o
 .debug_aranges
                0x000005f8       0x20 ./CMSIS/efm32zg/startup_gcc_efm32zg.o
 .debug_aranges
                0x00000618       0x60 ./CMSIS/efm32zg/system_efm32zg.o

.debug_ranges   0x00000000     0x1478
 .debug_ranges  0x00000000       0x80 ./src/ucPeripheralDrivers/RTC_.o
 .debug_ranges  0x00000080      0x100 ./src/ucPeripheralDrivers/i2c_connection.o
 .debug_ranges  0x00000180       0x38 ./src/ucPeripheralDrivers/leuart_connection.o
 .debug_ranges  0x000001b8       0xb8 ./src/ucPeripheralDrivers/spi.o
 .debug_ranges  0x00000270       0x88 ./src/ucPeripheralDrivers/uart_connection.o
 .debug_ranges  0x000002f8      0x418 ./src/main.o
 .debug_ranges  0x00000710       0x28 ./src/icDrivers/ADP5063.o
 .debug_ranges  0x00000738       0xa8 ./src/icDrivers/LTC2942.o
 .debug_ranges  0x000007e0      0x508 ./emlib/em_cmu.o
 .debug_ranges  0x00000ce8      0x1e8 ./emlib/em_dma.o
 .debug_ranges  0x00000ed0       0x48 ./emlib/em_emu.o
 .debug_ranges  0x00000f18       0x58 ./emlib/em_gpio.o
 .debug_ranges  0x00000f70       0xc0 ./emlib/em_i2c.o
 .debug_ranges  0x00001030       0xe8 ./emlib/em_leuart.o
 .debug_ranges  0x00001118       0xb8 ./emlib/em_rtc.o
 .debug_ranges  0x000011d0      0x188 ./emlib/em_usart.o
 .debug_ranges  0x00001358      0x120 ./CMSIS/efm32zg/system_efm32zg.o

.debug_line     0x00000000     0x3ce5
 .debug_line    0x00000000      0x2cf ./src/ucPeripheralDrivers/RTC_.o
 .debug_line    0x000002cf      0x3d6 ./src/ucPeripheralDrivers/i2c_connection.o
 .debug_line    0x000006a5      0x22b ./src/ucPeripheralDrivers/leuart_connection.o
 .debug_line    0x000008d0      0x33e ./src/ucPeripheralDrivers/spi.o
 .debug_line    0x00000c0e      0x355 ./src/ucPeripheralDrivers/uart_connection.o
 .debug_line    0x00000f63      0x488 ./src/main.o
 .debug_line    0x000013eb      0x2c9 ./src/icDrivers/ADP5063.o
 .debug_line    0x000016b4      0x2fd ./src/icDrivers/LTC2942.o
 .debug_line    0x000019b1      0x76b ./emlib/em_cmu.o
 .debug_line    0x0000211c      0x4fd ./emlib/em_dma.o
 .debug_line    0x00002619      0x2eb ./emlib/em_emu.o
 .debug_line    0x00002904      0x24f ./emlib/em_gpio.o
 .debug_line    0x00002b53      0x3db ./emlib/em_i2c.o
 .debug_line    0x00002f2e      0x359 ./emlib/em_leuart.o
 .debug_line    0x00003287      0x283 ./emlib/em_rtc.o
 .debug_line    0x0000350a      0x4c6 ./emlib/em_usart.o
 .debug_line    0x000039d0       0x85 ./CMSIS/efm32zg/startup_gcc_efm32zg.o
 .debug_line    0x00003a55      0x290 ./CMSIS/efm32zg/system_efm32zg.o

.debug_str      0x00000000     0x2de6
 .debug_str     0x00000000      0x62d ./src/ucPeripheralDrivers/RTC_.o
                                0x677 (size before relaxing)
 .debug_str     0x0000062d      0x5d1 ./src/ucPeripheralDrivers/i2c_connection.o
                                0x8a2 (size before relaxing)
 .debug_str     0x00000bfe      0x270 ./src/ucPeripheralDrivers/leuart_connection.o
                                0x74d (size before relaxing)
 .debug_str     0x00000e6e      0x1f8 ./src/ucPeripheralDrivers/spi.o
                                0x6ec (size before relaxing)
 .debug_str     0x00001066      0x3d9 ./src/ucPeripheralDrivers/uart_connection.o
                                0xb06 (size before relaxing)
 .debug_str     0x0000143f      0x405 ./src/main.o
                                0xab0 (size before relaxing)
 .debug_str     0x00001844       0x65 ./src/icDrivers/ADP5063.o
                                0x360 (size before relaxing)
 .debug_str     0x000018a9       0x50 ./src/icDrivers/LTC2942.o
                                0x47d (size before relaxing)
 .debug_str     0x000018f9      0x5e3 ./emlib/em_cmu.o
                                0xa5f (size before relaxing)
 .debug_str     0x00001edc      0x52d ./emlib/em_dma.o
                                0x9b8 (size before relaxing)
 .debug_str     0x00002409       0xd3 ./emlib/em_emu.o
                                0x37d (size before relaxing)
 .debug_str     0x000024dc       0xc3 ./emlib/em_gpio.o
                                0x4d4 (size before relaxing)
 .debug_str     0x0000259f      0x18a ./emlib/em_i2c.o
                                0x617 (size before relaxing)
 .debug_str     0x00002729      0x100 ./emlib/em_leuart.o
                                0x5c2 (size before relaxing)
 .debug_str     0x00002829       0x6b ./emlib/em_rtc.o
                                0x250 (size before relaxing)
 .debug_str     0x00002894      0x4bc ./emlib/em_usart.o
                                0xb35 (size before relaxing)
 .debug_str     0x00002d50       0x96 ./CMSIS/efm32zg/system_efm32zg.o
                                0x362 (size before relaxing)

.debug_frame    0x00000000     0x13f4
 .debug_frame   0x00000000       0x8c ./src/ucPeripheralDrivers/RTC_.o
 .debug_frame   0x0000008c      0x114 ./src/ucPeripheralDrivers/i2c_connection.o
 .debug_frame   0x000001a0       0x64 ./src/ucPeripheralDrivers/leuart_connection.o
 .debug_frame   0x00000204       0x84 ./src/ucPeripheralDrivers/spi.o
 .debug_frame   0x00000288       0xa0 ./src/ucPeripheralDrivers/uart_connection.o
 .debug_frame   0x00000328       0xdc ./src/main.o
 .debug_frame   0x00000404       0x78 ./src/icDrivers/ADP5063.o
 .debug_frame   0x0000047c      0x128 ./src/icDrivers/LTC2942.o
 .debug_frame   0x000005a4      0x200 ./emlib/em_cmu.o
 .debug_frame   0x000007a4      0x194 ./emlib/em_dma.o
 .debug_frame   0x00000938       0x78 ./emlib/em_emu.o
 .debug_frame   0x000009b0       0x84 ./emlib/em_gpio.o
 .debug_frame   0x00000a34       0xc8 ./emlib/em_i2c.o
 .debug_frame   0x00000afc      0x158 ./emlib/em_leuart.o
 .debug_frame   0x00000c54       0xa0 ./emlib/em_rtc.o
 .debug_frame   0x00000cf4      0x218 ./emlib/em_usart.o
 .debug_frame   0x00000f0c       0xc0 ./CMSIS/efm32zg/system_efm32zg.o
 .debug_frame   0x00000fcc       0x20 d:/siliconlabs/simplicitystudio/v2/developer/toolchains/gnu_arm/4.7_2013q1/bin/../lib/gcc/arm-none-eabi/4.7.3/armv6-m\libgcc.a(_udivsi3.o)
 .debug_frame   0x00000fec       0x20 d:/siliconlabs/simplicitystudio/v2/developer/toolchains/gnu_arm/4.7_2013q1/bin/../lib/gcc/arm-none-eabi/4.7.3/armv6-m\libgcc.a(_divsi3.o)
 .debug_frame   0x0000100c       0x28 d:/siliconlabs/simplicitystudio/v2/developer/toolchains/gnu_arm/4.7_2013q1/bin/../lib/gcc/arm-none-eabi/4.7.3/../../../../arm-none-eabi/lib/armv6-m\libc_s.a(lib_a-__atexit2.o)
 .debug_frame   0x00001034       0x28 d:/siliconlabs/simplicitystudio/v2/developer/toolchains/gnu_arm/4.7_2013q1/bin/../lib/gcc/arm-none-eabi/4.7.3/../../../../arm-none-eabi/lib/armv6-m\libc_s.a(lib_a-exit.o)
 .debug_frame   0x0000105c       0x2c d:/siliconlabs/simplicitystudio/v2/developer/toolchains/gnu_arm/4.7_2013q1/bin/../lib/gcc/arm-none-eabi/4.7.3/../../../../arm-none-eabi/lib/armv6-m\libc_s.a(lib_a-fini.o)
 .debug_frame   0x00001088       0x2c d:/siliconlabs/simplicitystudio/v2/developer/toolchains/gnu_arm/4.7_2013q1/bin/../lib/gcc/arm-none-eabi/4.7.3/../../../../arm-none-eabi/lib/armv6-m\libc_s.a(lib_a-init.o)
 .debug_frame   0x000010b4       0x28 d:/siliconlabs/simplicitystudio/v2/developer/toolchains/gnu_arm/4.7_2013q1/bin/../lib/gcc/arm-none-eabi/4.7.3/../../../../arm-none-eabi/lib/armv6-m\libc_s.a(lib_a-memcpy.o)
 .debug_frame   0x000010dc       0x28 d:/siliconlabs/simplicitystudio/v2/developer/toolchains/gnu_arm/4.7_2013q1/bin/../lib/gcc/arm-none-eabi/4.7.3/../../../../arm-none-eabi/lib/armv6-m\libc_s.a(lib_a-memset.o)
 .debug_frame   0x00001104       0x4c d:/siliconlabs/simplicitystudio/v2/developer/toolchains/gnu_arm/4.7_2013q1/bin/../lib/gcc/arm-none-eabi/4.7.3/../../../../arm-none-eabi/lib/armv6-m\libc_s.a(lib_a-sprintf.o)
 .debug_frame   0x00001150       0x78 d:/siliconlabs/simplicitystudio/v2/developer/toolchains/gnu_arm/4.7_2013q1/bin/../lib/gcc/arm-none-eabi/4.7.3/../../../../arm-none-eabi/lib/armv6-m\libc_s.a(lib_a-svfprintf.o)
 .debug_frame   0x000011c8       0x54 d:/siliconlabs/simplicitystudio/v2/developer/toolchains/gnu_arm/4.7_2013q1/bin/../lib/gcc/arm-none-eabi/4.7.3/../../../../arm-none-eabi/lib/armv6-m\libc_s.a(lib_a-vfprintf_i.o)
 .debug_frame   0x0000121c       0x2c d:/siliconlabs/simplicitystudio/v2/developer/toolchains/gnu_arm/4.7_2013q1/bin/../lib/gcc/arm-none-eabi/4.7.3/../../../../arm-none-eabi/lib/armv6-m\libc_s.a(lib_a-freer.o)
 .debug_frame   0x00001248       0x2c d:/siliconlabs/simplicitystudio/v2/developer/toolchains/gnu_arm/4.7_2013q1/bin/../lib/gcc/arm-none-eabi/4.7.3/../../../../arm-none-eabi/lib/armv6-m\libc_s.a(lib_a-mallocr.o)
 .debug_frame   0x00001274       0x28 d:/siliconlabs/simplicitystudio/v2/developer/toolchains/gnu_arm/4.7_2013q1/bin/../lib/gcc/arm-none-eabi/4.7.3/../../../../arm-none-eabi/lib/armv6-m\libc_s.a(lib_a-memchr.o)
 .debug_frame   0x0000129c       0x30 d:/siliconlabs/simplicitystudio/v2/developer/toolchains/gnu_arm/4.7_2013q1/bin/../lib/gcc/arm-none-eabi/4.7.3/../../../../arm-none-eabi/lib/armv6-m\libc_s.a(lib_a-reallocr.o)
 .debug_frame   0x000012cc       0x2c d:/siliconlabs/simplicitystudio/v2/developer/toolchains/gnu_arm/4.7_2013q1/bin/../lib/gcc/arm-none-eabi/4.7.3/../../../../arm-none-eabi/lib/armv6-m\libc_s.a(lib_a-sbrkr.o)
 .debug_frame   0x000012f8       0x20 d:/siliconlabs/simplicitystudio/v2/developer/toolchains/gnu_arm/4.7_2013q1/bin/../lib/gcc/arm-none-eabi/4.7.3/../../../../arm-none-eabi/lib/armv6-m\libc_s.a(lib_a-strlen.o)
 .debug_frame   0x00001318       0x28 d:/siliconlabs/simplicitystudio/v2/developer/toolchains/gnu_arm/4.7_2013q1/bin/../lib/gcc/arm-none-eabi/4.7.3/../../../../arm-none-eabi/lib/armv6-m\libc_s.a(lib_a-msizer.o)
 .debug_frame   0x00001340       0x64 d:/siliconlabs/simplicitystudio/v2/developer/toolchains/gnu_arm/4.7_2013q1/bin/../lib/gcc/arm-none-eabi/4.7.3/../../../../arm-none-eabi/lib/armv6-m\libc_s.a(lib_a-reent.o)
 .debug_frame   0x000013a4       0x28 d:/siliconlabs/simplicitystudio/v2/developer/toolchains/gnu_arm/4.7_2013q1/bin/../lib/gcc/arm-none-eabi/4.7.3/../../../../arm-none-eabi/lib/armv6-m\libnosys.a(sbrk.o)
 .debug_frame   0x000013cc       0x28 d:/siliconlabs/simplicitystudio/v2/developer/toolchains/gnu_arm/4.7_2013q1/bin/../lib/gcc/arm-none-eabi/4.7.3/../../../../arm-none-eabi/lib/armv6-m\libnosys.a(_exit.o)
