Archive member included because of file (symbol)

d:/siliconlabs/simplicitystudio/v2/developer/toolchains/gnu_arm/4.7_2013q1/bin/../lib/gcc/arm-none-eabi/4.7.3/armv6-m\libgcc.a(_udivsi3.o)
                              ./src/main.o (__aeabi_uidiv)
d:/siliconlabs/simplicitystudio/v2/developer/toolchains/gnu_arm/4.7_2013q1/bin/../lib/gcc/arm-none-eabi/4.7.3/armv6-m\libgcc.a(_divsi3.o)
                              ./src/main.o (__aeabi_idiv)
d:/siliconlabs/simplicitystudio/v2/developer/toolchains/gnu_arm/4.7_2013q1/bin/../lib/gcc/arm-none-eabi/4.7.3/armv6-m\libgcc.a(_dvmd_tls.o)
                              d:/siliconlabs/simplicitystudio/v2/developer/toolchains/gnu_arm/4.7_2013q1/bin/../lib/gcc/arm-none-eabi/4.7.3/armv6-m\libgcc.a(_udivsi3.o) (__aeabi_idiv0)
d:/siliconlabs/simplicitystudio/v2/developer/toolchains/gnu_arm/4.7_2013q1/bin/../lib/gcc/arm-none-eabi/4.7.3/../../../../arm-none-eabi/lib/armv6-m\libc_s.a(lib_a-__atexit2.o)
                              d:/siliconlabs/simplicitystudio/v2/developer/toolchains/gnu_arm/4.7_2013q1/bin/../lib/gcc/arm-none-eabi/4.7.3/../../../../arm-none-eabi/lib/armv6-m/crt0.o (__register_exitproc)
d:/siliconlabs/simplicitystudio/v2/developer/toolchains/gnu_arm/4.7_2013q1/bin/../lib/gcc/arm-none-eabi/4.7.3/../../../../arm-none-eabi/lib/armv6-m\libc_s.a(lib_a-exit.o)
                              d:/siliconlabs/simplicitystudio/v2/developer/toolchains/gnu_arm/4.7_2013q1/bin/../lib/gcc/arm-none-eabi/4.7.3/../../../../arm-none-eabi/lib/armv6-m/crt0.o (exit)
d:/siliconlabs/simplicitystudio/v2/developer/toolchains/gnu_arm/4.7_2013q1/bin/../lib/gcc/arm-none-eabi/4.7.3/../../../../arm-none-eabi/lib/armv6-m\libc_s.a(lib_a-fini.o)
                              d:/siliconlabs/simplicitystudio/v2/developer/toolchains/gnu_arm/4.7_2013q1/bin/../lib/gcc/arm-none-eabi/4.7.3/../../../../arm-none-eabi/lib/armv6-m/crt0.o (__libc_fini_array)
d:/siliconlabs/simplicitystudio/v2/developer/toolchains/gnu_arm/4.7_2013q1/bin/../lib/gcc/arm-none-eabi/4.7.3/../../../../arm-none-eabi/lib/armv6-m\libc_s.a(lib_a-impure.o)
                              d:/siliconlabs/simplicitystudio/v2/developer/toolchains/gnu_arm/4.7_2013q1/bin/../lib/gcc/arm-none-eabi/4.7.3/../../../../arm-none-eabi/lib/armv6-m\libc_s.a(lib_a-exit.o) (_global_impure_ptr)
d:/siliconlabs/simplicitystudio/v2/developer/toolchains/gnu_arm/4.7_2013q1/bin/../lib/gcc/arm-none-eabi/4.7.3/../../../../arm-none-eabi/lib/armv6-m\libc_s.a(lib_a-init.o)
                              d:/siliconlabs/simplicitystudio/v2/developer/toolchains/gnu_arm/4.7_2013q1/bin/../lib/gcc/arm-none-eabi/4.7.3/../../../../arm-none-eabi/lib/armv6-m/crt0.o (__libc_init_array)
d:/siliconlabs/simplicitystudio/v2/developer/toolchains/gnu_arm/4.7_2013q1/bin/../lib/gcc/arm-none-eabi/4.7.3/../../../../arm-none-eabi/lib/armv6-m\libc_s.a(lib_a-memcpy.o)
                              ./src/RTC_.o (memcpy)
d:/siliconlabs/simplicitystudio/v2/developer/toolchains/gnu_arm/4.7_2013q1/bin/../lib/gcc/arm-none-eabi/4.7.3/../../../../arm-none-eabi/lib/armv6-m\libc_s.a(lib_a-memset.o)
                              d:/siliconlabs/simplicitystudio/v2/developer/toolchains/gnu_arm/4.7_2013q1/bin/../lib/gcc/arm-none-eabi/4.7.3/../../../../arm-none-eabi/lib/armv6-m/crt0.o (memset)
d:/siliconlabs/simplicitystudio/v2/developer/toolchains/gnu_arm/4.7_2013q1/bin/../lib/gcc/arm-none-eabi/4.7.3/../../../../arm-none-eabi/lib/armv6-m\libc_s.a(lib_a-sprintf.o)
                              ./src/i2c_connection.o (sprintf)
d:/siliconlabs/simplicitystudio/v2/developer/toolchains/gnu_arm/4.7_2013q1/bin/../lib/gcc/arm-none-eabi/4.7.3/../../../../arm-none-eabi/lib/armv6-m\libc_s.a(lib_a-svfprintf.o)
                              d:/siliconlabs/simplicitystudio/v2/developer/toolchains/gnu_arm/4.7_2013q1/bin/../lib/gcc/arm-none-eabi/4.7.3/../../../../arm-none-eabi/lib/armv6-m\libc_s.a(lib_a-sprintf.o) (_svfprintf_r)
d:/siliconlabs/simplicitystudio/v2/developer/toolchains/gnu_arm/4.7_2013q1/bin/../lib/gcc/arm-none-eabi/4.7.3/../../../../arm-none-eabi/lib/armv6-m\libc_s.a(lib_a-vfprintf_i.o)
                              d:/siliconlabs/simplicitystudio/v2/developer/toolchains/gnu_arm/4.7_2013q1/bin/../lib/gcc/arm-none-eabi/4.7.3/../../../../arm-none-eabi/lib/armv6-m\libc_s.a(lib_a-svfprintf.o) (_printf_i)
d:/siliconlabs/simplicitystudio/v2/developer/toolchains/gnu_arm/4.7_2013q1/bin/../lib/gcc/arm-none-eabi/4.7.3/../../../../arm-none-eabi/lib/armv6-m\libc_s.a(lib_a-freer.o)
                              d:/siliconlabs/simplicitystudio/v2/developer/toolchains/gnu_arm/4.7_2013q1/bin/../lib/gcc/arm-none-eabi/4.7.3/../../../../arm-none-eabi/lib/armv6-m\libc_s.a(lib_a-svfprintf.o) (_free_r)
d:/siliconlabs/simplicitystudio/v2/developer/toolchains/gnu_arm/4.7_2013q1/bin/../lib/gcc/arm-none-eabi/4.7.3/../../../../arm-none-eabi/lib/armv6-m\libc_s.a(lib_a-mallocr.o)
                              d:/siliconlabs/simplicitystudio/v2/developer/toolchains/gnu_arm/4.7_2013q1/bin/../lib/gcc/arm-none-eabi/4.7.3/../../../../arm-none-eabi/lib/armv6-m\libc_s.a(lib_a-svfprintf.o) (_malloc_r)
d:/siliconlabs/simplicitystudio/v2/developer/toolchains/gnu_arm/4.7_2013q1/bin/../lib/gcc/arm-none-eabi/4.7.3/../../../../arm-none-eabi/lib/armv6-m\libc_s.a(lib_a-memchr.o)
                              d:/siliconlabs/simplicitystudio/v2/developer/toolchains/gnu_arm/4.7_2013q1/bin/../lib/gcc/arm-none-eabi/4.7.3/../../../../arm-none-eabi/lib/armv6-m\libc_s.a(lib_a-svfprintf.o) (memchr)
d:/siliconlabs/simplicitystudio/v2/developer/toolchains/gnu_arm/4.7_2013q1/bin/../lib/gcc/arm-none-eabi/4.7.3/../../../../arm-none-eabi/lib/armv6-m\libc_s.a(lib_a-memmove.o)
                              d:/siliconlabs/simplicitystudio/v2/developer/toolchains/gnu_arm/4.7_2013q1/bin/../lib/gcc/arm-none-eabi/4.7.3/../../../../arm-none-eabi/lib/armv6-m\libc_s.a(lib_a-svfprintf.o) (memmove)
d:/siliconlabs/simplicitystudio/v2/developer/toolchains/gnu_arm/4.7_2013q1/bin/../lib/gcc/arm-none-eabi/4.7.3/../../../../arm-none-eabi/lib/armv6-m\libc_s.a(lib_a-reallocr.o)
                              d:/siliconlabs/simplicitystudio/v2/developer/toolchains/gnu_arm/4.7_2013q1/bin/../lib/gcc/arm-none-eabi/4.7.3/../../../../arm-none-eabi/lib/armv6-m\libc_s.a(lib_a-svfprintf.o) (_realloc_r)
d:/siliconlabs/simplicitystudio/v2/developer/toolchains/gnu_arm/4.7_2013q1/bin/../lib/gcc/arm-none-eabi/4.7.3/../../../../arm-none-eabi/lib/armv6-m\libc_s.a(lib_a-sbrkr.o)
                              d:/siliconlabs/simplicitystudio/v2/developer/toolchains/gnu_arm/4.7_2013q1/bin/../lib/gcc/arm-none-eabi/4.7.3/../../../../arm-none-eabi/lib/armv6-m\libc_s.a(lib_a-mallocr.o) (_sbrk_r)
d:/siliconlabs/simplicitystudio/v2/developer/toolchains/gnu_arm/4.7_2013q1/bin/../lib/gcc/arm-none-eabi/4.7.3/../../../../arm-none-eabi/lib/armv6-m\libc_s.a(lib_a-strlen.o)
                              d:/siliconlabs/simplicitystudio/v2/developer/toolchains/gnu_arm/4.7_2013q1/bin/../lib/gcc/arm-none-eabi/4.7.3/../../../../arm-none-eabi/lib/armv6-m\libc_s.a(lib_a-vfprintf_i.o) (strlen)
d:/siliconlabs/simplicitystudio/v2/developer/toolchains/gnu_arm/4.7_2013q1/bin/../lib/gcc/arm-none-eabi/4.7.3/../../../../arm-none-eabi/lib/armv6-m\libc_s.a(lib_a-msizer.o)
                              d:/siliconlabs/simplicitystudio/v2/developer/toolchains/gnu_arm/4.7_2013q1/bin/../lib/gcc/arm-none-eabi/4.7.3/../../../../arm-none-eabi/lib/armv6-m\libc_s.a(lib_a-reallocr.o) (_malloc_usable_size_r)
d:/siliconlabs/simplicitystudio/v2/developer/toolchains/gnu_arm/4.7_2013q1/bin/../lib/gcc/arm-none-eabi/4.7.3/../../../../arm-none-eabi/lib/armv6-m\libc_s.a(lib_a-reent.o)
                              d:/siliconlabs/simplicitystudio/v2/developer/toolchains/gnu_arm/4.7_2013q1/bin/../lib/gcc/arm-none-eabi/4.7.3/../../../../arm-none-eabi/lib/armv6-m\libc_s.a(lib_a-sbrkr.o) (errno)
d:/siliconlabs/simplicitystudio/v2/developer/toolchains/gnu_arm/4.7_2013q1/bin/../lib/gcc/arm-none-eabi/4.7.3/../../../../arm-none-eabi/lib/armv6-m\libnosys.a(sbrk.o)
                              d:/siliconlabs/simplicitystudio/v2/developer/toolchains/gnu_arm/4.7_2013q1/bin/../lib/gcc/arm-none-eabi/4.7.3/../../../../arm-none-eabi/lib/armv6-m\libc_s.a(lib_a-sbrkr.o) (_sbrk)
d:/siliconlabs/simplicitystudio/v2/developer/toolchains/gnu_arm/4.7_2013q1/bin/../lib/gcc/arm-none-eabi/4.7.3/../../../../arm-none-eabi/lib/armv6-m\libnosys.a(_exit.o)
                              d:/siliconlabs/simplicitystudio/v2/developer/toolchains/gnu_arm/4.7_2013q1/bin/../lib/gcc/arm-none-eabi/4.7.3/../../../../arm-none-eabi/lib/armv6-m\libc_s.a(lib_a-exit.o) (_exit)

Allocating common symbols
Common symbol       size              file

i2c_rxBufferIndex   0x1               ./src/i2c_connection.o
errno               0x4               d:/siliconlabs/simplicitystudio/v2/developer/toolchains/gnu_arm/4.7_2013q1/bin/../lib/gcc/arm-none-eabi/4.7.3/../../../../arm-none-eabi/lib/armv6-m\libc_s.a(lib_a-reent.o)
slavesList          0x10              ./src/i2c_connection.o
SystemCoreClock     0x4               ./CMSIS/efm32zg/system_efm32zg.o
I2C_Status          0x1               ./src/i2c_connection.o
chargeHistory       0x190             ./src/main.o
slavesListCheck     0x10              ./src/i2c_connection.o
i2c_rxInProgress    0x1               ./src/i2c_connection.o
i2c_startTx         0x1               ./src/i2c_connection.o
i2c_registers       0x64              ./src/i2c_connection.o
i2c_rxBuffer        0xa               ./src/i2c_connection.o
i2c_slave_address   0x1               ./src/i2c_connection.o

Discarded input sections

 .text          0x00000000        0x0 d:/siliconlabs/simplicitystudio/v2/developer/toolchains/gnu_arm/4.7_2013q1/bin/../lib/gcc/arm-none-eabi/4.7.3/armv6-m/crti.o
 .data          0x00000000        0x0 d:/siliconlabs/simplicitystudio/v2/developer/toolchains/gnu_arm/4.7_2013q1/bin/../lib/gcc/arm-none-eabi/4.7.3/armv6-m/crti.o
 .bss           0x00000000        0x0 d:/siliconlabs/simplicitystudio/v2/developer/toolchains/gnu_arm/4.7_2013q1/bin/../lib/gcc/arm-none-eabi/4.7.3/armv6-m/crti.o
 .data          0x00000000        0x4 d:/siliconlabs/simplicitystudio/v2/developer/toolchains/gnu_arm/4.7_2013q1/bin/../lib/gcc/arm-none-eabi/4.7.3/armv6-m/crtbegin.o
 .data          0x00000000        0x0 d:/siliconlabs/simplicitystudio/v2/developer/toolchains/gnu_arm/4.7_2013q1/bin/../lib/gcc/arm-none-eabi/4.7.3/../../../../arm-none-eabi/lib/armv6-m/crt0.o
 .bss           0x00000000        0x0 d:/siliconlabs/simplicitystudio/v2/developer/toolchains/gnu_arm/4.7_2013q1/bin/../lib/gcc/arm-none-eabi/4.7.3/../../../../arm-none-eabi/lib/armv6-m/crt0.o
 .ARM.extab     0x00000000        0x0 d:/siliconlabs/simplicitystudio/v2/developer/toolchains/gnu_arm/4.7_2013q1/bin/../lib/gcc/arm-none-eabi/4.7.3/../../../../arm-none-eabi/lib/armv6-m/crt0.o
 .text          0x00000000        0x0 ./src/RTC_.o
 .data          0x00000000        0x0 ./src/RTC_.o
 .bss           0x00000000        0x0 ./src/RTC_.o
 .text.startLfxoForRtc
                0x00000000       0x34 ./src/RTC_.o
 .text          0x00000000        0x0 ./src/i2c_connection.o
 .data          0x00000000        0x0 ./src/i2c_connection.o
 .bss           0x00000000        0x0 ./src/i2c_connection.o
 .text.initI2C_Slave
                0x00000000       0x98 ./src/i2c_connection.o
 .text.enableI2cSlaveInterrupts
                0x00000000       0x20 ./src/i2c_connection.o
 .text.i2c_Register_Write_Block
                0x00000000       0x68 ./src/i2c_connection.o
 .text          0x00000000        0x0 ./src/main.o
 .data          0x00000000        0x0 ./src/main.o
 .bss           0x00000000        0x0 ./src/main.o
 .text.setupLTC2942
                0x00000000       0x60 ./src/main.o
 .text.check_slavesList
                0x00000000       0x40 ./src/main.o
 .text.clockTest_short
                0x00000000       0x2c ./src/main.o
 .text.setupADP5063
                0x00000000       0x48 ./src/main.o
 .text          0x00000000        0x0 ./src/uart_connection.o
 .data          0x00000000        0x0 ./src/uart_connection.o
 .bss           0x00000000        0x0 ./src/uart_connection.o
 .text.uart_sendChar
                0x00000000       0x18 ./src/uart_connection.o
 .text          0x00000000        0x0 ./emlib/em_cmu.o
 .data          0x00000000        0x0 ./emlib/em_cmu.o
 .bss           0x00000000        0x0 ./emlib/em_cmu.o
 .text.CMU_Calibrate
                0x00000000       0x58 ./emlib/em_cmu.o
 .rodata.CMU_Calibrate
                0x00000000       0x14 ./emlib/em_cmu.o
 .text.CMU_CalibrateConfig
                0x00000000       0x68 ./emlib/em_cmu.o
 .rodata.CMU_CalibrateConfig
                0x00000000       0x14 ./emlib/em_cmu.o
 .text.CMU_ClockDivGet
                0x00000000       0x6c ./emlib/em_cmu.o
 .text.CMU_ClockDivSet
                0x00000000      0x150 ./emlib/em_cmu.o
 .text.CMU_ClockSelectGet
                0x00000000       0x98 ./emlib/em_cmu.o
 .text.CMU_FreezeEnable
                0x00000000       0x20 ./emlib/em_cmu.o
 .text.CMU_AUXHFRCOBandGet
                0x00000000       0x10 ./emlib/em_cmu.o
 .text.CMU_AUXHFRCOBandSet
                0x00000000       0x5c ./emlib/em_cmu.o
 .rodata.CMU_AUXHFRCOBandSet
                0x00000000       0x20 ./emlib/em_cmu.o
 .text.CMU_HFRCOBandGet
                0x00000000       0x10 ./emlib/em_cmu.o
 .text.CMU_HFRCOBandSet
                0x00000000       0xe0 ./emlib/em_cmu.o
 .rodata.CMU_HFRCOBandSet
                0x00000000       0x14 ./emlib/em_cmu.o
 .text.CMU_HFRCOStartupDelayGet
                0x00000000       0x10 ./emlib/em_cmu.o
 .text.CMU_HFRCOStartupDelaySet
                0x00000000       0x20 ./emlib/em_cmu.o
 .text.CMU_LCDClkFDIVGet
                0x00000000        0x4 ./emlib/em_cmu.o
 .text.CMU_LCDClkFDIVSet
                0x00000000        0x4 ./emlib/em_cmu.o
 .text.CMU_OscillatorTuningGet
                0x00000000       0x34 ./emlib/em_cmu.o
 .text.CMU_OscillatorTuningSet
                0x00000000       0x44 ./emlib/em_cmu.o
 .text.CMU_PCNTClockExternalGet
                0x00000000       0x18 ./emlib/em_cmu.o
 .text.CMU_PCNTClockExternalSet
                0x00000000       0x20 ./emlib/em_cmu.o
 .text          0x00000000        0x0 ./emlib/em_emu.o
 .data          0x00000000        0x0 ./emlib/em_emu.o
 .bss           0x00000000        0x0 ./emlib/em_emu.o
 .text.EMU_EnterEM3
                0x00000000       0xd0 ./emlib/em_emu.o
 .text.EMU_EnterEM4
                0x00000000       0x28 ./emlib/em_emu.o
 .text.EMU_MemPwrDown
                0x00000000        0x4 ./emlib/em_emu.o
 .text          0x00000000        0x0 ./emlib/em_gpio.o
 .data          0x00000000        0x0 ./emlib/em_gpio.o
 .bss           0x00000000        0x0 ./emlib/em_gpio.o
 .text.GPIO_DbgLocationSet
                0x00000000        0x4 ./emlib/em_gpio.o
 .text.GPIO_DriveModeSet
                0x00000000       0x1c ./emlib/em_gpio.o
 .text.GPIO_IntConfig
                0x00000000       0xb0 ./emlib/em_gpio.o
 .text          0x00000000        0x0 ./emlib/em_i2c.o
 .data          0x00000000        0x0 ./emlib/em_i2c.o
 .bss           0x00000000        0x0 ./emlib/em_i2c.o
 .text.I2C_BusFreqGet
                0x00000000       0x2c ./emlib/em_i2c.o
 .text.I2C_BusFreqSet
                0x00000000       0x58 ./emlib/em_i2c.o
 .text.I2C_Enable
                0x00000000        0xc ./emlib/em_i2c.o
 .text.I2C_Reset
                0x00000000       0x18 ./emlib/em_i2c.o
 .text          0x00000000        0x0 ./emlib/em_int.o
 .data          0x00000000        0x0 ./emlib/em_int.o
 .bss           0x00000000        0x0 ./emlib/em_int.o
 .bss.INT_LockCnt
                0x00000000        0x4 ./emlib/em_int.o
 .debug_info    0x00000000       0xa4 ./emlib/em_int.o
 .debug_abbrev  0x00000000       0x44 ./emlib/em_int.o
 .debug_aranges
                0x00000000       0x18 ./emlib/em_int.o
 .debug_line    0x00000000       0xce ./emlib/em_int.o
 .debug_str     0x00000000      0x171 ./emlib/em_int.o
 .comment       0x00000000       0x71 ./emlib/em_int.o
 .ARM.attributes
                0x00000000       0x32 ./emlib/em_int.o
 .text          0x00000000        0x0 ./emlib/em_rmu.o
 .data          0x00000000        0x0 ./emlib/em_rmu.o
 .bss           0x00000000        0x0 ./emlib/em_rmu.o
 .text.RMU_ResetControl
                0x00000000       0x1c ./emlib/em_rmu.o
 .text.RMU_ResetCauseClear
                0x00000000       0x4c ./emlib/em_rmu.o
 .text.RMU_ResetCauseGet
                0x00000000       0xd0 ./emlib/em_rmu.o
 .debug_info    0x00000000      0x3a2 ./emlib/em_rmu.o
 .debug_abbrev  0x00000000      0x1db ./emlib/em_rmu.o
 .debug_loc     0x00000000      0x2b2 ./emlib/em_rmu.o
 .debug_aranges
                0x00000000       0x30 ./emlib/em_rmu.o
 .debug_ranges  0x00000000       0xa8 ./emlib/em_rmu.o
 .debug_line    0x00000000      0x243 ./emlib/em_rmu.o
 .debug_str     0x00000000      0x2a9 ./emlib/em_rmu.o
 .comment       0x00000000       0x71 ./emlib/em_rmu.o
 .ARM.attributes
                0x00000000       0x32 ./emlib/em_rmu.o
 .debug_frame   0x00000000       0x58 ./emlib/em_rmu.o
 .text          0x00000000        0x0 ./emlib/em_rtc.o
 .data          0x00000000        0x0 ./emlib/em_rtc.o
 .bss           0x00000000        0x0 ./emlib/em_rtc.o
 .text.RTC_CompareGet
                0x00000000       0x20 ./emlib/em_rtc.o
 .text.RTC_Enable
                0x00000000       0x14 ./emlib/em_rtc.o
 .text.RTC_FreezeEnable
                0x00000000       0x18 ./emlib/em_rtc.o
 .text.RTC_Reset
                0x00000000       0x18 ./emlib/em_rtc.o
 .text.RTC_CounterReset
                0x00000000       0x18 ./emlib/em_rtc.o
 .text          0x00000000        0x0 ./emlib/em_system.o
 .data          0x00000000        0x0 ./emlib/em_system.o
 .bss           0x00000000        0x0 ./emlib/em_system.o
 .text.SYSTEM_ChipRevisionGet
                0x00000000       0x34 ./emlib/em_system.o
 .text.SYSTEM_GetCalibrationValue
                0x00000000       0x2c ./emlib/em_system.o
 .debug_info    0x00000000      0x245 ./emlib/em_system.o
 .debug_abbrev  0x00000000       0xde ./emlib/em_system.o
 .debug_loc     0x00000000       0xc3 ./emlib/em_system.o
 .debug_aranges
                0x00000000       0x28 ./emlib/em_system.o
 .debug_ranges  0x00000000       0x18 ./emlib/em_system.o
 .debug_line    0x00000000      0x1b4 ./emlib/em_system.o
 .debug_str     0x00000000      0x243 ./emlib/em_system.o
 .comment       0x00000000       0x71 ./emlib/em_system.o
 .ARM.attributes
                0x00000000       0x32 ./emlib/em_system.o
 .debug_frame   0x00000000       0x38 ./emlib/em_system.o
 .text          0x00000000        0x0 ./emlib/em_timer.o
 .data          0x00000000        0x0 ./emlib/em_timer.o
 .bss           0x00000000        0x0 ./emlib/em_timer.o
 .text.TIMER_Init
                0x00000000       0x7c ./emlib/em_timer.o
 .text.TIMER_InitCC
                0x00000000       0x58 ./emlib/em_timer.o
 .text.TIMER_Reset
                0x00000000       0x34 ./emlib/em_timer.o
 .debug_info    0x00000000      0x5ee ./emlib/em_timer.o
 .debug_abbrev  0x00000000      0x149 ./emlib/em_timer.o
 .debug_loc     0x00000000       0xe8 ./emlib/em_timer.o
 .debug_aranges
                0x00000000       0x30 ./emlib/em_timer.o
 .debug_ranges  0x00000000       0x20 ./emlib/em_timer.o
 .debug_line    0x00000000      0x1f8 ./emlib/em_timer.o
 .debug_str     0x00000000      0x65f ./emlib/em_timer.o
 .comment       0x00000000       0x71 ./emlib/em_timer.o
 .ARM.attributes
                0x00000000       0x32 ./emlib/em_timer.o
 .debug_frame   0x00000000       0x58 ./emlib/em_timer.o
 .text          0x00000000        0x0 ./emlib/em_usart.o
 .data          0x00000000        0x0 ./emlib/em_usart.o
 .bss           0x00000000        0x0 ./emlib/em_usart.o
 .text.USART_BaudrateAsyncSet
                0x00000000       0x6c ./emlib/em_usart.o
 .text.USART_BaudrateCalc
                0x00000000       0x60 ./emlib/em_usart.o
 .text.USART_BaudrateGet
                0x00000000       0x88 ./emlib/em_usart.o
 .text.USART_BaudrateSyncSet
                0x00000000       0x34 ./emlib/em_usart.o
 .text.USART_InitSync
                0x00000000       0xb4 ./emlib/em_usart.o
 .text.USART_InitIrDA
                0x00000000       0x50 ./emlib/em_usart.o
 .text.USART_InitI2s
                0x00000000       0x4c ./emlib/em_usart.o
 .text.USART_InitPrsTrigger
                0x00000000       0x30 ./emlib/em_usart.o
 .text.USART_Reset
                0x00000000       0x3c ./emlib/em_usart.o
 .text.USART_Rx
                0x00000000       0x10 ./emlib/em_usart.o
 .text.USART_RxDouble
                0x00000000       0x14 ./emlib/em_usart.o
 .text.USART_RxDoubleExt
                0x00000000       0x10 ./emlib/em_usart.o
 .text.USART_RxExt
                0x00000000       0x10 ./emlib/em_usart.o
 .text.USART_SpiTransfer
                0x00000000       0x1c ./emlib/em_usart.o
 .text.USART_Tx
                0x00000000       0x10 ./emlib/em_usart.o
 .text.USART_TxDouble
                0x00000000       0x10 ./emlib/em_usart.o
 .text.USART_TxDoubleExt
                0x00000000       0x10 ./emlib/em_usart.o
 .text.USART_TxExt
                0x00000000       0x10 ./emlib/em_usart.o
 .text          0x00000000        0x0 ./emlib/em_wdog.o
 .data          0x00000000        0x0 ./emlib/em_wdog.o
 .bss           0x00000000        0x0 ./emlib/em_wdog.o
 .text.WDOG_Enable
                0x00000000       0x24 ./emlib/em_wdog.o
 .text.WDOG_Feed
                0x00000000       0x24 ./emlib/em_wdog.o
 .text.WDOG_Init
                0x00000000       0x80 ./emlib/em_wdog.o
 .text.WDOG_Lock
                0x00000000       0x1c ./emlib/em_wdog.o
 .debug_info    0x00000000      0x3ef ./emlib/em_wdog.o
 .debug_abbrev  0x00000000      0x1a6 ./emlib/em_wdog.o
 .debug_loc     0x00000000      0x199 ./emlib/em_wdog.o
 .debug_aranges
                0x00000000       0x38 ./emlib/em_wdog.o
 .debug_ranges  0x00000000       0x58 ./emlib/em_wdog.o
 .debug_line    0x00000000      0x24e ./emlib/em_wdog.o
 .debug_str     0x00000000      0x371 ./emlib/em_wdog.o
 .comment       0x00000000       0x71 ./emlib/em_wdog.o
 .ARM.attributes
                0x00000000       0x32 ./emlib/em_wdog.o
 .debug_frame   0x00000000       0x74 ./emlib/em_wdog.o
 .data          0x00000000        0x0 ./CMSIS/efm32zg/startup_gcc_efm32zg.o
 .bss           0x00000000        0x0 ./CMSIS/efm32zg/startup_gcc_efm32zg.o
 .text          0x00000000        0x0 ./CMSIS/efm32zg/system_efm32zg.o
 .data          0x00000000        0x0 ./CMSIS/efm32zg/system_efm32zg.o
 .bss           0x00000000        0x0 ./CMSIS/efm32zg/system_efm32zg.o
 .text.SystemHFXOClockGet
                0x00000000        0xc ./CMSIS/efm32zg/system_efm32zg.o
 .text.SystemHFXOClockSet
                0x00000000       0xb4 ./CMSIS/efm32zg/system_efm32zg.o
 .text.SystemLFXOClockSet
                0x00000000       0xb4 ./CMSIS/efm32zg/system_efm32zg.o
 .data          0x00000000        0x0 d:/siliconlabs/simplicitystudio/v2/developer/toolchains/gnu_arm/4.7_2013q1/bin/../lib/gcc/arm-none-eabi/4.7.3/armv6-m\libgcc.a(_udivsi3.o)
 .bss           0x00000000        0x0 d:/siliconlabs/simplicitystudio/v2/developer/toolchains/gnu_arm/4.7_2013q1/bin/../lib/gcc/arm-none-eabi/4.7.3/armv6-m\libgcc.a(_udivsi3.o)
 .data          0x00000000        0x0 d:/siliconlabs/simplicitystudio/v2/developer/toolchains/gnu_arm/4.7_2013q1/bin/../lib/gcc/arm-none-eabi/4.7.3/armv6-m\libgcc.a(_divsi3.o)
 .bss           0x00000000        0x0 d:/siliconlabs/simplicitystudio/v2/developer/toolchains/gnu_arm/4.7_2013q1/bin/../lib/gcc/arm-none-eabi/4.7.3/armv6-m\libgcc.a(_divsi3.o)
 .data          0x00000000        0x0 d:/siliconlabs/simplicitystudio/v2/developer/toolchains/gnu_arm/4.7_2013q1/bin/../lib/gcc/arm-none-eabi/4.7.3/armv6-m\libgcc.a(_dvmd_tls.o)
 .bss           0x00000000        0x0 d:/siliconlabs/simplicitystudio/v2/developer/toolchains/gnu_arm/4.7_2013q1/bin/../lib/gcc/arm-none-eabi/4.7.3/armv6-m\libgcc.a(_dvmd_tls.o)
 .text          0x00000000        0x0 d:/siliconlabs/simplicitystudio/v2/developer/toolchains/gnu_arm/4.7_2013q1/bin/../lib/gcc/arm-none-eabi/4.7.3/../../../../arm-none-eabi/lib/armv6-m\libc_s.a(lib_a-__atexit2.o)
 .data          0x00000000        0x0 d:/siliconlabs/simplicitystudio/v2/developer/toolchains/gnu_arm/4.7_2013q1/bin/../lib/gcc/arm-none-eabi/4.7.3/../../../../arm-none-eabi/lib/armv6-m\libc_s.a(lib_a-__atexit2.o)
 .bss           0x00000000        0x0 d:/siliconlabs/simplicitystudio/v2/developer/toolchains/gnu_arm/4.7_2013q1/bin/../lib/gcc/arm-none-eabi/4.7.3/../../../../arm-none-eabi/lib/armv6-m\libc_s.a(lib_a-__atexit2.o)
 .text          0x00000000        0x0 d:/siliconlabs/simplicitystudio/v2/developer/toolchains/gnu_arm/4.7_2013q1/bin/../lib/gcc/arm-none-eabi/4.7.3/../../../../arm-none-eabi/lib/armv6-m\libc_s.a(lib_a-exit.o)
 .data          0x00000000        0x0 d:/siliconlabs/simplicitystudio/v2/developer/toolchains/gnu_arm/4.7_2013q1/bin/../lib/gcc/arm-none-eabi/4.7.3/../../../../arm-none-eabi/lib/armv6-m\libc_s.a(lib_a-exit.o)
 .bss           0x00000000        0x0 d:/siliconlabs/simplicitystudio/v2/developer/toolchains/gnu_arm/4.7_2013q1/bin/../lib/gcc/arm-none-eabi/4.7.3/../../../../arm-none-eabi/lib/armv6-m\libc_s.a(lib_a-exit.o)
 .text          0x00000000        0x0 d:/siliconlabs/simplicitystudio/v2/developer/toolchains/gnu_arm/4.7_2013q1/bin/../lib/gcc/arm-none-eabi/4.7.3/../../../../arm-none-eabi/lib/armv6-m\libc_s.a(lib_a-fini.o)
 .data          0x00000000        0x0 d:/siliconlabs/simplicitystudio/v2/developer/toolchains/gnu_arm/4.7_2013q1/bin/../lib/gcc/arm-none-eabi/4.7.3/../../../../arm-none-eabi/lib/armv6-m\libc_s.a(lib_a-fini.o)
 .bss           0x00000000        0x0 d:/siliconlabs/simplicitystudio/v2/developer/toolchains/gnu_arm/4.7_2013q1/bin/../lib/gcc/arm-none-eabi/4.7.3/../../../../arm-none-eabi/lib/armv6-m\libc_s.a(lib_a-fini.o)
 .text          0x00000000        0x0 d:/siliconlabs/simplicitystudio/v2/developer/toolchains/gnu_arm/4.7_2013q1/bin/../lib/gcc/arm-none-eabi/4.7.3/../../../../arm-none-eabi/lib/armv6-m\libc_s.a(lib_a-impure.o)
 .data          0x00000000        0x0 d:/siliconlabs/simplicitystudio/v2/developer/toolchains/gnu_arm/4.7_2013q1/bin/../lib/gcc/arm-none-eabi/4.7.3/../../../../arm-none-eabi/lib/armv6-m\libc_s.a(lib_a-impure.o)
 .bss           0x00000000        0x0 d:/siliconlabs/simplicitystudio/v2/developer/toolchains/gnu_arm/4.7_2013q1/bin/../lib/gcc/arm-none-eabi/4.7.3/../../../../arm-none-eabi/lib/armv6-m\libc_s.a(lib_a-impure.o)
 .text          0x00000000        0x0 d:/siliconlabs/simplicitystudio/v2/developer/toolchains/gnu_arm/4.7_2013q1/bin/../lib/gcc/arm-none-eabi/4.7.3/../../../../arm-none-eabi/lib/armv6-m\libc_s.a(lib_a-init.o)
 .data          0x00000000        0x0 d:/siliconlabs/simplicitystudio/v2/developer/toolchains/gnu_arm/4.7_2013q1/bin/../lib/gcc/arm-none-eabi/4.7.3/../../../../arm-none-eabi/lib/armv6-m\libc_s.a(lib_a-init.o)
 .bss           0x00000000        0x0 d:/siliconlabs/simplicitystudio/v2/developer/toolchains/gnu_arm/4.7_2013q1/bin/../lib/gcc/arm-none-eabi/4.7.3/../../../../arm-none-eabi/lib/armv6-m\libc_s.a(lib_a-init.o)
 .text          0x00000000        0x0 d:/siliconlabs/simplicitystudio/v2/developer/toolchains/gnu_arm/4.7_2013q1/bin/../lib/gcc/arm-none-eabi/4.7.3/../../../../arm-none-eabi/lib/armv6-m\libc_s.a(lib_a-memcpy.o)
 .data          0x00000000        0x0 d:/siliconlabs/simplicitystudio/v2/developer/toolchains/gnu_arm/4.7_2013q1/bin/../lib/gcc/arm-none-eabi/4.7.3/../../../../arm-none-eabi/lib/armv6-m\libc_s.a(lib_a-memcpy.o)
 .bss           0x00000000        0x0 d:/siliconlabs/simplicitystudio/v2/developer/toolchains/gnu_arm/4.7_2013q1/bin/../lib/gcc/arm-none-eabi/4.7.3/../../../../arm-none-eabi/lib/armv6-m\libc_s.a(lib_a-memcpy.o)
 .text          0x00000000        0x0 d:/siliconlabs/simplicitystudio/v2/developer/toolchains/gnu_arm/4.7_2013q1/bin/../lib/gcc/arm-none-eabi/4.7.3/../../../../arm-none-eabi/lib/armv6-m\libc_s.a(lib_a-memset.o)
 .data          0x00000000        0x0 d:/siliconlabs/simplicitystudio/v2/developer/toolchains/gnu_arm/4.7_2013q1/bin/../lib/gcc/arm-none-eabi/4.7.3/../../../../arm-none-eabi/lib/armv6-m\libc_s.a(lib_a-memset.o)
 .bss           0x00000000        0x0 d:/siliconlabs/simplicitystudio/v2/developer/toolchains/gnu_arm/4.7_2013q1/bin/../lib/gcc/arm-none-eabi/4.7.3/../../../../arm-none-eabi/lib/armv6-m\libc_s.a(lib_a-memset.o)
 .text          0x00000000        0x0 d:/siliconlabs/simplicitystudio/v2/developer/toolchains/gnu_arm/4.7_2013q1/bin/../lib/gcc/arm-none-eabi/4.7.3/../../../../arm-none-eabi/lib/armv6-m\libc_s.a(lib_a-sprintf.o)
 .data          0x00000000        0x0 d:/siliconlabs/simplicitystudio/v2/developer/toolchains/gnu_arm/4.7_2013q1/bin/../lib/gcc/arm-none-eabi/4.7.3/../../../../arm-none-eabi/lib/armv6-m\libc_s.a(lib_a-sprintf.o)
 .bss           0x00000000        0x0 d:/siliconlabs/simplicitystudio/v2/developer/toolchains/gnu_arm/4.7_2013q1/bin/../lib/gcc/arm-none-eabi/4.7.3/../../../../arm-none-eabi/lib/armv6-m\libc_s.a(lib_a-sprintf.o)
 .text._sprintf_r
                0x00000000       0x40 d:/siliconlabs/simplicitystudio/v2/developer/toolchains/gnu_arm/4.7_2013q1/bin/../lib/gcc/arm-none-eabi/4.7.3/../../../../arm-none-eabi/lib/armv6-m\libc_s.a(lib_a-sprintf.o)
 .text          0x00000000        0x0 d:/siliconlabs/simplicitystudio/v2/developer/toolchains/gnu_arm/4.7_2013q1/bin/../lib/gcc/arm-none-eabi/4.7.3/../../../../arm-none-eabi/lib/armv6-m\libc_s.a(lib_a-svfprintf.o)
 .data          0x00000000        0x0 d:/siliconlabs/simplicitystudio/v2/developer/toolchains/gnu_arm/4.7_2013q1/bin/../lib/gcc/arm-none-eabi/4.7.3/../../../../arm-none-eabi/lib/armv6-m\libc_s.a(lib_a-svfprintf.o)
 .bss           0x00000000        0x0 d:/siliconlabs/simplicitystudio/v2/developer/toolchains/gnu_arm/4.7_2013q1/bin/../lib/gcc/arm-none-eabi/4.7.3/../../../../arm-none-eabi/lib/armv6-m\libc_s.a(lib_a-svfprintf.o)
 .text.__ssprint_r
                0x00000000      0x100 d:/siliconlabs/simplicitystudio/v2/developer/toolchains/gnu_arm/4.7_2013q1/bin/../lib/gcc/arm-none-eabi/4.7.3/../../../../arm-none-eabi/lib/armv6-m\libc_s.a(lib_a-svfprintf.o)
 .text          0x00000000        0x0 d:/siliconlabs/simplicitystudio/v2/developer/toolchains/gnu_arm/4.7_2013q1/bin/../lib/gcc/arm-none-eabi/4.7.3/../../../../arm-none-eabi/lib/armv6-m\libc_s.a(lib_a-vfprintf_i.o)
 .data          0x00000000        0x0 d:/siliconlabs/simplicitystudio/v2/developer/toolchains/gnu_arm/4.7_2013q1/bin/../lib/gcc/arm-none-eabi/4.7.3/../../../../arm-none-eabi/lib/armv6-m\libc_s.a(lib_a-vfprintf_i.o)
 .bss           0x00000000        0x0 d:/siliconlabs/simplicitystudio/v2/developer/toolchains/gnu_arm/4.7_2013q1/bin/../lib/gcc/arm-none-eabi/4.7.3/../../../../arm-none-eabi/lib/armv6-m\libc_s.a(lib_a-vfprintf_i.o)
 .text          0x00000000        0x0 d:/siliconlabs/simplicitystudio/v2/developer/toolchains/gnu_arm/4.7_2013q1/bin/../lib/gcc/arm-none-eabi/4.7.3/../../../../arm-none-eabi/lib/armv6-m\libc_s.a(lib_a-freer.o)
 .data          0x00000000        0x0 d:/siliconlabs/simplicitystudio/v2/developer/toolchains/gnu_arm/4.7_2013q1/bin/../lib/gcc/arm-none-eabi/4.7.3/../../../../arm-none-eabi/lib/armv6-m\libc_s.a(lib_a-freer.o)
 .bss           0x00000000        0x0 d:/siliconlabs/simplicitystudio/v2/developer/toolchains/gnu_arm/4.7_2013q1/bin/../lib/gcc/arm-none-eabi/4.7.3/../../../../arm-none-eabi/lib/armv6-m\libc_s.a(lib_a-freer.o)
 .text          0x00000000        0x0 d:/siliconlabs/simplicitystudio/v2/developer/toolchains/gnu_arm/4.7_2013q1/bin/../lib/gcc/arm-none-eabi/4.7.3/../../../../arm-none-eabi/lib/armv6-m\libc_s.a(lib_a-mallocr.o)
 .data          0x00000000        0x0 d:/siliconlabs/simplicitystudio/v2/developer/toolchains/gnu_arm/4.7_2013q1/bin/../lib/gcc/arm-none-eabi/4.7.3/../../../../arm-none-eabi/lib/armv6-m\libc_s.a(lib_a-mallocr.o)
 .bss           0x00000000        0x0 d:/siliconlabs/simplicitystudio/v2/developer/toolchains/gnu_arm/4.7_2013q1/bin/../lib/gcc/arm-none-eabi/4.7.3/../../../../arm-none-eabi/lib/armv6-m\libc_s.a(lib_a-mallocr.o)
 .text          0x00000000        0x0 d:/siliconlabs/simplicitystudio/v2/developer/toolchains/gnu_arm/4.7_2013q1/bin/../lib/gcc/arm-none-eabi/4.7.3/../../../../arm-none-eabi/lib/armv6-m\libc_s.a(lib_a-memchr.o)
 .data          0x00000000        0x0 d:/siliconlabs/simplicitystudio/v2/developer/toolchains/gnu_arm/4.7_2013q1/bin/../lib/gcc/arm-none-eabi/4.7.3/../../../../arm-none-eabi/lib/armv6-m\libc_s.a(lib_a-memchr.o)
 .bss           0x00000000        0x0 d:/siliconlabs/simplicitystudio/v2/developer/toolchains/gnu_arm/4.7_2013q1/bin/../lib/gcc/arm-none-eabi/4.7.3/../../../../arm-none-eabi/lib/armv6-m\libc_s.a(lib_a-memchr.o)
 .text          0x00000000        0x0 d:/siliconlabs/simplicitystudio/v2/developer/toolchains/gnu_arm/4.7_2013q1/bin/../lib/gcc/arm-none-eabi/4.7.3/../../../../arm-none-eabi/lib/armv6-m\libc_s.a(lib_a-memmove.o)
 .data          0x00000000        0x0 d:/siliconlabs/simplicitystudio/v2/developer/toolchains/gnu_arm/4.7_2013q1/bin/../lib/gcc/arm-none-eabi/4.7.3/../../../../arm-none-eabi/lib/armv6-m\libc_s.a(lib_a-memmove.o)
 .bss           0x00000000        0x0 d:/siliconlabs/simplicitystudio/v2/developer/toolchains/gnu_arm/4.7_2013q1/bin/../lib/gcc/arm-none-eabi/4.7.3/../../../../arm-none-eabi/lib/armv6-m\libc_s.a(lib_a-memmove.o)
 .text.memmove  0x00000000       0x30 d:/siliconlabs/simplicitystudio/v2/developer/toolchains/gnu_arm/4.7_2013q1/bin/../lib/gcc/arm-none-eabi/4.7.3/../../../../arm-none-eabi/lib/armv6-m\libc_s.a(lib_a-memmove.o)
 .ARM.attributes
                0x00000000       0x2c d:/siliconlabs/simplicitystudio/v2/developer/toolchains/gnu_arm/4.7_2013q1/bin/../lib/gcc/arm-none-eabi/4.7.3/../../../../arm-none-eabi/lib/armv6-m\libc_s.a(lib_a-memmove.o)
 .debug_frame   0x00000000       0x2c d:/siliconlabs/simplicitystudio/v2/developer/toolchains/gnu_arm/4.7_2013q1/bin/../lib/gcc/arm-none-eabi/4.7.3/../../../../arm-none-eabi/lib/armv6-m\libc_s.a(lib_a-memmove.o)
 .text          0x00000000        0x0 d:/siliconlabs/simplicitystudio/v2/developer/toolchains/gnu_arm/4.7_2013q1/bin/../lib/gcc/arm-none-eabi/4.7.3/../../../../arm-none-eabi/lib/armv6-m\libc_s.a(lib_a-reallocr.o)
 .data          0x00000000        0x0 d:/siliconlabs/simplicitystudio/v2/developer/toolchains/gnu_arm/4.7_2013q1/bin/../lib/gcc/arm-none-eabi/4.7.3/../../../../arm-none-eabi/lib/armv6-m\libc_s.a(lib_a-reallocr.o)
 .bss           0x00000000        0x0 d:/siliconlabs/simplicitystudio/v2/developer/toolchains/gnu_arm/4.7_2013q1/bin/../lib/gcc/arm-none-eabi/4.7.3/../../../../arm-none-eabi/lib/armv6-m\libc_s.a(lib_a-reallocr.o)
 .text          0x00000000        0x0 d:/siliconlabs/simplicitystudio/v2/developer/toolchains/gnu_arm/4.7_2013q1/bin/../lib/gcc/arm-none-eabi/4.7.3/../../../../arm-none-eabi/lib/armv6-m\libc_s.a(lib_a-sbrkr.o)
 .data          0x00000000        0x0 d:/siliconlabs/simplicitystudio/v2/developer/toolchains/gnu_arm/4.7_2013q1/bin/../lib/gcc/arm-none-eabi/4.7.3/../../../../arm-none-eabi/lib/armv6-m\libc_s.a(lib_a-sbrkr.o)
 .bss           0x00000000        0x0 d:/siliconlabs/simplicitystudio/v2/developer/toolchains/gnu_arm/4.7_2013q1/bin/../lib/gcc/arm-none-eabi/4.7.3/../../../../arm-none-eabi/lib/armv6-m\libc_s.a(lib_a-sbrkr.o)
 .text          0x00000000        0x0 d:/siliconlabs/simplicitystudio/v2/developer/toolchains/gnu_arm/4.7_2013q1/bin/../lib/gcc/arm-none-eabi/4.7.3/../../../../arm-none-eabi/lib/armv6-m\libc_s.a(lib_a-strlen.o)
 .data          0x00000000        0x0 d:/siliconlabs/simplicitystudio/v2/developer/toolchains/gnu_arm/4.7_2013q1/bin/../lib/gcc/arm-none-eabi/4.7.3/../../../../arm-none-eabi/lib/armv6-m\libc_s.a(lib_a-strlen.o)
 .bss           0x00000000        0x0 d:/siliconlabs/simplicitystudio/v2/developer/toolchains/gnu_arm/4.7_2013q1/bin/../lib/gcc/arm-none-eabi/4.7.3/../../../../arm-none-eabi/lib/armv6-m\libc_s.a(lib_a-strlen.o)
 .text          0x00000000        0x0 d:/siliconlabs/simplicitystudio/v2/developer/toolchains/gnu_arm/4.7_2013q1/bin/../lib/gcc/arm-none-eabi/4.7.3/../../../../arm-none-eabi/lib/armv6-m\libc_s.a(lib_a-msizer.o)
 .data          0x00000000        0x0 d:/siliconlabs/simplicitystudio/v2/developer/toolchains/gnu_arm/4.7_2013q1/bin/../lib/gcc/arm-none-eabi/4.7.3/../../../../arm-none-eabi/lib/armv6-m\libc_s.a(lib_a-msizer.o)
 .bss           0x00000000        0x0 d:/siliconlabs/simplicitystudio/v2/developer/toolchains/gnu_arm/4.7_2013q1/bin/../lib/gcc/arm-none-eabi/4.7.3/../../../../arm-none-eabi/lib/armv6-m\libc_s.a(lib_a-msizer.o)
 .text          0x00000000        0x0 d:/siliconlabs/simplicitystudio/v2/developer/toolchains/gnu_arm/4.7_2013q1/bin/../lib/gcc/arm-none-eabi/4.7.3/../../../../arm-none-eabi/lib/armv6-m\libc_s.a(lib_a-reent.o)
 .data          0x00000000        0x0 d:/siliconlabs/simplicitystudio/v2/developer/toolchains/gnu_arm/4.7_2013q1/bin/../lib/gcc/arm-none-eabi/4.7.3/../../../../arm-none-eabi/lib/armv6-m\libc_s.a(lib_a-reent.o)
 .bss           0x00000000        0x0 d:/siliconlabs/simplicitystudio/v2/developer/toolchains/gnu_arm/4.7_2013q1/bin/../lib/gcc/arm-none-eabi/4.7.3/../../../../arm-none-eabi/lib/armv6-m\libc_s.a(lib_a-reent.o)
 .text.cleanup_glue
                0x00000000       0x1a d:/siliconlabs/simplicitystudio/v2/developer/toolchains/gnu_arm/4.7_2013q1/bin/../lib/gcc/arm-none-eabi/4.7.3/../../../../arm-none-eabi/lib/armv6-m\libc_s.a(lib_a-reent.o)
 .text._reclaim_reent
                0x00000000       0xc0 d:/siliconlabs/simplicitystudio/v2/developer/toolchains/gnu_arm/4.7_2013q1/bin/../lib/gcc/arm-none-eabi/4.7.3/../../../../arm-none-eabi/lib/armv6-m\libc_s.a(lib_a-reent.o)
 .text._wrapup_reent
                0x00000000       0x34 d:/siliconlabs/simplicitystudio/v2/developer/toolchains/gnu_arm/4.7_2013q1/bin/../lib/gcc/arm-none-eabi/4.7.3/../../../../arm-none-eabi/lib/armv6-m\libc_s.a(lib_a-reent.o)
 .text          0x00000000        0x0 d:/siliconlabs/simplicitystudio/v2/developer/toolchains/gnu_arm/4.7_2013q1/bin/../lib/gcc/arm-none-eabi/4.7.3/../../../../arm-none-eabi/lib/armv6-m\libnosys.a(sbrk.o)
 .data          0x00000000        0x0 d:/siliconlabs/simplicitystudio/v2/developer/toolchains/gnu_arm/4.7_2013q1/bin/../lib/gcc/arm-none-eabi/4.7.3/../../../../arm-none-eabi/lib/armv6-m\libnosys.a(sbrk.o)
 .bss           0x00000000        0x0 d:/siliconlabs/simplicitystudio/v2/developer/toolchains/gnu_arm/4.7_2013q1/bin/../lib/gcc/arm-none-eabi/4.7.3/../../../../arm-none-eabi/lib/armv6-m\libnosys.a(sbrk.o)
 .text          0x00000000        0x0 d:/siliconlabs/simplicitystudio/v2/developer/toolchains/gnu_arm/4.7_2013q1/bin/../lib/gcc/arm-none-eabi/4.7.3/../../../../arm-none-eabi/lib/armv6-m\libnosys.a(_exit.o)
 .data          0x00000000        0x0 d:/siliconlabs/simplicitystudio/v2/developer/toolchains/gnu_arm/4.7_2013q1/bin/../lib/gcc/arm-none-eabi/4.7.3/../../../../arm-none-eabi/lib/armv6-m\libnosys.a(_exit.o)
 .bss           0x00000000        0x0 d:/siliconlabs/simplicitystudio/v2/developer/toolchains/gnu_arm/4.7_2013q1/bin/../lib/gcc/arm-none-eabi/4.7.3/../../../../arm-none-eabi/lib/armv6-m\libnosys.a(_exit.o)
 .text          0x00000000        0x0 d:/siliconlabs/simplicitystudio/v2/developer/toolchains/gnu_arm/4.7_2013q1/bin/../lib/gcc/arm-none-eabi/4.7.3/armv6-m/crtend.o
 .data          0x00000000        0x0 d:/siliconlabs/simplicitystudio/v2/developer/toolchains/gnu_arm/4.7_2013q1/bin/../lib/gcc/arm-none-eabi/4.7.3/armv6-m/crtend.o
 .bss           0x00000000        0x0 d:/siliconlabs/simplicitystudio/v2/developer/toolchains/gnu_arm/4.7_2013q1/bin/../lib/gcc/arm-none-eabi/4.7.3/armv6-m/crtend.o
 .jcr           0x00000000        0x4 d:/siliconlabs/simplicitystudio/v2/developer/toolchains/gnu_arm/4.7_2013q1/bin/../lib/gcc/arm-none-eabi/4.7.3/armv6-m/crtend.o
 .text          0x00000000        0x0 d:/siliconlabs/simplicitystudio/v2/developer/toolchains/gnu_arm/4.7_2013q1/bin/../lib/gcc/arm-none-eabi/4.7.3/armv6-m/crtn.o
 .data          0x00000000        0x0 d:/siliconlabs/simplicitystudio/v2/developer/toolchains/gnu_arm/4.7_2013q1/bin/../lib/gcc/arm-none-eabi/4.7.3/armv6-m/crtn.o
 .bss           0x00000000        0x0 d:/siliconlabs/simplicitystudio/v2/developer/toolchains/gnu_arm/4.7_2013q1/bin/../lib/gcc/arm-none-eabi/4.7.3/armv6-m/crtn.o

Memory Configuration

Name             Origin             Length             Attributes
FLASH            0x00000800         0x00007800         xr
RAM              0x20000000         0x00001000         xrw
*default*        0x00000000         0xffffffff

Linker script and memory map

LOAD d:/siliconlabs/simplicitystudio/v2/developer/toolchains/gnu_arm/4.7_2013q1/bin/../lib/gcc/arm-none-eabi/4.7.3/armv6-m/crti.o
LOAD d:/siliconlabs/simplicitystudio/v2/developer/toolchains/gnu_arm/4.7_2013q1/bin/../lib/gcc/arm-none-eabi/4.7.3/armv6-m/crtbegin.o
LOAD d:/siliconlabs/simplicitystudio/v2/developer/toolchains/gnu_arm/4.7_2013q1/bin/../lib/gcc/arm-none-eabi/4.7.3/../../../../arm-none-eabi/lib/armv6-m/crt0.o
LOAD ./src/RTC_.o
LOAD ./src/i2c_connection.o
LOAD ./src/main.o
LOAD ./src/uart_connection.o
LOAD ./emlib/em_cmu.o
LOAD ./emlib/em_emu.o
LOAD ./emlib/em_gpio.o
LOAD ./emlib/em_i2c.o
LOAD ./emlib/em_int.o
LOAD ./emlib/em_rmu.o
LOAD ./emlib/em_rtc.o
LOAD ./emlib/em_system.o
LOAD ./emlib/em_timer.o
LOAD ./emlib/em_usart.o
LOAD ./emlib/em_wdog.o
LOAD ./CMSIS/efm32zg/startup_gcc_efm32zg.o
LOAD ./CMSIS/efm32zg/system_efm32zg.o
START GROUP
LOAD d:/siliconlabs/simplicitystudio/v2/developer/toolchains/gnu_arm/4.7_2013q1/bin/../lib/gcc/arm-none-eabi/4.7.3/armv6-m\libgcc.a
LOAD d:/siliconlabs/simplicitystudio/v2/developer/toolchains/gnu_arm/4.7_2013q1/bin/../lib/gcc/arm-none-eabi/4.7.3/../../../../arm-none-eabi/lib/armv6-m\libc_s.a
LOAD d:/siliconlabs/simplicitystudio/v2/developer/toolchains/gnu_arm/4.7_2013q1/bin/../lib/gcc/arm-none-eabi/4.7.3/../../../../arm-none-eabi/lib/armv6-m\libnosys.a
END GROUP
START GROUP
LOAD d:/siliconlabs/simplicitystudio/v2/developer/toolchains/gnu_arm/4.7_2013q1/bin/../lib/gcc/arm-none-eabi/4.7.3/armv6-m\libgcc.a
LOAD d:/siliconlabs/simplicitystudio/v2/developer/toolchains/gnu_arm/4.7_2013q1/bin/../lib/gcc/arm-none-eabi/4.7.3/../../../../arm-none-eabi/lib/armv6-m\libc_s.a
END GROUP
LOAD d:/siliconlabs/simplicitystudio/v2/developer/toolchains/gnu_arm/4.7_2013q1/bin/../lib/gcc/arm-none-eabi/4.7.3/armv6-m/crtend.o
LOAD d:/siliconlabs/simplicitystudio/v2/developer/toolchains/gnu_arm/4.7_2013q1/bin/../lib/gcc/arm-none-eabi/4.7.3/armv6-m/crtn.o

.text           0x00000800     0x2dcc
 *(.isr_vector)
 .isr_vector    0x00000800      0x100 ./CMSIS/efm32zg/startup_gcc_efm32zg.o
                0x00000800                __isr_vector
 *(.text*)
 .text          0x00000900       0x60 d:/siliconlabs/simplicitystudio/v2/developer/toolchains/gnu_arm/4.7_2013q1/bin/../lib/gcc/arm-none-eabi/4.7.3/armv6-m/crtbegin.o
 .text          0x00000960       0x74 d:/siliconlabs/simplicitystudio/v2/developer/toolchains/gnu_arm/4.7_2013q1/bin/../lib/gcc/arm-none-eabi/4.7.3/../../../../arm-none-eabi/lib/armv6-m/crt0.o
                0x00000960                _start
                0x00000960                start
                0x00000960                _mainCRTStartup
 .text.setupRtc
                0x000009d4       0x7c ./src/RTC_.o
                0x000009d4                setupRtc
 .text.disableRtcInterrupts
                0x00000a50       0x20 ./src/RTC_.o
                0x00000a50                disableRtcInterrupts
 .text.enableRtcInterrupts
                0x00000a70       0x1c ./src/RTC_.o
                0x00000a70                enableRtcInterrupts
 .text.initI2C_Master
                0x00000a8c       0x98 ./src/i2c_connection.o
                0x00000a8c                initI2C_Master
 .text.disableI2cSlaveInterrupts
                0x00000b24       0x28 ./src/i2c_connection.o
                0x00000b24                disableI2cSlaveInterrupts
 .text.I2C0_IRQHandler
                0x00000b4c      0x1dc ./src/i2c_connection.o
                0x00000b4c                I2C0_IRQHandler
 .text.i2c_RegisterGet
                0x00000d28       0x6c ./src/i2c_connection.o
                0x00000d28                i2c_RegisterGet
 .text.i2c_RegisterSet
                0x00000d94       0x64 ./src/i2c_connection.o
                0x00000d94                i2c_RegisterSet
 .text.i2c_Detect
                0x00000df8       0x5c ./src/i2c_connection.o
                0x00000df8                i2c_Detect
 .text.i2c_Scan
                0x00000e54       0x90 ./src/i2c_connection.o
                0x00000e54                i2c_Scan
 .text.i2c_Register_Read_Block
                0x00000ee4       0x70 ./src/i2c_connection.o
                0x00000ee4                i2c_Register_Read_Block
 .text.resetLTC2942charge
                0x00000f54       0x9c ./src/main.o
                0x00000f54                resetLTC2942charge
 .text.initOscillators
                0x00000ff0       0x1c ./src/main.o
                0x00000ff0                initOscillators
 .text.initGPIO
                0x0000100c       0x1c ./src/main.o
                0x0000100c                initGPIO
 .text.readStatusADP5063
                0x00001028      0x2d0 ./src/main.o
                0x00001028                readStatusADP5063
 .text.initDevices
                0x000012f8       0xd8 ./src/main.o
                0x000012f8                initDevices
 .text.RTC_IRQHandler
                0x000013d0      0x348 ./src/main.o
                0x000013d0                RTC_IRQHandler
 .text.detectDevices
                0x00001718       0x70 ./src/main.o
                0x00001718                detectDevices
 .text.startup.main
                0x00001788       0x88 ./src/main.o
                0x00001788                main
 .text.initUART
                0x00001810       0x60 ./src/uart_connection.o
                0x00001810                initUART
 .text.uart_sendText
                0x00001870       0x24 ./src/uart_connection.o
                0x00001870                uart_sendText
 .text.CMU_ClockEnable
                0x00001894       0x74 ./emlib/em_cmu.o
                0x00001894                CMU_ClockEnable
 .text.CMU_ClockFreqGet
                0x00001908      0x1a0 ./emlib/em_cmu.o
                0x00001908                CMU_ClockFreqGet
 .text.CMU_ClockSelectSet
                0x00001aa8      0x150 ./emlib/em_cmu.o
                0x00001aa8                CMU_ClockSelectSet
 .text.CMU_OscillatorEnable
                0x00001bf8       0x5c ./emlib/em_cmu.o
                0x00001bf8                CMU_OscillatorEnable
 .text.EMU_EnterEM2
                0x00001c54       0xb4 ./emlib/em_emu.o
                0x00001c54                EMU_EnterEM2
 .text.EMU_UpdateOscConfig
                0x00001d08       0x14 ./emlib/em_emu.o
                0x00001d08                EMU_UpdateOscConfig
 .text.GPIO_PinModeSet
                0x00001d1c       0xbc ./emlib/em_gpio.o
                0x00001d1c                GPIO_PinModeSet
 .text.I2C_Init
                0x00001dd8       0x84 ./emlib/em_i2c.o
                0x00001dd8                I2C_Init
 .text.I2C_Transfer
                0x00001e5c      0x2fc ./emlib/em_i2c.o
                0x00001e5c                I2C_Transfer
 .text.I2C_TransferInit
                0x00002158       0x6c ./emlib/em_i2c.o
                0x00002158                I2C_TransferInit
 .text.RTC_CompareSet
                0x000021c4       0x1c ./emlib/em_rtc.o
                0x000021c4                RTC_CompareSet
 .text.RTC_Init
                0x000021e0       0x24 ./emlib/em_rtc.o
                0x000021e0                RTC_Init
 .text.USART_Enable
                0x00002204        0xc ./emlib/em_usart.o
                0x00002204                USART_Enable
 .text.USART_InitAsync
                0x00002210       0xd4 ./emlib/em_usart.o
                0x00002210                USART_InitAsync
 .text          0x000022e4       0x60 ./CMSIS/efm32zg/startup_gcc_efm32zg.o
                0x000022e4                Reset_Handler
                0x00002314                Default_Handler
                0x00002316                NMI_Handler
                0x00002318                HardFault_Handler
                0x0000231a                SVC_Handler
                0x0000231c                PendSV_Handler
                0x0000231e                SysTick_Handler
                0x00002320                DMA_IRQHandler
                0x00002322                GPIO_EVEN_IRQHandler
                0x00002324                TIMER0_IRQHandler
                0x00002326                ACMP0_IRQHandler
                0x00002328                ADC0_IRQHandler
                0x0000232c                GPIO_ODD_IRQHandler
                0x0000232e                TIMER1_IRQHandler
                0x00002330                USART1_RX_IRQHandler
                0x00002332                USART1_TX_IRQHandler
                0x00002334                LEUART0_IRQHandler
                0x00002336                PCNT0_IRQHandler
                0x0000233a                CMU_IRQHandler
                0x0000233c                VCMP_IRQHandler
                0x0000233e                MSC_IRQHandler
                0x00002340                AES_IRQHandler
 .text.SystemCoreClockGet
                0x00002344       0xb0 ./CMSIS/efm32zg/system_efm32zg.o
                0x00002344                SystemCoreClockGet
 .text.SystemHFClockGet
                0x000023f4       0x9c ./CMSIS/efm32zg/system_efm32zg.o
                0x000023f4                SystemHFClockGet
 .text.SystemInit
                0x00002490        0x4 ./CMSIS/efm32zg/system_efm32zg.o
                0x00002490                SystemInit
 .text.SystemLFRCOClockGet
                0x00002494        0x8 ./CMSIS/efm32zg/system_efm32zg.o
                0x00002494                SystemLFRCOClockGet
 .text.SystemULFRCOClockGet
                0x0000249c        0x8 ./CMSIS/efm32zg/system_efm32zg.o
                0x0000249c                SystemULFRCOClockGet
 .text.SystemLFXOClockGet
                0x000024a4        0xc ./CMSIS/efm32zg/system_efm32zg.o
                0x000024a4                SystemLFXOClockGet
 .text          0x000024b0       0x9c d:/siliconlabs/simplicitystudio/v2/developer/toolchains/gnu_arm/4.7_2013q1/bin/../lib/gcc/arm-none-eabi/4.7.3/armv6-m\libgcc.a(_udivsi3.o)
                0x000024b0                __aeabi_uidiv
                0x000024b0                __udivsi3
                0x00002538                __aeabi_uidivmod
 .text          0x0000254c       0xc0 d:/siliconlabs/simplicitystudio/v2/developer/toolchains/gnu_arm/4.7_2013q1/bin/../lib/gcc/arm-none-eabi/4.7.3/armv6-m\libgcc.a(_divsi3.o)
                0x0000254c                __divsi3
                0x0000254c                __aeabi_idiv
                0x000025f8                __aeabi_idivmod
 .text          0x0000260c        0x4 d:/siliconlabs/simplicitystudio/v2/developer/toolchains/gnu_arm/4.7_2013q1/bin/../lib/gcc/arm-none-eabi/4.7.3/armv6-m\libgcc.a(_dvmd_tls.o)
                0x0000260c                __aeabi_idiv0
                0x0000260c                __aeabi_ldiv0
 .text.__register_exitproc
                0x00002610       0x18 d:/siliconlabs/simplicitystudio/v2/developer/toolchains/gnu_arm/4.7_2013q1/bin/../lib/gcc/arm-none-eabi/4.7.3/../../../../arm-none-eabi/lib/armv6-m\libc_s.a(lib_a-__atexit2.o)
                0x00002610                __register_exitproc
 .text.exit     0x00002628       0x30 d:/siliconlabs/simplicitystudio/v2/developer/toolchains/gnu_arm/4.7_2013q1/bin/../lib/gcc/arm-none-eabi/4.7.3/../../../../arm-none-eabi/lib/armv6-m\libc_s.a(lib_a-exit.o)
                0x00002628                exit
 .text.__libc_fini_array
                0x00002658       0x2c d:/siliconlabs/simplicitystudio/v2/developer/toolchains/gnu_arm/4.7_2013q1/bin/../lib/gcc/arm-none-eabi/4.7.3/../../../../arm-none-eabi/lib/armv6-m\libc_s.a(lib_a-fini.o)
                0x00002658                __libc_fini_array
 .text.__libc_init_array
                0x00002684       0x4c d:/siliconlabs/simplicitystudio/v2/developer/toolchains/gnu_arm/4.7_2013q1/bin/../lib/gcc/arm-none-eabi/4.7.3/../../../../arm-none-eabi/lib/armv6-m\libc_s.a(lib_a-init.o)
                0x00002684                __libc_init_array
 .text.memcpy   0x000026d0       0x12 d:/siliconlabs/simplicitystudio/v2/developer/toolchains/gnu_arm/4.7_2013q1/bin/../lib/gcc/arm-none-eabi/4.7.3/../../../../arm-none-eabi/lib/armv6-m\libc_s.a(lib_a-memcpy.o)
                0x000026d0                memcpy
 .text.memset   0x000026e2       0x12 d:/siliconlabs/simplicitystudio/v2/developer/toolchains/gnu_arm/4.7_2013q1/bin/../lib/gcc/arm-none-eabi/4.7.3/../../../../arm-none-eabi/lib/armv6-m\libc_s.a(lib_a-memset.o)
                0x000026e2                memset
 .text.sprintf  0x000026f4       0x44 d:/siliconlabs/simplicitystudio/v2/developer/toolchains/gnu_arm/4.7_2013q1/bin/../lib/gcc/arm-none-eabi/4.7.3/../../../../arm-none-eabi/lib/armv6-m\libc_s.a(lib_a-sprintf.o)
                0x000026f4                siprintf
                0x000026f4                sprintf
 .text.__ssputc_r
                0x00002738       0xb0 d:/siliconlabs/simplicitystudio/v2/developer/toolchains/gnu_arm/4.7_2013q1/bin/../lib/gcc/arm-none-eabi/4.7.3/../../../../arm-none-eabi/lib/armv6-m\libc_s.a(lib_a-svfprintf.o)
                0x00002738                __ssputc_r
 .text._svfprintf_r
                0x000027e8      0x1f8 d:/siliconlabs/simplicitystudio/v2/developer/toolchains/gnu_arm/4.7_2013q1/bin/../lib/gcc/arm-none-eabi/4.7.3/../../../../arm-none-eabi/lib/armv6-m\libc_s.a(lib_a-svfprintf.o)
                0x000027e8                _svfiprintf_r
                0x000027e8                _svfprintf_r
 .text._printf_common
                0x000029e0       0xe0 d:/siliconlabs/simplicitystudio/v2/developer/toolchains/gnu_arm/4.7_2013q1/bin/../lib/gcc/arm-none-eabi/4.7.3/../../../../arm-none-eabi/lib/armv6-m\libc_s.a(lib_a-vfprintf_i.o)
                0x000029e0                _printf_common
 .text._printf_i
                0x00002ac0      0x234 d:/siliconlabs/simplicitystudio/v2/developer/toolchains/gnu_arm/4.7_2013q1/bin/../lib/gcc/arm-none-eabi/4.7.3/../../../../arm-none-eabi/lib/armv6-m\libc_s.a(lib_a-vfprintf_i.o)
                0x00002ac0                _printf_i
 .text._free_r  0x00002cf4       0x90 d:/siliconlabs/simplicitystudio/v2/developer/toolchains/gnu_arm/4.7_2013q1/bin/../lib/gcc/arm-none-eabi/4.7.3/../../../../arm-none-eabi/lib/armv6-m\libc_s.a(lib_a-freer.o)
                0x00002cf4                _free_r
 .text._malloc_r
                0x00002d84       0x94 d:/siliconlabs/simplicitystudio/v2/developer/toolchains/gnu_arm/4.7_2013q1/bin/../lib/gcc/arm-none-eabi/4.7.3/../../../../arm-none-eabi/lib/armv6-m\libc_s.a(lib_a-mallocr.o)
                0x00002d84                _malloc_r
 .text.memchr   0x00002e18       0x18 d:/siliconlabs/simplicitystudio/v2/developer/toolchains/gnu_arm/4.7_2013q1/bin/../lib/gcc/arm-none-eabi/4.7.3/../../../../arm-none-eabi/lib/armv6-m\libc_s.a(lib_a-memchr.o)
                0x00002e18                memchr
 .text._realloc_r
                0x00002e30       0x4c d:/siliconlabs/simplicitystudio/v2/developer/toolchains/gnu_arm/4.7_2013q1/bin/../lib/gcc/arm-none-eabi/4.7.3/../../../../arm-none-eabi/lib/armv6-m\libc_s.a(lib_a-reallocr.o)
                0x00002e30                _realloc_r
 .text._sbrk_r  0x00002e7c       0x24 d:/siliconlabs/simplicitystudio/v2/developer/toolchains/gnu_arm/4.7_2013q1/bin/../lib/gcc/arm-none-eabi/4.7.3/../../../../arm-none-eabi/lib/armv6-m\libc_s.a(lib_a-sbrkr.o)
                0x00002e7c                _sbrk_r
 .text.strlen   0x00002ea0        0xe d:/siliconlabs/simplicitystudio/v2/developer/toolchains/gnu_arm/4.7_2013q1/bin/../lib/gcc/arm-none-eabi/4.7.3/../../../../arm-none-eabi/lib/armv6-m\libc_s.a(lib_a-strlen.o)
                0x00002ea0                strlen
 .text._malloc_usable_size_r
                0x00002eae       0x14 d:/siliconlabs/simplicitystudio/v2/developer/toolchains/gnu_arm/4.7_2013q1/bin/../lib/gcc/arm-none-eabi/4.7.3/../../../../arm-none-eabi/lib/armv6-m\libc_s.a(lib_a-msizer.o)
                0x00002eae                _malloc_usable_size_r
 *fill*         0x00002ec2        0x2 00
 .text._sbrk    0x00002ec4       0x38 d:/siliconlabs/simplicitystudio/v2/developer/toolchains/gnu_arm/4.7_2013q1/bin/../lib/gcc/arm-none-eabi/4.7.3/../../../../arm-none-eabi/lib/armv6-m\libnosys.a(sbrk.o)
                0x00002ec4                _sbrk
 .text._exit    0x00002efc        0x4 d:/siliconlabs/simplicitystudio/v2/developer/toolchains/gnu_arm/4.7_2013q1/bin/../lib/gcc/arm-none-eabi/4.7.3/../../../../arm-none-eabi/lib/armv6-m\libnosys.a(_exit.o)
                0x00002efc                _exit
 *(.init)
 .init          0x00002f00        0x4 d:/siliconlabs/simplicitystudio/v2/developer/toolchains/gnu_arm/4.7_2013q1/bin/../lib/gcc/arm-none-eabi/4.7.3/armv6-m/crti.o
                0x00002f00                _init
 .init          0x00002f04        0x8 d:/siliconlabs/simplicitystudio/v2/developer/toolchains/gnu_arm/4.7_2013q1/bin/../lib/gcc/arm-none-eabi/4.7.3/armv6-m/crtn.o
 *(.fini)
 .fini          0x00002f0c        0x4 d:/siliconlabs/simplicitystudio/v2/developer/toolchains/gnu_arm/4.7_2013q1/bin/../lib/gcc/arm-none-eabi/4.7.3/armv6-m/crti.o
                0x00002f0c                _fini
 .fini          0x00002f10        0x8 d:/siliconlabs/simplicitystudio/v2/developer/toolchains/gnu_arm/4.7_2013q1/bin/../lib/gcc/arm-none-eabi/4.7.3/armv6-m/crtn.o
 *crtbegin.o(.ctors)
 *crtbegin?.o(.ctors)
 *(EXCLUDE_FILE(*crtend.o *crtend?.o) .ctors)
 *(SORT(.ctors.*))
 *(.ctors)
 *crtbegin.o(.dtors)
 *crtbegin?.o(.dtors)
 *(EXCLUDE_FILE(*crtend.o *crtend?.o) .dtors)
 *(SORT(.dtors.*))
 *(.dtors)
 *(.rodata*)
 .rodata        0x00002f18        0x4 ./src/RTC_.o
 .rodata        0x00002f1c       0x20 ./src/i2c_connection.o
 .rodata.str1.4
                0x00002f3c       0x4e ./src/i2c_connection.o
                                 0x50 (size before relaxing)
 *fill*         0x00002f8a        0x2 00
 .rodata.str1.4
                0x00002f8c      0x540 ./src/main.o
                                0x544 (size before relaxing)
 .rodata        0x000034cc       0x18 ./src/uart_connection.o
 .rodata.CMU_ClockEnable
                0x000034e4       0x1c ./emlib/em_cmu.o
 .rodata.CMU_ClockSelectSet
                0x00003500       0x50 ./emlib/em_cmu.o
 .rodata.CMU_OscillatorEnable
                0x00003550       0x14 ./emlib/em_cmu.o
 .rodata.I2C_Transfer
                0x00003564       0x24 ./emlib/em_i2c.o
 .rodata.i2cNSum
                0x00003588        0x4 ./emlib/em_i2c.o
 .rodata.str1.1
                0x0000358c        0x2 d:/siliconlabs/simplicitystudio/v2/developer/toolchains/gnu_arm/4.7_2013q1/bin/../lib/gcc/arm-none-eabi/4.7.3/../../../../arm-none-eabi/lib/armv6-m\libc_s.a(lib_a-impure.o)
 *fill*         0x0000358e        0x2 00
 .rodata._global_impure_ptr
                0x00003590        0x4 d:/siliconlabs/simplicitystudio/v2/developer/toolchains/gnu_arm/4.7_2013q1/bin/../lib/gcc/arm-none-eabi/4.7.3/../../../../arm-none-eabi/lib/armv6-m\libc_s.a(lib_a-impure.o)
                0x00003590                _global_impure_ptr
 .rodata.str1.1
                0x00003594       0x11 d:/siliconlabs/simplicitystudio/v2/developer/toolchains/gnu_arm/4.7_2013q1/bin/../lib/gcc/arm-none-eabi/4.7.3/../../../../arm-none-eabi/lib/armv6-m\libc_s.a(lib_a-svfprintf.o)
 .rodata.str1.1
                0x000035a5       0x22 d:/siliconlabs/simplicitystudio/v2/developer/toolchains/gnu_arm/4.7_2013q1/bin/../lib/gcc/arm-none-eabi/4.7.3/../../../../arm-none-eabi/lib/armv6-m\libc_s.a(lib_a-vfprintf_i.o)
 *(.eh_frame*)
 *fill*         0x000035c7        0x1 00
 .eh_frame      0x000035c8        0x0 d:/siliconlabs/simplicitystudio/v2/developer/toolchains/gnu_arm/4.7_2013q1/bin/../lib/gcc/arm-none-eabi/4.7.3/armv6-m/crtbegin.o
 .eh_frame      0x000035c8        0x4 d:/siliconlabs/simplicitystudio/v2/developer/toolchains/gnu_arm/4.7_2013q1/bin/../lib/gcc/arm-none-eabi/4.7.3/armv6-m/crtend.o

.glue_7         0x000035cc        0x0
 .glue_7        0x00000000        0x0 linker stubs

.glue_7t        0x000035cc        0x0
 .glue_7t       0x00000000        0x0 linker stubs

.vfp11_veneer   0x000035cc        0x0
 .vfp11_veneer  0x00000000        0x0 linker stubs

.v4_bx          0x000035cc        0x0
 .v4_bx         0x00000000        0x0 linker stubs

.iplt           0x000035cc        0x0
 .iplt          0x00000000        0x0 d:/siliconlabs/simplicitystudio/v2/developer/toolchains/gnu_arm/4.7_2013q1/bin/../lib/gcc/arm-none-eabi/4.7.3/armv6-m/crtbegin.o

.ARM.extab
 *(.ARM.extab* .gnu.linkonce.armextab.*)
                0x000035cc                __exidx_start = .

.ARM.exidx      0x000035cc        0x8
 *(.ARM.exidx* .gnu.linkonce.armexidx.*)
 .ARM.exidx     0x000035cc        0x8 d:/siliconlabs/simplicitystudio/v2/developer/toolchains/gnu_arm/4.7_2013q1/bin/../lib/gcc/arm-none-eabi/4.7.3/../../../../arm-none-eabi/lib/armv6-m/crt0.o
                0x000035d4                __exidx_end = .
                0x000035d4                __etext = .

.rel.dyn        0x000035d4        0x0
 .rel.iplt      0x00000000        0x0 d:/siliconlabs/simplicitystudio/v2/developer/toolchains/gnu_arm/4.7_2013q1/bin/../lib/gcc/arm-none-eabi/4.7.3/armv6-m/crtbegin.o

.data           0x20000000       0x78 load address 0x000035d4
                0x20000000                __data_start__ = .
 *(vtable)
 *(.data*)
 .data.SystemLFXOClock
                0x20000000        0x4 ./CMSIS/efm32zg/system_efm32zg.o
 .data.SystemHFXOClock
                0x20000004        0x4 ./CMSIS/efm32zg/system_efm32zg.o
 .data.impure_data
                0x20000008       0x64 d:/siliconlabs/simplicitystudio/v2/developer/toolchains/gnu_arm/4.7_2013q1/bin/../lib/gcc/arm-none-eabi/4.7.3/../../../../arm-none-eabi/lib/armv6-m\libc_s.a(lib_a-impure.o)
 .data._impure_ptr
                0x2000006c        0x4 d:/siliconlabs/simplicitystudio/v2/developer/toolchains/gnu_arm/4.7_2013q1/bin/../lib/gcc/arm-none-eabi/4.7.3/../../../../arm-none-eabi/lib/armv6-m\libc_s.a(lib_a-impure.o)
                0x2000006c                _impure_ptr
                0x20000070                . = ALIGN (0x4)
 *(.ram)
                0x20000070                . = ALIGN (0x4)
                0x20000070                PROVIDE (__preinit_array_start, .)
 *(.preinit_array)
                0x20000070                PROVIDE (__preinit_array_end, .)
                0x20000070                . = ALIGN (0x4)
                0x20000070                PROVIDE (__init_array_start, .)
 *(SORT(.init_array.*))
 *(.init_array)
 .init_array    0x20000070        0x4 d:/siliconlabs/simplicitystudio/v2/developer/toolchains/gnu_arm/4.7_2013q1/bin/../lib/gcc/arm-none-eabi/4.7.3/armv6-m/crtbegin.o
                0x20000074                PROVIDE (__init_array_end, .)
                0x20000074                . = ALIGN (0x4)
                0x20000074                PROVIDE (__fini_array_start, .)
 *(SORT(.fini_array.*))
 *(.fini_array)
 .fini_array    0x20000074        0x4 d:/siliconlabs/simplicitystudio/v2/developer/toolchains/gnu_arm/4.7_2013q1/bin/../lib/gcc/arm-none-eabi/4.7.3/armv6-m/crtbegin.o
                0x20000078                PROVIDE (__fini_array_end, .)
                0x20000078                . = ALIGN (0x4)
                0x20000078                __data_end__ = .

.jcr            0x20000078        0x0 load address 0x0000364c
 .jcr           0x20000078        0x0 d:/siliconlabs/simplicitystudio/v2/developer/toolchains/gnu_arm/4.7_2013q1/bin/../lib/gcc/arm-none-eabi/4.7.3/armv6-m/crtbegin.o

.igot.plt       0x20000078        0x0 load address 0x0000364c
 .igot.plt      0x00000000        0x0 d:/siliconlabs/simplicitystudio/v2/developer/toolchains/gnu_arm/4.7_2013q1/bin/../lib/gcc/arm-none-eabi/4.7.3/armv6-m/crtbegin.o

.bss            0x20000078      0x274 load address 0x0000364c
                0x20000078                __bss_start__ = .
 *(.bss*)
 .bss           0x20000078       0x1c d:/siliconlabs/simplicitystudio/v2/developer/toolchains/gnu_arm/4.7_2013q1/bin/../lib/gcc/arm-none-eabi/4.7.3/armv6-m/crtbegin.o
 .bss.slave_address_ok.8470
                0x20000094        0x1 ./src/i2c_connection.o
 .bss.read_data_command.8471
                0x20000095        0x1 ./src/i2c_connection.o
 *fill*         0x20000096        0x2 00
 .bss.register_to_send.8472
                0x20000098        0x4 ./src/i2c_connection.o
 .bss.counter.8548
                0x2000009c        0x1 ./src/main.o
 .bss.i_chargeHistory
                0x2000009d        0x1 ./src/main.o
                0x2000009d                i_chargeHistory
 .bss.chargingCompleted.8539
                0x2000009e        0x1 ./src/main.o
 .bss.RTC_interrupt_counter
                0x2000009f        0x1 ./src/main.o
                0x2000009f                RTC_interrupt_counter
 .bss.devices   0x200000a0        0x1 ./src/main.o
                0x200000a0                devices
 *fill*         0x200000a1        0x1 00
 .bss.cmuStatus
                0x200000a2        0x2 ./emlib/em_emu.o
 .bss.i2cTransfer
                0x200000a4        0xc ./emlib/em_i2c.o
 .bss.__malloc_free_list
                0x200000b0        0x4 d:/siliconlabs/simplicitystudio/v2/developer/toolchains/gnu_arm/4.7_2013q1/bin/../lib/gcc/arm-none-eabi/4.7.3/../../../../arm-none-eabi/lib/armv6-m\libc_s.a(lib_a-mallocr.o)
                0x200000b0                __malloc_free_list
 .bss.heap_end.4231
                0x200000b4        0x4 d:/siliconlabs/simplicitystudio/v2/developer/toolchains/gnu_arm/4.7_2013q1/bin/../lib/gcc/arm-none-eabi/4.7.3/../../../../arm-none-eabi/lib/armv6-m\libnosys.a(sbrk.o)
 *(COMMON)
 COMMON         0x200000b8       0x9b ./src/i2c_connection.o
                0x200000b8                i2c_rxBufferIndex
                0x200000bc                slavesList
                0x200000cc                I2C_Status
                0x200000d0                slavesListCheck
                0x200000e0                i2c_rxInProgress
                0x200000e1                i2c_startTx
                0x200000e4                i2c_registers
                0x20000148                i2c_rxBuffer
                0x20000152                i2c_slave_address
 *fill*         0x20000153        0x1 00
 COMMON         0x20000154      0x190 ./src/main.o
                0x20000154                chargeHistory
 COMMON         0x200002e4        0x4 ./CMSIS/efm32zg/system_efm32zg.o
                0x200002e4                SystemCoreClock
 COMMON         0x200002e8        0x4 d:/siliconlabs/simplicitystudio/v2/developer/toolchains/gnu_arm/4.7_2013q1/bin/../lib/gcc/arm-none-eabi/4.7.3/../../../../arm-none-eabi/lib/armv6-m\libc_s.a(lib_a-reent.o)
                0x200002e8                errno
                0x200002ec                __bss_end__ = .

.heap           0x200002f0        0x0
                0x200002f0                __end__ = .
                0x200002f0                end = __end__
                0x200002f0                _end = __end__
 *(.heap*)
 .heap          0x200002f0        0x0 ./CMSIS/efm32zg/startup_gcc_efm32zg.o
                0x200002f0                __HeapLimit = .

.stack_dummy    0x200002f0      0x400
 *(.stack)
 .stack         0x200002f0      0x400 ./CMSIS/efm32zg/startup_gcc_efm32zg.o
                0x20001000                __StackTop = (ORIGIN (RAM) + 0x1000)
                0x20000c00                __StackLimit = (__StackTop - SIZEOF (.stack_dummy))
                0x20001000                PROVIDE (__stack, __StackTop)
                0x00000001                ASSERT ((__StackLimit >= __HeapLimit), region RAM overflowed with stack)
                0x00000001                ASSERT ((0x7800 >= (__etext + SIZEOF (.data))), FLASH memory overflowed !)
OUTPUT(LiPolController.axf elf32-littlearm)

.ARM.attributes
                0x00000000       0x28
 .ARM.attributes
                0x00000000       0x1e d:/siliconlabs/simplicitystudio/v2/developer/toolchains/gnu_arm/4.7_2013q1/bin/../lib/gcc/arm-none-eabi/4.7.3/armv6-m/crti.o
 .ARM.attributes
                0x0000001e       0x2c d:/siliconlabs/simplicitystudio/v2/developer/toolchains/gnu_arm/4.7_2013q1/bin/../lib/gcc/arm-none-eabi/4.7.3/armv6-m/crtbegin.o
 .ARM.attributes
                0x0000004a       0x1c d:/siliconlabs/simplicitystudio/v2/developer/toolchains/gnu_arm/4.7_2013q1/bin/../lib/gcc/arm-none-eabi/4.7.3/../../../../arm-none-eabi/lib/armv6-m/crt0.o
 .ARM.attributes
                0x00000066       0x32 ./src/RTC_.o
 .ARM.attributes
                0x00000098       0x32 ./src/i2c_connection.o
 .ARM.attributes
                0x000000ca       0x32 ./src/main.o
 .ARM.attributes
                0x000000fc       0x32 ./src/uart_connection.o
 .ARM.attributes
                0x0000012e       0x32 ./emlib/em_cmu.o
 .ARM.attributes
                0x00000160       0x32 ./emlib/em_emu.o
 .ARM.attributes
                0x00000192       0x32 ./emlib/em_gpio.o
 .ARM.attributes
                0x000001c4       0x32 ./emlib/em_i2c.o
 .ARM.attributes
                0x000001f6       0x32 ./emlib/em_rtc.o
 .ARM.attributes
                0x00000228       0x32 ./emlib/em_usart.o
 .ARM.attributes
                0x0000025a       0x1b ./CMSIS/efm32zg/startup_gcc_efm32zg.o
 .ARM.attributes
                0x00000275       0x32 ./CMSIS/efm32zg/system_efm32zg.o
 .ARM.attributes
                0x000002a7       0x1e d:/siliconlabs/simplicitystudio/v2/developer/toolchains/gnu_arm/4.7_2013q1/bin/../lib/gcc/arm-none-eabi/4.7.3/armv6-m\libgcc.a(_udivsi3.o)
 .ARM.attributes
                0x000002c5       0x1e d:/siliconlabs/simplicitystudio/v2/developer/toolchains/gnu_arm/4.7_2013q1/bin/../lib/gcc/arm-none-eabi/4.7.3/armv6-m\libgcc.a(_divsi3.o)
 .ARM.attributes
                0x000002e3       0x1e d:/siliconlabs/simplicitystudio/v2/developer/toolchains/gnu_arm/4.7_2013q1/bin/../lib/gcc/arm-none-eabi/4.7.3/armv6-m\libgcc.a(_dvmd_tls.o)
 .ARM.attributes
                0x00000301       0x2c d:/siliconlabs/simplicitystudio/v2/developer/toolchains/gnu_arm/4.7_2013q1/bin/../lib/gcc/arm-none-eabi/4.7.3/../../../../arm-none-eabi/lib/armv6-m\libc_s.a(lib_a-__atexit2.o)
 .ARM.attributes
                0x0000032d       0x2c d:/siliconlabs/simplicitystudio/v2/developer/toolchains/gnu_arm/4.7_2013q1/bin/../lib/gcc/arm-none-eabi/4.7.3/../../../../arm-none-eabi/lib/armv6-m\libc_s.a(lib_a-exit.o)
 .ARM.attributes
                0x00000359       0x2c d:/siliconlabs/simplicitystudio/v2/developer/toolchains/gnu_arm/4.7_2013q1/bin/../lib/gcc/arm-none-eabi/4.7.3/../../../../arm-none-eabi/lib/armv6-m\libc_s.a(lib_a-fini.o)
 .ARM.attributes
                0x00000385       0x2c d:/siliconlabs/simplicitystudio/v2/developer/toolchains/gnu_arm/4.7_2013q1/bin/../lib/gcc/arm-none-eabi/4.7.3/../../../../arm-none-eabi/lib/armv6-m\libc_s.a(lib_a-impure.o)
 .ARM.attributes
                0x000003b1       0x2c d:/siliconlabs/simplicitystudio/v2/developer/toolchains/gnu_arm/4.7_2013q1/bin/../lib/gcc/arm-none-eabi/4.7.3/../../../../arm-none-eabi/lib/armv6-m\libc_s.a(lib_a-init.o)
 .ARM.attributes
                0x000003dd       0x2c d:/siliconlabs/simplicitystudio/v2/developer/toolchains/gnu_arm/4.7_2013q1/bin/../lib/gcc/arm-none-eabi/4.7.3/../../../../arm-none-eabi/lib/armv6-m\libc_s.a(lib_a-memcpy.o)
 .ARM.attributes
                0x00000409       0x2c d:/siliconlabs/simplicitystudio/v2/developer/toolchains/gnu_arm/4.7_2013q1/bin/../lib/gcc/arm-none-eabi/4.7.3/../../../../arm-none-eabi/lib/armv6-m\libc_s.a(lib_a-memset.o)
 .ARM.attributes
                0x00000435       0x2c d:/siliconlabs/simplicitystudio/v2/developer/toolchains/gnu_arm/4.7_2013q1/bin/../lib/gcc/arm-none-eabi/4.7.3/../../../../arm-none-eabi/lib/armv6-m\libc_s.a(lib_a-sprintf.o)
 .ARM.attributes
                0x00000461       0x2c d:/siliconlabs/simplicitystudio/v2/developer/toolchains/gnu_arm/4.7_2013q1/bin/../lib/gcc/arm-none-eabi/4.7.3/../../../../arm-none-eabi/lib/armv6-m\libc_s.a(lib_a-svfprintf.o)
 .ARM.attributes
                0x0000048d       0x2c d:/siliconlabs/simplicitystudio/v2/developer/toolchains/gnu_arm/4.7_2013q1/bin/../lib/gcc/arm-none-eabi/4.7.3/../../../../arm-none-eabi/lib/armv6-m\libc_s.a(lib_a-vfprintf_i.o)
 .ARM.attributes
                0x000004b9       0x2c d:/siliconlabs/simplicitystudio/v2/developer/toolchains/gnu_arm/4.7_2013q1/bin/../lib/gcc/arm-none-eabi/4.7.3/../../../../arm-none-eabi/lib/armv6-m\libc_s.a(lib_a-freer.o)
 .ARM.attributes
                0x000004e5       0x2c d:/siliconlabs/simplicitystudio/v2/developer/toolchains/gnu_arm/4.7_2013q1/bin/../lib/gcc/arm-none-eabi/4.7.3/../../../../arm-none-eabi/lib/armv6-m\libc_s.a(lib_a-mallocr.o)
 .ARM.attributes
                0x00000511       0x2c d:/siliconlabs/simplicitystudio/v2/developer/toolchains/gnu_arm/4.7_2013q1/bin/../lib/gcc/arm-none-eabi/4.7.3/../../../../arm-none-eabi/lib/armv6-m\libc_s.a(lib_a-memchr.o)
 .ARM.attributes
                0x0000053d       0x2c d:/siliconlabs/simplicitystudio/v2/developer/toolchains/gnu_arm/4.7_2013q1/bin/../lib/gcc/arm-none-eabi/4.7.3/../../../../arm-none-eabi/lib/armv6-m\libc_s.a(lib_a-reallocr.o)
 .ARM.attributes
                0x00000569       0x2c d:/siliconlabs/simplicitystudio/v2/developer/toolchains/gnu_arm/4.7_2013q1/bin/../lib/gcc/arm-none-eabi/4.7.3/../../../../arm-none-eabi/lib/armv6-m\libc_s.a(lib_a-sbrkr.o)
 .ARM.attributes
                0x00000595       0x2c d:/siliconlabs/simplicitystudio/v2/developer/toolchains/gnu_arm/4.7_2013q1/bin/../lib/gcc/arm-none-eabi/4.7.3/../../../../arm-none-eabi/lib/armv6-m\libc_s.a(lib_a-strlen.o)
 .ARM.attributes
                0x000005c1       0x2c d:/siliconlabs/simplicitystudio/v2/developer/toolchains/gnu_arm/4.7_2013q1/bin/../lib/gcc/arm-none-eabi/4.7.3/../../../../arm-none-eabi/lib/armv6-m\libc_s.a(lib_a-msizer.o)
 .ARM.attributes
                0x000005ed       0x2c d:/siliconlabs/simplicitystudio/v2/developer/toolchains/gnu_arm/4.7_2013q1/bin/../lib/gcc/arm-none-eabi/4.7.3/../../../../arm-none-eabi/lib/armv6-m\libc_s.a(lib_a-reent.o)
 .ARM.attributes
                0x00000619       0x2c d:/siliconlabs/simplicitystudio/v2/developer/toolchains/gnu_arm/4.7_2013q1/bin/../lib/gcc/arm-none-eabi/4.7.3/../../../../arm-none-eabi/lib/armv6-m\libnosys.a(sbrk.o)
 .ARM.attributes
                0x00000645       0x2c d:/siliconlabs/simplicitystudio/v2/developer/toolchains/gnu_arm/4.7_2013q1/bin/../lib/gcc/arm-none-eabi/4.7.3/../../../../arm-none-eabi/lib/armv6-m\libnosys.a(_exit.o)
 .ARM.attributes
                0x00000671       0x2c d:/siliconlabs/simplicitystudio/v2/developer/toolchains/gnu_arm/4.7_2013q1/bin/../lib/gcc/arm-none-eabi/4.7.3/armv6-m/crtend.o
 .ARM.attributes
                0x0000069d       0x1e d:/siliconlabs/simplicitystudio/v2/developer/toolchains/gnu_arm/4.7_2013q1/bin/../lib/gcc/arm-none-eabi/4.7.3/armv6-m/crtn.o

.comment        0x00000000       0x70
 .comment       0x00000000       0x70 ./src/RTC_.o
                                 0x71 (size before relaxing)
 .comment       0x00000000       0x71 ./src/i2c_connection.o
 .comment       0x00000000       0x71 ./src/main.o
 .comment       0x00000000       0x71 ./src/uart_connection.o
 .comment       0x00000000       0x71 ./emlib/em_cmu.o
 .comment       0x00000000       0x71 ./emlib/em_emu.o
 .comment       0x00000000       0x71 ./emlib/em_gpio.o
 .comment       0x00000000       0x71 ./emlib/em_i2c.o
 .comment       0x00000000       0x71 ./emlib/em_rtc.o
 .comment       0x00000000       0x71 ./emlib/em_usart.o
 .comment       0x00000000       0x71 ./CMSIS/efm32zg/system_efm32zg.o

.debug_info     0x00000000     0x8678
 .debug_info    0x00000000      0x7d5 ./src/RTC_.o
 .debug_info    0x000007d5     0x1494 ./src/i2c_connection.o
 .debug_info    0x00001c69     0x1ccc ./src/main.o
 .debug_info    0x00003935      0x832 ./src/uart_connection.o
 .debug_info    0x00004167     0x16d7 ./emlib/em_cmu.o
 .debug_info    0x0000583e      0x617 ./emlib/em_emu.o
 .debug_info    0x00005e55      0x579 ./emlib/em_gpio.o
 .debug_info    0x000063ce      0x8c7 ./emlib/em_i2c.o
 .debug_info    0x00006c95      0x3f5 ./emlib/em_rtc.o
 .debug_info    0x0000708a     0x105c ./emlib/em_usart.o
 .debug_info    0x000080e6       0xa5 ./CMSIS/efm32zg/startup_gcc_efm32zg.o
 .debug_info    0x0000818b      0x4ed ./CMSIS/efm32zg/system_efm32zg.o

.debug_abbrev   0x00000000     0x1d1b
 .debug_abbrev  0x00000000      0x243 ./src/RTC_.o
 .debug_abbrev  0x00000243      0x404 ./src/i2c_connection.o
 .debug_abbrev  0x00000647      0x404 ./src/main.o
 .debug_abbrev  0x00000a4b      0x1f9 ./src/uart_connection.o
 .debug_abbrev  0x00000c44      0x35c ./emlib/em_cmu.o
 .debug_abbrev  0x00000fa0      0x1fd ./emlib/em_emu.o
 .debug_abbrev  0x0000119d      0x1c1 ./emlib/em_gpio.o
 .debug_abbrev  0x0000135e      0x2d0 ./emlib/em_i2c.o
 .debug_abbrev  0x0000162e      0x224 ./emlib/em_rtc.o
 .debug_abbrev  0x00001852      0x2f5 ./emlib/em_usart.o
 .debug_abbrev  0x00001b47       0x14 ./CMSIS/efm32zg/startup_gcc_efm32zg.o
 .debug_abbrev  0x00001b5b      0x1c0 ./CMSIS/efm32zg/system_efm32zg.o

.debug_loc      0x00000000     0x4a37
 .debug_loc     0x00000000       0x4c ./src/RTC_.o
 .debug_loc     0x0000004c      0x7c3 ./src/i2c_connection.o
 .debug_loc     0x0000080f      0x771 ./src/main.o
 .debug_loc     0x00000f80       0x8b ./src/uart_connection.o
 .debug_loc     0x0000100b     0x18a8 ./emlib/em_cmu.o
 .debug_loc     0x000028b3      0x141 ./emlib/em_emu.o
 .debug_loc     0x000029f4      0x312 ./emlib/em_gpio.o
 .debug_loc     0x00002d06      0x9f4 ./emlib/em_i2c.o
 .debug_loc     0x000036fa      0x176 ./emlib/em_rtc.o
 .debug_loc     0x00003870      0xda9 ./emlib/em_usart.o
 .debug_loc     0x00004619      0x41e ./CMSIS/efm32zg/system_efm32zg.o

.debug_aranges  0x00000000      0x468
 .debug_aranges
                0x00000000       0x38 ./src/RTC_.o
 .debug_aranges
                0x00000038       0x70 ./src/i2c_connection.o
 .debug_aranges
                0x000000a8       0x78 ./src/main.o
 .debug_aranges
                0x00000120       0x30 ./src/uart_connection.o
 .debug_aranges
                0x00000150       0xc8 ./emlib/em_cmu.o
 .debug_aranges
                0x00000218       0x40 ./emlib/em_emu.o
 .debug_aranges
                0x00000258       0x38 ./emlib/em_gpio.o
 .debug_aranges
                0x00000290       0x50 ./emlib/em_i2c.o
 .debug_aranges
                0x000002e0       0x50 ./emlib/em_rtc.o
 .debug_aranges
                0x00000330       0xb8 ./emlib/em_usart.o
 .debug_aranges
                0x000003e8       0x20 ./CMSIS/efm32zg/startup_gcc_efm32zg.o
 .debug_aranges
                0x00000408       0x60 ./CMSIS/efm32zg/system_efm32zg.o

.debug_ranges   0x00000000     0x1048
 .debug_ranges  0x00000000       0x88 ./src/RTC_.o
 .debug_ranges  0x00000088      0x198 ./src/i2c_connection.o
 .debug_ranges  0x00000220      0x408 ./src/main.o
 .debug_ranges  0x00000628       0x58 ./src/uart_connection.o
 .debug_ranges  0x00000680      0x508 ./emlib/em_cmu.o
 .debug_ranges  0x00000b88       0x48 ./emlib/em_emu.o
 .debug_ranges  0x00000bd0       0x58 ./emlib/em_gpio.o
 .debug_ranges  0x00000c28       0xc0 ./emlib/em_i2c.o
 .debug_ranges  0x00000ce8       0xb8 ./emlib/em_rtc.o
 .debug_ranges  0x00000da0      0x188 ./emlib/em_usart.o
 .debug_ranges  0x00000f28      0x120 ./CMSIS/efm32zg/system_efm32zg.o

.debug_line     0x00000000     0x2c11
 .debug_line    0x00000000      0x2b1 ./src/RTC_.o
 .debug_line    0x000002b1      0x53b ./src/i2c_connection.o
 .debug_line    0x000007ec      0x6b8 ./src/main.o
 .debug_line    0x00000ea4      0x28f ./src/uart_connection.o
 .debug_line    0x00001133      0x76b ./emlib/em_cmu.o
 .debug_line    0x0000189e      0x2eb ./emlib/em_emu.o
 .debug_line    0x00001b89      0x24f ./emlib/em_gpio.o
 .debug_line    0x00001dd8      0x3db ./emlib/em_i2c.o
 .debug_line    0x000021b3      0x283 ./emlib/em_rtc.o
 .debug_line    0x00002436      0x4c6 ./emlib/em_usart.o
 .debug_line    0x000028fc       0x85 ./CMSIS/efm32zg/startup_gcc_efm32zg.o
 .debug_line    0x00002981      0x290 ./CMSIS/efm32zg/system_efm32zg.o

.debug_str      0x00000000     0x21e2
 .debug_str     0x00000000      0x5f7 ./src/RTC_.o
                                0x641 (size before relaxing)
 .debug_str     0x000005f7      0x65b ./src/i2c_connection.o
                                0xac2 (size before relaxing)
 .debug_str     0x00000c52      0x316 ./src/main.o
                                0xa95 (size before relaxing)
 .debug_str     0x00000f68      0x3a6 ./src/uart_connection.o
                                0x7ed (size before relaxing)
 .debug_str     0x0000130e      0x5e1 ./emlib/em_cmu.o
                                0xa5f (size before relaxing)
 .debug_str     0x000018ef       0xa8 ./emlib/em_emu.o
                                0x37d (size before relaxing)
 .debug_str     0x00001997       0xcc ./emlib/em_gpio.o
                                0x4d4 (size before relaxing)
 .debug_str     0x00001a63      0x197 ./emlib/em_i2c.o
                                0x617 (size before relaxing)
 .debug_str     0x00001bfa       0x6b ./emlib/em_rtc.o
                                0x250 (size before relaxing)
 .debug_str     0x00001c65      0x4e7 ./emlib/em_usart.o
                                0xb35 (size before relaxing)
 .debug_str     0x0000214c       0x96 ./CMSIS/efm32zg/system_efm32zg.o
                                0x362 (size before relaxing)

.debug_frame    0x00000000      0xed4
 .debug_frame   0x00000000       0x64 ./src/RTC_.o
 .debug_frame   0x00000064      0x154 ./src/i2c_connection.o
 .debug_frame   0x000001b8      0x158 ./src/main.o
 .debug_frame   0x00000310       0x60 ./src/uart_connection.o
 .debug_frame   0x00000370      0x200 ./emlib/em_cmu.o
 .debug_frame   0x00000570       0x78 ./emlib/em_emu.o
 .debug_frame   0x000005e8       0x84 ./emlib/em_gpio.o
 .debug_frame   0x0000066c       0xc8 ./emlib/em_i2c.o
 .debug_frame   0x00000734       0xa0 ./emlib/em_rtc.o
 .debug_frame   0x000007d4      0x218 ./emlib/em_usart.o
 .debug_frame   0x000009ec       0xc0 ./CMSIS/efm32zg/system_efm32zg.o
 .debug_frame   0x00000aac       0x20 d:/siliconlabs/simplicitystudio/v2/developer/toolchains/gnu_arm/4.7_2013q1/bin/../lib/gcc/arm-none-eabi/4.7.3/armv6-m\libgcc.a(_udivsi3.o)
 .debug_frame   0x00000acc       0x20 d:/siliconlabs/simplicitystudio/v2/developer/toolchains/gnu_arm/4.7_2013q1/bin/../lib/gcc/arm-none-eabi/4.7.3/armv6-m\libgcc.a(_divsi3.o)
 .debug_frame   0x00000aec       0x28 d:/siliconlabs/simplicitystudio/v2/developer/toolchains/gnu_arm/4.7_2013q1/bin/../lib/gcc/arm-none-eabi/4.7.3/../../../../arm-none-eabi/lib/armv6-m\libc_s.a(lib_a-__atexit2.o)
 .debug_frame   0x00000b14       0x28 d:/siliconlabs/simplicitystudio/v2/developer/toolchains/gnu_arm/4.7_2013q1/bin/../lib/gcc/arm-none-eabi/4.7.3/../../../../arm-none-eabi/lib/armv6-m\libc_s.a(lib_a-exit.o)
 .debug_frame   0x00000b3c       0x2c d:/siliconlabs/simplicitystudio/v2/developer/toolchains/gnu_arm/4.7_2013q1/bin/../lib/gcc/arm-none-eabi/4.7.3/../../../../arm-none-eabi/lib/armv6-m\libc_s.a(lib_a-fini.o)
 .debug_frame   0x00000b68       0x2c d:/siliconlabs/simplicitystudio/v2/developer/toolchains/gnu_arm/4.7_2013q1/bin/../lib/gcc/arm-none-eabi/4.7.3/../../../../arm-none-eabi/lib/armv6-m\libc_s.a(lib_a-init.o)
 .debug_frame   0x00000b94       0x28 d:/siliconlabs/simplicitystudio/v2/developer/toolchains/gnu_arm/4.7_2013q1/bin/../lib/gcc/arm-none-eabi/4.7.3/../../../../arm-none-eabi/lib/armv6-m\libc_s.a(lib_a-memcpy.o)
 .debug_frame   0x00000bbc       0x28 d:/siliconlabs/simplicitystudio/v2/developer/toolchains/gnu_arm/4.7_2013q1/bin/../lib/gcc/arm-none-eabi/4.7.3/../../../../arm-none-eabi/lib/armv6-m\libc_s.a(lib_a-memset.o)
 .debug_frame   0x00000be4       0x4c d:/siliconlabs/simplicitystudio/v2/developer/toolchains/gnu_arm/4.7_2013q1/bin/../lib/gcc/arm-none-eabi/4.7.3/../../../../arm-none-eabi/lib/armv6-m\libc_s.a(lib_a-sprintf.o)
 .debug_frame   0x00000c30       0x78 d:/siliconlabs/simplicitystudio/v2/developer/toolchains/gnu_arm/4.7_2013q1/bin/../lib/gcc/arm-none-eabi/4.7.3/../../../../arm-none-eabi/lib/armv6-m\libc_s.a(lib_a-svfprintf.o)
 .debug_frame   0x00000ca8       0x54 d:/siliconlabs/simplicitystudio/v2/developer/toolchains/gnu_arm/4.7_2013q1/bin/../lib/gcc/arm-none-eabi/4.7.3/../../../../arm-none-eabi/lib/armv6-m\libc_s.a(lib_a-vfprintf_i.o)
 .debug_frame   0x00000cfc       0x2c d:/siliconlabs/simplicitystudio/v2/developer/toolchains/gnu_arm/4.7_2013q1/bin/../lib/gcc/arm-none-eabi/4.7.3/../../../../arm-none-eabi/lib/armv6-m\libc_s.a(lib_a-freer.o)
 .debug_frame   0x00000d28       0x2c d:/siliconlabs/simplicitystudio/v2/developer/toolchains/gnu_arm/4.7_2013q1/bin/../lib/gcc/arm-none-eabi/4.7.3/../../../../arm-none-eabi/lib/armv6-m\libc_s.a(lib_a-mallocr.o)
 .debug_frame   0x00000d54       0x28 d:/siliconlabs/simplicitystudio/v2/developer/toolchains/gnu_arm/4.7_2013q1/bin/../lib/gcc/arm-none-eabi/4.7.3/../../../../arm-none-eabi/lib/armv6-m\libc_s.a(lib_a-memchr.o)
 .debug_frame   0x00000d7c       0x30 d:/siliconlabs/simplicitystudio/v2/developer/toolchains/gnu_arm/4.7_2013q1/bin/../lib/gcc/arm-none-eabi/4.7.3/../../../../arm-none-eabi/lib/armv6-m\libc_s.a(lib_a-reallocr.o)
 .debug_frame   0x00000dac       0x2c d:/siliconlabs/simplicitystudio/v2/developer/toolchains/gnu_arm/4.7_2013q1/bin/../lib/gcc/arm-none-eabi/4.7.3/../../../../arm-none-eabi/lib/armv6-m\libc_s.a(lib_a-sbrkr.o)
 .debug_frame   0x00000dd8       0x20 d:/siliconlabs/simplicitystudio/v2/developer/toolchains/gnu_arm/4.7_2013q1/bin/../lib/gcc/arm-none-eabi/4.7.3/../../../../arm-none-eabi/lib/armv6-m\libc_s.a(lib_a-strlen.o)
 .debug_frame   0x00000df8       0x28 d:/siliconlabs/simplicitystudio/v2/developer/toolchains/gnu_arm/4.7_2013q1/bin/../lib/gcc/arm-none-eabi/4.7.3/../../../../arm-none-eabi/lib/armv6-m\libc_s.a(lib_a-msizer.o)
 .debug_frame   0x00000e20       0x64 d:/siliconlabs/simplicitystudio/v2/developer/toolchains/gnu_arm/4.7_2013q1/bin/../lib/gcc/arm-none-eabi/4.7.3/../../../../arm-none-eabi/lib/armv6-m\libc_s.a(lib_a-reent.o)
 .debug_frame   0x00000e84       0x28 d:/siliconlabs/simplicitystudio/v2/developer/toolchains/gnu_arm/4.7_2013q1/bin/../lib/gcc/arm-none-eabi/4.7.3/../../../../arm-none-eabi/lib/armv6-m\libnosys.a(sbrk.o)
 .debug_frame   0x00000eac       0x28 d:/siliconlabs/simplicitystudio/v2/developer/toolchains/gnu_arm/4.7_2013q1/bin/../lib/gcc/arm-none-eabi/4.7.3/../../../../arm-none-eabi/lib/armv6-m\libnosys.a(_exit.o)
